
=== EXPLAIN ANALYZE (Query 40, Iteration 0) ===
GlobalLimitExec: skip=100, fetch=10, metrics=[output_rows=10, elapsed_compute=10.49µs, output_bytes=2.1 KB, output_batches=1]
  SortPreservingMergeExec: [pageviews@2 DESC], fetch=110, metrics=[output_rows=110, elapsed_compute=12.69µs, output_bytes=2.1 KB, output_batches=1]
    SortExec: TopK(fetch=110), expr=[pageviews@2 DESC], preserve_partitioning=[true], filter=[pageviews@2 IS NULL OR pageviews@2 > 6], metrics=[output_rows=1.44 K, elapsed_compute=5.74ms, output_bytes=28.2 KB, output_batches=16, row_replacements=2.62 K]
      ProjectionExec: expr=[URLHash@0 as URLHash, hits.EventDate@1 as hits.EventDate, count(Int64(1))@2 as pageviews], metrics=[output_rows=41.19 K, elapsed_compute=41.72µs, output_bytes=1089.8 KB, output_batches=16, expr_0_eval_time=9.23µs, expr_1_eval_time=1.59µs, expr_2_eval_time=980ns]
        AggregateExec: mode=FinalPartitioned, gby=[URLHash@0 as URLHash, hits.EventDate@1 as hits.EventDate], aggr=[count(Int64(1))], metrics=[output_rows=41.19 K, elapsed_compute=17.91ms, output_bytes=1089.8 KB, output_batches=16, spill_count=0, spilled_bytes=0.0 B, spilled_rows=0, peak_mem_used=5.07 M, aggregate_arguments_time=21.77µs, aggregation_time=153.04µs, emitting_time=54.08µs, time_calculating_group_ids=17.42ms]
          RepartitionExec: partitioning=Hash([URLHash@0, hits.EventDate@1], 16), input_partitions=16, metrics=[output_rows=41.87 K, elapsed_compute=358.71µs, output_bytes=2.5 MB, output_batches=16, spill_count=0, spilled_bytes=0.0 B, spilled_rows=0, fetch_time=216.55ms, repartition_time=489.34µs, send_time=52.85µs]
            AggregateExec: mode=Partial, gby=[URLHash@1 as URLHash, CAST(CAST(EventDate@0 AS Int32) AS Date32) as hits.EventDate], aggr=[count(Int64(1))], metrics=[output_rows=41.87 K, elapsed_compute=3.86ms, output_bytes=5.8 MB, output_batches=6, spill_count=0, spilled_bytes=0.0 B, spilled_rows=0, skipped_aggregation_rows=0, peak_mem_used=2.57 M, aggregate_arguments_time=59.43µs, aggregation_time=620.45µs, emitting_time=19.24µs, time_calculating_group_ids=2.94ms, reduction_factor=47% (41.87 K/89.91 K)]
              DataSourceExec: file_groups={16 groups: [[home/ec2-user/liquid-cache/benchmark/clickbench/data/hits.parquet:0..923748528], [home/ec2-user/liquid-cache/benchmark/clickbench/data/hits.parquet:923748528..1847497056], [home/ec2-user/liquid-cache/benchmark/clickbench/data/hits.parquet:1847497056..2771245584], [home/ec2-user/liquid-cache/benchmark/clickbench/data/hits.parquet:2771245584..3694994112], [home/ec2-user/liquid-cache/benchmark/clickbench/data/hits.parquet:3694994112..4618742640], [home/ec2-user/liquid-cache/benchmark/clickbench/data/hits.parquet:4618742640..5542491168], [home/ec2-user/liquid-cache/benchmark/clickbench/data/hits.parquet:5542491168..6466239696], [home/ec2-user/liquid-cache/benchmark/clickbench/data/hits.parquet:6466239696..7389988224], [home/ec2-user/liquid-cache/benchmark/clickbench/data/hits.parquet:7389988224..8313736752], [home/ec2-user/liquid-cache/benchmark/clickbench/data/hits.parquet:8313736752..9237485280], [home/ec2-user/liquid-cache/benchmark/clickbench/data/hits.parquet:9237485280..10161233808], [home/ec2-user/liquid-cache/benchmark/clickbench/data/hits.parquet:10161233808..11084982336], [home/ec2-user/liquid-cache/benchmark/clickbench/data/hits.parquet:11084982336..12008730864], [home/ec2-user/liquid-cache/benchmark/clickbench/data/hits.parquet:12008730864..12932479392], [home/ec2-user/liquid-cache/benchmark/clickbench/data/hits.parquet:12932479392..13856227920], [home/ec2-user/liquid-cache/benchmark/clickbench/data/hits.parquet:13856227920..14779976446]]}, projection=[EventDate, URLHash], file_type=liquid_parquet, metrics=[output_rows=89.91 K, elapsed_compute=16ns, output_bytes=883.4 KB, output_batches=92, files_ranges_pruned_statistics=16 total → 16 matched, row_groups_pruned_statistics=226 total → 3 matched, row_groups_pruned_bloom_filter=0 total → 0 matched, page_index_pages_pruned=0 total → 0 matched, page_index_rows_pruned=0 total → 0 matched, limit_pruned_row_groups=0 total → 0 matched, batches_split=0, bytes_scanned=15.65 M, file_open_errors=0, file_scan_errors=0, num_predicate_creation_errors=0, predicate_evaluation_errors=0, pushdown_rows_matched=89.91 K, pushdown_rows_pruned=6.82 K, predicate_cache_inner_records=0, predicate_cache_records=0, bloom_filter_eval_time=206.69µs, metadata_load_time=152.91ms, page_index_eval_time=3.98µs, row_pushdown_eval_time=258.56µs, statistics_eval_time=810.27µs, time_elapsed_opening=183.66ms, time_elapsed_processing=68.66ms, time_elapsed_scanning_total=32.60ms, time_elapsed_scanning_until_data=9.27ms, scan_efficiency_ratio=N/A (0/0)]

Cache: entries=860, mem=24MB, disk=0MB
  Hits: cache_hit=184, eval_predicate=712
  Misses: cache_miss=172
  IO: read=0, write=0
  Squeeze: squeezed_success=0, squeezed_needs_io=0
Time: 45ms

+----------------------+----------------+-----------+
| URLHash              | hits.EventDate | pageviews |
+----------------------+----------------+-----------+
| 1191678692164887503  | 2013-07-15     | 27        |
| 7199155066341437901  | 2013-07-15     | 27        |
| 2512899255762264913  | 2013-07-15     | 26        |
| -8505838588544217213 | 2013-07-15     | 26        |
| -3611962581960090019 | 2013-07-15     | 25        |
| -6025761452198030778 | 2013-07-15     | 25        |
| -6048157399675510565 | 2013-07-15     | 25        |
| 6976198041684576969  | 2013-07-15     | 24        |
| 2033248414344857063  | 2013-07-15     | 24        |
| 5381918128490835791  | 2013-07-15     | 24        |
+----------------------+----------------+-----------+

=== EXPLAIN ANALYZE (Query 40, Iteration 1) ===
GlobalLimitExec: skip=100, fetch=10, metrics=[output_rows=10, elapsed_compute=10.46µs, output_bytes=2.1 KB, output_batches=1]
  SortPreservingMergeExec: [pageviews@2 DESC], fetch=110, metrics=[output_rows=110, elapsed_compute=15.29µs, output_bytes=2.1 KB, output_batches=1]
    SortExec: TopK(fetch=110), expr=[pageviews@2 DESC], preserve_partitioning=[true], filter=[pageviews@2 IS NULL OR pageviews@2 > 6], metrics=[output_rows=1.48 K, elapsed_compute=1.22ms, output_bytes=28.9 KB, output_batches=16, row_replacements=2.88 K]
      ProjectionExec: expr=[URLHash@0 as URLHash, hits.EventDate@1 as hits.EventDate, count(Int64(1))@2 as pageviews], metrics=[output_rows=41.19 K, elapsed_compute=27.71µs, output_bytes=1089.8 KB, output_batches=16, expr_0_eval_time=5.05µs, expr_1_eval_time=1.38µs, expr_2_eval_time=1.80µs]
        AggregateExec: mode=FinalPartitioned, gby=[URLHash@0 as URLHash, hits.EventDate@1 as hits.EventDate], aggr=[count(Int64(1))], metrics=[output_rows=41.19 K, elapsed_compute=2.34ms, output_bytes=1089.8 KB, output_batches=16, spill_count=0, spilled_bytes=0.0 B, spilled_rows=0, peak_mem_used=5.07 M, aggregate_arguments_time=13.39µs, aggregation_time=94.16µs, emitting_time=32.16µs, time_calculating_group_ids=2.09ms]
          RepartitionExec: partitioning=Hash([URLHash@0, hits.EventDate@1], 16), input_partitions=16, metrics=[output_rows=41.87 K, elapsed_compute=244.75µs, output_bytes=2.5 MB, output_batches=16, spill_count=0, spilled_bytes=0.0 B, spilled_rows=0, fetch_time=32.29ms, repartition_time=529.78µs, send_time=69.15µs]
            AggregateExec: mode=Partial, gby=[URLHash@1 as URLHash, CAST(CAST(EventDate@0 AS Int32) AS Date32) as hits.EventDate], aggr=[count(Int64(1))], metrics=[output_rows=41.87 K, elapsed_compute=4.05ms, output_bytes=5.8 MB, output_batches=6, spill_count=0, spilled_bytes=0.0 B, spilled_rows=0, skipped_aggregation_rows=0, peak_mem_used=2.57 M, aggregate_arguments_time=76.04µs, aggregation_time=286.47µs, emitting_time=6.66µs, time_calculating_group_ids=3.46ms, reduction_factor=47% (41.87 K/89.91 K)]
              DataSourceExec: file_groups={16 groups: [[home/ec2-user/liquid-cache/benchmark/clickbench/data/hits.parquet:0..923748528], [home/ec2-user/liquid-cache/benchmark/clickbench/data/hits.parquet:923748528..1847497056], [home/ec2-user/liquid-cache/benchmark/clickbench/data/hits.parquet:1847497056..2771245584], [home/ec2-user/liquid-cache/benchmark/clickbench/data/hits.parquet:2771245584..3694994112], [home/ec2-user/liquid-cache/benchmark/clickbench/data/hits.parquet:3694994112..4618742640], [home/ec2-user/liquid-cache/benchmark/clickbench/data/hits.parquet:4618742640..5542491168], [home/ec2-user/liquid-cache/benchmark/clickbench/data/hits.parquet:5542491168..6466239696], [home/ec2-user/liquid-cache/benchmark/clickbench/data/hits.parquet:6466239696..7389988224], [home/ec2-user/liquid-cache/benchmark/clickbench/data/hits.parquet:7389988224..8313736752], [home/ec2-user/liquid-cache/benchmark/clickbench/data/hits.parquet:8313736752..9237485280], [home/ec2-user/liquid-cache/benchmark/clickbench/data/hits.parquet:9237485280..10161233808], [home/ec2-user/liquid-cache/benchmark/clickbench/data/hits.parquet:10161233808..11084982336], [home/ec2-user/liquid-cache/benchmark/clickbench/data/hits.parquet:11084982336..12008730864], [home/ec2-user/liquid-cache/benchmark/clickbench/data/hits.parquet:12008730864..12932479392], [home/ec2-user/liquid-cache/benchmark/clickbench/data/hits.parquet:12932479392..13856227920], [home/ec2-user/liquid-cache/benchmark/clickbench/data/hits.parquet:13856227920..14779976446]]}, projection=[EventDate, URLHash], file_type=liquid_parquet, metrics=[output_rows=89.91 K, elapsed_compute=16ns, output_bytes=883.4 KB, output_batches=92, files_ranges_pruned_statistics=16 total → 16 matched, row_groups_pruned_statistics=226 total → 3 matched, row_groups_pruned_bloom_filter=0 total → 0 matched, page_index_pages_pruned=0 total → 0 matched, page_index_rows_pruned=0 total → 0 matched, limit_pruned_row_groups=0 total → 0 matched, batches_split=0, bytes_scanned=15.65 M, file_open_errors=0, file_scan_errors=0, num_predicate_creation_errors=0, predicate_evaluation_errors=0, pushdown_rows_matched=89.91 K, pushdown_rows_pruned=6.82 K, predicate_cache_inner_records=0, predicate_cache_records=0, bloom_filter_eval_time=175.59µs, metadata_load_time=3.34ms, page_index_eval_time=2.93µs, row_pushdown_eval_time=328.33µs, statistics_eval_time=617.42µs, time_elapsed_opening=7.38ms, time_elapsed_processing=25.52ms, time_elapsed_scanning_total=24.75ms, time_elapsed_scanning_until_data=5.12ms, scan_efficiency_ratio=N/A (0/0)]

Cache: entries=860, mem=24MB, disk=0MB
  Hits: cache_hit=184, eval_predicate=540
  Misses: cache_miss=0
  IO: read=0, write=0
  Squeeze: squeezed_success=0, squeezed_needs_io=0
Time: 25ms

+----------------------+----------------+-----------+
| URLHash              | hits.EventDate | pageviews |
+----------------------+----------------+-----------+
| 7199155066341437901  | 2013-07-15     | 27        |
| 1191678692164887503  | 2013-07-15     | 27        |
| 2512899255762264913  | 2013-07-15     | 26        |
| -8505838588544217213 | 2013-07-15     | 26        |
| -3611962581960090019 | 2013-07-15     | 25        |
| -6025761452198030778 | 2013-07-15     | 25        |
| -6048157399675510565 | 2013-07-15     | 25        |
| 5381918128490835791  | 2013-07-15     | 24        |
| 2033248414344857063  | 2013-07-15     | 24        |
| 6976198041684576969  | 2013-07-15     | 24        |
+----------------------+----------------+-----------+

=== EXPLAIN ANALYZE (Query 40, Iteration 2) ===
GlobalLimitExec: skip=100, fetch=10, metrics=[output_rows=10, elapsed_compute=10.83µs, output_bytes=2.1 KB, output_batches=1]
  SortPreservingMergeExec: [pageviews@2 DESC], fetch=110, metrics=[output_rows=110, elapsed_compute=14.29µs, output_bytes=2.1 KB, output_batches=1]
    SortExec: TopK(fetch=110), expr=[pageviews@2 DESC], preserve_partitioning=[true], filter=[pageviews@2 IS NULL OR pageviews@2 > 6], metrics=[output_rows=1.50 K, elapsed_compute=1.19ms, output_bytes=29.3 KB, output_batches=16, row_replacements=2.92 K]
      ProjectionExec: expr=[URLHash@0 as URLHash, hits.EventDate@1 as hits.EventDate, count(Int64(1))@2 as pageviews], metrics=[output_rows=41.19 K, elapsed_compute=28.12µs, output_bytes=1089.8 KB, output_batches=16, expr_0_eval_time=5.78µs, expr_1_eval_time=1.50µs, expr_2_eval_time=1.44µs]
        AggregateExec: mode=FinalPartitioned, gby=[URLHash@0 as URLHash, hits.EventDate@1 as hits.EventDate], aggr=[count(Int64(1))], metrics=[output_rows=41.19 K, elapsed_compute=2.23ms, output_bytes=1089.8 KB, output_batches=16, spill_count=0, spilled_bytes=0.0 B, spilled_rows=0, peak_mem_used=5.07 M, aggregate_arguments_time=12.72µs, aggregation_time=93.89µs, emitting_time=30.62µs, time_calculating_group_ids=1.97ms]
          RepartitionExec: partitioning=Hash([URLHash@0, hits.EventDate@1], 16), input_partitions=16, metrics=[output_rows=41.87 K, elapsed_compute=263.82µs, output_bytes=2.5 MB, output_batches=16, spill_count=0, spilled_bytes=0.0 B, spilled_rows=0, fetch_time=29.71ms, repartition_time=463.43µs, send_time=65.65µs]
            AggregateExec: mode=Partial, gby=[URLHash@1 as URLHash, CAST(CAST(EventDate@0 AS Int32) AS Date32) as hits.EventDate], aggr=[count(Int64(1))], metrics=[output_rows=41.87 K, elapsed_compute=3.04ms, output_bytes=5.8 MB, output_batches=6, spill_count=0, spilled_bytes=0.0 B, spilled_rows=0, skipped_aggregation_rows=0, peak_mem_used=2.57 M, aggregate_arguments_time=61.33µs, aggregation_time=139.23µs, emitting_time=5.58µs, time_calculating_group_ids=2.62ms, reduction_factor=47% (41.87 K/89.91 K)]
              DataSourceExec: file_groups={16 groups: [[home/ec2-user/liquid-cache/benchmark/clickbench/data/hits.parquet:0..923748528], [home/ec2-user/liquid-cache/benchmark/clickbench/data/hits.parquet:923748528..1847497056], [home/ec2-user/liquid-cache/benchmark/clickbench/data/hits.parquet:1847497056..2771245584], [home/ec2-user/liquid-cache/benchmark/clickbench/data/hits.parquet:2771245584..3694994112], [home/ec2-user/liquid-cache/benchmark/clickbench/data/hits.parquet:3694994112..4618742640], [home/ec2-user/liquid-cache/benchmark/clickbench/data/hits.parquet:4618742640..5542491168], [home/ec2-user/liquid-cache/benchmark/clickbench/data/hits.parquet:5542491168..6466239696], [home/ec2-user/liquid-cache/benchmark/clickbench/data/hits.parquet:6466239696..7389988224], [home/ec2-user/liquid-cache/benchmark/clickbench/data/hits.parquet:7389988224..8313736752], [home/ec2-user/liquid-cache/benchmark/clickbench/data/hits.parquet:8313736752..9237485280], [home/ec2-user/liquid-cache/benchmark/clickbench/data/hits.parquet:9237485280..10161233808], [home/ec2-user/liquid-cache/benchmark/clickbench/data/hits.parquet:10161233808..11084982336], [home/ec2-user/liquid-cache/benchmark/clickbench/data/hits.parquet:11084982336..12008730864], [home/ec2-user/liquid-cache/benchmark/clickbench/data/hits.parquet:12008730864..12932479392], [home/ec2-user/liquid-cache/benchmark/clickbench/data/hits.parquet:12932479392..13856227920], [home/ec2-user/liquid-cache/benchmark/clickbench/data/hits.parquet:13856227920..14779976446]]}, projection=[EventDate, URLHash], file_type=liquid_parquet, metrics=[output_rows=89.91 K, elapsed_compute=16ns, output_bytes=883.4 KB, output_batches=92, files_ranges_pruned_statistics=16 total → 16 matched, row_groups_pruned_statistics=226 total → 3 matched, row_groups_pruned_bloom_filter=0 total → 0 matched, page_index_pages_pruned=0 total → 0 matched, page_index_rows_pruned=0 total → 0 matched, limit_pruned_row_groups=0 total → 0 matched, batches_split=0, bytes_scanned=15.65 M, file_open_errors=0, file_scan_errors=0, num_predicate_creation_errors=0, predicate_evaluation_errors=0, pushdown_rows_matched=89.91 K, pushdown_rows_pruned=6.82 K, predicate_cache_inner_records=0, predicate_cache_records=0, bloom_filter_eval_time=265.82µs, metadata_load_time=3.86ms, page_index_eval_time=4.58µs, row_pushdown_eval_time=265.99µs, statistics_eval_time=792.02µs, time_elapsed_opening=8.88ms, time_elapsed_processing=24.02ms, time_elapsed_scanning_total=20.65ms, time_elapsed_scanning_until_data=4.99ms, scan_efficiency_ratio=N/A (0/0)]

Cache: entries=860, mem=24MB, disk=0MB
  Hits: cache_hit=184, eval_predicate=540
  Misses: cache_miss=0
  IO: read=0, write=0
  Squeeze: squeezed_success=0, squeezed_needs_io=0
Time: 20ms

+----------------------+----------------+-----------+
| URLHash              | hits.EventDate | pageviews |
+----------------------+----------------+-----------+
| 7199155066341437901  | 2013-07-15     | 27        |
| 1191678692164887503  | 2013-07-15     | 27        |
| 2512899255762264913  | 2013-07-15     | 26        |
| -8505838588544217213 | 2013-07-15     | 26        |
| -3611962581960090019 | 2013-07-15     | 25        |
| -6025761452198030778 | 2013-07-15     | 25        |
| -6048157399675510565 | 2013-07-15     | 25        |
| 6976198041684576969  | 2013-07-15     | 24        |
| 2033248414344857063  | 2013-07-15     | 24        |
| 5381918128490835791  | 2013-07-15     | 24        |
+----------------------+----------------+-----------+

=== EXPLAIN ANALYZE (Query 40, Iteration 3) ===
GlobalLimitExec: skip=100, fetch=10, metrics=[output_rows=10, elapsed_compute=10.81µs, output_bytes=2.1 KB, output_batches=1]
  SortPreservingMergeExec: [pageviews@2 DESC], fetch=110, metrics=[output_rows=110, elapsed_compute=13.95µs, output_bytes=2.1 KB, output_batches=1]
    SortExec: TopK(fetch=110), expr=[pageviews@2 DESC], preserve_partitioning=[true], filter=[pageviews@2 IS NULL OR pageviews@2 > 6], metrics=[output_rows=1.44 K, elapsed_compute=1.01ms, output_bytes=28.0 KB, output_batches=16, row_replacements=2.38 K]
      ProjectionExec: expr=[URLHash@0 as URLHash, hits.EventDate@1 as hits.EventDate, count(Int64(1))@2 as pageviews], metrics=[output_rows=41.19 K, elapsed_compute=25.23µs, output_bytes=1089.8 KB, output_batches=16, expr_0_eval_time=4.63µs, expr_1_eval_time=1.18µs, expr_2_eval_time=1.47µs]
        AggregateExec: mode=FinalPartitioned, gby=[URLHash@0 as URLHash, hits.EventDate@1 as hits.EventDate], aggr=[count(Int64(1))], metrics=[output_rows=41.19 K, elapsed_compute=2.30ms, output_bytes=1089.8 KB, output_batches=16, spill_count=0, spilled_bytes=0.0 B, spilled_rows=0, peak_mem_used=5.07 M, aggregate_arguments_time=12.31µs, aggregation_time=95.56µs, emitting_time=28.00µs, time_calculating_group_ids=2.05ms]
          RepartitionExec: partitioning=Hash([URLHash@0, hits.EventDate@1], 16), input_partitions=16, metrics=[output_rows=41.87 K, elapsed_compute=260.71µs, output_bytes=2.5 MB, output_batches=16, spill_count=0, spilled_bytes=0.0 B, spilled_rows=0, fetch_time=30.56ms, repartition_time=445.75µs, send_time=58.22µs]
            AggregateExec: mode=Partial, gby=[URLHash@1 as URLHash, CAST(CAST(EventDate@0 AS Int32) AS Date32) as hits.EventDate], aggr=[count(Int64(1))], metrics=[output_rows=41.87 K, elapsed_compute=3.48ms, output_bytes=5.8 MB, output_batches=6, spill_count=0, spilled_bytes=0.0 B, spilled_rows=0, skipped_aggregation_rows=0, peak_mem_used=2.57 M, aggregate_arguments_time=59.78µs, aggregation_time=464.89µs, emitting_time=6.22µs, time_calculating_group_ids=2.75ms, reduction_factor=47% (41.87 K/89.91 K)]
              DataSourceExec: file_groups={16 groups: [[home/ec2-user/liquid-cache/benchmark/clickbench/data/hits.parquet:0..923748528], [home/ec2-user/liquid-cache/benchmark/clickbench/data/hits.parquet:923748528..1847497056], [home/ec2-user/liquid-cache/benchmark/clickbench/data/hits.parquet:1847497056..2771245584], [home/ec2-user/liquid-cache/benchmark/clickbench/data/hits.parquet:2771245584..3694994112], [home/ec2-user/liquid-cache/benchmark/clickbench/data/hits.parquet:3694994112..4618742640], [home/ec2-user/liquid-cache/benchmark/clickbench/data/hits.parquet:4618742640..5542491168], [home/ec2-user/liquid-cache/benchmark/clickbench/data/hits.parquet:5542491168..6466239696], [home/ec2-user/liquid-cache/benchmark/clickbench/data/hits.parquet:6466239696..7389988224], [home/ec2-user/liquid-cache/benchmark/clickbench/data/hits.parquet:7389988224..8313736752], [home/ec2-user/liquid-cache/benchmark/clickbench/data/hits.parquet:8313736752..9237485280], [home/ec2-user/liquid-cache/benchmark/clickbench/data/hits.parquet:9237485280..10161233808], [home/ec2-user/liquid-cache/benchmark/clickbench/data/hits.parquet:10161233808..11084982336], [home/ec2-user/liquid-cache/benchmark/clickbench/data/hits.parquet:11084982336..12008730864], [home/ec2-user/liquid-cache/benchmark/clickbench/data/hits.parquet:12008730864..12932479392], [home/ec2-user/liquid-cache/benchmark/clickbench/data/hits.parquet:12932479392..13856227920], [home/ec2-user/liquid-cache/benchmark/clickbench/data/hits.parquet:13856227920..14779976446]]}, projection=[EventDate, URLHash], file_type=liquid_parquet, metrics=[output_rows=89.91 K, elapsed_compute=16ns, output_bytes=883.4 KB, output_batches=92, files_ranges_pruned_statistics=16 total → 16 matched, row_groups_pruned_statistics=226 total → 3 matched, row_groups_pruned_bloom_filter=0 total → 0 matched, page_index_pages_pruned=0 total → 0 matched, page_index_rows_pruned=0 total → 0 matched, limit_pruned_row_groups=0 total → 0 matched, batches_split=0, bytes_scanned=15.65 M, file_open_errors=0, file_scan_errors=0, num_predicate_creation_errors=0, predicate_evaluation_errors=0, pushdown_rows_matched=89.91 K, pushdown_rows_pruned=6.82 K, predicate_cache_inner_records=0, predicate_cache_records=0, bloom_filter_eval_time=254.83µs, metadata_load_time=3.80ms, page_index_eval_time=4.69µs, row_pushdown_eval_time=253.00µs, statistics_eval_time=902.47µs, time_elapsed_opening=8.92ms, time_elapsed_processing=24.43ms, time_elapsed_scanning_total=21.47ms, time_elapsed_scanning_until_data=5.22ms, scan_efficiency_ratio=N/A (0/0)]

Cache: entries=860, mem=24MB, disk=0MB
  Hits: cache_hit=184, eval_predicate=540
  Misses: cache_miss=0
  IO: read=0, write=0
  Squeeze: squeezed_success=0, squeezed_needs_io=0
Time: 21ms

+----------------------+----------------+-----------+
| URLHash              | hits.EventDate | pageviews |
+----------------------+----------------+-----------+
| 7199155066341437901  | 2013-07-15     | 27        |
| 1191678692164887503  | 2013-07-15     | 27        |
| 2512899255762264913  | 2013-07-15     | 26        |
| -8505838588544217213 | 2013-07-15     | 26        |
| -3611962581960090019 | 2013-07-15     | 25        |
| -6025761452198030778 | 2013-07-15     | 25        |
| -6048157399675510565 | 2013-07-15     | 25        |
| 6976198041684576969  | 2013-07-15     | 24        |
| 2033248414344857063  | 2013-07-15     | 24        |
| 5381918128490835791  | 2013-07-15     | 24        |
+----------------------+----------------+-----------+

=== EXPLAIN ANALYZE (Query 40, Iteration 4) ===
GlobalLimitExec: skip=100, fetch=10, metrics=[output_rows=10, elapsed_compute=11.42µs, output_bytes=2.1 KB, output_batches=1]
  SortPreservingMergeExec: [pageviews@2 DESC], fetch=110, metrics=[output_rows=110, elapsed_compute=13.77µs, output_bytes=2.1 KB, output_batches=1]
    SortExec: TopK(fetch=110), expr=[pageviews@2 DESC], preserve_partitioning=[true], filter=[pageviews@2 IS NULL OR pageviews@2 > 6], metrics=[output_rows=1.40 K, elapsed_compute=952.40µs, output_bytes=27.3 KB, output_batches=16, row_replacements=2.12 K]
      ProjectionExec: expr=[URLHash@0 as URLHash, hits.EventDate@1 as hits.EventDate, count(Int64(1))@2 as pageviews], metrics=[output_rows=41.19 K, elapsed_compute=28.46µs, output_bytes=1089.8 KB, output_batches=16, expr_0_eval_time=7.04µs, expr_1_eval_time=1.45µs, expr_2_eval_time=1.30µs]
        AggregateExec: mode=FinalPartitioned, gby=[URLHash@0 as URLHash, hits.EventDate@1 as hits.EventDate], aggr=[count(Int64(1))], metrics=[output_rows=41.19 K, elapsed_compute=2.27ms, output_bytes=1089.8 KB, output_batches=16, spill_count=0, spilled_bytes=0.0 B, spilled_rows=0, peak_mem_used=5.07 M, aggregate_arguments_time=13.79µs, aggregation_time=99.22µs, emitting_time=32.93µs, time_calculating_group_ids=2.00ms]
          RepartitionExec: partitioning=Hash([URLHash@0, hits.EventDate@1], 16), input_partitions=16, metrics=[output_rows=41.87 K, elapsed_compute=238.29µs, output_bytes=2.5 MB, output_batches=16, spill_count=0, spilled_bytes=0.0 B, spilled_rows=0, fetch_time=27.96ms, repartition_time=455.14µs, send_time=48.91µs]
            AggregateExec: mode=Partial, gby=[URLHash@1 as URLHash, CAST(CAST(EventDate@0 AS Int32) AS Date32) as hits.EventDate], aggr=[count(Int64(1))], metrics=[output_rows=41.87 K, elapsed_compute=3.06ms, output_bytes=5.8 MB, output_batches=6, spill_count=0, spilled_bytes=0.0 B, spilled_rows=0, skipped_aggregation_rows=0, peak_mem_used=2.57 M, aggregate_arguments_time=61.50µs, aggregation_time=146.73µs, emitting_time=4.75µs, time_calculating_group_ids=2.65ms, reduction_factor=47% (41.87 K/89.91 K)]
              DataSourceExec: file_groups={16 groups: [[home/ec2-user/liquid-cache/benchmark/clickbench/data/hits.parquet:0..923748528], [home/ec2-user/liquid-cache/benchmark/clickbench/data/hits.parquet:923748528..1847497056], [home/ec2-user/liquid-cache/benchmark/clickbench/data/hits.parquet:1847497056..2771245584], [home/ec2-user/liquid-cache/benchmark/clickbench/data/hits.parquet:2771245584..3694994112], [home/ec2-user/liquid-cache/benchmark/clickbench/data/hits.parquet:3694994112..4618742640], [home/ec2-user/liquid-cache/benchmark/clickbench/data/hits.parquet:4618742640..5542491168], [home/ec2-user/liquid-cache/benchmark/clickbench/data/hits.parquet:5542491168..6466239696], [home/ec2-user/liquid-cache/benchmark/clickbench/data/hits.parquet:6466239696..7389988224], [home/ec2-user/liquid-cache/benchmark/clickbench/data/hits.parquet:7389988224..8313736752], [home/ec2-user/liquid-cache/benchmark/clickbench/data/hits.parquet:8313736752..9237485280], [home/ec2-user/liquid-cache/benchmark/clickbench/data/hits.parquet:9237485280..10161233808], [home/ec2-user/liquid-cache/benchmark/clickbench/data/hits.parquet:10161233808..11084982336], [home/ec2-user/liquid-cache/benchmark/clickbench/data/hits.parquet:11084982336..12008730864], [home/ec2-user/liquid-cache/benchmark/clickbench/data/hits.parquet:12008730864..12932479392], [home/ec2-user/liquid-cache/benchmark/clickbench/data/hits.parquet:12932479392..13856227920], [home/ec2-user/liquid-cache/benchmark/clickbench/data/hits.parquet:13856227920..14779976446]]}, projection=[EventDate, URLHash], file_type=liquid_parquet, metrics=[output_rows=89.91 K, elapsed_compute=16ns, output_bytes=883.4 KB, output_batches=92, files_ranges_pruned_statistics=16 total → 16 matched, row_groups_pruned_statistics=226 total → 3 matched, row_groups_pruned_bloom_filter=0 total → 0 matched, page_index_pages_pruned=0 total → 0 matched, page_index_rows_pruned=0 total → 0 matched, limit_pruned_row_groups=0 total → 0 matched, batches_split=0, bytes_scanned=15.65 M, file_open_errors=0, file_scan_errors=0, num_predicate_creation_errors=0, predicate_evaluation_errors=0, pushdown_rows_matched=89.91 K, pushdown_rows_pruned=6.82 K, predicate_cache_inner_records=0, predicate_cache_records=0, bloom_filter_eval_time=242.97µs, metadata_load_time=3.48ms, page_index_eval_time=4.32µs, row_pushdown_eval_time=253.77µs, statistics_eval_time=743.32µs, time_elapsed_opening=8.30ms, time_elapsed_processing=22.41ms, time_elapsed_scanning_total=19.47ms, time_elapsed_scanning_until_data=4.71ms, scan_efficiency_ratio=N/A (0/0)]

Cache: entries=860, mem=24MB, disk=0MB
  Hits: cache_hit=184, eval_predicate=540
  Misses: cache_miss=0
  IO: read=0, write=0
  Squeeze: squeezed_success=0, squeezed_needs_io=0
Time: 20ms

+----------------------+----------------+-----------+
| URLHash              | hits.EventDate | pageviews |
+----------------------+----------------+-----------+
| 7199155066341437901  | 2013-07-15     | 27        |
| 1191678692164887503  | 2013-07-15     | 27        |
| 2512899255762264913  | 2013-07-15     | 26        |
| -8505838588544217213 | 2013-07-15     | 26        |
| -3611962581960090019 | 2013-07-15     | 25        |
| -6025761452198030778 | 2013-07-15     | 25        |
| -6048157399675510565 | 2013-07-15     | 25        |
| 6976198041684576969  | 2013-07-15     | 24        |
| 2033248414344857063  | 2013-07-15     | 24        |
| 5381918128490835791  | 2013-07-15     | 24        |
+----------------------+----------------+-----------+
