
=== EXPLAIN ANALYZE (Query 42, Iteration 0) ===
GlobalLimitExec: skip=1000, fetch=10, metrics=[output_rows=10, elapsed_compute=9.77µs, output_bytes=15.8 KB, output_batches=1]
  SortPreservingMergeExec: [date_trunc(minute, m@0) ASC NULLS LAST], fetch=1010, metrics=[output_rows=1.01 K, elapsed_compute=62.28µs, output_bytes=15.8 KB, output_batches=1]
    SortExec: TopK(fetch=1010), expr=[date_trunc(minute, m@0) ASC NULLS LAST], preserve_partitioning=[true], metrics=[output_rows=1.44 K, elapsed_compute=497.36µs, output_bytes=22.5 KB, output_batches=16, row_replacements=1.44 K]
      ProjectionExec: expr=[date_trunc(Utf8("minute"),to_timestamp_seconds(hits.EventTime))@0 as m, count(Int64(1))@1 as pageviews], metrics=[output_rows=1.44 K, elapsed_compute=15.71µs, output_bytes=27.2 KB, output_batches=16, expr_0_eval_time=2.64µs, expr_1_eval_time=1.12µs]
        AggregateExec: mode=FinalPartitioned, gby=[date_trunc(Utf8("minute"),to_timestamp_seconds(hits.EventTime))@0 as date_trunc(Utf8("minute"),to_timestamp_seconds(hits.EventTime))], aggr=[count(Int64(1))], metrics=[output_rows=1.44 K, elapsed_compute=332.29µs, output_bytes=27.2 KB, output_batches=16, spill_count=0, spilled_bytes=0.0 B, spilled_rows=0, peak_mem_used=204.3 K, aggregate_arguments_time=10.01µs, aggregation_time=18.07µs, emitting_time=14.07µs, time_calculating_group_ids=97.19µs]
          RepartitionExec: partitioning=Hash([date_trunc(Utf8("minute"),to_timestamp_seconds(hits.EventTime))@0], 16), input_partitions=16, metrics=[output_rows=2.88 K, elapsed_compute=763.25µs, output_bytes=2.0 MB, output_batches=16, spill_count=0, spilled_bytes=0.0 B, spilled_rows=0, fetch_time=212.51ms, repartition_time=75.41µs, send_time=26.84µs]
            AggregateExec: mode=Partial, gby=[date_trunc(minute, to_timestamp_seconds(EventTime@0)) as date_trunc(Utf8("minute"),to_timestamp_seconds(hits.EventTime))], aggr=[count(Int64(1))], metrics=[output_rows=2.88 K, elapsed_compute=5.78ms, output_bytes=68.7 KB, output_batches=2, spill_count=0, spilled_bytes=0.0 B, spilled_rows=0, skipped_aggregation_rows=0, peak_mem_used=259.8 K, aggregate_arguments_time=145.94µs, aggregation_time=486.32µs, emitting_time=13.09µs, time_calculating_group_ids=3.60ms, reduction_factor=0.43% (2.88 K/671.5 K)]
              DataSourceExec: file_groups={16 groups: [[home/ec2-user/liquid-cache/benchmark/clickbench/data/hits.parquet:0..923748528], [home/ec2-user/liquid-cache/benchmark/clickbench/data/hits.parquet:923748528..1847497056], [home/ec2-user/liquid-cache/benchmark/clickbench/data/hits.parquet:1847497056..2771245584], [home/ec2-user/liquid-cache/benchmark/clickbench/data/hits.parquet:2771245584..3694994112], [home/ec2-user/liquid-cache/benchmark/clickbench/data/hits.parquet:3694994112..4618742640], [home/ec2-user/liquid-cache/benchmark/clickbench/data/hits.parquet:4618742640..5542491168], [home/ec2-user/liquid-cache/benchmark/clickbench/data/hits.parquet:5542491168..6466239696], [home/ec2-user/liquid-cache/benchmark/clickbench/data/hits.parquet:6466239696..7389988224], [home/ec2-user/liquid-cache/benchmark/clickbench/data/hits.parquet:7389988224..8313736752], [home/ec2-user/liquid-cache/benchmark/clickbench/data/hits.parquet:8313736752..9237485280], [home/ec2-user/liquid-cache/benchmark/clickbench/data/hits.parquet:9237485280..10161233808], [home/ec2-user/liquid-cache/benchmark/clickbench/data/hits.parquet:10161233808..11084982336], [home/ec2-user/liquid-cache/benchmark/clickbench/data/hits.parquet:11084982336..12008730864], [home/ec2-user/liquid-cache/benchmark/clickbench/data/hits.parquet:12008730864..12932479392], [home/ec2-user/liquid-cache/benchmark/clickbench/data/hits.parquet:12932479392..13856227920], [home/ec2-user/liquid-cache/benchmark/clickbench/data/hits.parquet:13856227920..14779976446]]}, projection=[EventTime], file_type=liquid_parquet, metrics=[output_rows=671.5 K, elapsed_compute=16ns, output_bytes=5.1 MB, output_batches=92, files_ranges_pruned_statistics=16 total → 16 matched, row_groups_pruned_statistics=226 total → 3 matched, row_groups_pruned_bloom_filter=0 total → 0 matched, page_index_pages_pruned=0 total → 0 matched, page_index_rows_pruned=0 total → 0 matched, limit_pruned_row_groups=0 total → 0 matched, batches_split=0, bytes_scanned=4.78 M, file_open_errors=0, file_scan_errors=0, num_predicate_creation_errors=0, predicate_evaluation_errors=0, pushdown_rows_matched=0, pushdown_rows_pruned=0, predicate_cache_inner_records=0, predicate_cache_records=0, bloom_filter_eval_time=138.13µs, metadata_load_time=156.10ms, page_index_eval_time=2.98µs, row_pushdown_eval_time=32ns, statistics_eval_time=610.45µs, time_elapsed_opening=186.89ms, time_elapsed_processing=62.23ms, time_elapsed_scanning_total=25.40ms, time_elapsed_scanning_until_data=5.72ms, scan_efficiency_ratio=N/A (0/0)]

Cache: entries=688, mem=13MB, disk=0MB
  Hits: cache_hit=0, eval_predicate=712
  Misses: cache_miss=172
  IO: read=0, write=0
  Squeeze: squeezed_success=0, squeezed_needs_io=0
Time: 39ms

+---------------------+-----------+
| m                   | pageviews |
+---------------------+-----------+
| 2013-07-15T12:40:00 | 513       |
| 2013-07-15T12:41:00 | 457       |
| 2013-07-15T12:42:00 | 470       |
| 2013-07-15T12:43:00 | 468       |
| 2013-07-15T12:44:00 | 453       |
| 2013-07-15T12:45:00 | 462       |
| 2013-07-15T12:46:00 | 481       |
| 2013-07-15T12:47:00 | 458       |
| 2013-07-15T12:48:00 | 466       |
| 2013-07-15T12:49:00 | 467       |
+---------------------+-----------+

=== EXPLAIN ANALYZE (Query 42, Iteration 1) ===
GlobalLimitExec: skip=1000, fetch=10, metrics=[output_rows=10, elapsed_compute=8.16µs, output_bytes=15.8 KB, output_batches=1]
  SortPreservingMergeExec: [date_trunc(minute, m@0) ASC NULLS LAST], fetch=1010, metrics=[output_rows=1.01 K, elapsed_compute=50.27µs, output_bytes=15.8 KB, output_batches=1]
    SortExec: TopK(fetch=1010), expr=[date_trunc(minute, m@0) ASC NULLS LAST], preserve_partitioning=[true], metrics=[output_rows=1.44 K, elapsed_compute=449.92µs, output_bytes=22.5 KB, output_batches=16, row_replacements=1.44 K]
      ProjectionExec: expr=[date_trunc(Utf8("minute"),to_timestamp_seconds(hits.EventTime))@0 as m, count(Int64(1))@1 as pageviews], metrics=[output_rows=1.44 K, elapsed_compute=11.78µs, output_bytes=27.2 KB, output_batches=16, expr_0_eval_time=2.41µs, expr_1_eval_time=1.20µs]
        AggregateExec: mode=FinalPartitioned, gby=[date_trunc(Utf8("minute"),to_timestamp_seconds(hits.EventTime))@0 as date_trunc(Utf8("minute"),to_timestamp_seconds(hits.EventTime))], aggr=[count(Int64(1))], metrics=[output_rows=1.44 K, elapsed_compute=221.08µs, output_bytes=27.2 KB, output_batches=16, spill_count=0, spilled_bytes=0.0 B, spilled_rows=0, peak_mem_used=204.3 K, aggregate_arguments_time=7.62µs, aggregation_time=15.19µs, emitting_time=12.82µs, time_calculating_group_ids=91.19µs]
          RepartitionExec: partitioning=Hash([date_trunc(Utf8("minute"),to_timestamp_seconds(hits.EventTime))@0], 16), input_partitions=16, metrics=[output_rows=2.88 K, elapsed_compute=105.42µs, output_bytes=2.0 MB, output_batches=16, spill_count=0, spilled_bytes=0.0 B, spilled_rows=0, fetch_time=26.32ms, repartition_time=49.85µs, send_time=21.12µs]
            AggregateExec: mode=Partial, gby=[date_trunc(minute, to_timestamp_seconds(EventTime@0)) as date_trunc(Utf8("minute"),to_timestamp_seconds(hits.EventTime))], aggr=[count(Int64(1))], metrics=[output_rows=2.88 K, elapsed_compute=5.59ms, output_bytes=68.7 KB, output_batches=2, spill_count=0, spilled_bytes=0.0 B, spilled_rows=0, skipped_aggregation_rows=0, peak_mem_used=259.8 K, aggregate_arguments_time=157.72µs, aggregation_time=337.69µs, emitting_time=2.93µs, time_calculating_group_ids=3.64ms, reduction_factor=0.43% (2.88 K/671.5 K)]
              DataSourceExec: file_groups={16 groups: [[home/ec2-user/liquid-cache/benchmark/clickbench/data/hits.parquet:0..923748528], [home/ec2-user/liquid-cache/benchmark/clickbench/data/hits.parquet:923748528..1847497056], [home/ec2-user/liquid-cache/benchmark/clickbench/data/hits.parquet:1847497056..2771245584], [home/ec2-user/liquid-cache/benchmark/clickbench/data/hits.parquet:2771245584..3694994112], [home/ec2-user/liquid-cache/benchmark/clickbench/data/hits.parquet:3694994112..4618742640], [home/ec2-user/liquid-cache/benchmark/clickbench/data/hits.parquet:4618742640..5542491168], [home/ec2-user/liquid-cache/benchmark/clickbench/data/hits.parquet:5542491168..6466239696], [home/ec2-user/liquid-cache/benchmark/clickbench/data/hits.parquet:6466239696..7389988224], [home/ec2-user/liquid-cache/benchmark/clickbench/data/hits.parquet:7389988224..8313736752], [home/ec2-user/liquid-cache/benchmark/clickbench/data/hits.parquet:8313736752..9237485280], [home/ec2-user/liquid-cache/benchmark/clickbench/data/hits.parquet:9237485280..10161233808], [home/ec2-user/liquid-cache/benchmark/clickbench/data/hits.parquet:10161233808..11084982336], [home/ec2-user/liquid-cache/benchmark/clickbench/data/hits.parquet:11084982336..12008730864], [home/ec2-user/liquid-cache/benchmark/clickbench/data/hits.parquet:12008730864..12932479392], [home/ec2-user/liquid-cache/benchmark/clickbench/data/hits.parquet:12932479392..13856227920], [home/ec2-user/liquid-cache/benchmark/clickbench/data/hits.parquet:13856227920..14779976446]]}, projection=[EventTime], file_type=liquid_parquet, metrics=[output_rows=671.5 K, elapsed_compute=16ns, output_bytes=5.1 MB, output_batches=92, files_ranges_pruned_statistics=16 total → 16 matched, row_groups_pruned_statistics=226 total → 3 matched, row_groups_pruned_bloom_filter=0 total → 0 matched, page_index_pages_pruned=0 total → 0 matched, page_index_rows_pruned=0 total → 0 matched, limit_pruned_row_groups=0 total → 0 matched, batches_split=0, bytes_scanned=4.78 M, file_open_errors=0, file_scan_errors=0, num_predicate_creation_errors=0, predicate_evaluation_errors=0, pushdown_rows_matched=0, pushdown_rows_pruned=0, predicate_cache_inner_records=0, predicate_cache_records=0, bloom_filter_eval_time=193.85µs, metadata_load_time=3.10ms, page_index_eval_time=4.38µs, row_pushdown_eval_time=32ns, statistics_eval_time=695.17µs, time_elapsed_opening=7.33ms, time_elapsed_processing=19.61ms, time_elapsed_scanning_total=18.85ms, time_elapsed_scanning_until_data=3.20ms, scan_efficiency_ratio=N/A (0/0)]

Cache: entries=688, mem=13MB, disk=0MB
  Hits: cache_hit=0, eval_predicate=540
  Misses: cache_miss=0
  IO: read=0, write=0
  Squeeze: squeezed_success=0, squeezed_needs_io=0
Time: 18ms

+---------------------+-----------+
| m                   | pageviews |
+---------------------+-----------+
| 2013-07-15T12:40:00 | 513       |
| 2013-07-15T12:41:00 | 457       |
| 2013-07-15T12:42:00 | 470       |
| 2013-07-15T12:43:00 | 468       |
| 2013-07-15T12:44:00 | 453       |
| 2013-07-15T12:45:00 | 462       |
| 2013-07-15T12:46:00 | 481       |
| 2013-07-15T12:47:00 | 458       |
| 2013-07-15T12:48:00 | 466       |
| 2013-07-15T12:49:00 | 467       |
+---------------------+-----------+

=== EXPLAIN ANALYZE (Query 42, Iteration 2) ===
GlobalLimitExec: skip=1000, fetch=10, metrics=[output_rows=10, elapsed_compute=8.74µs, output_bytes=15.8 KB, output_batches=1]
  SortPreservingMergeExec: [date_trunc(minute, m@0) ASC NULLS LAST], fetch=1010, metrics=[output_rows=1.01 K, elapsed_compute=64.06µs, output_bytes=15.8 KB, output_batches=1]
    SortExec: TopK(fetch=1010), expr=[date_trunc(minute, m@0) ASC NULLS LAST], preserve_partitioning=[true], metrics=[output_rows=1.44 K, elapsed_compute=432.94µs, output_bytes=22.5 KB, output_batches=16, row_replacements=1.44 K]
      ProjectionExec: expr=[date_trunc(Utf8("minute"),to_timestamp_seconds(hits.EventTime))@0 as m, count(Int64(1))@1 as pageviews], metrics=[output_rows=1.44 K, elapsed_compute=13.00µs, output_bytes=27.2 KB, output_batches=16, expr_0_eval_time=2.24µs, expr_1_eval_time=1.13µs]
        AggregateExec: mode=FinalPartitioned, gby=[date_trunc(Utf8("minute"),to_timestamp_seconds(hits.EventTime))@0 as date_trunc(Utf8("minute"),to_timestamp_seconds(hits.EventTime))], aggr=[count(Int64(1))], metrics=[output_rows=1.44 K, elapsed_compute=198.55µs, output_bytes=27.2 KB, output_batches=16, spill_count=0, spilled_bytes=0.0 B, spilled_rows=0, peak_mem_used=204.3 K, aggregate_arguments_time=8.58µs, aggregation_time=14.74µs, emitting_time=13.31µs, time_calculating_group_ids=81.50µs]
          RepartitionExec: partitioning=Hash([date_trunc(Utf8("minute"),to_timestamp_seconds(hits.EventTime))@0], 16), input_partitions=16, metrics=[output_rows=2.88 K, elapsed_compute=113.54µs, output_bytes=2.0 MB, output_batches=16, spill_count=0, spilled_bytes=0.0 B, spilled_rows=0, fetch_time=29.94ms, repartition_time=52.99µs, send_time=21.29µs]
            AggregateExec: mode=Partial, gby=[date_trunc(minute, to_timestamp_seconds(EventTime@0)) as date_trunc(Utf8("minute"),to_timestamp_seconds(hits.EventTime))], aggr=[count(Int64(1))], metrics=[output_rows=2.88 K, elapsed_compute=6.85ms, output_bytes=68.7 KB, output_batches=2, spill_count=0, spilled_bytes=0.0 B, spilled_rows=0, skipped_aggregation_rows=0, peak_mem_used=259.8 K, aggregate_arguments_time=199.38µs, aggregation_time=401.46µs, emitting_time=2.87µs, time_calculating_group_ids=4.53ms, reduction_factor=0.43% (2.88 K/671.5 K)]
              DataSourceExec: file_groups={16 groups: [[home/ec2-user/liquid-cache/benchmark/clickbench/data/hits.parquet:0..923748528], [home/ec2-user/liquid-cache/benchmark/clickbench/data/hits.parquet:923748528..1847497056], [home/ec2-user/liquid-cache/benchmark/clickbench/data/hits.parquet:1847497056..2771245584], [home/ec2-user/liquid-cache/benchmark/clickbench/data/hits.parquet:2771245584..3694994112], [home/ec2-user/liquid-cache/benchmark/clickbench/data/hits.parquet:3694994112..4618742640], [home/ec2-user/liquid-cache/benchmark/clickbench/data/hits.parquet:4618742640..5542491168], [home/ec2-user/liquid-cache/benchmark/clickbench/data/hits.parquet:5542491168..6466239696], [home/ec2-user/liquid-cache/benchmark/clickbench/data/hits.parquet:6466239696..7389988224], [home/ec2-user/liquid-cache/benchmark/clickbench/data/hits.parquet:7389988224..8313736752], [home/ec2-user/liquid-cache/benchmark/clickbench/data/hits.parquet:8313736752..9237485280], [home/ec2-user/liquid-cache/benchmark/clickbench/data/hits.parquet:9237485280..10161233808], [home/ec2-user/liquid-cache/benchmark/clickbench/data/hits.parquet:10161233808..11084982336], [home/ec2-user/liquid-cache/benchmark/clickbench/data/hits.parquet:11084982336..12008730864], [home/ec2-user/liquid-cache/benchmark/clickbench/data/hits.parquet:12008730864..12932479392], [home/ec2-user/liquid-cache/benchmark/clickbench/data/hits.parquet:12932479392..13856227920], [home/ec2-user/liquid-cache/benchmark/clickbench/data/hits.parquet:13856227920..14779976446]]}, projection=[EventTime], file_type=liquid_parquet, metrics=[output_rows=671.5 K, elapsed_compute=16ns, output_bytes=5.1 MB, output_batches=92, files_ranges_pruned_statistics=16 total → 16 matched, row_groups_pruned_statistics=226 total → 3 matched, row_groups_pruned_bloom_filter=0 total → 0 matched, page_index_pages_pruned=0 total → 0 matched, page_index_rows_pruned=0 total → 0 matched, limit_pruned_row_groups=0 total → 0 matched, batches_split=0, bytes_scanned=4.78 M, file_open_errors=0, file_scan_errors=0, num_predicate_creation_errors=0, predicate_evaluation_errors=0, pushdown_rows_matched=0, pushdown_rows_pruned=0, predicate_cache_inner_records=0, predicate_cache_records=0, bloom_filter_eval_time=271.08µs, metadata_load_time=3.49ms, page_index_eval_time=5.08µs, row_pushdown_eval_time=32ns, statistics_eval_time=618.98µs, time_elapsed_opening=8.02ms, time_elapsed_processing=22.05ms, time_elapsed_scanning_total=21.78ms, time_elapsed_scanning_until_data=3.47ms, scan_efficiency_ratio=N/A (0/0)]

Cache: entries=688, mem=13MB, disk=0MB
  Hits: cache_hit=0, eval_predicate=540
  Misses: cache_miss=0
  IO: read=0, write=0
  Squeeze: squeezed_success=0, squeezed_needs_io=0
Time: 19ms

+---------------------+-----------+
| m                   | pageviews |
+---------------------+-----------+
| 2013-07-15T12:40:00 | 513       |
| 2013-07-15T12:41:00 | 457       |
| 2013-07-15T12:42:00 | 470       |
| 2013-07-15T12:43:00 | 468       |
| 2013-07-15T12:44:00 | 453       |
| 2013-07-15T12:45:00 | 462       |
| 2013-07-15T12:46:00 | 481       |
| 2013-07-15T12:47:00 | 458       |
| 2013-07-15T12:48:00 | 466       |
| 2013-07-15T12:49:00 | 467       |
+---------------------+-----------+

=== EXPLAIN ANALYZE (Query 42, Iteration 3) ===
GlobalLimitExec: skip=1000, fetch=10, metrics=[output_rows=10, elapsed_compute=8.91µs, output_bytes=15.8 KB, output_batches=1]
  SortPreservingMergeExec: [date_trunc(minute, m@0) ASC NULLS LAST], fetch=1010, metrics=[output_rows=1.01 K, elapsed_compute=64.77µs, output_bytes=15.8 KB, output_batches=1]
    SortExec: TopK(fetch=1010), expr=[date_trunc(minute, m@0) ASC NULLS LAST], preserve_partitioning=[true], metrics=[output_rows=1.44 K, elapsed_compute=416.00µs, output_bytes=22.5 KB, output_batches=16, row_replacements=1.44 K]
      ProjectionExec: expr=[date_trunc(Utf8("minute"),to_timestamp_seconds(hits.EventTime))@0 as m, count(Int64(1))@1 as pageviews], metrics=[output_rows=1.44 K, elapsed_compute=11.95µs, output_bytes=27.2 KB, output_batches=16, expr_0_eval_time=2.26µs, expr_1_eval_time=1.23µs]
        AggregateExec: mode=FinalPartitioned, gby=[date_trunc(Utf8("minute"),to_timestamp_seconds(hits.EventTime))@0 as date_trunc(Utf8("minute"),to_timestamp_seconds(hits.EventTime))], aggr=[count(Int64(1))], metrics=[output_rows=1.44 K, elapsed_compute=209.72µs, output_bytes=27.2 KB, output_batches=16, spill_count=0, spilled_bytes=0.0 B, spilled_rows=0, peak_mem_used=204.3 K, aggregate_arguments_time=8.05µs, aggregation_time=13.98µs, emitting_time=13.54µs, time_calculating_group_ids=78.95µs]
          RepartitionExec: partitioning=Hash([date_trunc(Utf8("minute"),to_timestamp_seconds(hits.EventTime))@0], 16), input_partitions=16, metrics=[output_rows=2.88 K, elapsed_compute=111.39µs, output_bytes=2.0 MB, output_batches=16, spill_count=0, spilled_bytes=0.0 B, spilled_rows=0, fetch_time=28.09ms, repartition_time=54.76µs, send_time=21.06µs]
            AggregateExec: mode=Partial, gby=[date_trunc(minute, to_timestamp_seconds(EventTime@0)) as date_trunc(Utf8("minute"),to_timestamp_seconds(hits.EventTime))], aggr=[count(Int64(1))], metrics=[output_rows=2.88 K, elapsed_compute=6.12ms, output_bytes=68.7 KB, output_batches=2, spill_count=0, spilled_bytes=0.0 B, spilled_rows=0, skipped_aggregation_rows=0, peak_mem_used=259.8 K, aggregate_arguments_time=171.60µs, aggregation_time=378.29µs, emitting_time=2.96µs, time_calculating_group_ids=4.02ms, reduction_factor=0.43% (2.88 K/671.5 K)]
              DataSourceExec: file_groups={16 groups: [[home/ec2-user/liquid-cache/benchmark/clickbench/data/hits.parquet:0..923748528], [home/ec2-user/liquid-cache/benchmark/clickbench/data/hits.parquet:923748528..1847497056], [home/ec2-user/liquid-cache/benchmark/clickbench/data/hits.parquet:1847497056..2771245584], [home/ec2-user/liquid-cache/benchmark/clickbench/data/hits.parquet:2771245584..3694994112], [home/ec2-user/liquid-cache/benchmark/clickbench/data/hits.parquet:3694994112..4618742640], [home/ec2-user/liquid-cache/benchmark/clickbench/data/hits.parquet:4618742640..5542491168], [home/ec2-user/liquid-cache/benchmark/clickbench/data/hits.parquet:5542491168..6466239696], [home/ec2-user/liquid-cache/benchmark/clickbench/data/hits.parquet:6466239696..7389988224], [home/ec2-user/liquid-cache/benchmark/clickbench/data/hits.parquet:7389988224..8313736752], [home/ec2-user/liquid-cache/benchmark/clickbench/data/hits.parquet:8313736752..9237485280], [home/ec2-user/liquid-cache/benchmark/clickbench/data/hits.parquet:9237485280..10161233808], [home/ec2-user/liquid-cache/benchmark/clickbench/data/hits.parquet:10161233808..11084982336], [home/ec2-user/liquid-cache/benchmark/clickbench/data/hits.parquet:11084982336..12008730864], [home/ec2-user/liquid-cache/benchmark/clickbench/data/hits.parquet:12008730864..12932479392], [home/ec2-user/liquid-cache/benchmark/clickbench/data/hits.parquet:12932479392..13856227920], [home/ec2-user/liquid-cache/benchmark/clickbench/data/hits.parquet:13856227920..14779976446]]}, projection=[EventTime], file_type=liquid_parquet, metrics=[output_rows=671.5 K, elapsed_compute=16ns, output_bytes=5.1 MB, output_batches=92, files_ranges_pruned_statistics=16 total → 16 matched, row_groups_pruned_statistics=226 total → 3 matched, row_groups_pruned_bloom_filter=0 total → 0 matched, page_index_pages_pruned=0 total → 0 matched, page_index_rows_pruned=0 total → 0 matched, limit_pruned_row_groups=0 total → 0 matched, batches_split=0, bytes_scanned=4.78 M, file_open_errors=0, file_scan_errors=0, num_predicate_creation_errors=0, predicate_evaluation_errors=0, pushdown_rows_matched=0, pushdown_rows_pruned=0, predicate_cache_inner_records=0, predicate_cache_records=0, bloom_filter_eval_time=168.58µs, metadata_load_time=3.77ms, page_index_eval_time=5.00µs, row_pushdown_eval_time=32ns, statistics_eval_time=680.73µs, time_elapsed_opening=7.96ms, time_elapsed_processing=20.92ms, time_elapsed_scanning_total=19.99ms, time_elapsed_scanning_until_data=3.32ms, scan_efficiency_ratio=N/A (0/0)]

Cache: entries=688, mem=13MB, disk=0MB
  Hits: cache_hit=0, eval_predicate=540
  Misses: cache_miss=0
  IO: read=0, write=0
  Squeeze: squeezed_success=0, squeezed_needs_io=0
Time: 18ms

+---------------------+-----------+
| m                   | pageviews |
+---------------------+-----------+
| 2013-07-15T12:40:00 | 513       |
| 2013-07-15T12:41:00 | 457       |
| 2013-07-15T12:42:00 | 470       |
| 2013-07-15T12:43:00 | 468       |
| 2013-07-15T12:44:00 | 453       |
| 2013-07-15T12:45:00 | 462       |
| 2013-07-15T12:46:00 | 481       |
| 2013-07-15T12:47:00 | 458       |
| 2013-07-15T12:48:00 | 466       |
| 2013-07-15T12:49:00 | 467       |
+---------------------+-----------+

=== EXPLAIN ANALYZE (Query 42, Iteration 4) ===
GlobalLimitExec: skip=1000, fetch=10, metrics=[output_rows=10, elapsed_compute=8.81µs, output_bytes=15.8 KB, output_batches=1]
  SortPreservingMergeExec: [date_trunc(minute, m@0) ASC NULLS LAST], fetch=1010, metrics=[output_rows=1.01 K, elapsed_compute=62.65µs, output_bytes=15.8 KB, output_batches=1]
    SortExec: TopK(fetch=1010), expr=[date_trunc(minute, m@0) ASC NULLS LAST], preserve_partitioning=[true], metrics=[output_rows=1.44 K, elapsed_compute=435.10µs, output_bytes=22.5 KB, output_batches=16, row_replacements=1.44 K]
      ProjectionExec: expr=[date_trunc(Utf8("minute"),to_timestamp_seconds(hits.EventTime))@0 as m, count(Int64(1))@1 as pageviews], metrics=[output_rows=1.44 K, elapsed_compute=12.47µs, output_bytes=27.2 KB, output_batches=16, expr_0_eval_time=2.15µs, expr_1_eval_time=1.15µs]
        AggregateExec: mode=FinalPartitioned, gby=[date_trunc(Utf8("minute"),to_timestamp_seconds(hits.EventTime))@0 as date_trunc(Utf8("minute"),to_timestamp_seconds(hits.EventTime))], aggr=[count(Int64(1))], metrics=[output_rows=1.44 K, elapsed_compute=205.17µs, output_bytes=27.2 KB, output_batches=16, spill_count=0, spilled_bytes=0.0 B, spilled_rows=0, peak_mem_used=204.3 K, aggregate_arguments_time=8.21µs, aggregation_time=15.50µs, emitting_time=12.13µs, time_calculating_group_ids=84.85µs]
          RepartitionExec: partitioning=Hash([date_trunc(Utf8("minute"),to_timestamp_seconds(hits.EventTime))@0], 16), input_partitions=16, metrics=[output_rows=2.88 K, elapsed_compute=106.85µs, output_bytes=2.0 MB, output_batches=16, spill_count=0, spilled_bytes=0.0 B, spilled_rows=0, fetch_time=28.76ms, repartition_time=53.46µs, send_time=22.62µs]
            AggregateExec: mode=Partial, gby=[date_trunc(minute, to_timestamp_seconds(EventTime@0)) as date_trunc(Utf8("minute"),to_timestamp_seconds(hits.EventTime))], aggr=[count(Int64(1))], metrics=[output_rows=2.88 K, elapsed_compute=6.91ms, output_bytes=68.7 KB, output_batches=2, spill_count=0, spilled_bytes=0.0 B, spilled_rows=0, skipped_aggregation_rows=0, peak_mem_used=259.8 K, aggregate_arguments_time=183.15µs, aggregation_time=401.70µs, emitting_time=2.74µs, time_calculating_group_ids=4.62ms, reduction_factor=0.43% (2.88 K/671.5 K)]
              DataSourceExec: file_groups={16 groups: [[home/ec2-user/liquid-cache/benchmark/clickbench/data/hits.parquet:0..923748528], [home/ec2-user/liquid-cache/benchmark/clickbench/data/hits.parquet:923748528..1847497056], [home/ec2-user/liquid-cache/benchmark/clickbench/data/hits.parquet:1847497056..2771245584], [home/ec2-user/liquid-cache/benchmark/clickbench/data/hits.parquet:2771245584..3694994112], [home/ec2-user/liquid-cache/benchmark/clickbench/data/hits.parquet:3694994112..4618742640], [home/ec2-user/liquid-cache/benchmark/clickbench/data/hits.parquet:4618742640..5542491168], [home/ec2-user/liquid-cache/benchmark/clickbench/data/hits.parquet:5542491168..6466239696], [home/ec2-user/liquid-cache/benchmark/clickbench/data/hits.parquet:6466239696..7389988224], [home/ec2-user/liquid-cache/benchmark/clickbench/data/hits.parquet:7389988224..8313736752], [home/ec2-user/liquid-cache/benchmark/clickbench/data/hits.parquet:8313736752..9237485280], [home/ec2-user/liquid-cache/benchmark/clickbench/data/hits.parquet:9237485280..10161233808], [home/ec2-user/liquid-cache/benchmark/clickbench/data/hits.parquet:10161233808..11084982336], [home/ec2-user/liquid-cache/benchmark/clickbench/data/hits.parquet:11084982336..12008730864], [home/ec2-user/liquid-cache/benchmark/clickbench/data/hits.parquet:12008730864..12932479392], [home/ec2-user/liquid-cache/benchmark/clickbench/data/hits.parquet:12932479392..13856227920], [home/ec2-user/liquid-cache/benchmark/clickbench/data/hits.parquet:13856227920..14779976446]]}, projection=[EventTime], file_type=liquid_parquet, metrics=[output_rows=671.5 K, elapsed_compute=16ns, output_bytes=5.1 MB, output_batches=92, files_ranges_pruned_statistics=16 total → 16 matched, row_groups_pruned_statistics=226 total → 3 matched, row_groups_pruned_bloom_filter=0 total → 0 matched, page_index_pages_pruned=0 total → 0 matched, page_index_rows_pruned=0 total → 0 matched, limit_pruned_row_groups=0 total → 0 matched, batches_split=0, bytes_scanned=4.78 M, file_open_errors=0, file_scan_errors=0, num_predicate_creation_errors=0, predicate_evaluation_errors=0, pushdown_rows_matched=0, pushdown_rows_pruned=0, predicate_cache_inner_records=0, predicate_cache_records=0, bloom_filter_eval_time=162.01µs, metadata_load_time=3.07ms, page_index_eval_time=3.80µs, row_pushdown_eval_time=32ns, statistics_eval_time=624.03µs, time_elapsed_opening=7.00ms, time_elapsed_processing=20.86ms, time_elapsed_scanning_total=21.63ms, time_elapsed_scanning_until_data=3.37ms, scan_efficiency_ratio=N/A (0/0)]

Cache: entries=688, mem=13MB, disk=0MB
  Hits: cache_hit=0, eval_predicate=540
  Misses: cache_miss=0
  IO: read=0, write=0
  Squeeze: squeezed_success=0, squeezed_needs_io=0
Time: 19ms

+---------------------+-----------+
| m                   | pageviews |
+---------------------+-----------+
| 2013-07-15T12:40:00 | 513       |
| 2013-07-15T12:41:00 | 457       |
| 2013-07-15T12:42:00 | 470       |
| 2013-07-15T12:43:00 | 468       |
| 2013-07-15T12:44:00 | 453       |
| 2013-07-15T12:45:00 | 462       |
| 2013-07-15T12:46:00 | 481       |
| 2013-07-15T12:47:00 | 458       |
| 2013-07-15T12:48:00 | 466       |
| 2013-07-15T12:49:00 | 467       |
+---------------------+-----------+
