
=== EXPLAIN ANALYZE (Query 42, Iteration 0) ===
GlobalLimitExec: skip=1000, fetch=10, metrics=[output_rows=10, elapsed_compute=9.70µs, output_bytes=15.8 KB, output_batches=1]
  SortPreservingMergeExec: [date_trunc(minute, m@0) ASC NULLS LAST], fetch=1010, metrics=[output_rows=1.01 K, elapsed_compute=62.55µs, output_bytes=15.8 KB, output_batches=1]
    SortExec: TopK(fetch=1010), expr=[date_trunc(minute, m@0) ASC NULLS LAST], preserve_partitioning=[true], metrics=[output_rows=1.44 K, elapsed_compute=867.85µs, output_bytes=22.5 KB, output_batches=16, row_replacements=1.44 K]
      ProjectionExec: expr=[date_trunc(Utf8("minute"),to_timestamp_seconds(hits.EventTime))@0 as m, count(Int64(1))@1 as pageviews], metrics=[output_rows=1.44 K, elapsed_compute=15.68µs, output_bytes=27.2 KB, output_batches=16, expr_0_eval_time=3.05µs, expr_1_eval_time=1.02µs]
        AggregateExec: mode=FinalPartitioned, gby=[date_trunc(Utf8("minute"),to_timestamp_seconds(hits.EventTime))@0 as date_trunc(Utf8("minute"),to_timestamp_seconds(hits.EventTime))], aggr=[count(Int64(1))], metrics=[output_rows=1.44 K, elapsed_compute=1.15ms, output_bytes=27.2 KB, output_batches=16, spill_count=0, spilled_bytes=0.0 B, spilled_rows=0, peak_mem_used=204.3 K, aggregate_arguments_time=11.37µs, aggregation_time=18.20µs, emitting_time=16.07µs, time_calculating_group_ids=106.02µs]
          RepartitionExec: partitioning=Hash([date_trunc(Utf8("minute"),to_timestamp_seconds(hits.EventTime))@0], 16), input_partitions=16, metrics=[output_rows=2.88 K, elapsed_compute=825.51µs, output_bytes=2.0 MB, output_batches=16, spill_count=0, spilled_bytes=0.0 B, spilled_rows=0, fetch_time=207.67ms, repartition_time=86.19µs, send_time=28.60µs]
            AggregateExec: mode=Partial, gby=[date_trunc(minute, to_timestamp_seconds(EventTime@0)) as date_trunc(Utf8("minute"),to_timestamp_seconds(hits.EventTime))], aggr=[count(Int64(1))], metrics=[output_rows=2.88 K, elapsed_compute=5.89ms, output_bytes=68.7 KB, output_batches=2, spill_count=0, spilled_bytes=0.0 B, spilled_rows=0, skipped_aggregation_rows=0, peak_mem_used=259.8 K, aggregate_arguments_time=140.08µs, aggregation_time=390.12µs, emitting_time=13.94µs, time_calculating_group_ids=3.87ms, reduction_factor=0.43% (2.88 K/671.5 K)]
              DataSourceExec: file_groups={16 groups: [[home/ec2-user/liquid-cache/benchmark/clickbench/data/hits.parquet:0..923748528], [home/ec2-user/liquid-cache/benchmark/clickbench/data/hits.parquet:923748528..1847497056], [home/ec2-user/liquid-cache/benchmark/clickbench/data/hits.parquet:1847497056..2771245584], [home/ec2-user/liquid-cache/benchmark/clickbench/data/hits.parquet:2771245584..3694994112], [home/ec2-user/liquid-cache/benchmark/clickbench/data/hits.parquet:3694994112..4618742640], [home/ec2-user/liquid-cache/benchmark/clickbench/data/hits.parquet:4618742640..5542491168], [home/ec2-user/liquid-cache/benchmark/clickbench/data/hits.parquet:5542491168..6466239696], [home/ec2-user/liquid-cache/benchmark/clickbench/data/hits.parquet:6466239696..7389988224], [home/ec2-user/liquid-cache/benchmark/clickbench/data/hits.parquet:7389988224..8313736752], [home/ec2-user/liquid-cache/benchmark/clickbench/data/hits.parquet:8313736752..9237485280], [home/ec2-user/liquid-cache/benchmark/clickbench/data/hits.parquet:9237485280..10161233808], [home/ec2-user/liquid-cache/benchmark/clickbench/data/hits.parquet:10161233808..11084982336], [home/ec2-user/liquid-cache/benchmark/clickbench/data/hits.parquet:11084982336..12008730864], [home/ec2-user/liquid-cache/benchmark/clickbench/data/hits.parquet:12008730864..12932479392], [home/ec2-user/liquid-cache/benchmark/clickbench/data/hits.parquet:12932479392..13856227920], [home/ec2-user/liquid-cache/benchmark/clickbench/data/hits.parquet:13856227920..14779976446]]}, projection=[EventTime], file_type=liquid_parquet, metrics=[output_rows=671.5 K, elapsed_compute=16ns, output_bytes=5.1 MB, output_batches=92, files_ranges_pruned_statistics=16 total → 16 matched, row_groups_pruned_statistics=226 total → 3 matched, row_groups_pruned_bloom_filter=0 total → 0 matched, page_index_pages_pruned=0 total → 0 matched, page_index_rows_pruned=0 total → 0 matched, limit_pruned_row_groups=0 total → 0 matched, batches_split=0, bytes_scanned=4.78 M, file_open_errors=0, file_scan_errors=0, num_predicate_creation_errors=0, predicate_evaluation_errors=0, pushdown_rows_matched=0, pushdown_rows_pruned=0, predicate_cache_inner_records=0, predicate_cache_records=0, bloom_filter_eval_time=109.62µs, metadata_load_time=158.11ms, page_index_eval_time=3.61µs, row_pushdown_eval_time=32ns, statistics_eval_time=621.66µs, time_elapsed_opening=181.49ms, time_elapsed_processing=56.07ms, time_elapsed_scanning_total=25.78ms, time_elapsed_scanning_until_data=5.18ms, scan_efficiency_ratio=N/A (0/0)]

Cache: entries=688, mem=13MB, disk=0MB
  Hits: cache_hit=0, eval_predicate=712
  Misses: cache_miss=172
  IO: read=0, write=0
  Squeeze: squeezed_success=0, squeezed_needs_io=0
Time: 39ms

+---------------------+-----------+
| m                   | pageviews |
+---------------------+-----------+
| 2013-07-15T12:40:00 | 513       |
| 2013-07-15T12:41:00 | 457       |
| 2013-07-15T12:42:00 | 470       |
| 2013-07-15T12:43:00 | 468       |
| 2013-07-15T12:44:00 | 453       |
| 2013-07-15T12:45:00 | 462       |
| 2013-07-15T12:46:00 | 481       |
| 2013-07-15T12:47:00 | 458       |
| 2013-07-15T12:48:00 | 466       |
| 2013-07-15T12:49:00 | 467       |
+---------------------+-----------+

=== EXPLAIN ANALYZE (Query 42, Iteration 1) ===
GlobalLimitExec: skip=1000, fetch=10, metrics=[output_rows=10, elapsed_compute=8.21µs, output_bytes=15.8 KB, output_batches=1]
  SortPreservingMergeExec: [date_trunc(minute, m@0) ASC NULLS LAST], fetch=1010, metrics=[output_rows=1.01 K, elapsed_compute=61.98µs, output_bytes=15.8 KB, output_batches=1]
    SortExec: TopK(fetch=1010), expr=[date_trunc(minute, m@0) ASC NULLS LAST], preserve_partitioning=[true], metrics=[output_rows=1.44 K, elapsed_compute=428.86µs, output_bytes=22.5 KB, output_batches=16, row_replacements=1.44 K]
      ProjectionExec: expr=[date_trunc(Utf8("minute"),to_timestamp_seconds(hits.EventTime))@0 as m, count(Int64(1))@1 as pageviews], metrics=[output_rows=1.44 K, elapsed_compute=12.52µs, output_bytes=27.2 KB, output_batches=16, expr_0_eval_time=2.28µs, expr_1_eval_time=1.22µs]
        AggregateExec: mode=FinalPartitioned, gby=[date_trunc(Utf8("minute"),to_timestamp_seconds(hits.EventTime))@0 as date_trunc(Utf8("minute"),to_timestamp_seconds(hits.EventTime))], aggr=[count(Int64(1))], metrics=[output_rows=1.44 K, elapsed_compute=191.24µs, output_bytes=27.2 KB, output_batches=16, spill_count=0, spilled_bytes=0.0 B, spilled_rows=0, peak_mem_used=204.3 K, aggregate_arguments_time=7.53µs, aggregation_time=14.05µs, emitting_time=13.26µs, time_calculating_group_ids=83.64µs]
          RepartitionExec: partitioning=Hash([date_trunc(Utf8("minute"),to_timestamp_seconds(hits.EventTime))@0], 16), input_partitions=16, metrics=[output_rows=2.88 K, elapsed_compute=112.85µs, output_bytes=2.0 MB, output_batches=16, spill_count=0, spilled_bytes=0.0 B, spilled_rows=0, fetch_time=26.02ms, repartition_time=48.73µs, send_time=21.72µs]
            AggregateExec: mode=Partial, gby=[date_trunc(minute, to_timestamp_seconds(EventTime@0)) as date_trunc(Utf8("minute"),to_timestamp_seconds(hits.EventTime))], aggr=[count(Int64(1))], metrics=[output_rows=2.88 K, elapsed_compute=5.56ms, output_bytes=68.7 KB, output_batches=2, spill_count=0, spilled_bytes=0.0 B, spilled_rows=0, skipped_aggregation_rows=0, peak_mem_used=259.8 K, aggregate_arguments_time=153.00µs, aggregation_time=351.85µs, emitting_time=3.38µs, time_calculating_group_ids=3.62ms, reduction_factor=0.43% (2.88 K/671.5 K)]
              DataSourceExec: file_groups={16 groups: [[home/ec2-user/liquid-cache/benchmark/clickbench/data/hits.parquet:0..923748528], [home/ec2-user/liquid-cache/benchmark/clickbench/data/hits.parquet:923748528..1847497056], [home/ec2-user/liquid-cache/benchmark/clickbench/data/hits.parquet:1847497056..2771245584], [home/ec2-user/liquid-cache/benchmark/clickbench/data/hits.parquet:2771245584..3694994112], [home/ec2-user/liquid-cache/benchmark/clickbench/data/hits.parquet:3694994112..4618742640], [home/ec2-user/liquid-cache/benchmark/clickbench/data/hits.parquet:4618742640..5542491168], [home/ec2-user/liquid-cache/benchmark/clickbench/data/hits.parquet:5542491168..6466239696], [home/ec2-user/liquid-cache/benchmark/clickbench/data/hits.parquet:6466239696..7389988224], [home/ec2-user/liquid-cache/benchmark/clickbench/data/hits.parquet:7389988224..8313736752], [home/ec2-user/liquid-cache/benchmark/clickbench/data/hits.parquet:8313736752..9237485280], [home/ec2-user/liquid-cache/benchmark/clickbench/data/hits.parquet:9237485280..10161233808], [home/ec2-user/liquid-cache/benchmark/clickbench/data/hits.parquet:10161233808..11084982336], [home/ec2-user/liquid-cache/benchmark/clickbench/data/hits.parquet:11084982336..12008730864], [home/ec2-user/liquid-cache/benchmark/clickbench/data/hits.parquet:12008730864..12932479392], [home/ec2-user/liquid-cache/benchmark/clickbench/data/hits.parquet:12932479392..13856227920], [home/ec2-user/liquid-cache/benchmark/clickbench/data/hits.parquet:13856227920..14779976446]]}, projection=[EventTime], file_type=liquid_parquet, metrics=[output_rows=671.5 K, elapsed_compute=16ns, output_bytes=5.1 MB, output_batches=92, files_ranges_pruned_statistics=16 total → 16 matched, row_groups_pruned_statistics=226 total → 3 matched, row_groups_pruned_bloom_filter=0 total → 0 matched, page_index_pages_pruned=0 total → 0 matched, page_index_rows_pruned=0 total → 0 matched, limit_pruned_row_groups=0 total → 0 matched, batches_split=0, bytes_scanned=4.78 M, file_open_errors=0, file_scan_errors=0, num_predicate_creation_errors=0, predicate_evaluation_errors=0, pushdown_rows_matched=0, pushdown_rows_pruned=0, predicate_cache_inner_records=0, predicate_cache_records=0, bloom_filter_eval_time=195.00µs, metadata_load_time=3.07ms, page_index_eval_time=5.49µs, row_pushdown_eval_time=32ns, statistics_eval_time=697.72µs, time_elapsed_opening=7.26ms, time_elapsed_processing=19.40ms, time_elapsed_scanning_total=18.62ms, time_elapsed_scanning_until_data=3.19ms, scan_efficiency_ratio=N/A (0/0)]

Cache: entries=688, mem=13MB, disk=0MB
  Hits: cache_hit=0, eval_predicate=540
  Misses: cache_miss=0
  IO: read=0, write=0
  Squeeze: squeezed_success=0, squeezed_needs_io=0
Time: 18ms

+---------------------+-----------+
| m                   | pageviews |
+---------------------+-----------+
| 2013-07-15T12:40:00 | 513       |
| 2013-07-15T12:41:00 | 457       |
| 2013-07-15T12:42:00 | 470       |
| 2013-07-15T12:43:00 | 468       |
| 2013-07-15T12:44:00 | 453       |
| 2013-07-15T12:45:00 | 462       |
| 2013-07-15T12:46:00 | 481       |
| 2013-07-15T12:47:00 | 458       |
| 2013-07-15T12:48:00 | 466       |
| 2013-07-15T12:49:00 | 467       |
+---------------------+-----------+

=== EXPLAIN ANALYZE (Query 42, Iteration 2) ===
GlobalLimitExec: skip=1000, fetch=10, metrics=[output_rows=10, elapsed_compute=8.16µs, output_bytes=15.8 KB, output_batches=1]
  SortPreservingMergeExec: [date_trunc(minute, m@0) ASC NULLS LAST], fetch=1010, metrics=[output_rows=1.01 K, elapsed_compute=61.60µs, output_bytes=15.8 KB, output_batches=1]
    SortExec: TopK(fetch=1010), expr=[date_trunc(minute, m@0) ASC NULLS LAST], preserve_partitioning=[true], metrics=[output_rows=1.44 K, elapsed_compute=435.24µs, output_bytes=22.5 KB, output_batches=16, row_replacements=1.44 K]
      ProjectionExec: expr=[date_trunc(Utf8("minute"),to_timestamp_seconds(hits.EventTime))@0 as m, count(Int64(1))@1 as pageviews], metrics=[output_rows=1.44 K, elapsed_compute=12.23µs, output_bytes=27.2 KB, output_batches=16, expr_0_eval_time=2.36µs, expr_1_eval_time=1.18µs]
        AggregateExec: mode=FinalPartitioned, gby=[date_trunc(Utf8("minute"),to_timestamp_seconds(hits.EventTime))@0 as date_trunc(Utf8("minute"),to_timestamp_seconds(hits.EventTime))], aggr=[count(Int64(1))], metrics=[output_rows=1.44 K, elapsed_compute=191.19µs, output_bytes=27.2 KB, output_batches=16, spill_count=0, spilled_bytes=0.0 B, spilled_rows=0, peak_mem_used=204.3 K, aggregate_arguments_time=8.03µs, aggregation_time=14.04µs, emitting_time=12.93µs, time_calculating_group_ids=85.03µs]
          RepartitionExec: partitioning=Hash([date_trunc(Utf8("minute"),to_timestamp_seconds(hits.EventTime))@0], 16), input_partitions=16, metrics=[output_rows=2.88 K, elapsed_compute=107.14µs, output_bytes=2.0 MB, output_batches=16, spill_count=0, spilled_bytes=0.0 B, spilled_rows=0, fetch_time=25.28ms, repartition_time=50.36µs, send_time=21.88µs]
            AggregateExec: mode=Partial, gby=[date_trunc(minute, to_timestamp_seconds(EventTime@0)) as date_trunc(Utf8("minute"),to_timestamp_seconds(hits.EventTime))], aggr=[count(Int64(1))], metrics=[output_rows=2.88 K, elapsed_compute=5.51ms, output_bytes=68.7 KB, output_batches=2, spill_count=0, spilled_bytes=0.0 B, spilled_rows=0, skipped_aggregation_rows=0, peak_mem_used=259.8 K, aggregate_arguments_time=145.03µs, aggregation_time=329.60µs, emitting_time=3.06µs, time_calculating_group_ids=3.61ms, reduction_factor=0.43% (2.88 K/671.5 K)]
              DataSourceExec: file_groups={16 groups: [[home/ec2-user/liquid-cache/benchmark/clickbench/data/hits.parquet:0..923748528], [home/ec2-user/liquid-cache/benchmark/clickbench/data/hits.parquet:923748528..1847497056], [home/ec2-user/liquid-cache/benchmark/clickbench/data/hits.parquet:1847497056..2771245584], [home/ec2-user/liquid-cache/benchmark/clickbench/data/hits.parquet:2771245584..3694994112], [home/ec2-user/liquid-cache/benchmark/clickbench/data/hits.parquet:3694994112..4618742640], [home/ec2-user/liquid-cache/benchmark/clickbench/data/hits.parquet:4618742640..5542491168], [home/ec2-user/liquid-cache/benchmark/clickbench/data/hits.parquet:5542491168..6466239696], [home/ec2-user/liquid-cache/benchmark/clickbench/data/hits.parquet:6466239696..7389988224], [home/ec2-user/liquid-cache/benchmark/clickbench/data/hits.parquet:7389988224..8313736752], [home/ec2-user/liquid-cache/benchmark/clickbench/data/hits.parquet:8313736752..9237485280], [home/ec2-user/liquid-cache/benchmark/clickbench/data/hits.parquet:9237485280..10161233808], [home/ec2-user/liquid-cache/benchmark/clickbench/data/hits.parquet:10161233808..11084982336], [home/ec2-user/liquid-cache/benchmark/clickbench/data/hits.parquet:11084982336..12008730864], [home/ec2-user/liquid-cache/benchmark/clickbench/data/hits.parquet:12008730864..12932479392], [home/ec2-user/liquid-cache/benchmark/clickbench/data/hits.parquet:12932479392..13856227920], [home/ec2-user/liquid-cache/benchmark/clickbench/data/hits.parquet:13856227920..14779976446]]}, projection=[EventTime], file_type=liquid_parquet, metrics=[output_rows=671.5 K, elapsed_compute=16ns, output_bytes=5.1 MB, output_batches=92, files_ranges_pruned_statistics=16 total → 16 matched, row_groups_pruned_statistics=226 total → 3 matched, row_groups_pruned_bloom_filter=0 total → 0 matched, page_index_pages_pruned=0 total → 0 matched, page_index_rows_pruned=0 total → 0 matched, limit_pruned_row_groups=0 total → 0 matched, batches_split=0, bytes_scanned=4.78 M, file_open_errors=0, file_scan_errors=0, num_predicate_creation_errors=0, predicate_evaluation_errors=0, pushdown_rows_matched=0, pushdown_rows_pruned=0, predicate_cache_inner_records=0, predicate_cache_records=0, bloom_filter_eval_time=157.59µs, metadata_load_time=2.98ms, page_index_eval_time=4.40µs, row_pushdown_eval_time=32ns, statistics_eval_time=604.70µs, time_elapsed_opening=6.67ms, time_elapsed_processing=18.76ms, time_elapsed_scanning_total=18.46ms, time_elapsed_scanning_until_data=3.01ms, scan_efficiency_ratio=N/A (0/0)]

Cache: entries=688, mem=13MB, disk=0MB
  Hits: cache_hit=0, eval_predicate=540
  Misses: cache_miss=0
  IO: read=0, write=0
  Squeeze: squeezed_success=0, squeezed_needs_io=0
Time: 18ms

+---------------------+-----------+
| m                   | pageviews |
+---------------------+-----------+
| 2013-07-15T12:40:00 | 513       |
| 2013-07-15T12:41:00 | 457       |
| 2013-07-15T12:42:00 | 470       |
| 2013-07-15T12:43:00 | 468       |
| 2013-07-15T12:44:00 | 453       |
| 2013-07-15T12:45:00 | 462       |
| 2013-07-15T12:46:00 | 481       |
| 2013-07-15T12:47:00 | 458       |
| 2013-07-15T12:48:00 | 466       |
| 2013-07-15T12:49:00 | 467       |
+---------------------+-----------+

=== EXPLAIN ANALYZE (Query 42, Iteration 3) ===
GlobalLimitExec: skip=1000, fetch=10, metrics=[output_rows=10, elapsed_compute=9.68µs, output_bytes=15.8 KB, output_batches=1]
  SortPreservingMergeExec: [date_trunc(minute, m@0) ASC NULLS LAST], fetch=1010, metrics=[output_rows=1.01 K, elapsed_compute=61.63µs, output_bytes=15.8 KB, output_batches=1]
    SortExec: TopK(fetch=1010), expr=[date_trunc(minute, m@0) ASC NULLS LAST], preserve_partitioning=[true], metrics=[output_rows=1.44 K, elapsed_compute=639.82µs, output_bytes=22.5 KB, output_batches=16, row_replacements=1.44 K]
      ProjectionExec: expr=[date_trunc(Utf8("minute"),to_timestamp_seconds(hits.EventTime))@0 as m, count(Int64(1))@1 as pageviews], metrics=[output_rows=1.44 K, elapsed_compute=13.64µs, output_bytes=27.2 KB, output_batches=16, expr_0_eval_time=2.59µs, expr_1_eval_time=1.15µs]
        AggregateExec: mode=FinalPartitioned, gby=[date_trunc(Utf8("minute"),to_timestamp_seconds(hits.EventTime))@0 as date_trunc(Utf8("minute"),to_timestamp_seconds(hits.EventTime))], aggr=[count(Int64(1))], metrics=[output_rows=1.44 K, elapsed_compute=242.65µs, output_bytes=27.2 KB, output_batches=16, spill_count=0, spilled_bytes=0.0 B, spilled_rows=0, peak_mem_used=204.3 K, aggregate_arguments_time=9.70µs, aggregation_time=16.42µs, emitting_time=13.50µs, time_calculating_group_ids=115.63µs]
          RepartitionExec: partitioning=Hash([date_trunc(Utf8("minute"),to_timestamp_seconds(hits.EventTime))@0], 16), input_partitions=16, metrics=[output_rows=2.88 K, elapsed_compute=117.72µs, output_bytes=2.0 MB, output_batches=16, spill_count=0, spilled_bytes=0.0 B, spilled_rows=0, fetch_time=25.84ms, repartition_time=49.90µs, send_time=20.04µs]
            AggregateExec: mode=Partial, gby=[date_trunc(minute, to_timestamp_seconds(EventTime@0)) as date_trunc(Utf8("minute"),to_timestamp_seconds(hits.EventTime))], aggr=[count(Int64(1))], metrics=[output_rows=2.88 K, elapsed_compute=5.64ms, output_bytes=68.7 KB, output_batches=2, spill_count=0, spilled_bytes=0.0 B, spilled_rows=0, skipped_aggregation_rows=0, peak_mem_used=259.8 K, aggregate_arguments_time=151.37µs, aggregation_time=338.33µs, emitting_time=14.21µs, time_calculating_group_ids=3.72ms, reduction_factor=0.43% (2.88 K/671.5 K)]
              DataSourceExec: file_groups={16 groups: [[home/ec2-user/liquid-cache/benchmark/clickbench/data/hits.parquet:0..923748528], [home/ec2-user/liquid-cache/benchmark/clickbench/data/hits.parquet:923748528..1847497056], [home/ec2-user/liquid-cache/benchmark/clickbench/data/hits.parquet:1847497056..2771245584], [home/ec2-user/liquid-cache/benchmark/clickbench/data/hits.parquet:2771245584..3694994112], [home/ec2-user/liquid-cache/benchmark/clickbench/data/hits.parquet:3694994112..4618742640], [home/ec2-user/liquid-cache/benchmark/clickbench/data/hits.parquet:4618742640..5542491168], [home/ec2-user/liquid-cache/benchmark/clickbench/data/hits.parquet:5542491168..6466239696], [home/ec2-user/liquid-cache/benchmark/clickbench/data/hits.parquet:6466239696..7389988224], [home/ec2-user/liquid-cache/benchmark/clickbench/data/hits.parquet:7389988224..8313736752], [home/ec2-user/liquid-cache/benchmark/clickbench/data/hits.parquet:8313736752..9237485280], [home/ec2-user/liquid-cache/benchmark/clickbench/data/hits.parquet:9237485280..10161233808], [home/ec2-user/liquid-cache/benchmark/clickbench/data/hits.parquet:10161233808..11084982336], [home/ec2-user/liquid-cache/benchmark/clickbench/data/hits.parquet:11084982336..12008730864], [home/ec2-user/liquid-cache/benchmark/clickbench/data/hits.parquet:12008730864..12932479392], [home/ec2-user/liquid-cache/benchmark/clickbench/data/hits.parquet:12932479392..13856227920], [home/ec2-user/liquid-cache/benchmark/clickbench/data/hits.parquet:13856227920..14779976446]]}, projection=[EventTime], file_type=liquid_parquet, metrics=[output_rows=671.5 K, elapsed_compute=16ns, output_bytes=5.1 MB, output_batches=92, files_ranges_pruned_statistics=16 total → 16 matched, row_groups_pruned_statistics=226 total → 3 matched, row_groups_pruned_bloom_filter=0 total → 0 matched, page_index_pages_pruned=0 total → 0 matched, page_index_rows_pruned=0 total → 0 matched, limit_pruned_row_groups=0 total → 0 matched, batches_split=0, bytes_scanned=4.78 M, file_open_errors=0, file_scan_errors=0, num_predicate_creation_errors=0, predicate_evaluation_errors=0, pushdown_rows_matched=0, pushdown_rows_pruned=0, predicate_cache_inner_records=0, predicate_cache_records=0, bloom_filter_eval_time=164.61µs, metadata_load_time=3.05ms, page_index_eval_time=5.08µs, row_pushdown_eval_time=32ns, statistics_eval_time=660.52µs, time_elapsed_opening=7.12ms, time_elapsed_processing=19.21ms, time_elapsed_scanning_total=18.57ms, time_elapsed_scanning_until_data=2.99ms, scan_efficiency_ratio=N/A (0/0)]

Cache: entries=688, mem=13MB, disk=0MB
  Hits: cache_hit=0, eval_predicate=540
  Misses: cache_miss=0
  IO: read=0, write=0
  Squeeze: squeezed_success=0, squeezed_needs_io=0
Time: 18ms

+---------------------+-----------+
| m                   | pageviews |
+---------------------+-----------+
| 2013-07-15T12:40:00 | 513       |
| 2013-07-15T12:41:00 | 457       |
| 2013-07-15T12:42:00 | 470       |
| 2013-07-15T12:43:00 | 468       |
| 2013-07-15T12:44:00 | 453       |
| 2013-07-15T12:45:00 | 462       |
| 2013-07-15T12:46:00 | 481       |
| 2013-07-15T12:47:00 | 458       |
| 2013-07-15T12:48:00 | 466       |
| 2013-07-15T12:49:00 | 467       |
+---------------------+-----------+

=== EXPLAIN ANALYZE (Query 42, Iteration 4) ===
GlobalLimitExec: skip=1000, fetch=10, metrics=[output_rows=10, elapsed_compute=9.40µs, output_bytes=15.8 KB, output_batches=1]
  SortPreservingMergeExec: [date_trunc(minute, m@0) ASC NULLS LAST], fetch=1010, metrics=[output_rows=1.01 K, elapsed_compute=61.96µs, output_bytes=15.8 KB, output_batches=1]
    SortExec: TopK(fetch=1010), expr=[date_trunc(minute, m@0) ASC NULLS LAST], preserve_partitioning=[true], metrics=[output_rows=1.44 K, elapsed_compute=382.59µs, output_bytes=22.5 KB, output_batches=16, row_replacements=1.44 K]
      ProjectionExec: expr=[date_trunc(Utf8("minute"),to_timestamp_seconds(hits.EventTime))@0 as m, count(Int64(1))@1 as pageviews], metrics=[output_rows=1.44 K, elapsed_compute=11.76µs, output_bytes=27.2 KB, output_batches=16, expr_0_eval_time=2.38µs, expr_1_eval_time=1.21µs]
        AggregateExec: mode=FinalPartitioned, gby=[date_trunc(Utf8("minute"),to_timestamp_seconds(hits.EventTime))@0 as date_trunc(Utf8("minute"),to_timestamp_seconds(hits.EventTime))], aggr=[count(Int64(1))], metrics=[output_rows=1.44 K, elapsed_compute=177.22µs, output_bytes=27.2 KB, output_batches=16, spill_count=0, spilled_bytes=0.0 B, spilled_rows=0, peak_mem_used=204.3 K, aggregate_arguments_time=6.40µs, aggregation_time=12.94µs, emitting_time=12.65µs, time_calculating_group_ids=73.33µs]
          RepartitionExec: partitioning=Hash([date_trunc(Utf8("minute"),to_timestamp_seconds(hits.EventTime))@0], 16), input_partitions=16, metrics=[output_rows=2.88 K, elapsed_compute=103.76µs, output_bytes=2.0 MB, output_batches=16, spill_count=0, spilled_bytes=0.0 B, spilled_rows=0, fetch_time=26.20ms, repartition_time=47.83µs, send_time=19.29µs]
            AggregateExec: mode=Partial, gby=[date_trunc(minute, to_timestamp_seconds(EventTime@0)) as date_trunc(Utf8("minute"),to_timestamp_seconds(hits.EventTime))], aggr=[count(Int64(1))], metrics=[output_rows=2.88 K, elapsed_compute=5.64ms, output_bytes=68.7 KB, output_batches=2, spill_count=0, spilled_bytes=0.0 B, spilled_rows=0, skipped_aggregation_rows=0, peak_mem_used=259.8 K, aggregate_arguments_time=146.41µs, aggregation_time=357.23µs, emitting_time=2.92µs, time_calculating_group_ids=3.71ms, reduction_factor=0.43% (2.88 K/671.5 K)]
              DataSourceExec: file_groups={16 groups: [[home/ec2-user/liquid-cache/benchmark/clickbench/data/hits.parquet:0..923748528], [home/ec2-user/liquid-cache/benchmark/clickbench/data/hits.parquet:923748528..1847497056], [home/ec2-user/liquid-cache/benchmark/clickbench/data/hits.parquet:1847497056..2771245584], [home/ec2-user/liquid-cache/benchmark/clickbench/data/hits.parquet:2771245584..3694994112], [home/ec2-user/liquid-cache/benchmark/clickbench/data/hits.parquet:3694994112..4618742640], [home/ec2-user/liquid-cache/benchmark/clickbench/data/hits.parquet:4618742640..5542491168], [home/ec2-user/liquid-cache/benchmark/clickbench/data/hits.parquet:5542491168..6466239696], [home/ec2-user/liquid-cache/benchmark/clickbench/data/hits.parquet:6466239696..7389988224], [home/ec2-user/liquid-cache/benchmark/clickbench/data/hits.parquet:7389988224..8313736752], [home/ec2-user/liquid-cache/benchmark/clickbench/data/hits.parquet:8313736752..9237485280], [home/ec2-user/liquid-cache/benchmark/clickbench/data/hits.parquet:9237485280..10161233808], [home/ec2-user/liquid-cache/benchmark/clickbench/data/hits.parquet:10161233808..11084982336], [home/ec2-user/liquid-cache/benchmark/clickbench/data/hits.parquet:11084982336..12008730864], [home/ec2-user/liquid-cache/benchmark/clickbench/data/hits.parquet:12008730864..12932479392], [home/ec2-user/liquid-cache/benchmark/clickbench/data/hits.parquet:12932479392..13856227920], [home/ec2-user/liquid-cache/benchmark/clickbench/data/hits.parquet:13856227920..14779976446]]}, projection=[EventTime], file_type=liquid_parquet, metrics=[output_rows=671.5 K, elapsed_compute=16ns, output_bytes=5.1 MB, output_batches=92, files_ranges_pruned_statistics=16 total → 16 matched, row_groups_pruned_statistics=226 total → 3 matched, row_groups_pruned_bloom_filter=0 total → 0 matched, page_index_pages_pruned=0 total → 0 matched, page_index_rows_pruned=0 total → 0 matched, limit_pruned_row_groups=0 total → 0 matched, batches_split=0, bytes_scanned=4.78 M, file_open_errors=0, file_scan_errors=0, num_predicate_creation_errors=0, predicate_evaluation_errors=0, pushdown_rows_matched=0, pushdown_rows_pruned=0, predicate_cache_inner_records=0, predicate_cache_records=0, bloom_filter_eval_time=186.10µs, metadata_load_time=3.10ms, page_index_eval_time=4.46µs, row_pushdown_eval_time=32ns, statistics_eval_time=680.11µs, time_elapsed_opening=7.31ms, time_elapsed_processing=19.59ms, time_elapsed_scanning_total=18.74ms, time_elapsed_scanning_until_data=3.04ms, scan_efficiency_ratio=N/A (0/0)]

Cache: entries=688, mem=13MB, disk=0MB
  Hits: cache_hit=0, eval_predicate=540
  Misses: cache_miss=0
  IO: read=0, write=0
  Squeeze: squeezed_success=0, squeezed_needs_io=0
Time: 18ms

+---------------------+-----------+
| m                   | pageviews |
+---------------------+-----------+
| 2013-07-15T12:40:00 | 513       |
| 2013-07-15T12:41:00 | 457       |
| 2013-07-15T12:42:00 | 470       |
| 2013-07-15T12:43:00 | 468       |
| 2013-07-15T12:44:00 | 453       |
| 2013-07-15T12:45:00 | 462       |
| 2013-07-15T12:46:00 | 481       |
| 2013-07-15T12:47:00 | 458       |
| 2013-07-15T12:48:00 | 466       |
| 2013-07-15T12:49:00 | 467       |
+---------------------+-----------+
