
=== EXPLAIN ANALYZE (Query 21, Iteration 0) ===
SortPreservingMergeExec: [c@2 DESC], fetch=10, metrics=[output_rows=10, elapsed_compute=7.39µs, output_bytes=1367.0 B, output_batches=1]
  SortExec: TopK(fetch=10), expr=[c@2 DESC], preserve_partitioning=[true], filter=[c@2 IS NULL OR c@2 > 2], metrics=[output_rows=80, elapsed_compute=452.64µs, output_bytes=13.8 KB, output_batches=15, row_replacements=99]
    ProjectionExec: expr=[SearchPhrase@0 as SearchPhrase, min(hits.URL)@1 as min(hits.URL), count(Int64(1))@2 as c], metrics=[output_rows=677, elapsed_compute=23.54µs, output_bytes=211.3 KB, output_batches=16, expr_0_eval_time=3.10µs, expr_1_eval_time=1.14µs, expr_2_eval_time=1.57µs]
      AggregateExec: mode=FinalPartitioned, gby=[SearchPhrase@0 as SearchPhrase], aggr=[min(hits.URL), count(Int64(1))], metrics=[output_rows=677, elapsed_compute=1.13ms, output_bytes=211.3 KB, output_batches=16, spill_count=0, spilled_bytes=0.0 B, spilled_rows=0, peak_mem_used=487.6 K, aggregate_arguments_time=17.84µs, aggregation_time=319.56µs, emitting_time=76.68µs, time_calculating_group_ids=112.84µs]
        RepartitionExec: partitioning=Hash([SearchPhrase@0], 16), input_partitions=16, metrics=[output_rows=729, elapsed_compute=912.44µs, output_bytes=1157.2 KB, output_batches=16, spill_count=0, spilled_bytes=0.0 B, spilled_rows=0, fetch_time=384.62s, repartition_time=500.76µs, send_time=277.41µs]
          AggregateExec: mode=Partial, gby=[SearchPhrase@1 as SearchPhrase], aggr=[min(hits.URL), count(Int64(1))], metrics=[output_rows=729, elapsed_compute=16.34ms, output_bytes=228.1 KB, output_batches=16, spill_count=0, spilled_bytes=0.0 B, spilled_rows=0, skipped_aggregation_rows=0, peak_mem_used=255.3 K, aggregate_arguments_time=2.14ms, aggregation_time=10.42ms, emitting_time=187.71µs, time_calculating_group_ids=3.24ms, reduction_factor=70% (729/1.04 K)]
            DataSourceExec: file_groups={16 groups: [[home/ec2-user/liquid-cache/benchmark/clickbench/data/hits.parquet:0..923748528], [home/ec2-user/liquid-cache/benchmark/clickbench/data/hits.parquet:923748528..1847497056], [home/ec2-user/liquid-cache/benchmark/clickbench/data/hits.parquet:1847497056..2771245584], [home/ec2-user/liquid-cache/benchmark/clickbench/data/hits.parquet:2771245584..3694994112], [home/ec2-user/liquid-cache/benchmark/clickbench/data/hits.parquet:3694994112..4618742640], [home/ec2-user/liquid-cache/benchmark/clickbench/data/hits.parquet:4618742640..5542491168], [home/ec2-user/liquid-cache/benchmark/clickbench/data/hits.parquet:5542491168..6466239696], [home/ec2-user/liquid-cache/benchmark/clickbench/data/hits.parquet:6466239696..7389988224], [home/ec2-user/liquid-cache/benchmark/clickbench/data/hits.parquet:7389988224..8313736752], [home/ec2-user/liquid-cache/benchmark/clickbench/data/hits.parquet:8313736752..9237485280], [home/ec2-user/liquid-cache/benchmark/clickbench/data/hits.parquet:9237485280..10161233808], [home/ec2-user/liquid-cache/benchmark/clickbench/data/hits.parquet:10161233808..11084982336], [home/ec2-user/liquid-cache/benchmark/clickbench/data/hits.parquet:11084982336..12008730864], [home/ec2-user/liquid-cache/benchmark/clickbench/data/hits.parquet:12008730864..12932479392], [home/ec2-user/liquid-cache/benchmark/clickbench/data/hits.parquet:12932479392..13856227920], [home/ec2-user/liquid-cache/benchmark/clickbench/data/hits.parquet:13856227920..14779976446]]}, projection=[URL, SearchPhrase], file_type=liquid_parquet, metrics=[output_rows=1.04 K, elapsed_compute=16ns, output_bytes=178.4 KB, output_batches=577, files_ranges_pruned_statistics=16 total → 16 matched, row_groups_pruned_statistics=226 total → 226 matched, row_groups_pruned_bloom_filter=0 total → 0 matched, page_index_pages_pruned=0 total → 0 matched, page_index_rows_pruned=0 total → 0 matched, limit_pruned_row_groups=0 total → 0 matched, batches_split=0, bytes_scanned=3.03 B, file_open_errors=0, file_scan_errors=0, num_predicate_creation_errors=0, predicate_evaluation_errors=0, pushdown_rows_matched=1.04 K, pushdown_rows_pruned=13.17 M, predicate_cache_inner_records=0, predicate_cache_records=0, bloom_filter_eval_time=2.38ms, metadata_load_time=158.68ms, page_index_eval_time=3.10µs, row_pushdown_eval_time=326.63ms, statistics_eval_time=471.57µs, time_elapsed_opening=181.37ms, time_elapsed_processing=54.95s, time_elapsed_scanning_total=384.44s, time_elapsed_scanning_until_data=5.31s, scan_efficiency_ratio=N/A (0/0)]

Cache: entries=24436, mem=2047MB, disk=2455MB
  Hits: cache_hit=13296, eval_predicate=24436
  Misses: cache_miss=12218
  IO: read=0, write=17368
  Squeeze: squeezed_success=0, squeezed_needs_io=0
Time: 40999ms

+-------------------------------------------------------------------+---------------------------------------------------------------------------------------------------------------------------+----+
| SearchPhrase                                                      | min(hits.URL)                                                                                                             | c  |
+-------------------------------------------------------------------+---------------------------------------------------------------------------------------------------------------------------+----+
| прокур горбуши                                                    | http://smeshariki.ru/googleTBR%26ad                                                                                       | 60 |
| римском качественны for cry                                       | http:%2F%2Fwwww.googlead&aktional                                                                                         | 24 |
| стоит похуден                                                     | http://smeshariki.ru/index.ua/doc/22229/googlead%26aktion=2&input_bdsmpeople.ru/real-estate=0&state=2013070519381         | 23 |
| испанч боб новости дейская                                        | http://smeshariki.ru/recipes/show/6840872&trafkey=6d0fc12c54059/loukhaAUXI&where=all&filter/Mitsubishi/google             | 21 |
| прокур готовки видеоэндоменя                                      | http://smeshariki.ru/googleTBR%26ad                                                                                       | 14 |
| прокур гипоаллеры                                                 | http://smeshariki.ru/googleTBR%26ad                                                                                       | 11 |
| камедицинск автомобильних условодки на в крем                     | http://video.yandex.php?com=google.ru/arts/searchAutoSearch                                                               | 9  |
| универ 11.6/1366x768/4096mb ddressary of thing                    | http://smeshariki.ru/index.ua/syllanet.ru/business/hotels.turizm.ru/igooglead%26ar_sliceid%3D1216629/0/&&puid2=15&lo=http | 8  |
| купить трудовані резюме мертный дина кабинский лежит заднее устан | http://video.yandex.php?com=google.ru/arts/searchAutoSearch                                                               | 7  |
| вспомню о названы монстэр                                         | http://tienskaia-moda-zhienskaia-obl.irr.ru/ch/google-c-38208                                                             | 7  |
+-------------------------------------------------------------------+---------------------------------------------------------------------------------------------------------------------------+----+

=== EXPLAIN ANALYZE (Query 21, Iteration 1) ===
SortPreservingMergeExec: [c@2 DESC], fetch=10, metrics=[output_rows=10, elapsed_compute=7.53µs, output_bytes=1367.0 B, output_batches=1]
  SortExec: TopK(fetch=10), expr=[c@2 DESC], preserve_partitioning=[true], filter=[c@2 IS NULL OR c@2 > 2], metrics=[output_rows=71, elapsed_compute=283.29µs, output_bytes=11.5 KB, output_batches=15, row_replacements=88]
    ProjectionExec: expr=[SearchPhrase@0 as SearchPhrase, min(hits.URL)@1 as min(hits.URL), count(Int64(1))@2 as c], metrics=[output_rows=677, elapsed_compute=21.63µs, output_bytes=211.3 KB, output_batches=16, expr_0_eval_time=2.81µs, expr_1_eval_time=1.26µs, expr_2_eval_time=1.24µs]
      AggregateExec: mode=FinalPartitioned, gby=[SearchPhrase@0 as SearchPhrase], aggr=[min(hits.URL), count(Int64(1))], metrics=[output_rows=677, elapsed_compute=494.67µs, output_bytes=211.3 KB, output_batches=16, spill_count=0, spilled_bytes=0.0 B, spilled_rows=0, peak_mem_used=487.6 K, aggregate_arguments_time=17.92µs, aggregation_time=346.23µs, emitting_time=68.23µs, time_calculating_group_ids=106.73µs]
        RepartitionExec: partitioning=Hash([SearchPhrase@0], 16), input_partitions=16, metrics=[output_rows=729, elapsed_compute=737.90µs, output_bytes=1157.2 KB, output_batches=16, spill_count=0, spilled_bytes=0.0 B, spilled_rows=0, fetch_time=222.57s, repartition_time=261.24µs, send_time=247.83µs]
          AggregateExec: mode=Partial, gby=[SearchPhrase@1 as SearchPhrase], aggr=[min(hits.URL), count(Int64(1))], metrics=[output_rows=729, elapsed_compute=4.11ms, output_bytes=228.1 KB, output_batches=16, spill_count=0, spilled_bytes=0.0 B, spilled_rows=0, skipped_aggregation_rows=0, peak_mem_used=255.3 K, aggregate_arguments_time=696.84µs, aggregation_time=2.25ms, emitting_time=120.79µs, time_calculating_group_ids=743.27µs, reduction_factor=70% (729/1.04 K)]
            DataSourceExec: file_groups={16 groups: [[home/ec2-user/liquid-cache/benchmark/clickbench/data/hits.parquet:0..923748528], [home/ec2-user/liquid-cache/benchmark/clickbench/data/hits.parquet:923748528..1847497056], [home/ec2-user/liquid-cache/benchmark/clickbench/data/hits.parquet:1847497056..2771245584], [home/ec2-user/liquid-cache/benchmark/clickbench/data/hits.parquet:2771245584..3694994112], [home/ec2-user/liquid-cache/benchmark/clickbench/data/hits.parquet:3694994112..4618742640], [home/ec2-user/liquid-cache/benchmark/clickbench/data/hits.parquet:4618742640..5542491168], [home/ec2-user/liquid-cache/benchmark/clickbench/data/hits.parquet:5542491168..6466239696], [home/ec2-user/liquid-cache/benchmark/clickbench/data/hits.parquet:6466239696..7389988224], [home/ec2-user/liquid-cache/benchmark/clickbench/data/hits.parquet:7389988224..8313736752], [home/ec2-user/liquid-cache/benchmark/clickbench/data/hits.parquet:8313736752..9237485280], [home/ec2-user/liquid-cache/benchmark/clickbench/data/hits.parquet:9237485280..10161233808], [home/ec2-user/liquid-cache/benchmark/clickbench/data/hits.parquet:10161233808..11084982336], [home/ec2-user/liquid-cache/benchmark/clickbench/data/hits.parquet:11084982336..12008730864], [home/ec2-user/liquid-cache/benchmark/clickbench/data/hits.parquet:12008730864..12932479392], [home/ec2-user/liquid-cache/benchmark/clickbench/data/hits.parquet:12932479392..13856227920], [home/ec2-user/liquid-cache/benchmark/clickbench/data/hits.parquet:13856227920..14779976446]]}, projection=[URL, SearchPhrase], file_type=liquid_parquet, metrics=[output_rows=1.04 K, elapsed_compute=16ns, output_bytes=178.4 KB, output_batches=577, files_ranges_pruned_statistics=16 total → 16 matched, row_groups_pruned_statistics=226 total → 226 matched, row_groups_pruned_bloom_filter=0 total → 0 matched, page_index_pages_pruned=0 total → 0 matched, page_index_rows_pruned=0 total → 0 matched, limit_pruned_row_groups=0 total → 0 matched, batches_split=0, bytes_scanned=0, file_open_errors=0, file_scan_errors=0, num_predicate_creation_errors=0, predicate_evaluation_errors=0, pushdown_rows_matched=1.04 K, pushdown_rows_pruned=13.17 M, predicate_cache_inner_records=0, predicate_cache_records=0, bloom_filter_eval_time=2.64ms, metadata_load_time=2.44ms, page_index_eval_time=3.55µs, row_pushdown_eval_time=232.24ms, statistics_eval_time=790.18µs, time_elapsed_opening=8.47ms, time_elapsed_processing=1.98s, time_elapsed_scanning_total=222.56s, time_elapsed_scanning_until_data=46.15s, scan_efficiency_ratio=N/A (0/0)]

Cache: entries=24436, mem=2047MB, disk=2455MB
  Hits: cache_hit=13296, eval_predicate=12218
  Misses: cache_miss=0
  IO: read=9411, write=0
  Squeeze: squeezed_success=0, squeezed_needs_io=9411
Time: 17351ms

+-------------------------------------------------------------------+---------------------------------------------------------------------------------------------------------------------------+----+
| SearchPhrase                                                      | min(hits.URL)                                                                                                             | c  |
+-------------------------------------------------------------------+---------------------------------------------------------------------------------------------------------------------------+----+
| прокур горбуши                                                    | http://smeshariki.ru/googleTBR%26ad                                                                                       | 60 |
| римском качественны for cry                                       | http:%2F%2Fwwww.googlead&aktional                                                                                         | 24 |
| стоит похуден                                                     | http://smeshariki.ru/index.ua/doc/22229/googlead%26aktion=2&input_bdsmpeople.ru/real-estate=0&state=2013070519381         | 23 |
| испанч боб новости дейская                                        | http://smeshariki.ru/recipes/show/6840872&trafkey=6d0fc12c54059/loukhaAUXI&where=all&filter/Mitsubishi/google             | 21 |
| прокур готовки видеоэндоменя                                      | http://smeshariki.ru/googleTBR%26ad                                                                                       | 14 |
| прокур гипоаллеры                                                 | http://smeshariki.ru/googleTBR%26ad                                                                                       | 11 |
| камедицинск автомобильних условодки на в крем                     | http://video.yandex.php?com=google.ru/arts/searchAutoSearch                                                               | 9  |
| универ 11.6/1366x768/4096mb ddressary of thing                    | http://smeshariki.ru/index.ua/syllanet.ru/business/hotels.turizm.ru/igooglead%26ar_sliceid%3D1216629/0/&&puid2=15&lo=http | 8  |
| купить трудовані резюме мертный дина кабинский лежит заднее устан | http://video.yandex.php?com=google.ru/arts/searchAutoSearch                                                               | 7  |
| вспомню о названы монстэр                                         | http://tienskaia-moda-zhienskaia-obl.irr.ru/ch/google-c-38208                                                             | 7  |
+-------------------------------------------------------------------+---------------------------------------------------------------------------------------------------------------------------+----+

=== EXPLAIN ANALYZE (Query 21, Iteration 2) ===
SortPreservingMergeExec: [c@2 DESC], fetch=10, metrics=[output_rows=10, elapsed_compute=7.71µs, output_bytes=1367.0 B, output_batches=1]
  SortExec: TopK(fetch=10), expr=[c@2 DESC], preserve_partitioning=[true], filter=[c@2 IS NULL OR c@2 > 2], metrics=[output_rows=72, elapsed_compute=328.20µs, output_bytes=11.8 KB, output_batches=16, row_replacements=89]
    ProjectionExec: expr=[SearchPhrase@0 as SearchPhrase, min(hits.URL)@1 as min(hits.URL), count(Int64(1))@2 as c], metrics=[output_rows=677, elapsed_compute=20.23µs, output_bytes=211.3 KB, output_batches=16, expr_0_eval_time=2.85µs, expr_1_eval_time=1.46µs, expr_2_eval_time=1.28µs]
      AggregateExec: mode=FinalPartitioned, gby=[SearchPhrase@0 as SearchPhrase], aggr=[min(hits.URL), count(Int64(1))], metrics=[output_rows=677, elapsed_compute=425.72µs, output_bytes=211.3 KB, output_batches=16, spill_count=0, spilled_bytes=0.0 B, spilled_rows=0, peak_mem_used=487.6 K, aggregate_arguments_time=18.30µs, aggregation_time=252.07µs, emitting_time=67.89µs, time_calculating_group_ids=107.99µs]
        RepartitionExec: partitioning=Hash([SearchPhrase@0], 16), input_partitions=16, metrics=[output_rows=729, elapsed_compute=710.85µs, output_bytes=1157.2 KB, output_batches=16, spill_count=0, spilled_bytes=0.0 B, spilled_rows=0, fetch_time=238.34s, repartition_time=308.50µs, send_time=236.75µs]
          AggregateExec: mode=Partial, gby=[SearchPhrase@1 as SearchPhrase], aggr=[min(hits.URL), count(Int64(1))], metrics=[output_rows=729, elapsed_compute=4.09ms, output_bytes=228.1 KB, output_batches=16, spill_count=0, spilled_bytes=0.0 B, spilled_rows=0, skipped_aggregation_rows=0, peak_mem_used=255.3 K, aggregate_arguments_time=681.47µs, aggregation_time=2.31ms, emitting_time=123.23µs, time_calculating_group_ids=742.77µs, reduction_factor=70% (729/1.04 K)]
            DataSourceExec: file_groups={16 groups: [[home/ec2-user/liquid-cache/benchmark/clickbench/data/hits.parquet:0..923748528], [home/ec2-user/liquid-cache/benchmark/clickbench/data/hits.parquet:923748528..1847497056], [home/ec2-user/liquid-cache/benchmark/clickbench/data/hits.parquet:1847497056..2771245584], [home/ec2-user/liquid-cache/benchmark/clickbench/data/hits.parquet:2771245584..3694994112], [home/ec2-user/liquid-cache/benchmark/clickbench/data/hits.parquet:3694994112..4618742640], [home/ec2-user/liquid-cache/benchmark/clickbench/data/hits.parquet:4618742640..5542491168], [home/ec2-user/liquid-cache/benchmark/clickbench/data/hits.parquet:5542491168..6466239696], [home/ec2-user/liquid-cache/benchmark/clickbench/data/hits.parquet:6466239696..7389988224], [home/ec2-user/liquid-cache/benchmark/clickbench/data/hits.parquet:7389988224..8313736752], [home/ec2-user/liquid-cache/benchmark/clickbench/data/hits.parquet:8313736752..9237485280], [home/ec2-user/liquid-cache/benchmark/clickbench/data/hits.parquet:9237485280..10161233808], [home/ec2-user/liquid-cache/benchmark/clickbench/data/hits.parquet:10161233808..11084982336], [home/ec2-user/liquid-cache/benchmark/clickbench/data/hits.parquet:11084982336..12008730864], [home/ec2-user/liquid-cache/benchmark/clickbench/data/hits.parquet:12008730864..12932479392], [home/ec2-user/liquid-cache/benchmark/clickbench/data/hits.parquet:12932479392..13856227920], [home/ec2-user/liquid-cache/benchmark/clickbench/data/hits.parquet:13856227920..14779976446]]}, projection=[URL, SearchPhrase], file_type=liquid_parquet, metrics=[output_rows=1.04 K, elapsed_compute=16ns, output_bytes=178.4 KB, output_batches=577, files_ranges_pruned_statistics=16 total → 16 matched, row_groups_pruned_statistics=226 total → 226 matched, row_groups_pruned_bloom_filter=0 total → 0 matched, page_index_pages_pruned=0 total → 0 matched, page_index_rows_pruned=0 total → 0 matched, limit_pruned_row_groups=0 total → 0 matched, batches_split=0, bytes_scanned=0, file_open_errors=0, file_scan_errors=0, num_predicate_creation_errors=0, predicate_evaluation_errors=0, pushdown_rows_matched=1.04 K, pushdown_rows_pruned=13.17 M, predicate_cache_inner_records=0, predicate_cache_records=0, bloom_filter_eval_time=2.75ms, metadata_load_time=2.41ms, page_index_eval_time=3.12µs, row_pushdown_eval_time=228.12ms, statistics_eval_time=555.64µs, time_elapsed_opening=8.04ms, time_elapsed_processing=1.97s, time_elapsed_scanning_total=238.33s, time_elapsed_scanning_until_data=58.98s, scan_efficiency_ratio=N/A (0/0)]

Cache: entries=24436, mem=2047MB, disk=2455MB
  Hits: cache_hit=13296, eval_predicate=12218
  Misses: cache_miss=0
  IO: read=9411, write=0
  Squeeze: squeezed_success=0, squeezed_needs_io=9411
Time: 18321ms

+-------------------------------------------------------------------+---------------------------------------------------------------------------------------------------------------------------+----+
| SearchPhrase                                                      | min(hits.URL)                                                                                                             | c  |
+-------------------------------------------------------------------+---------------------------------------------------------------------------------------------------------------------------+----+
| прокур горбуши                                                    | http://smeshariki.ru/googleTBR%26ad                                                                                       | 60 |
| римском качественны for cry                                       | http:%2F%2Fwwww.googlead&aktional                                                                                         | 24 |
| стоит похуден                                                     | http://smeshariki.ru/index.ua/doc/22229/googlead%26aktion=2&input_bdsmpeople.ru/real-estate=0&state=2013070519381         | 23 |
| испанч боб новости дейская                                        | http://smeshariki.ru/recipes/show/6840872&trafkey=6d0fc12c54059/loukhaAUXI&where=all&filter/Mitsubishi/google             | 21 |
| прокур готовки видеоэндоменя                                      | http://smeshariki.ru/googleTBR%26ad                                                                                       | 14 |
| прокур гипоаллеры                                                 | http://smeshariki.ru/googleTBR%26ad                                                                                       | 11 |
| камедицинск автомобильних условодки на в крем                     | http://video.yandex.php?com=google.ru/arts/searchAutoSearch                                                               | 9  |
| универ 11.6/1366x768/4096mb ddressary of thing                    | http://smeshariki.ru/index.ua/syllanet.ru/business/hotels.turizm.ru/igooglead%26ar_sliceid%3D1216629/0/&&puid2=15&lo=http | 8  |
| купить трудовані резюме мертный дина кабинский лежит заднее устан | http://video.yandex.php?com=google.ru/arts/searchAutoSearch                                                               | 7  |
| вспомню о названы монстэр                                         | http://tienskaia-moda-zhienskaia-obl.irr.ru/ch/google-c-38208                                                             | 7  |
+-------------------------------------------------------------------+---------------------------------------------------------------------------------------------------------------------------+----+

=== EXPLAIN ANALYZE (Query 21, Iteration 3) ===
SortPreservingMergeExec: [c@2 DESC], fetch=10, metrics=[output_rows=10, elapsed_compute=8.49µs, output_bytes=1367.0 B, output_batches=1]
  SortExec: TopK(fetch=10), expr=[c@2 DESC], preserve_partitioning=[true], filter=[c@2 IS NULL OR c@2 > 2], metrics=[output_rows=69, elapsed_compute=353.14µs, output_bytes=11.4 KB, output_batches=15, row_replacements=88]
    ProjectionExec: expr=[SearchPhrase@0 as SearchPhrase, min(hits.URL)@1 as min(hits.URL), count(Int64(1))@2 as c], metrics=[output_rows=677, elapsed_compute=24.45µs, output_bytes=211.3 KB, output_batches=16, expr_0_eval_time=3.23µs, expr_1_eval_time=1.74µs, expr_2_eval_time=1.39µs]
      AggregateExec: mode=FinalPartitioned, gby=[SearchPhrase@0 as SearchPhrase], aggr=[min(hits.URL), count(Int64(1))], metrics=[output_rows=677, elapsed_compute=478.45µs, output_bytes=211.3 KB, output_batches=16, spill_count=0, spilled_bytes=0.0 B, spilled_rows=0, peak_mem_used=487.6 K, aggregate_arguments_time=19.41µs, aggregation_time=273.76µs, emitting_time=76.27µs, time_calculating_group_ids=108.08µs]
        RepartitionExec: partitioning=Hash([SearchPhrase@0], 16), input_partitions=16, metrics=[output_rows=729, elapsed_compute=728.52µs, output_bytes=1157.2 KB, output_batches=16, spill_count=0, spilled_bytes=0.0 B, spilled_rows=0, fetch_time=238.31s, repartition_time=287.64µs, send_time=253.41µs]
          AggregateExec: mode=Partial, gby=[SearchPhrase@1 as SearchPhrase], aggr=[min(hits.URL), count(Int64(1))], metrics=[output_rows=729, elapsed_compute=3.95ms, output_bytes=228.1 KB, output_batches=16, spill_count=0, spilled_bytes=0.0 B, spilled_rows=0, skipped_aggregation_rows=0, peak_mem_used=255.3 K, aggregate_arguments_time=651.28µs, aggregation_time=2.24ms, emitting_time=118.83µs, time_calculating_group_ids=697.74µs, reduction_factor=70% (729/1.04 K)]
            DataSourceExec: file_groups={16 groups: [[home/ec2-user/liquid-cache/benchmark/clickbench/data/hits.parquet:0..923748528], [home/ec2-user/liquid-cache/benchmark/clickbench/data/hits.parquet:923748528..1847497056], [home/ec2-user/liquid-cache/benchmark/clickbench/data/hits.parquet:1847497056..2771245584], [home/ec2-user/liquid-cache/benchmark/clickbench/data/hits.parquet:2771245584..3694994112], [home/ec2-user/liquid-cache/benchmark/clickbench/data/hits.parquet:3694994112..4618742640], [home/ec2-user/liquid-cache/benchmark/clickbench/data/hits.parquet:4618742640..5542491168], [home/ec2-user/liquid-cache/benchmark/clickbench/data/hits.parquet:5542491168..6466239696], [home/ec2-user/liquid-cache/benchmark/clickbench/data/hits.parquet:6466239696..7389988224], [home/ec2-user/liquid-cache/benchmark/clickbench/data/hits.parquet:7389988224..8313736752], [home/ec2-user/liquid-cache/benchmark/clickbench/data/hits.parquet:8313736752..9237485280], [home/ec2-user/liquid-cache/benchmark/clickbench/data/hits.parquet:9237485280..10161233808], [home/ec2-user/liquid-cache/benchmark/clickbench/data/hits.parquet:10161233808..11084982336], [home/ec2-user/liquid-cache/benchmark/clickbench/data/hits.parquet:11084982336..12008730864], [home/ec2-user/liquid-cache/benchmark/clickbench/data/hits.parquet:12008730864..12932479392], [home/ec2-user/liquid-cache/benchmark/clickbench/data/hits.parquet:12932479392..13856227920], [home/ec2-user/liquid-cache/benchmark/clickbench/data/hits.parquet:13856227920..14779976446]]}, projection=[URL, SearchPhrase], file_type=liquid_parquet, metrics=[output_rows=1.04 K, elapsed_compute=16ns, output_bytes=178.4 KB, output_batches=577, files_ranges_pruned_statistics=16 total → 16 matched, row_groups_pruned_statistics=226 total → 226 matched, row_groups_pruned_bloom_filter=0 total → 0 matched, page_index_pages_pruned=0 total → 0 matched, page_index_rows_pruned=0 total → 0 matched, limit_pruned_row_groups=0 total → 0 matched, batches_split=0, bytes_scanned=0, file_open_errors=0, file_scan_errors=0, num_predicate_creation_errors=0, predicate_evaluation_errors=0, pushdown_rows_matched=1.04 K, pushdown_rows_pruned=13.17 M, predicate_cache_inner_records=0, predicate_cache_records=0, bloom_filter_eval_time=2.99ms, metadata_load_time=2.37ms, page_index_eval_time=3.73µs, row_pushdown_eval_time=225.35ms, statistics_eval_time=538.93µs, time_elapsed_opening=8.20ms, time_elapsed_processing=1.94s, time_elapsed_scanning_total=238.30s, time_elapsed_scanning_until_data=59.08s, scan_efficiency_ratio=N/A (0/0)]

Cache: entries=24436, mem=2047MB, disk=2455MB
  Hits: cache_hit=13296, eval_predicate=12218
  Misses: cache_miss=0
  IO: read=9411, write=0
  Squeeze: squeezed_success=0, squeezed_needs_io=9411
Time: 18319ms

+-------------------------------------------------------------------+---------------------------------------------------------------------------------------------------------------------------+----+
| SearchPhrase                                                      | min(hits.URL)                                                                                                             | c  |
+-------------------------------------------------------------------+---------------------------------------------------------------------------------------------------------------------------+----+
| прокур горбуши                                                    | http://smeshariki.ru/googleTBR%26ad                                                                                       | 60 |
| римском качественны for cry                                       | http:%2F%2Fwwww.googlead&aktional                                                                                         | 24 |
| стоит похуден                                                     | http://smeshariki.ru/index.ua/doc/22229/googlead%26aktion=2&input_bdsmpeople.ru/real-estate=0&state=2013070519381         | 23 |
| испанч боб новости дейская                                        | http://smeshariki.ru/recipes/show/6840872&trafkey=6d0fc12c54059/loukhaAUXI&where=all&filter/Mitsubishi/google             | 21 |
| прокур готовки видеоэндоменя                                      | http://smeshariki.ru/googleTBR%26ad                                                                                       | 14 |
| прокур гипоаллеры                                                 | http://smeshariki.ru/googleTBR%26ad                                                                                       | 11 |
| камедицинск автомобильних условодки на в крем                     | http://video.yandex.php?com=google.ru/arts/searchAutoSearch                                                               | 9  |
| универ 11.6/1366x768/4096mb ddressary of thing                    | http://smeshariki.ru/index.ua/syllanet.ru/business/hotels.turizm.ru/igooglead%26ar_sliceid%3D1216629/0/&&puid2=15&lo=http | 8  |
| купить трудовані резюме мертный дина кабинский лежит заднее устан | http://video.yandex.php?com=google.ru/arts/searchAutoSearch                                                               | 7  |
| вспомню о названы монстэр                                         | http://tienskaia-moda-zhienskaia-obl.irr.ru/ch/google-c-38208                                                             | 7  |
+-------------------------------------------------------------------+---------------------------------------------------------------------------------------------------------------------------+----+

=== EXPLAIN ANALYZE (Query 21, Iteration 4) ===
SortPreservingMergeExec: [c@2 DESC], fetch=10, metrics=[output_rows=10, elapsed_compute=8.27µs, output_bytes=1367.0 B, output_batches=1]
  SortExec: TopK(fetch=10), expr=[c@2 DESC], preserve_partitioning=[true], filter=[c@2 IS NULL OR c@2 > 2], metrics=[output_rows=70, elapsed_compute=348.06µs, output_bytes=11.6 KB, output_batches=15, row_replacements=88]
    ProjectionExec: expr=[SearchPhrase@0 as SearchPhrase, min(hits.URL)@1 as min(hits.URL), count(Int64(1))@2 as c], metrics=[output_rows=677, elapsed_compute=23.12µs, output_bytes=211.3 KB, output_batches=16, expr_0_eval_time=2.96µs, expr_1_eval_time=1.41µs, expr_2_eval_time=1.36µs]
      AggregateExec: mode=FinalPartitioned, gby=[SearchPhrase@0 as SearchPhrase], aggr=[min(hits.URL), count(Int64(1))], metrics=[output_rows=677, elapsed_compute=440.88µs, output_bytes=211.3 KB, output_batches=16, spill_count=0, spilled_bytes=0.0 B, spilled_rows=0, peak_mem_used=487.6 K, aggregate_arguments_time=18.54µs, aggregation_time=235.10µs, emitting_time=66.23µs, time_calculating_group_ids=110.29µs]
        RepartitionExec: partitioning=Hash([SearchPhrase@0], 16), input_partitions=16, metrics=[output_rows=729, elapsed_compute=722.18µs, output_bytes=1157.2 KB, output_batches=16, spill_count=0, spilled_bytes=0.0 B, spilled_rows=0, fetch_time=238.25s, repartition_time=316.06µs, send_time=253.78µs]
          AggregateExec: mode=Partial, gby=[SearchPhrase@1 as SearchPhrase], aggr=[min(hits.URL), count(Int64(1))], metrics=[output_rows=729, elapsed_compute=3.94ms, output_bytes=228.1 KB, output_batches=16, spill_count=0, spilled_bytes=0.0 B, spilled_rows=0, skipped_aggregation_rows=0, peak_mem_used=255.3 K, aggregate_arguments_time=648.13µs, aggregation_time=2.22ms, emitting_time=117.30µs, time_calculating_group_ids=691.50µs, reduction_factor=70% (729/1.04 K)]
            DataSourceExec: file_groups={16 groups: [[home/ec2-user/liquid-cache/benchmark/clickbench/data/hits.parquet:0..923748528], [home/ec2-user/liquid-cache/benchmark/clickbench/data/hits.parquet:923748528..1847497056], [home/ec2-user/liquid-cache/benchmark/clickbench/data/hits.parquet:1847497056..2771245584], [home/ec2-user/liquid-cache/benchmark/clickbench/data/hits.parquet:2771245584..3694994112], [home/ec2-user/liquid-cache/benchmark/clickbench/data/hits.parquet:3694994112..4618742640], [home/ec2-user/liquid-cache/benchmark/clickbench/data/hits.parquet:4618742640..5542491168], [home/ec2-user/liquid-cache/benchmark/clickbench/data/hits.parquet:5542491168..6466239696], [home/ec2-user/liquid-cache/benchmark/clickbench/data/hits.parquet:6466239696..7389988224], [home/ec2-user/liquid-cache/benchmark/clickbench/data/hits.parquet:7389988224..8313736752], [home/ec2-user/liquid-cache/benchmark/clickbench/data/hits.parquet:8313736752..9237485280], [home/ec2-user/liquid-cache/benchmark/clickbench/data/hits.parquet:9237485280..10161233808], [home/ec2-user/liquid-cache/benchmark/clickbench/data/hits.parquet:10161233808..11084982336], [home/ec2-user/liquid-cache/benchmark/clickbench/data/hits.parquet:11084982336..12008730864], [home/ec2-user/liquid-cache/benchmark/clickbench/data/hits.parquet:12008730864..12932479392], [home/ec2-user/liquid-cache/benchmark/clickbench/data/hits.parquet:12932479392..13856227920], [home/ec2-user/liquid-cache/benchmark/clickbench/data/hits.parquet:13856227920..14779976446]]}, projection=[URL, SearchPhrase], file_type=liquid_parquet, metrics=[output_rows=1.04 K, elapsed_compute=16ns, output_bytes=178.4 KB, output_batches=577, files_ranges_pruned_statistics=16 total → 16 matched, row_groups_pruned_statistics=226 total → 226 matched, row_groups_pruned_bloom_filter=0 total → 0 matched, page_index_pages_pruned=0 total → 0 matched, page_index_rows_pruned=0 total → 0 matched, limit_pruned_row_groups=0 total → 0 matched, batches_split=0, bytes_scanned=0, file_open_errors=0, file_scan_errors=0, num_predicate_creation_errors=0, predicate_evaluation_errors=0, pushdown_rows_matched=1.04 K, pushdown_rows_pruned=13.17 M, predicate_cache_inner_records=0, predicate_cache_records=0, bloom_filter_eval_time=3.15ms, metadata_load_time=2.51ms, page_index_eval_time=3.50µs, row_pushdown_eval_time=230.89ms, statistics_eval_time=576.63µs, time_elapsed_opening=8.59ms, time_elapsed_processing=1.96s, time_elapsed_scanning_total=238.24s, time_elapsed_scanning_until_data=59.04s, scan_efficiency_ratio=N/A (0/0)]

Cache: entries=24436, mem=2047MB, disk=2455MB
  Hits: cache_hit=13296, eval_predicate=12218
  Misses: cache_miss=0
  IO: read=9411, write=0
  Squeeze: squeezed_success=0, squeezed_needs_io=9411
Time: 18318ms

+-------------------------------------------------------------------+---------------------------------------------------------------------------------------------------------------------------+----+
| SearchPhrase                                                      | min(hits.URL)                                                                                                             | c  |
+-------------------------------------------------------------------+---------------------------------------------------------------------------------------------------------------------------+----+
| прокур горбуши                                                    | http://smeshariki.ru/googleTBR%26ad                                                                                       | 60 |
| римском качественны for cry                                       | http:%2F%2Fwwww.googlead&aktional                                                                                         | 24 |
| стоит похуден                                                     | http://smeshariki.ru/index.ua/doc/22229/googlead%26aktion=2&input_bdsmpeople.ru/real-estate=0&state=2013070519381         | 23 |
| испанч боб новости дейская                                        | http://smeshariki.ru/recipes/show/6840872&trafkey=6d0fc12c54059/loukhaAUXI&where=all&filter/Mitsubishi/google             | 21 |
| прокур готовки видеоэндоменя                                      | http://smeshariki.ru/googleTBR%26ad                                                                                       | 14 |
| прокур гипоаллеры                                                 | http://smeshariki.ru/googleTBR%26ad                                                                                       | 11 |
| камедицинск автомобильних условодки на в крем                     | http://video.yandex.php?com=google.ru/arts/searchAutoSearch                                                               | 9  |
| универ 11.6/1366x768/4096mb ddressary of thing                    | http://smeshariki.ru/index.ua/syllanet.ru/business/hotels.turizm.ru/igooglead%26ar_sliceid%3D1216629/0/&&puid2=15&lo=http | 8  |
| купить трудовані резюме мертный дина кабинский лежит заднее устан | http://video.yandex.php?com=google.ru/arts/searchAutoSearch                                                               | 7  |
| вспомню о названы монстэр                                         | http://tienskaia-moda-zhienskaia-obl.irr.ru/ch/google-c-38208                                                             | 7  |
+-------------------------------------------------------------------+---------------------------------------------------------------------------------------------------------------------------+----+
