
=== EXPLAIN ANALYZE (Query 32, Iteration 0) ===
SortPreservingMergeExec: [c@2 DESC], fetch=10, metrics=[output_rows=10, elapsed_compute=8.97µs, output_bytes=360.0 B, output_batches=1]
  SortExec: TopK(fetch=10), expr=[c@2 DESC], preserve_partitioning=[true], filter=[c@2 IS NULL OR c@2 > 1], metrics=[output_rows=14, elapsed_compute=276.51ms, output_bytes=504.0 B, output_batches=4, row_replacements=14]
    ProjectionExec: expr=[WatchID@0 as WatchID, ClientIP@1 as ClientIP, count(Int64(1))@2 as c, sum(hits.IsRefresh)@3 as sum(hits.IsRefresh), avg(hits.ResolutionWidth)@4 as avg(hits.ResolutionWidth)], metrics=[output_rows=100.00 M, elapsed_compute=22.93ms, output_bytes=3.4 TB, output_batches=12.21 K, expr_0_eval_time=2.56ms, expr_1_eval_time=1.59ms, expr_2_eval_time=1.45ms, expr_3_eval_time=1.17ms, expr_4_eval_time=1.14ms]
      AggregateExec: mode=FinalPartitioned, gby=[WatchID@0 as WatchID, ClientIP@1 as ClientIP], aggr=[count(Int64(1)), sum(hits.IsRefresh), avg(hits.ResolutionWidth)], metrics=[output_rows=100.00 M, elapsed_compute=56.69s, output_bytes=3.4 TB, output_batches=12.21 K, spill_count=0, spilled_bytes=0.0 B, spilled_rows=0, peak_mem_used=13.42 B, aggregate_arguments_time=30.38ms, aggregation_time=45.94s, emitting_time=750.95ms, time_calculating_group_ids=34.28s]
        RepartitionExec: partitioning=Hash([WatchID@0, ClientIP@1], 16), input_partitions=16, metrics=[output_rows=100.00 M, elapsed_compute=1.41s, output_bytes=4.1 GB, output_batches=12.21 K, spill_count=0, spilled_bytes=0.0 B, spilled_rows=0, fetch_time=6.60s, repartition_time=5.21s, send_time=23.47s]
          AggregateExec: mode=Partial, gby=[WatchID@0 as WatchID, ClientIP@1 as ClientIP], aggr=[count(Int64(1)), sum(hits.IsRefresh), avg(hits.ResolutionWidth)], metrics=[output_rows=100.00 M, elapsed_compute=1.22s, output_bytes=5.1 GB, output_batches=12.22 K, spill_count=0, spilled_bytes=0.0 B, spilled_rows=0, skipped_aggregation_rows=98.29 M, peak_mem_used=107.0 M, aggregate_arguments_time=10.78ms, aggregation_time=140.23ms, emitting_time=260.40µs, time_calculating_group_ids=379.09ms, reduction_factor=100% (1.70 M/1.70 M)]
            DataSourceExec: file_groups={16 groups: [[home/ec2-user/liquid-cache/benchmark/clickbench/data/hits.parquet:0..923748528], [home/ec2-user/liquid-cache/benchmark/clickbench/data/hits.parquet:923748528..1847497056], [home/ec2-user/liquid-cache/benchmark/clickbench/data/hits.parquet:1847497056..2771245584], [home/ec2-user/liquid-cache/benchmark/clickbench/data/hits.parquet:2771245584..3694994112], [home/ec2-user/liquid-cache/benchmark/clickbench/data/hits.parquet:3694994112..4618742640], [home/ec2-user/liquid-cache/benchmark/clickbench/data/hits.parquet:4618742640..5542491168], [home/ec2-user/liquid-cache/benchmark/clickbench/data/hits.parquet:5542491168..6466239696], [home/ec2-user/liquid-cache/benchmark/clickbench/data/hits.parquet:6466239696..7389988224], [home/ec2-user/liquid-cache/benchmark/clickbench/data/hits.parquet:7389988224..8313736752], [home/ec2-user/liquid-cache/benchmark/clickbench/data/hits.parquet:8313736752..9237485280], [home/ec2-user/liquid-cache/benchmark/clickbench/data/hits.parquet:9237485280..10161233808], [home/ec2-user/liquid-cache/benchmark/clickbench/data/hits.parquet:10161233808..11084982336], [home/ec2-user/liquid-cache/benchmark/clickbench/data/hits.parquet:11084982336..12008730864], [home/ec2-user/liquid-cache/benchmark/clickbench/data/hits.parquet:12008730864..12932479392], [home/ec2-user/liquid-cache/benchmark/clickbench/data/hits.parquet:12932479392..13856227920], [home/ec2-user/liquid-cache/benchmark/clickbench/data/hits.parquet:13856227920..14779976446]]}, projection=[WatchID, ClientIP, IsRefresh, ResolutionWidth], file_type=liquid_parquet, metrics=[output_rows=100.00 M, elapsed_compute=16ns, output_bytes=1526.9 MB, output_batches=12.22 K, files_ranges_pruned_statistics=16 total → 16 matched, row_groups_pruned_statistics=0 total → 0 matched, row_groups_pruned_bloom_filter=0 total → 0 matched, page_index_pages_pruned=0 total → 0 matched, page_index_rows_pruned=0 total → 0 matched, limit_pruned_row_groups=0 total → 0 matched, batches_split=0, bytes_scanned=1.10 B, file_open_errors=0, file_scan_errors=0, num_predicate_creation_errors=0, predicate_evaluation_errors=0, pushdown_rows_matched=0, pushdown_rows_pruned=0, predicate_cache_inner_records=0, predicate_cache_records=0, bloom_filter_eval_time=32ns, metadata_load_time=158.16ms, page_index_eval_time=32ns, row_pushdown_eval_time=32ns, statistics_eval_time=32ns, time_elapsed_opening=174.18ms, time_elapsed_processing=3.74s, time_elapsed_scanning_total=65.72s, time_elapsed_scanning_until_data=415.60ms, scan_efficiency_ratio=N/A (0/0)]

Cache: entries=0, mem=0MB, disk=0MB
  Hits: cache_hit=0, eval_predicate=0
  Misses: cache_miss=0
  IO: read=0, write=0
  Squeeze: squeezed_success=0, squeezed_needs_io=0
Time: 4495ms

+---------------------+-------------+---+---------------------+---------------------------+
| WatchID             | ClientIP    | c | sum(hits.IsRefresh) | avg(hits.ResolutionWidth) |
+---------------------+-------------+---+---------------------+---------------------------+
| 8566928176839891583 | -1402644643 | 2 | 0                   | 1368.0                    |
| 7904046282518428963 | 1509330109  | 2 | 0                   | 1368.0                    |
| 6655575552203051303 | 1611957945  | 2 | 0                   | 1638.0                    |
| 7224410078130478461 | -776509581  | 2 | 0                   | 1368.0                    |
| 8830866748089328783 | 1402977453  | 1 | 0                   | 1368.0                    |
| 8346801273450298910 | 1868497453  | 1 | 0                   | 1368.0                    |
| 6274037524445056324 | 349540007   | 1 | 0                   | 1368.0                    |
| 6208265785900178700 | -1856049503 | 1 | 0                   | 1368.0                    |
| 7396995053273966710 | 1171399233  | 1 | 0                   | 1638.0                    |
| 6971240748360987173 | 933370905   | 1 | 0                   | 1996.0                    |
+---------------------+-------------+---+---------------------+---------------------------+

=== EXPLAIN ANALYZE (Query 32, Iteration 1) ===
SortPreservingMergeExec: [c@2 DESC], fetch=10, metrics=[output_rows=10, elapsed_compute=11.04µs, output_bytes=360.0 B, output_batches=1]
  SortExec: TopK(fetch=10), expr=[c@2 DESC], preserve_partitioning=[true], filter=[c@2 IS NULL OR c@2 > 1], metrics=[output_rows=14, elapsed_compute=283.49ms, output_bytes=504.0 B, output_batches=4, row_replacements=14]
    ProjectionExec: expr=[WatchID@0 as WatchID, ClientIP@1 as ClientIP, count(Int64(1))@2 as c, sum(hits.IsRefresh)@3 as sum(hits.IsRefresh), avg(hits.ResolutionWidth)@4 as avg(hits.ResolutionWidth)], metrics=[output_rows=100.00 M, elapsed_compute=20.14ms, output_bytes=3.4 TB, output_batches=12.21 K, expr_0_eval_time=1.95ms, expr_1_eval_time=1.21ms, expr_2_eval_time=1.33ms, expr_3_eval_time=944.20µs, expr_4_eval_time=884.39µs]
      AggregateExec: mode=FinalPartitioned, gby=[WatchID@0 as WatchID, ClientIP@1 as ClientIP], aggr=[count(Int64(1)), sum(hits.IsRefresh), avg(hits.ResolutionWidth)], metrics=[output_rows=100.00 M, elapsed_compute=47.69s, output_bytes=3.4 TB, output_batches=12.21 K, spill_count=0, spilled_bytes=0.0 B, spilled_rows=0, peak_mem_used=13.42 B, aggregate_arguments_time=39.45ms, aggregation_time=37.23s, emitting_time=726.53ms, time_calculating_group_ids=27.89s]
        RepartitionExec: partitioning=Hash([WatchID@0, ClientIP@1], 16), input_partitions=16, metrics=[output_rows=100.00 M, elapsed_compute=1.78s, output_bytes=4.1 GB, output_batches=12.21 K, spill_count=0, spilled_bytes=0.0 B, spilled_rows=0, fetch_time=5.31s, repartition_time=4.86s, send_time=15.32s]
          AggregateExec: mode=Partial, gby=[WatchID@0 as WatchID, ClientIP@1 as ClientIP], aggr=[count(Int64(1)), sum(hits.IsRefresh), avg(hits.ResolutionWidth)], metrics=[output_rows=100.00 M, elapsed_compute=1.22s, output_bytes=5.1 GB, output_batches=12.22 K, spill_count=0, spilled_bytes=0.0 B, spilled_rows=0, skipped_aggregation_rows=98.29 M, peak_mem_used=107.0 M, aggregate_arguments_time=8.20ms, aggregation_time=120.72ms, emitting_time=181.01µs, time_calculating_group_ids=276.14ms, reduction_factor=100% (1.70 M/1.70 M)]
            DataSourceExec: file_groups={16 groups: [[home/ec2-user/liquid-cache/benchmark/clickbench/data/hits.parquet:0..923748528], [home/ec2-user/liquid-cache/benchmark/clickbench/data/hits.parquet:923748528..1847497056], [home/ec2-user/liquid-cache/benchmark/clickbench/data/hits.parquet:1847497056..2771245584], [home/ec2-user/liquid-cache/benchmark/clickbench/data/hits.parquet:2771245584..3694994112], [home/ec2-user/liquid-cache/benchmark/clickbench/data/hits.parquet:3694994112..4618742640], [home/ec2-user/liquid-cache/benchmark/clickbench/data/hits.parquet:4618742640..5542491168], [home/ec2-user/liquid-cache/benchmark/clickbench/data/hits.parquet:5542491168..6466239696], [home/ec2-user/liquid-cache/benchmark/clickbench/data/hits.parquet:6466239696..7389988224], [home/ec2-user/liquid-cache/benchmark/clickbench/data/hits.parquet:7389988224..8313736752], [home/ec2-user/liquid-cache/benchmark/clickbench/data/hits.parquet:8313736752..9237485280], [home/ec2-user/liquid-cache/benchmark/clickbench/data/hits.parquet:9237485280..10161233808], [home/ec2-user/liquid-cache/benchmark/clickbench/data/hits.parquet:10161233808..11084982336], [home/ec2-user/liquid-cache/benchmark/clickbench/data/hits.parquet:11084982336..12008730864], [home/ec2-user/liquid-cache/benchmark/clickbench/data/hits.parquet:12008730864..12932479392], [home/ec2-user/liquid-cache/benchmark/clickbench/data/hits.parquet:12932479392..13856227920], [home/ec2-user/liquid-cache/benchmark/clickbench/data/hits.parquet:13856227920..14779976446]]}, projection=[WatchID, ClientIP, IsRefresh, ResolutionWidth], file_type=liquid_parquet, metrics=[output_rows=100.00 M, elapsed_compute=16ns, output_bytes=1526.9 MB, output_batches=12.22 K, files_ranges_pruned_statistics=16 total → 16 matched, row_groups_pruned_statistics=0 total → 0 matched, row_groups_pruned_bloom_filter=0 total → 0 matched, page_index_pages_pruned=0 total → 0 matched, page_index_rows_pruned=0 total → 0 matched, limit_pruned_row_groups=0 total → 0 matched, batches_split=0, bytes_scanned=1.10 B, file_open_errors=0, file_scan_errors=0, num_predicate_creation_errors=0, predicate_evaluation_errors=0, pushdown_rows_matched=0, pushdown_rows_pruned=0, predicate_cache_inner_records=0, predicate_cache_records=0, bloom_filter_eval_time=32ns, metadata_load_time=2.23ms, page_index_eval_time=32ns, row_pushdown_eval_time=32ns, statistics_eval_time=32ns, time_elapsed_opening=3.00ms, time_elapsed_processing=3.21s, time_elapsed_scanning_total=54.97s, time_elapsed_scanning_until_data=234.37ms, scan_efficiency_ratio=N/A (0/0)]

Cache: entries=0, mem=0MB, disk=0MB
  Hits: cache_hit=0, eval_predicate=0
  Misses: cache_miss=0
  IO: read=0, write=0
  Squeeze: squeezed_success=0, squeezed_needs_io=0
Time: 3929ms

+---------------------+-------------+---+---------------------+---------------------------+
| WatchID             | ClientIP    | c | sum(hits.IsRefresh) | avg(hits.ResolutionWidth) |
+---------------------+-------------+---+---------------------+---------------------------+
| 8566928176839891583 | -1402644643 | 2 | 0                   | 1368.0                    |
| 7904046282518428963 | 1509330109  | 2 | 0                   | 1368.0                    |
| 6655575552203051303 | 1611957945  | 2 | 0                   | 1638.0                    |
| 7224410078130478461 | -776509581  | 2 | 0                   | 1368.0                    |
| 5458456117206624820 | 1896125518  | 1 | 0                   | 1368.0                    |
| 7169686300560083654 | 1085699450  | 1 | 0                   | 1368.0                    |
| 4808130716927133426 | 1085699450  | 1 | 0                   | 1368.0                    |
| 8767001979753101830 | -1068091158 | 1 | 0                   | 1750.0                    |
| 8266303201557873730 | -1068091158 | 1 | 0                   | 1750.0                    |
| 8703464523304382739 | 1228323018  | 1 | 1                   | 582.0                     |
+---------------------+-------------+---+---------------------+---------------------------+

=== EXPLAIN ANALYZE (Query 32, Iteration 2) ===
SortPreservingMergeExec: [c@2 DESC], fetch=10, metrics=[output_rows=10, elapsed_compute=11.63µs, output_bytes=360.0 B, output_batches=1]
  SortExec: TopK(fetch=10), expr=[c@2 DESC], preserve_partitioning=[true], filter=[c@2 IS NULL OR c@2 > 1], metrics=[output_rows=14, elapsed_compute=283.84ms, output_bytes=504.0 B, output_batches=4, row_replacements=14]
    ProjectionExec: expr=[WatchID@0 as WatchID, ClientIP@1 as ClientIP, count(Int64(1))@2 as c, sum(hits.IsRefresh)@3 as sum(hits.IsRefresh), avg(hits.ResolutionWidth)@4 as avg(hits.ResolutionWidth)], metrics=[output_rows=100.00 M, elapsed_compute=20.11ms, output_bytes=3.4 TB, output_batches=12.21 K, expr_0_eval_time=1.76ms, expr_1_eval_time=1.19ms, expr_2_eval_time=1.27ms, expr_3_eval_time=1.02ms, expr_4_eval_time=900.52µs]
      AggregateExec: mode=FinalPartitioned, gby=[WatchID@0 as WatchID, ClientIP@1 as ClientIP], aggr=[count(Int64(1)), sum(hits.IsRefresh), avg(hits.ResolutionWidth)], metrics=[output_rows=100.00 M, elapsed_compute=40.38s, output_bytes=3.4 TB, output_batches=12.21 K, spill_count=0, spilled_bytes=0.0 B, spilled_rows=0, peak_mem_used=13.42 B, aggregate_arguments_time=39.09ms, aggregation_time=25.20s, emitting_time=736.70ms, time_calculating_group_ids=26.24s]
        RepartitionExec: partitioning=Hash([WatchID@0, ClientIP@1], 16), input_partitions=16, metrics=[output_rows=100.00 M, elapsed_compute=1.88s, output_bytes=4.1 GB, output_batches=12.21 K, spill_count=0, spilled_bytes=0.0 B, spilled_rows=0, fetch_time=4.47s, repartition_time=4.06s, send_time=17.27s]
          AggregateExec: mode=Partial, gby=[WatchID@0 as WatchID, ClientIP@1 as ClientIP], aggr=[count(Int64(1)), sum(hits.IsRefresh), avg(hits.ResolutionWidth)], metrics=[output_rows=100.00 M, elapsed_compute=1.17s, output_bytes=5.1 GB, output_batches=12.22 K, spill_count=0, spilled_bytes=0.0 B, spilled_rows=0, skipped_aggregation_rows=98.29 M, peak_mem_used=107.0 M, aggregate_arguments_time=7.40ms, aggregation_time=75.20ms, emitting_time=148.70µs, time_calculating_group_ids=244.60ms, reduction_factor=100% (1.70 M/1.70 M)]
            DataSourceExec: file_groups={16 groups: [[home/ec2-user/liquid-cache/benchmark/clickbench/data/hits.parquet:0..923748528], [home/ec2-user/liquid-cache/benchmark/clickbench/data/hits.parquet:923748528..1847497056], [home/ec2-user/liquid-cache/benchmark/clickbench/data/hits.parquet:1847497056..2771245584], [home/ec2-user/liquid-cache/benchmark/clickbench/data/hits.parquet:2771245584..3694994112], [home/ec2-user/liquid-cache/benchmark/clickbench/data/hits.parquet:3694994112..4618742640], [home/ec2-user/liquid-cache/benchmark/clickbench/data/hits.parquet:4618742640..5542491168], [home/ec2-user/liquid-cache/benchmark/clickbench/data/hits.parquet:5542491168..6466239696], [home/ec2-user/liquid-cache/benchmark/clickbench/data/hits.parquet:6466239696..7389988224], [home/ec2-user/liquid-cache/benchmark/clickbench/data/hits.parquet:7389988224..8313736752], [home/ec2-user/liquid-cache/benchmark/clickbench/data/hits.parquet:8313736752..9237485280], [home/ec2-user/liquid-cache/benchmark/clickbench/data/hits.parquet:9237485280..10161233808], [home/ec2-user/liquid-cache/benchmark/clickbench/data/hits.parquet:10161233808..11084982336], [home/ec2-user/liquid-cache/benchmark/clickbench/data/hits.parquet:11084982336..12008730864], [home/ec2-user/liquid-cache/benchmark/clickbench/data/hits.parquet:12008730864..12932479392], [home/ec2-user/liquid-cache/benchmark/clickbench/data/hits.parquet:12932479392..13856227920], [home/ec2-user/liquid-cache/benchmark/clickbench/data/hits.parquet:13856227920..14779976446]]}, projection=[WatchID, ClientIP, IsRefresh, ResolutionWidth], file_type=liquid_parquet, metrics=[output_rows=100.00 M, elapsed_compute=16ns, output_bytes=1526.9 MB, output_batches=12.22 K, files_ranges_pruned_statistics=16 total → 16 matched, row_groups_pruned_statistics=0 total → 0 matched, row_groups_pruned_bloom_filter=0 total → 0 matched, page_index_pages_pruned=0 total → 0 matched, page_index_rows_pruned=0 total → 0 matched, limit_pruned_row_groups=0 total → 0 matched, batches_split=0, bytes_scanned=1.10 B, file_open_errors=0, file_scan_errors=0, num_predicate_creation_errors=0, predicate_evaluation_errors=0, pushdown_rows_matched=0, pushdown_rows_pruned=0, predicate_cache_inner_records=0, predicate_cache_records=0, bloom_filter_eval_time=32ns, metadata_load_time=2.25ms, page_index_eval_time=32ns, row_pushdown_eval_time=32ns, statistics_eval_time=32ns, time_elapsed_opening=3.13ms, time_elapsed_processing=2.83s, time_elapsed_scanning_total=47.74s, time_elapsed_scanning_until_data=224.70ms, scan_efficiency_ratio=N/A (0/0)]

Cache: entries=0, mem=0MB, disk=0MB
  Hits: cache_hit=0, eval_predicate=0
  Misses: cache_miss=0
  IO: read=0, write=0
  Squeeze: squeezed_success=0, squeezed_needs_io=0
Time: 3370ms

+---------------------+-------------+---+---------------------+---------------------------+
| WatchID             | ClientIP    | c | sum(hits.IsRefresh) | avg(hits.ResolutionWidth) |
+---------------------+-------------+---+---------------------+---------------------------+
| 8566928176839891583 | -1402644643 | 2 | 0                   | 1368.0                    |
| 7904046282518428963 | 1509330109  | 2 | 0                   | 1368.0                    |
| 6655575552203051303 | 1611957945  | 2 | 0                   | 1638.0                    |
| 7224410078130478461 | -776509581  | 2 | 0                   | 1368.0                    |
| 6308646140879811077 | -1216690514 | 1 | 0                   | 0.0                       |
| 8740403056911509777 | 1615432634  | 1 | 0                   | 0.0                       |
| 6748981127186536415 | 1965525360  | 1 | 0                   | 1638.0                    |
| 5471849080122583837 | 1190854685  | 1 | 0                   | 1638.0                    |
| 8760724589174569541 | 1190854685  | 1 | 0                   | 1638.0                    |
| 6963005249772405309 | 1190854685  | 1 | 1                   | 1638.0                    |
+---------------------+-------------+---+---------------------+---------------------------+

=== EXPLAIN ANALYZE (Query 32, Iteration 3) ===
SortPreservingMergeExec: [c@2 DESC], fetch=10, metrics=[output_rows=10, elapsed_compute=12.43µs, output_bytes=360.0 B, output_batches=1]
  SortExec: TopK(fetch=10), expr=[c@2 DESC], preserve_partitioning=[true], filter=[c@2 IS NULL OR c@2 > 1], metrics=[output_rows=14, elapsed_compute=252.43ms, output_bytes=504.0 B, output_batches=4, row_replacements=14]
    ProjectionExec: expr=[WatchID@0 as WatchID, ClientIP@1 as ClientIP, count(Int64(1))@2 as c, sum(hits.IsRefresh)@3 as sum(hits.IsRefresh), avg(hits.ResolutionWidth)@4 as avg(hits.ResolutionWidth)], metrics=[output_rows=100.00 M, elapsed_compute=19.94ms, output_bytes=3.4 TB, output_batches=12.21 K, expr_0_eval_time=1.74ms, expr_1_eval_time=1.19ms, expr_2_eval_time=1.18ms, expr_3_eval_time=984.96µs, expr_4_eval_time=975.52µs]
      AggregateExec: mode=FinalPartitioned, gby=[WatchID@0 as WatchID, ClientIP@1 as ClientIP], aggr=[count(Int64(1)), sum(hits.IsRefresh), avg(hits.ResolutionWidth)], metrics=[output_rows=100.00 M, elapsed_compute=35.33s, output_bytes=3.4 TB, output_batches=12.21 K, spill_count=0, spilled_bytes=0.0 B, spilled_rows=0, peak_mem_used=13.42 B, aggregate_arguments_time=40.71ms, aggregation_time=16.84s, emitting_time=767.41ms, time_calculating_group_ids=25.10s]
        RepartitionExec: partitioning=Hash([WatchID@0, ClientIP@1], 16), input_partitions=16, metrics=[output_rows=100.00 M, elapsed_compute=1.83s, output_bytes=4.1 GB, output_batches=12.21 K, spill_count=0, spilled_bytes=0.0 B, spilled_rows=0, fetch_time=4.39s, repartition_time=4.20s, send_time=16.98s]
          AggregateExec: mode=Partial, gby=[WatchID@0 as WatchID, ClientIP@1 as ClientIP], aggr=[count(Int64(1)), sum(hits.IsRefresh), avg(hits.ResolutionWidth)], metrics=[output_rows=100.00 M, elapsed_compute=1.17s, output_bytes=5.1 GB, output_batches=12.22 K, spill_count=0, spilled_bytes=0.0 B, spilled_rows=0, skipped_aggregation_rows=98.29 M, peak_mem_used=107.0 M, aggregate_arguments_time=7.49ms, aggregation_time=106.18ms, emitting_time=163.55µs, time_calculating_group_ids=264.69ms, reduction_factor=100% (1.70 M/1.70 M)]
            DataSourceExec: file_groups={16 groups: [[home/ec2-user/liquid-cache/benchmark/clickbench/data/hits.parquet:0..923748528], [home/ec2-user/liquid-cache/benchmark/clickbench/data/hits.parquet:923748528..1847497056], [home/ec2-user/liquid-cache/benchmark/clickbench/data/hits.parquet:1847497056..2771245584], [home/ec2-user/liquid-cache/benchmark/clickbench/data/hits.parquet:2771245584..3694994112], [home/ec2-user/liquid-cache/benchmark/clickbench/data/hits.parquet:3694994112..4618742640], [home/ec2-user/liquid-cache/benchmark/clickbench/data/hits.parquet:4618742640..5542491168], [home/ec2-user/liquid-cache/benchmark/clickbench/data/hits.parquet:5542491168..6466239696], [home/ec2-user/liquid-cache/benchmark/clickbench/data/hits.parquet:6466239696..7389988224], [home/ec2-user/liquid-cache/benchmark/clickbench/data/hits.parquet:7389988224..8313736752], [home/ec2-user/liquid-cache/benchmark/clickbench/data/hits.parquet:8313736752..9237485280], [home/ec2-user/liquid-cache/benchmark/clickbench/data/hits.parquet:9237485280..10161233808], [home/ec2-user/liquid-cache/benchmark/clickbench/data/hits.parquet:10161233808..11084982336], [home/ec2-user/liquid-cache/benchmark/clickbench/data/hits.parquet:11084982336..12008730864], [home/ec2-user/liquid-cache/benchmark/clickbench/data/hits.parquet:12008730864..12932479392], [home/ec2-user/liquid-cache/benchmark/clickbench/data/hits.parquet:12932479392..13856227920], [home/ec2-user/liquid-cache/benchmark/clickbench/data/hits.parquet:13856227920..14779976446]]}, projection=[WatchID, ClientIP, IsRefresh, ResolutionWidth], file_type=liquid_parquet, metrics=[output_rows=100.00 M, elapsed_compute=16ns, output_bytes=1526.9 MB, output_batches=12.22 K, files_ranges_pruned_statistics=16 total → 16 matched, row_groups_pruned_statistics=0 total → 0 matched, row_groups_pruned_bloom_filter=0 total → 0 matched, page_index_pages_pruned=0 total → 0 matched, page_index_rows_pruned=0 total → 0 matched, limit_pruned_row_groups=0 total → 0 matched, batches_split=0, bytes_scanned=1.10 B, file_open_errors=0, file_scan_errors=0, num_predicate_creation_errors=0, predicate_evaluation_errors=0, pushdown_rows_matched=0, pushdown_rows_pruned=0, predicate_cache_inner_records=0, predicate_cache_records=0, bloom_filter_eval_time=32ns, metadata_load_time=2.52ms, page_index_eval_time=32ns, row_pushdown_eval_time=32ns, statistics_eval_time=32ns, time_elapsed_opening=3.50ms, time_elapsed_processing=2.78s, time_elapsed_scanning_total=44.51s, time_elapsed_scanning_until_data=230.84ms, scan_efficiency_ratio=N/A (0/0)]

Cache: entries=0, mem=0MB, disk=0MB
  Hits: cache_hit=0, eval_predicate=0
  Misses: cache_miss=0
  IO: read=0, write=0
  Squeeze: squeezed_success=0, squeezed_needs_io=0
Time: 3096ms

+---------------------+-------------+---+---------------------+---------------------------+
| WatchID             | ClientIP    | c | sum(hits.IsRefresh) | avg(hits.ResolutionWidth) |
+---------------------+-------------+---+---------------------+---------------------------+
| 8566928176839891583 | -1402644643 | 2 | 0                   | 1368.0                    |
| 7904046282518428963 | 1509330109  | 2 | 0                   | 1368.0                    |
| 6655575552203051303 | 1611957945  | 2 | 0                   | 1638.0                    |
| 7224410078130478461 | -776509581  | 2 | 0                   | 1368.0                    |
| 5040728184461432713 | 559111109   | 1 | 0                   | 1638.0                    |
| 8657724563215132254 | 1791665026  | 1 | 0                   | 1368.0                    |
| 7885804619366727870 | 917096788   | 1 | 0                   | 1368.0                    |
| 6209731904860294236 | 1258011168  | 1 | 0                   | 1368.0                    |
| 6311808300127800984 | 1044937305  | 1 | 0                   | 1917.0                    |
| 7613636509284113992 | -213289818  | 1 | 0                   | 1638.0                    |
+---------------------+-------------+---+---------------------+---------------------------+

=== EXPLAIN ANALYZE (Query 32, Iteration 4) ===
SortPreservingMergeExec: [c@2 DESC], fetch=10, metrics=[output_rows=10, elapsed_compute=11.18µs, output_bytes=360.0 B, output_batches=1]
  SortExec: TopK(fetch=10), expr=[c@2 DESC], preserve_partitioning=[true], filter=[c@2 IS NULL OR c@2 > 1], metrics=[output_rows=14, elapsed_compute=272.74ms, output_bytes=504.0 B, output_batches=4, row_replacements=14]
    ProjectionExec: expr=[WatchID@0 as WatchID, ClientIP@1 as ClientIP, count(Int64(1))@2 as c, sum(hits.IsRefresh)@3 as sum(hits.IsRefresh), avg(hits.ResolutionWidth)@4 as avg(hits.ResolutionWidth)], metrics=[output_rows=100.00 M, elapsed_compute=20.23ms, output_bytes=3.4 TB, output_batches=12.21 K, expr_0_eval_time=1.86ms, expr_1_eval_time=1.26ms, expr_2_eval_time=1.34ms, expr_3_eval_time=949.90µs, expr_4_eval_time=980.07µs]
      AggregateExec: mode=FinalPartitioned, gby=[WatchID@0 as WatchID, ClientIP@1 as ClientIP], aggr=[count(Int64(1)), sum(hits.IsRefresh), avg(hits.ResolutionWidth)], metrics=[output_rows=100.00 M, elapsed_compute=35.24s, output_bytes=3.4 TB, output_batches=12.21 K, spill_count=0, spilled_bytes=0.0 B, spilled_rows=0, peak_mem_used=13.42 B, aggregate_arguments_time=46.56ms, aggregation_time=15.56s, emitting_time=740.33ms, time_calculating_group_ids=25.52s]
        RepartitionExec: partitioning=Hash([WatchID@0, ClientIP@1], 16), input_partitions=16, metrics=[output_rows=100.00 M, elapsed_compute=1.61s, output_bytes=4.1 GB, output_batches=12.21 K, spill_count=0, spilled_bytes=0.0 B, spilled_rows=0, fetch_time=4.48s, repartition_time=4.13s, send_time=14.16s]
          AggregateExec: mode=Partial, gby=[WatchID@0 as WatchID, ClientIP@1 as ClientIP], aggr=[count(Int64(1)), sum(hits.IsRefresh), avg(hits.ResolutionWidth)], metrics=[output_rows=100.00 M, elapsed_compute=1.11s, output_bytes=5.1 GB, output_batches=12.22 K, spill_count=0, spilled_bytes=0.0 B, spilled_rows=0, skipped_aggregation_rows=98.29 M, peak_mem_used=107.0 M, aggregate_arguments_time=8.36ms, aggregation_time=90.34ms, emitting_time=176.53µs, time_calculating_group_ids=257.01ms, reduction_factor=100% (1.70 M/1.70 M)]
            DataSourceExec: file_groups={16 groups: [[home/ec2-user/liquid-cache/benchmark/clickbench/data/hits.parquet:0..923748528], [home/ec2-user/liquid-cache/benchmark/clickbench/data/hits.parquet:923748528..1847497056], [home/ec2-user/liquid-cache/benchmark/clickbench/data/hits.parquet:1847497056..2771245584], [home/ec2-user/liquid-cache/benchmark/clickbench/data/hits.parquet:2771245584..3694994112], [home/ec2-user/liquid-cache/benchmark/clickbench/data/hits.parquet:3694994112..4618742640], [home/ec2-user/liquid-cache/benchmark/clickbench/data/hits.parquet:4618742640..5542491168], [home/ec2-user/liquid-cache/benchmark/clickbench/data/hits.parquet:5542491168..6466239696], [home/ec2-user/liquid-cache/benchmark/clickbench/data/hits.parquet:6466239696..7389988224], [home/ec2-user/liquid-cache/benchmark/clickbench/data/hits.parquet:7389988224..8313736752], [home/ec2-user/liquid-cache/benchmark/clickbench/data/hits.parquet:8313736752..9237485280], [home/ec2-user/liquid-cache/benchmark/clickbench/data/hits.parquet:9237485280..10161233808], [home/ec2-user/liquid-cache/benchmark/clickbench/data/hits.parquet:10161233808..11084982336], [home/ec2-user/liquid-cache/benchmark/clickbench/data/hits.parquet:11084982336..12008730864], [home/ec2-user/liquid-cache/benchmark/clickbench/data/hits.parquet:12008730864..12932479392], [home/ec2-user/liquid-cache/benchmark/clickbench/data/hits.parquet:12932479392..13856227920], [home/ec2-user/liquid-cache/benchmark/clickbench/data/hits.parquet:13856227920..14779976446]]}, projection=[WatchID, ClientIP, IsRefresh, ResolutionWidth], file_type=liquid_parquet, metrics=[output_rows=100.00 M, elapsed_compute=16ns, output_bytes=1526.9 MB, output_batches=12.22 K, files_ranges_pruned_statistics=16 total → 16 matched, row_groups_pruned_statistics=0 total → 0 matched, row_groups_pruned_bloom_filter=0 total → 0 matched, page_index_pages_pruned=0 total → 0 matched, page_index_rows_pruned=0 total → 0 matched, limit_pruned_row_groups=0 total → 0 matched, batches_split=0, bytes_scanned=1.10 B, file_open_errors=0, file_scan_errors=0, num_predicate_creation_errors=0, predicate_evaluation_errors=0, pushdown_rows_matched=0, pushdown_rows_pruned=0, predicate_cache_inner_records=0, predicate_cache_records=0, bloom_filter_eval_time=32ns, metadata_load_time=2.68ms, page_index_eval_time=32ns, row_pushdown_eval_time=32ns, statistics_eval_time=32ns, time_elapsed_opening=3.93ms, time_elapsed_processing=2.95s, time_elapsed_scanning_total=43.10s, time_elapsed_scanning_until_data=233.98ms, scan_efficiency_ratio=N/A (0/0)]

Cache: entries=0, mem=0MB, disk=0MB
  Hits: cache_hit=0, eval_predicate=0
  Misses: cache_miss=0
  IO: read=0, write=0
  Squeeze: squeezed_success=0, squeezed_needs_io=0
Time: 3025ms

+---------------------+-------------+---+---------------------+---------------------------+
| WatchID             | ClientIP    | c | sum(hits.IsRefresh) | avg(hits.ResolutionWidth) |
+---------------------+-------------+---+---------------------+---------------------------+
| 8566928176839891583 | -1402644643 | 2 | 0                   | 1368.0                    |
| 7904046282518428963 | 1509330109  | 2 | 0                   | 1368.0                    |
| 6655575552203051303 | 1611957945  | 2 | 0                   | 1638.0                    |
| 7224410078130478461 | -776509581  | 2 | 0                   | 1368.0                    |
| 6664764721266654198 | 1582270027  | 1 | 1                   | 1638.0                    |
| 8499269797218334983 | 1582270027  | 1 | 0                   | 1638.0                    |
| 5213554278527074288 | 1700490537  | 1 | 0                   | 2038.0                    |
| 5964743737826447257 | 1700490537  | 1 | 0                   | 2038.0                    |
| 8331594968539570336 | 1700490537  | 1 | 0                   | 2038.0                    |
| 6381032960128836476 | 1700490537  | 1 | 1                   | 2038.0                    |
+---------------------+-------------+---+---------------------+---------------------------+
