
=== EXPLAIN ANALYZE (Query 34, Iteration 0) ===
SortPreservingMergeExec: [c@2 DESC], fetch=10, metrics=[output_rows=10, elapsed_compute=10.00µs, output_bytes=562.0 B, output_batches=1]
  SortExec: TopK(fetch=10), expr=[c@2 DESC], preserve_partitioning=[true], filter=[c@2 IS NULL OR c@2 > 63579], metrics=[output_rows=97, elapsed_compute=26.91ms, output_bytes=5.4 KB, output_batches=16, row_replacements=209]
    ProjectionExec: expr=[1 as Int64(1), URL@0 as URL, count(Int64(1))@1 as c], metrics=[output_rows=18.34 M, elapsed_compute=15.80ms, output_bytes=614.0 GB, output_batches=2.25 K, expr_0_eval_time=14.42ms, expr_1_eval_time=218.49µs, expr_2_eval_time=155.24µs]
      AggregateExec: mode=FinalPartitioned, gby=[URL@0 as URL], aggr=[count(Int64(1))], metrics=[output_rows=18.34 M, elapsed_compute=62.02s, output_bytes=613.9 GB, output_batches=2.25 K, spill_count=0, spilled_bytes=0.0 B, spilled_rows=0, peak_mem_used=11.28 B, aggregate_arguments_time=4.44ms, aggregation_time=812.83ms, emitting_time=136.46µs, time_calculating_group_ids=61.18s]
        RepartitionExec: partitioning=Hash([URL@0], 16), input_partitions=16, metrics=[output_rows=22.18 M, elapsed_compute=3.05s, output_bytes=3.7 GB, output_batches=2.72 K, spill_count=0, spilled_bytes=0.0 B, spilled_rows=0, fetch_time=49.07s, repartition_time=7.45s, send_time=13.00s]
          AggregateExec: mode=Partial, gby=[URL@0 as URL], aggr=[count(Int64(1))], metrics=[output_rows=22.18 M, elapsed_compute=31.14s, output_bytes=888.7 GB, output_batches=2.71 K, spill_count=0, spilled_bytes=0.0 B, spilled_rows=0, skipped_aggregation_rows=0, peak_mem_used=6.58 B, aggregate_arguments_time=191.07ms, aggregation_time=954.62ms, emitting_time=265.47µs, time_calculating_group_ids=29.92s, reduction_factor=22% (22.18 M/100.00 M)]
            DataSourceExec: file_groups={16 groups: [[home/ec2-user/liquid-cache/benchmark/clickbench/data/hits.parquet:0..923748528], [home/ec2-user/liquid-cache/benchmark/clickbench/data/hits.parquet:923748528..1847497056], [home/ec2-user/liquid-cache/benchmark/clickbench/data/hits.parquet:1847497056..2771245584], [home/ec2-user/liquid-cache/benchmark/clickbench/data/hits.parquet:2771245584..3694994112], [home/ec2-user/liquid-cache/benchmark/clickbench/data/hits.parquet:3694994112..4618742640], [home/ec2-user/liquid-cache/benchmark/clickbench/data/hits.parquet:4618742640..5542491168], [home/ec2-user/liquid-cache/benchmark/clickbench/data/hits.parquet:5542491168..6466239696], [home/ec2-user/liquid-cache/benchmark/clickbench/data/hits.parquet:6466239696..7389988224], [home/ec2-user/liquid-cache/benchmark/clickbench/data/hits.parquet:7389988224..8313736752], [home/ec2-user/liquid-cache/benchmark/clickbench/data/hits.parquet:8313736752..9237485280], [home/ec2-user/liquid-cache/benchmark/clickbench/data/hits.parquet:9237485280..10161233808], [home/ec2-user/liquid-cache/benchmark/clickbench/data/hits.parquet:10161233808..11084982336], [home/ec2-user/liquid-cache/benchmark/clickbench/data/hits.parquet:11084982336..12008730864], [home/ec2-user/liquid-cache/benchmark/clickbench/data/hits.parquet:12008730864..12932479392], [home/ec2-user/liquid-cache/benchmark/clickbench/data/hits.parquet:12932479392..13856227920], [home/ec2-user/liquid-cache/benchmark/clickbench/data/hits.parquet:13856227920..14779976446]]}, projection=[URL], file_type=liquid_parquet, metrics=[output_rows=100.00 M, elapsed_compute=16ns, output_bytes=11.3 GB, output_batches=12.22 K, files_ranges_pruned_statistics=16 total → 16 matched, row_groups_pruned_statistics=0 total → 0 matched, row_groups_pruned_bloom_filter=0 total → 0 matched, page_index_pages_pruned=0 total → 0 matched, page_index_rows_pruned=0 total → 0 matched, limit_pruned_row_groups=0 total → 0 matched, batches_split=0, bytes_scanned=2.65 B, file_open_errors=0, file_scan_errors=0, num_predicate_creation_errors=0, predicate_evaluation_errors=0, pushdown_rows_matched=0, pushdown_rows_pruned=0, predicate_cache_inner_records=0, predicate_cache_records=0, bloom_filter_eval_time=32ns, metadata_load_time=163.17ms, page_index_eval_time=32ns, row_pushdown_eval_time=32ns, statistics_eval_time=32ns, time_elapsed_opening=170.36ms, time_elapsed_processing=15.34s, time_elapsed_scanning_total=48.88s, time_elapsed_scanning_until_data=524.91ms, scan_efficiency_ratio=N/A (0/0)]

Cache: entries=0, mem=0MB, disk=0MB
  Hits: cache_hit=0, eval_predicate=0
  Misses: cache_miss=0
  IO: read=0, write=0
  Squeeze: squeezed_success=0, squeezed_needs_io=0
Time: 7796ms

+----------+-------------------------------------------------------+---------+
| Int64(1) | URL                                                   | c       |
+----------+-------------------------------------------------------+---------+
| 1        | http://liver.ru/belgorod/page/1006.jки/доп_приборы    | 3288173 |
| 1        | http://kinopoisk.ru                                   | 1625250 |
| 1        | http://bdsm_po_yers=0&with_video                      | 791465  |
| 1        | http://video.yandex                                   | 582400  |
| 1        | http://smeshariki.ru/region                           | 514984  |
| 1        | http://auto_fiat_dlya-bluzki%2F8536.30.18&he=900&with | 507995  |
| 1        | http://liver.ru/place_rukodel=365115eb7bbb90          | 359893  |
| 1        | http://kinopoisk.ru/vladimir.irr.ru                   | 354690  |
| 1        | http://video.yandex.ru/search/?jenre=50&s_yers        | 318979  |
| 1        | http://tienskaia-moda                                 | 289355  |
+----------+-------------------------------------------------------+---------+

=== EXPLAIN ANALYZE (Query 34, Iteration 1) ===
SortPreservingMergeExec: [c@2 DESC], fetch=10, metrics=[output_rows=10, elapsed_compute=7.11µs, output_bytes=562.0 B, output_batches=1]
  SortExec: TopK(fetch=10), expr=[c@2 DESC], preserve_partitioning=[true], filter=[c@2 IS NULL OR c@2 > 63579], metrics=[output_rows=97, elapsed_compute=30.83ms, output_bytes=5.3 KB, output_batches=16, row_replacements=178]
    ProjectionExec: expr=[1 as Int64(1), URL@0 as URL, count(Int64(1))@1 as c], metrics=[output_rows=18.34 M, elapsed_compute=9.48ms, output_bytes=614.0 GB, output_batches=2.25 K, expr_0_eval_time=8.03ms, expr_1_eval_time=217.16µs, expr_2_eval_time=172.77µs]
      AggregateExec: mode=FinalPartitioned, gby=[URL@0 as URL], aggr=[count(Int64(1))], metrics=[output_rows=18.34 M, elapsed_compute=32.22s, output_bytes=613.9 GB, output_batches=2.25 K, spill_count=0, spilled_bytes=0.0 B, spilled_rows=0, peak_mem_used=11.28 B, aggregate_arguments_time=5.48ms, aggregation_time=424.80ms, emitting_time=179.82µs, time_calculating_group_ids=31.77s]
        RepartitionExec: partitioning=Hash([URL@0], 16), input_partitions=16, metrics=[output_rows=22.18 M, elapsed_compute=1.84s, output_bytes=3.7 GB, output_batches=2.72 K, spill_count=0, spilled_bytes=0.0 B, spilled_rows=0, fetch_time=45.52s, repartition_time=4.51s, send_time=6.69s]
          AggregateExec: mode=Partial, gby=[URL@0 as URL], aggr=[count(Int64(1))], metrics=[output_rows=22.18 M, elapsed_compute=28.55s, output_bytes=888.7 GB, output_batches=2.71 K, spill_count=0, spilled_bytes=0.0 B, spilled_rows=0, skipped_aggregation_rows=0, peak_mem_used=6.58 B, aggregate_arguments_time=182.94ms, aggregation_time=895.90ms, emitting_time=246.16µs, time_calculating_group_ids=27.40s, reduction_factor=22% (22.18 M/100.00 M)]
            DataSourceExec: file_groups={16 groups: [[home/ec2-user/liquid-cache/benchmark/clickbench/data/hits.parquet:0..923748528], [home/ec2-user/liquid-cache/benchmark/clickbench/data/hits.parquet:923748528..1847497056], [home/ec2-user/liquid-cache/benchmark/clickbench/data/hits.parquet:1847497056..2771245584], [home/ec2-user/liquid-cache/benchmark/clickbench/data/hits.parquet:2771245584..3694994112], [home/ec2-user/liquid-cache/benchmark/clickbench/data/hits.parquet:3694994112..4618742640], [home/ec2-user/liquid-cache/benchmark/clickbench/data/hits.parquet:4618742640..5542491168], [home/ec2-user/liquid-cache/benchmark/clickbench/data/hits.parquet:5542491168..6466239696], [home/ec2-user/liquid-cache/benchmark/clickbench/data/hits.parquet:6466239696..7389988224], [home/ec2-user/liquid-cache/benchmark/clickbench/data/hits.parquet:7389988224..8313736752], [home/ec2-user/liquid-cache/benchmark/clickbench/data/hits.parquet:8313736752..9237485280], [home/ec2-user/liquid-cache/benchmark/clickbench/data/hits.parquet:9237485280..10161233808], [home/ec2-user/liquid-cache/benchmark/clickbench/data/hits.parquet:10161233808..11084982336], [home/ec2-user/liquid-cache/benchmark/clickbench/data/hits.parquet:11084982336..12008730864], [home/ec2-user/liquid-cache/benchmark/clickbench/data/hits.parquet:12008730864..12932479392], [home/ec2-user/liquid-cache/benchmark/clickbench/data/hits.parquet:12932479392..13856227920], [home/ec2-user/liquid-cache/benchmark/clickbench/data/hits.parquet:13856227920..14779976446]]}, projection=[URL], file_type=liquid_parquet, metrics=[output_rows=100.00 M, elapsed_compute=16ns, output_bytes=11.3 GB, output_batches=12.22 K, files_ranges_pruned_statistics=16 total → 16 matched, row_groups_pruned_statistics=0 total → 0 matched, row_groups_pruned_bloom_filter=0 total → 0 matched, page_index_pages_pruned=0 total → 0 matched, page_index_rows_pruned=0 total → 0 matched, limit_pruned_row_groups=0 total → 0 matched, batches_split=0, bytes_scanned=2.65 B, file_open_errors=0, file_scan_errors=0, num_predicate_creation_errors=0, predicate_evaluation_errors=0, pushdown_rows_matched=0, pushdown_rows_pruned=0, predicate_cache_inner_records=0, predicate_cache_records=0, bloom_filter_eval_time=32ns, metadata_load_time=2.05ms, page_index_eval_time=32ns, row_pushdown_eval_time=32ns, statistics_eval_time=32ns, time_elapsed_opening=2.92ms, time_elapsed_processing=14.53s, time_elapsed_scanning_total=45.50s, time_elapsed_scanning_until_data=472.44ms, scan_efficiency_ratio=N/A (0/0)]

Cache: entries=0, mem=0MB, disk=0MB
  Hits: cache_hit=0, eval_predicate=0
  Misses: cache_miss=0
  IO: read=0, write=0
  Squeeze: squeezed_success=0, squeezed_needs_io=0
Time: 5429ms

+----------+-------------------------------------------------------+---------+
| Int64(1) | URL                                                   | c       |
+----------+-------------------------------------------------------+---------+
| 1        | http://liver.ru/belgorod/page/1006.jки/доп_приборы    | 3288173 |
| 1        | http://kinopoisk.ru                                   | 1625250 |
| 1        | http://bdsm_po_yers=0&with_video                      | 791465  |
| 1        | http://video.yandex                                   | 582400  |
| 1        | http://smeshariki.ru/region                           | 514984  |
| 1        | http://auto_fiat_dlya-bluzki%2F8536.30.18&he=900&with | 507995  |
| 1        | http://liver.ru/place_rukodel=365115eb7bbb90          | 359893  |
| 1        | http://kinopoisk.ru/vladimir.irr.ru                   | 354690  |
| 1        | http://video.yandex.ru/search/?jenre=50&s_yers        | 318979  |
| 1        | http://tienskaia-moda                                 | 289355  |
+----------+-------------------------------------------------------+---------+

=== EXPLAIN ANALYZE (Query 34, Iteration 2) ===
SortPreservingMergeExec: [c@2 DESC], fetch=10, metrics=[output_rows=10, elapsed_compute=6.87µs, output_bytes=562.0 B, output_batches=1]
  SortExec: TopK(fetch=10), expr=[c@2 DESC], preserve_partitioning=[true], filter=[c@2 IS NULL OR c@2 > 63579], metrics=[output_rows=97, elapsed_compute=30.75ms, output_bytes=5.3 KB, output_batches=16, row_replacements=184]
    ProjectionExec: expr=[1 as Int64(1), URL@0 as URL, count(Int64(1))@1 as c], metrics=[output_rows=18.34 M, elapsed_compute=9.84ms, output_bytes=614.0 GB, output_batches=2.25 K, expr_0_eval_time=8.43ms, expr_1_eval_time=208.12µs, expr_2_eval_time=156.89µs]
      AggregateExec: mode=FinalPartitioned, gby=[URL@0 as URL], aggr=[count(Int64(1))], metrics=[output_rows=18.34 M, elapsed_compute=16.99s, output_bytes=613.9 GB, output_batches=2.25 K, spill_count=0, spilled_bytes=0.0 B, spilled_rows=0, peak_mem_used=11.28 B, aggregate_arguments_time=5.46ms, aggregation_time=471.32ms, emitting_time=140.66µs, time_calculating_group_ids=16.50s]
        RepartitionExec: partitioning=Hash([URL@0], 16), input_partitions=16, metrics=[output_rows=22.18 M, elapsed_compute=1.66s, output_bytes=3.7 GB, output_batches=2.72 K, spill_count=0, spilled_bytes=0.0 B, spilled_rows=0, fetch_time=45.19s, repartition_time=4.11s, send_time=5.11s]
          AggregateExec: mode=Partial, gby=[URL@0 as URL], aggr=[count(Int64(1))], metrics=[output_rows=22.18 M, elapsed_compute=28.30s, output_bytes=888.7 GB, output_batches=2.71 K, spill_count=0, spilled_bytes=0.0 B, spilled_rows=0, skipped_aggregation_rows=0, peak_mem_used=6.58 B, aggregate_arguments_time=189.28ms, aggregation_time=881.68ms, emitting_time=262.30µs, time_calculating_group_ids=27.16s, reduction_factor=22% (22.18 M/100.00 M)]
            DataSourceExec: file_groups={16 groups: [[home/ec2-user/liquid-cache/benchmark/clickbench/data/hits.parquet:0..923748528], [home/ec2-user/liquid-cache/benchmark/clickbench/data/hits.parquet:923748528..1847497056], [home/ec2-user/liquid-cache/benchmark/clickbench/data/hits.parquet:1847497056..2771245584], [home/ec2-user/liquid-cache/benchmark/clickbench/data/hits.parquet:2771245584..3694994112], [home/ec2-user/liquid-cache/benchmark/clickbench/data/hits.parquet:3694994112..4618742640], [home/ec2-user/liquid-cache/benchmark/clickbench/data/hits.parquet:4618742640..5542491168], [home/ec2-user/liquid-cache/benchmark/clickbench/data/hits.parquet:5542491168..6466239696], [home/ec2-user/liquid-cache/benchmark/clickbench/data/hits.parquet:6466239696..7389988224], [home/ec2-user/liquid-cache/benchmark/clickbench/data/hits.parquet:7389988224..8313736752], [home/ec2-user/liquid-cache/benchmark/clickbench/data/hits.parquet:8313736752..9237485280], [home/ec2-user/liquid-cache/benchmark/clickbench/data/hits.parquet:9237485280..10161233808], [home/ec2-user/liquid-cache/benchmark/clickbench/data/hits.parquet:10161233808..11084982336], [home/ec2-user/liquid-cache/benchmark/clickbench/data/hits.parquet:11084982336..12008730864], [home/ec2-user/liquid-cache/benchmark/clickbench/data/hits.parquet:12008730864..12932479392], [home/ec2-user/liquid-cache/benchmark/clickbench/data/hits.parquet:12932479392..13856227920], [home/ec2-user/liquid-cache/benchmark/clickbench/data/hits.parquet:13856227920..14779976446]]}, projection=[URL], file_type=liquid_parquet, metrics=[output_rows=100.00 M, elapsed_compute=16ns, output_bytes=11.3 GB, output_batches=12.22 K, files_ranges_pruned_statistics=16 total → 16 matched, row_groups_pruned_statistics=0 total → 0 matched, row_groups_pruned_bloom_filter=0 total → 0 matched, page_index_pages_pruned=0 total → 0 matched, page_index_rows_pruned=0 total → 0 matched, limit_pruned_row_groups=0 total → 0 matched, batches_split=0, bytes_scanned=2.65 B, file_open_errors=0, file_scan_errors=0, num_predicate_creation_errors=0, predicate_evaluation_errors=0, pushdown_rows_matched=0, pushdown_rows_pruned=0, predicate_cache_inner_records=0, predicate_cache_records=0, bloom_filter_eval_time=32ns, metadata_load_time=2.76ms, page_index_eval_time=32ns, row_pushdown_eval_time=32ns, statistics_eval_time=32ns, time_elapsed_opening=3.75ms, time_elapsed_processing=14.32s, time_elapsed_scanning_total=45.16s, time_elapsed_scanning_until_data=361.84ms, scan_efficiency_ratio=N/A (0/0)]

Cache: entries=0, mem=0MB, disk=0MB
  Hits: cache_hit=0, eval_predicate=0
  Misses: cache_miss=0
  IO: read=0, write=0
  Squeeze: squeezed_success=0, squeezed_needs_io=0
Time: 4359ms

+----------+-------------------------------------------------------+---------+
| Int64(1) | URL                                                   | c       |
+----------+-------------------------------------------------------+---------+
| 1        | http://liver.ru/belgorod/page/1006.jки/доп_приборы    | 3288173 |
| 1        | http://kinopoisk.ru                                   | 1625250 |
| 1        | http://bdsm_po_yers=0&with_video                      | 791465  |
| 1        | http://video.yandex                                   | 582400  |
| 1        | http://smeshariki.ru/region                           | 514984  |
| 1        | http://auto_fiat_dlya-bluzki%2F8536.30.18&he=900&with | 507995  |
| 1        | http://liver.ru/place_rukodel=365115eb7bbb90          | 359893  |
| 1        | http://kinopoisk.ru/vladimir.irr.ru                   | 354690  |
| 1        | http://video.yandex.ru/search/?jenre=50&s_yers        | 318979  |
| 1        | http://tienskaia-moda                                 | 289355  |
+----------+-------------------------------------------------------+---------+

=== EXPLAIN ANALYZE (Query 34, Iteration 3) ===
SortPreservingMergeExec: [c@2 DESC], fetch=10, metrics=[output_rows=10, elapsed_compute=10.39µs, output_bytes=562.0 B, output_batches=1]
  SortExec: TopK(fetch=10), expr=[c@2 DESC], preserve_partitioning=[true], filter=[c@2 IS NULL OR c@2 > 63579], metrics=[output_rows=79, elapsed_compute=26.55ms, output_bytes=4.2 KB, output_batches=16, row_replacements=177]
    ProjectionExec: expr=[1 as Int64(1), URL@0 as URL, count(Int64(1))@1 as c], metrics=[output_rows=18.34 M, elapsed_compute=8.93ms, output_bytes=614.0 GB, output_batches=2.25 K, expr_0_eval_time=7.67ms, expr_1_eval_time=195.54µs, expr_2_eval_time=146.92µs]
      AggregateExec: mode=FinalPartitioned, gby=[URL@0 as URL], aggr=[count(Int64(1))], metrics=[output_rows=18.34 M, elapsed_compute=20.60s, output_bytes=613.9 GB, output_batches=2.25 K, spill_count=0, spilled_bytes=0.0 B, spilled_rows=0, peak_mem_used=11.28 B, aggregate_arguments_time=4.98ms, aggregation_time=568.65ms, emitting_time=126.41µs, time_calculating_group_ids=20.01s]
        RepartitionExec: partitioning=Hash([URL@0], 16), input_partitions=16, metrics=[output_rows=22.18 M, elapsed_compute=1.71s, output_bytes=3.7 GB, output_batches=2.72 K, spill_count=0, spilled_bytes=0.0 B, spilled_rows=0, fetch_time=46.32s, repartition_time=4.66s, send_time=5.40s]
          AggregateExec: mode=Partial, gby=[URL@0 as URL], aggr=[count(Int64(1))], metrics=[output_rows=22.18 M, elapsed_compute=28.71s, output_bytes=888.7 GB, output_batches=2.71 K, spill_count=0, spilled_bytes=0.0 B, spilled_rows=0, skipped_aggregation_rows=0, peak_mem_used=6.58 B, aggregate_arguments_time=193.52ms, aggregation_time=976.62ms, emitting_time=249.66µs, time_calculating_group_ids=27.47s, reduction_factor=22% (22.18 M/100.00 M)]
            DataSourceExec: file_groups={16 groups: [[home/ec2-user/liquid-cache/benchmark/clickbench/data/hits.parquet:0..923748528], [home/ec2-user/liquid-cache/benchmark/clickbench/data/hits.parquet:923748528..1847497056], [home/ec2-user/liquid-cache/benchmark/clickbench/data/hits.parquet:1847497056..2771245584], [home/ec2-user/liquid-cache/benchmark/clickbench/data/hits.parquet:2771245584..3694994112], [home/ec2-user/liquid-cache/benchmark/clickbench/data/hits.parquet:3694994112..4618742640], [home/ec2-user/liquid-cache/benchmark/clickbench/data/hits.parquet:4618742640..5542491168], [home/ec2-user/liquid-cache/benchmark/clickbench/data/hits.parquet:5542491168..6466239696], [home/ec2-user/liquid-cache/benchmark/clickbench/data/hits.parquet:6466239696..7389988224], [home/ec2-user/liquid-cache/benchmark/clickbench/data/hits.parquet:7389988224..8313736752], [home/ec2-user/liquid-cache/benchmark/clickbench/data/hits.parquet:8313736752..9237485280], [home/ec2-user/liquid-cache/benchmark/clickbench/data/hits.parquet:9237485280..10161233808], [home/ec2-user/liquid-cache/benchmark/clickbench/data/hits.parquet:10161233808..11084982336], [home/ec2-user/liquid-cache/benchmark/clickbench/data/hits.parquet:11084982336..12008730864], [home/ec2-user/liquid-cache/benchmark/clickbench/data/hits.parquet:12008730864..12932479392], [home/ec2-user/liquid-cache/benchmark/clickbench/data/hits.parquet:12932479392..13856227920], [home/ec2-user/liquid-cache/benchmark/clickbench/data/hits.parquet:13856227920..14779976446]]}, projection=[URL], file_type=liquid_parquet, metrics=[output_rows=100.00 M, elapsed_compute=16ns, output_bytes=11.3 GB, output_batches=12.22 K, files_ranges_pruned_statistics=16 total → 16 matched, row_groups_pruned_statistics=0 total → 0 matched, row_groups_pruned_bloom_filter=0 total → 0 matched, page_index_pages_pruned=0 total → 0 matched, page_index_rows_pruned=0 total → 0 matched, limit_pruned_row_groups=0 total → 0 matched, batches_split=0, bytes_scanned=2.65 B, file_open_errors=0, file_scan_errors=0, num_predicate_creation_errors=0, predicate_evaluation_errors=0, pushdown_rows_matched=0, pushdown_rows_pruned=0, predicate_cache_inner_records=0, predicate_cache_records=0, bloom_filter_eval_time=32ns, metadata_load_time=1.97ms, page_index_eval_time=32ns, row_pushdown_eval_time=32ns, statistics_eval_time=32ns, time_elapsed_opening=2.69ms, time_elapsed_processing=14.85s, time_elapsed_scanning_total=46.30s, time_elapsed_scanning_until_data=339.03ms, scan_efficiency_ratio=N/A (0/0)]

Cache: entries=0, mem=0MB, disk=0MB
  Hits: cache_hit=0, eval_predicate=0
  Misses: cache_miss=0
  IO: read=0, write=0
  Squeeze: squeezed_success=0, squeezed_needs_io=0
Time: 4634ms

+----------+-------------------------------------------------------+---------+
| Int64(1) | URL                                                   | c       |
+----------+-------------------------------------------------------+---------+
| 1        | http://liver.ru/belgorod/page/1006.jки/доп_приборы    | 3288173 |
| 1        | http://kinopoisk.ru                                   | 1625250 |
| 1        | http://bdsm_po_yers=0&with_video                      | 791465  |
| 1        | http://video.yandex                                   | 582400  |
| 1        | http://smeshariki.ru/region                           | 514984  |
| 1        | http://auto_fiat_dlya-bluzki%2F8536.30.18&he=900&with | 507995  |
| 1        | http://liver.ru/place_rukodel=365115eb7bbb90          | 359893  |
| 1        | http://kinopoisk.ru/vladimir.irr.ru                   | 354690  |
| 1        | http://video.yandex.ru/search/?jenre=50&s_yers        | 318979  |
| 1        | http://tienskaia-moda                                 | 289355  |
+----------+-------------------------------------------------------+---------+

=== EXPLAIN ANALYZE (Query 34, Iteration 4) ===
SortPreservingMergeExec: [c@2 DESC], fetch=10, metrics=[output_rows=10, elapsed_compute=10.81µs, output_bytes=562.0 B, output_batches=1]
  SortExec: TopK(fetch=10), expr=[c@2 DESC], preserve_partitioning=[true], filter=[c@2 IS NULL OR c@2 > 63579], metrics=[output_rows=92, elapsed_compute=33.52ms, output_bytes=5.0 KB, output_batches=16, row_replacements=244]
    ProjectionExec: expr=[1 as Int64(1), URL@0 as URL, count(Int64(1))@1 as c], metrics=[output_rows=18.34 M, elapsed_compute=11.56ms, output_bytes=614.0 GB, output_batches=2.25 K, expr_0_eval_time=9.82ms, expr_1_eval_time=281.63µs, expr_2_eval_time=183.63µs]
      AggregateExec: mode=FinalPartitioned, gby=[URL@0 as URL], aggr=[count(Int64(1))], metrics=[output_rows=18.34 M, elapsed_compute=17.00s, output_bytes=613.9 GB, output_batches=2.25 K, spill_count=0, spilled_bytes=0.0 B, spilled_rows=0, peak_mem_used=11.28 B, aggregate_arguments_time=5.64ms, aggregation_time=473.83ms, emitting_time=144.71µs, time_calculating_group_ids=16.47s]
        RepartitionExec: partitioning=Hash([URL@0], 16), input_partitions=16, metrics=[output_rows=22.18 M, elapsed_compute=1.59s, output_bytes=3.7 GB, output_batches=2.72 K, spill_count=0, spilled_bytes=0.0 B, spilled_rows=0, fetch_time=45.67s, repartition_time=4.10s, send_time=6.12s]
          AggregateExec: mode=Partial, gby=[URL@0 as URL], aggr=[count(Int64(1))], metrics=[output_rows=22.18 M, elapsed_compute=28.28s, output_bytes=888.7 GB, output_batches=2.71 K, spill_count=0, spilled_bytes=0.0 B, spilled_rows=0, skipped_aggregation_rows=0, peak_mem_used=6.58 B, aggregate_arguments_time=191.89ms, aggregation_time=928.03ms, emitting_time=269.32µs, time_calculating_group_ids=27.09s, reduction_factor=22% (22.18 M/100.00 M)]
            DataSourceExec: file_groups={16 groups: [[home/ec2-user/liquid-cache/benchmark/clickbench/data/hits.parquet:0..923748528], [home/ec2-user/liquid-cache/benchmark/clickbench/data/hits.parquet:923748528..1847497056], [home/ec2-user/liquid-cache/benchmark/clickbench/data/hits.parquet:1847497056..2771245584], [home/ec2-user/liquid-cache/benchmark/clickbench/data/hits.parquet:2771245584..3694994112], [home/ec2-user/liquid-cache/benchmark/clickbench/data/hits.parquet:3694994112..4618742640], [home/ec2-user/liquid-cache/benchmark/clickbench/data/hits.parquet:4618742640..5542491168], [home/ec2-user/liquid-cache/benchmark/clickbench/data/hits.parquet:5542491168..6466239696], [home/ec2-user/liquid-cache/benchmark/clickbench/data/hits.parquet:6466239696..7389988224], [home/ec2-user/liquid-cache/benchmark/clickbench/data/hits.parquet:7389988224..8313736752], [home/ec2-user/liquid-cache/benchmark/clickbench/data/hits.parquet:8313736752..9237485280], [home/ec2-user/liquid-cache/benchmark/clickbench/data/hits.parquet:9237485280..10161233808], [home/ec2-user/liquid-cache/benchmark/clickbench/data/hits.parquet:10161233808..11084982336], [home/ec2-user/liquid-cache/benchmark/clickbench/data/hits.parquet:11084982336..12008730864], [home/ec2-user/liquid-cache/benchmark/clickbench/data/hits.parquet:12008730864..12932479392], [home/ec2-user/liquid-cache/benchmark/clickbench/data/hits.parquet:12932479392..13856227920], [home/ec2-user/liquid-cache/benchmark/clickbench/data/hits.parquet:13856227920..14779976446]]}, projection=[URL], file_type=liquid_parquet, metrics=[output_rows=100.00 M, elapsed_compute=16ns, output_bytes=11.3 GB, output_batches=12.22 K, files_ranges_pruned_statistics=16 total → 16 matched, row_groups_pruned_statistics=0 total → 0 matched, row_groups_pruned_bloom_filter=0 total → 0 matched, page_index_pages_pruned=0 total → 0 matched, page_index_rows_pruned=0 total → 0 matched, limit_pruned_row_groups=0 total → 0 matched, batches_split=0, bytes_scanned=2.65 B, file_open_errors=0, file_scan_errors=0, num_predicate_creation_errors=0, predicate_evaluation_errors=0, pushdown_rows_matched=0, pushdown_rows_pruned=0, predicate_cache_inner_records=0, predicate_cache_records=0, bloom_filter_eval_time=32ns, metadata_load_time=2.36ms, page_index_eval_time=32ns, row_pushdown_eval_time=32ns, statistics_eval_time=32ns, time_elapsed_opening=3.33ms, time_elapsed_processing=14.55s, time_elapsed_scanning_total=45.65s, time_elapsed_scanning_until_data=368.14ms, scan_efficiency_ratio=N/A (0/0)]

Cache: entries=0, mem=0MB, disk=0MB
  Hits: cache_hit=0, eval_predicate=0
  Misses: cache_miss=0
  IO: read=0, write=0
  Squeeze: squeezed_success=0, squeezed_needs_io=0
Time: 4451ms

+----------+-------------------------------------------------------+---------+
| Int64(1) | URL                                                   | c       |
+----------+-------------------------------------------------------+---------+
| 1        | http://liver.ru/belgorod/page/1006.jки/доп_приборы    | 3288173 |
| 1        | http://kinopoisk.ru                                   | 1625250 |
| 1        | http://bdsm_po_yers=0&with_video                      | 791465  |
| 1        | http://video.yandex                                   | 582400  |
| 1        | http://smeshariki.ru/region                           | 514984  |
| 1        | http://auto_fiat_dlya-bluzki%2F8536.30.18&he=900&with | 507995  |
| 1        | http://liver.ru/place_rukodel=365115eb7bbb90          | 359893  |
| 1        | http://kinopoisk.ru/vladimir.irr.ru                   | 354690  |
| 1        | http://video.yandex.ru/search/?jenre=50&s_yers        | 318979  |
| 1        | http://tienskaia-moda                                 | 289355  |
+----------+-------------------------------------------------------+---------+
