
=== EXPLAIN ANALYZE (Query 36, Iteration 0) ===
SortPreservingMergeExec: [pageviews@1 DESC], fetch=10, metrics=[output_rows=10, elapsed_compute=5.11µs, output_bytes=628.0 B, output_batches=1]
  SortExec: TopK(fetch=10), expr=[pageviews@1 DESC], preserve_partitioning=[true], filter=[pageviews@1 IS NULL OR pageviews@1 > 175], metrics=[output_rows=87, elapsed_compute=11.49ms, output_bytes=7.5 KB, output_batches=16, row_replacements=214]
    ProjectionExec: expr=[URL@0 as URL, count(Int64(1))@1 as pageviews], metrics=[output_rows=298.8 K, elapsed_compute=112.52µs, output_bytes=209.9 MB, output_batches=48, expr_0_eval_time=24.60µs, expr_1_eval_time=5.54µs]
      AggregateExec: mode=FinalPartitioned, gby=[URL@0 as URL], aggr=[count(Int64(1))], metrics=[output_rows=298.8 K, elapsed_compute=215.95ms, output_bytes=209.9 MB, output_batches=48, spill_count=0, spilled_bytes=0.0 B, spilled_rows=0, peak_mem_used=179.0 M, aggregate_arguments_time=136.95µs, aggregation_time=8.25ms, emitting_time=217.99µs, time_calculating_group_ids=205.61ms]
        RepartitionExec: partitioning=Hash([URL@0], 16), input_partitions=16, metrics=[output_rows=301.9 K, elapsed_compute=49.10ms, output_bytes=40.4 MB, output_batches=48, spill_count=0, spilled_bytes=0.0 B, spilled_rows=0, fetch_time=399.89ms, repartition_time=23.17ms, send_time=2.55ms]
          AggregateExec: mode=Partial, gby=[URL@0 as URL], aggr=[count(Int64(1))], metrics=[output_rows=301.9 K, elapsed_compute=52.32ms, output_bytes=1158.6 MB, output_batches=38, spill_count=0, spilled_bytes=0.0 B, spilled_rows=0, skipped_aggregation_rows=0, peak_mem_used=63.26 M, aggregate_arguments_time=404.53µs, aggregation_time=1.08ms, emitting_time=11.22µs, time_calculating_group_ids=50.63ms, reduction_factor=45% (301.9 K/671.5 K)]
            DataSourceExec: file_groups={16 groups: [[home/ec2-user/liquid-cache/benchmark/clickbench/data/hits.parquet:0..923748528], [home/ec2-user/liquid-cache/benchmark/clickbench/data/hits.parquet:923748528..1847497056], [home/ec2-user/liquid-cache/benchmark/clickbench/data/hits.parquet:1847497056..2771245584], [home/ec2-user/liquid-cache/benchmark/clickbench/data/hits.parquet:2771245584..3694994112], [home/ec2-user/liquid-cache/benchmark/clickbench/data/hits.parquet:3694994112..4618742640], [home/ec2-user/liquid-cache/benchmark/clickbench/data/hits.parquet:4618742640..5542491168], [home/ec2-user/liquid-cache/benchmark/clickbench/data/hits.parquet:5542491168..6466239696], [home/ec2-user/liquid-cache/benchmark/clickbench/data/hits.parquet:6466239696..7389988224], [home/ec2-user/liquid-cache/benchmark/clickbench/data/hits.parquet:7389988224..8313736752], [home/ec2-user/liquid-cache/benchmark/clickbench/data/hits.parquet:8313736752..9237485280], [home/ec2-user/liquid-cache/benchmark/clickbench/data/hits.parquet:9237485280..10161233808], [home/ec2-user/liquid-cache/benchmark/clickbench/data/hits.parquet:10161233808..11084982336], [home/ec2-user/liquid-cache/benchmark/clickbench/data/hits.parquet:11084982336..12008730864], [home/ec2-user/liquid-cache/benchmark/clickbench/data/hits.parquet:12008730864..12932479392], [home/ec2-user/liquid-cache/benchmark/clickbench/data/hits.parquet:12932479392..13856227920], [home/ec2-user/liquid-cache/benchmark/clickbench/data/hits.parquet:13856227920..14779976446]]}, projection=[URL], file_type=liquid_parquet, metrics=[output_rows=671.5 K, elapsed_compute=16ns, output_bytes=63.0 MB, output_batches=92, files_ranges_pruned_statistics=16 total → 16 matched, row_groups_pruned_statistics=226 total → 3 matched, row_groups_pruned_bloom_filter=0 total → 0 matched, page_index_pages_pruned=0 total → 0 matched, page_index_rows_pruned=0 total → 0 matched, limit_pruned_row_groups=0 total → 0 matched, batches_split=0, bytes_scanned=46.49 M, file_open_errors=0, file_scan_errors=0, num_predicate_creation_errors=0, predicate_evaluation_errors=0, pushdown_rows_matched=0, pushdown_rows_pruned=0, predicate_cache_inner_records=0, predicate_cache_records=0, bloom_filter_eval_time=166.64µs, metadata_load_time=160.82ms, page_index_eval_time=3.48µs, row_pushdown_eval_time=32ns, statistics_eval_time=731.86µs, time_elapsed_opening=192.75ms, time_elapsed_processing=190.98ms, time_elapsed_scanning_total=206.68ms, time_elapsed_scanning_until_data=26.05ms, scan_efficiency_ratio=N/A (0/0)]

Cache: entries=860, mem=184MB, disk=0MB
  Hits: cache_hit=92, eval_predicate=804
  Misses: cache_miss=172
  IO: read=0, write=0
  Squeeze: squeezed_success=0, squeezed_needs_io=0
Time: 212ms

+--------------------------------------------------------------------------+-----------+
| URL                                                                      | pageviews |
+--------------------------------------------------------------------------+-----------+
| http://irr.ru/index.php?showalbum/login-leniya7777294,938303130          | 102341    |
| http://komme%2F27.0.1453.116                                             | 51218     |
| http://irr.ru/index.php?showalbum/login-kapusta-advert2668]=0&order_by=0 | 18315     |
| http://irr.ru/index.php?showalbum/login-kapustic/product_name            | 16461     |
| http://irr.ru/index.php                                                  | 12577     |
| http://irr.ru/index.php?showalbum/login                                  | 10880     |
| http://komme%2F27.0.1453.116 Safari%2F5.0 (compatible; MSIE 9.0;         | 7627      |
| http://irr.ru/index.php?showalbum/login-kupalnik                         | 4369      |
| http://irr.ru/index.php?showalbum/login-kapusta-advert27256.html_params  | 4058      |
| http://komme%2F27.0.1453.116 Safari                                      | 3021      |
+--------------------------------------------------------------------------+-----------+

=== EXPLAIN ANALYZE (Query 36, Iteration 1) ===
SortPreservingMergeExec: [pageviews@1 DESC], fetch=10, metrics=[output_rows=10, elapsed_compute=6.43µs, output_bytes=628.0 B, output_batches=1]
  SortExec: TopK(fetch=10), expr=[pageviews@1 DESC], preserve_partitioning=[true], filter=[pageviews@1 IS NULL OR pageviews@1 > 175], metrics=[output_rows=77, elapsed_compute=1.87ms, output_bytes=6.5 KB, output_batches=16, row_replacements=108]
    ProjectionExec: expr=[URL@0 as URL, count(Int64(1))@1 as pageviews], metrics=[output_rows=298.8 K, elapsed_compute=106.87µs, output_bytes=209.9 MB, output_batches=48, expr_0_eval_time=21.23µs, expr_1_eval_time=8.23µs]
      AggregateExec: mode=FinalPartitioned, gby=[URL@0 as URL], aggr=[count(Int64(1))], metrics=[output_rows=298.8 K, elapsed_compute=140.39ms, output_bytes=209.9 MB, output_batches=48, spill_count=0, spilled_bytes=0.0 B, spilled_rows=0, peak_mem_used=179.0 M, aggregate_arguments_time=120.35µs, aggregation_time=9.55ms, emitting_time=169.85µs, time_calculating_group_ids=129.95ms]
        RepartitionExec: partitioning=Hash([URL@0], 16), input_partitions=16, metrics=[output_rows=301.9 K, elapsed_compute=17.48ms, output_bytes=40.4 MB, output_batches=48, spill_count=0, spilled_bytes=0.0 B, spilled_rows=0, fetch_time=66.23ms, repartition_time=15.66ms, send_time=1.70ms]
          AggregateExec: mode=Partial, gby=[URL@0 as URL], aggr=[count(Int64(1))], metrics=[output_rows=301.9 K, elapsed_compute=41.65ms, output_bytes=1158.6 MB, output_batches=38, spill_count=0, spilled_bytes=0.0 B, spilled_rows=0, skipped_aggregation_rows=0, peak_mem_used=63.26 M, aggregate_arguments_time=201.24µs, aggregation_time=987.58µs, emitting_time=9.60µs, time_calculating_group_ids=40.32ms, reduction_factor=45% (301.9 K/671.5 K)]
            DataSourceExec: file_groups={16 groups: [[home/ec2-user/liquid-cache/benchmark/clickbench/data/hits.parquet:0..923748528], [home/ec2-user/liquid-cache/benchmark/clickbench/data/hits.parquet:923748528..1847497056], [home/ec2-user/liquid-cache/benchmark/clickbench/data/hits.parquet:1847497056..2771245584], [home/ec2-user/liquid-cache/benchmark/clickbench/data/hits.parquet:2771245584..3694994112], [home/ec2-user/liquid-cache/benchmark/clickbench/data/hits.parquet:3694994112..4618742640], [home/ec2-user/liquid-cache/benchmark/clickbench/data/hits.parquet:4618742640..5542491168], [home/ec2-user/liquid-cache/benchmark/clickbench/data/hits.parquet:5542491168..6466239696], [home/ec2-user/liquid-cache/benchmark/clickbench/data/hits.parquet:6466239696..7389988224], [home/ec2-user/liquid-cache/benchmark/clickbench/data/hits.parquet:7389988224..8313736752], [home/ec2-user/liquid-cache/benchmark/clickbench/data/hits.parquet:8313736752..9237485280], [home/ec2-user/liquid-cache/benchmark/clickbench/data/hits.parquet:9237485280..10161233808], [home/ec2-user/liquid-cache/benchmark/clickbench/data/hits.parquet:10161233808..11084982336], [home/ec2-user/liquid-cache/benchmark/clickbench/data/hits.parquet:11084982336..12008730864], [home/ec2-user/liquid-cache/benchmark/clickbench/data/hits.parquet:12008730864..12932479392], [home/ec2-user/liquid-cache/benchmark/clickbench/data/hits.parquet:12932479392..13856227920], [home/ec2-user/liquid-cache/benchmark/clickbench/data/hits.parquet:13856227920..14779976446]]}, projection=[URL], file_type=liquid_parquet, metrics=[output_rows=671.5 K, elapsed_compute=16ns, output_bytes=63.0 MB, output_batches=92, files_ranges_pruned_statistics=16 total → 16 matched, row_groups_pruned_statistics=226 total → 3 matched, row_groups_pruned_bloom_filter=0 total → 0 matched, page_index_pages_pruned=0 total → 0 matched, page_index_rows_pruned=0 total → 0 matched, limit_pruned_row_groups=0 total → 0 matched, batches_split=0, bytes_scanned=0, file_open_errors=0, file_scan_errors=0, num_predicate_creation_errors=0, predicate_evaluation_errors=0, pushdown_rows_matched=0, pushdown_rows_pruned=0, predicate_cache_inner_records=0, predicate_cache_records=0, bloom_filter_eval_time=203.86µs, metadata_load_time=3.22ms, page_index_eval_time=3.79µs, row_pushdown_eval_time=32ns, statistics_eval_time=751.52µs, time_elapsed_opening=7.42ms, time_elapsed_processing=24.30ms, time_elapsed_scanning_total=58.55ms, time_elapsed_scanning_until_data=537.86µs, scan_efficiency_ratio=N/A (0/0)]

Cache: entries=860, mem=184MB, disk=0MB
  Hits: cache_hit=92, eval_predicate=632
  Misses: cache_miss=0
  IO: read=0, write=0
  Squeeze: squeezed_success=0, squeezed_needs_io=0
Time: 74ms

+--------------------------------------------------------------------------+-----------+
| URL                                                                      | pageviews |
+--------------------------------------------------------------------------+-----------+
| http://irr.ru/index.php?showalbum/login-leniya7777294,938303130          | 102341    |
| http://komme%2F27.0.1453.116                                             | 51218     |
| http://irr.ru/index.php?showalbum/login-kapusta-advert2668]=0&order_by=0 | 18315     |
| http://irr.ru/index.php?showalbum/login-kapustic/product_name            | 16461     |
| http://irr.ru/index.php                                                  | 12577     |
| http://irr.ru/index.php?showalbum/login                                  | 10880     |
| http://komme%2F27.0.1453.116 Safari%2F5.0 (compatible; MSIE 9.0;         | 7627      |
| http://irr.ru/index.php?showalbum/login-kupalnik                         | 4369      |
| http://irr.ru/index.php?showalbum/login-kapusta-advert27256.html_params  | 4058      |
| http://komme%2F27.0.1453.116 Safari                                      | 3021      |
+--------------------------------------------------------------------------+-----------+

=== EXPLAIN ANALYZE (Query 36, Iteration 2) ===
SortPreservingMergeExec: [pageviews@1 DESC], fetch=10, metrics=[output_rows=10, elapsed_compute=5.51µs, output_bytes=628.0 B, output_batches=1]
  SortExec: TopK(fetch=10), expr=[pageviews@1 DESC], preserve_partitioning=[true], filter=[pageviews@1 IS NULL OR pageviews@1 > 175], metrics=[output_rows=113, elapsed_compute=2.21ms, output_bytes=9.6 KB, output_batches=16, row_replacements=182]
    ProjectionExec: expr=[URL@0 as URL, count(Int64(1))@1 as pageviews], metrics=[output_rows=298.8 K, elapsed_compute=114.58µs, output_bytes=209.9 MB, output_batches=48, expr_0_eval_time=24.02µs, expr_1_eval_time=5.83µs]
      AggregateExec: mode=FinalPartitioned, gby=[URL@0 as URL], aggr=[count(Int64(1))], metrics=[output_rows=298.8 K, elapsed_compute=123.63ms, output_bytes=209.9 MB, output_batches=48, spill_count=0, spilled_bytes=0.0 B, spilled_rows=0, peak_mem_used=179.0 M, aggregate_arguments_time=124.55µs, aggregation_time=2.81ms, emitting_time=184.24µs, time_calculating_group_ids=119.88ms]
        RepartitionExec: partitioning=Hash([URL@0], 16), input_partitions=16, metrics=[output_rows=301.9 K, elapsed_compute=16.79ms, output_bytes=40.4 MB, output_batches=48, spill_count=0, spilled_bytes=0.0 B, spilled_rows=0, fetch_time=72.24ms, repartition_time=17.30ms, send_time=441.25µs]
          AggregateExec: mode=Partial, gby=[URL@0 as URL], aggr=[count(Int64(1))], metrics=[output_rows=301.9 K, elapsed_compute=45.76ms, output_bytes=1158.6 MB, output_batches=38, spill_count=0, spilled_bytes=0.0 B, spilled_rows=0, skipped_aggregation_rows=0, peak_mem_used=63.26 M, aggregate_arguments_time=220.72µs, aggregation_time=973.30µs, emitting_time=11.38µs, time_calculating_group_ids=44.41ms, reduction_factor=45% (301.9 K/671.5 K)]
            DataSourceExec: file_groups={16 groups: [[home/ec2-user/liquid-cache/benchmark/clickbench/data/hits.parquet:0..923748528], [home/ec2-user/liquid-cache/benchmark/clickbench/data/hits.parquet:923748528..1847497056], [home/ec2-user/liquid-cache/benchmark/clickbench/data/hits.parquet:1847497056..2771245584], [home/ec2-user/liquid-cache/benchmark/clickbench/data/hits.parquet:2771245584..3694994112], [home/ec2-user/liquid-cache/benchmark/clickbench/data/hits.parquet:3694994112..4618742640], [home/ec2-user/liquid-cache/benchmark/clickbench/data/hits.parquet:4618742640..5542491168], [home/ec2-user/liquid-cache/benchmark/clickbench/data/hits.parquet:5542491168..6466239696], [home/ec2-user/liquid-cache/benchmark/clickbench/data/hits.parquet:6466239696..7389988224], [home/ec2-user/liquid-cache/benchmark/clickbench/data/hits.parquet:7389988224..8313736752], [home/ec2-user/liquid-cache/benchmark/clickbench/data/hits.parquet:8313736752..9237485280], [home/ec2-user/liquid-cache/benchmark/clickbench/data/hits.parquet:9237485280..10161233808], [home/ec2-user/liquid-cache/benchmark/clickbench/data/hits.parquet:10161233808..11084982336], [home/ec2-user/liquid-cache/benchmark/clickbench/data/hits.parquet:11084982336..12008730864], [home/ec2-user/liquid-cache/benchmark/clickbench/data/hits.parquet:12008730864..12932479392], [home/ec2-user/liquid-cache/benchmark/clickbench/data/hits.parquet:12932479392..13856227920], [home/ec2-user/liquid-cache/benchmark/clickbench/data/hits.parquet:13856227920..14779976446]]}, projection=[URL], file_type=liquid_parquet, metrics=[output_rows=671.5 K, elapsed_compute=16ns, output_bytes=63.0 MB, output_batches=92, files_ranges_pruned_statistics=16 total → 16 matched, row_groups_pruned_statistics=226 total → 3 matched, row_groups_pruned_bloom_filter=0 total → 0 matched, page_index_pages_pruned=0 total → 0 matched, page_index_rows_pruned=0 total → 0 matched, limit_pruned_row_groups=0 total → 0 matched, batches_split=0, bytes_scanned=0, file_open_errors=0, file_scan_errors=0, num_predicate_creation_errors=0, predicate_evaluation_errors=0, pushdown_rows_matched=0, pushdown_rows_pruned=0, predicate_cache_inner_records=0, predicate_cache_records=0, bloom_filter_eval_time=158.77µs, metadata_load_time=3.25ms, page_index_eval_time=4.28µs, row_pushdown_eval_time=32ns, statistics_eval_time=732.36µs, time_elapsed_opening=7.53ms, time_elapsed_processing=26.17ms, time_elapsed_scanning_total=64.42ms, time_elapsed_scanning_until_data=661.39µs, scan_efficiency_ratio=N/A (0/0)]

Cache: entries=860, mem=184MB, disk=0MB
  Hits: cache_hit=92, eval_predicate=632
  Misses: cache_miss=0
  IO: read=0, write=0
  Squeeze: squeezed_success=0, squeezed_needs_io=0
Time: 76ms

+--------------------------------------------------------------------------+-----------+
| URL                                                                      | pageviews |
+--------------------------------------------------------------------------+-----------+
| http://irr.ru/index.php?showalbum/login-leniya7777294,938303130          | 102341    |
| http://komme%2F27.0.1453.116                                             | 51218     |
| http://irr.ru/index.php?showalbum/login-kapusta-advert2668]=0&order_by=0 | 18315     |
| http://irr.ru/index.php?showalbum/login-kapustic/product_name            | 16461     |
| http://irr.ru/index.php                                                  | 12577     |
| http://irr.ru/index.php?showalbum/login                                  | 10880     |
| http://komme%2F27.0.1453.116 Safari%2F5.0 (compatible; MSIE 9.0;         | 7627      |
| http://irr.ru/index.php?showalbum/login-kupalnik                         | 4369      |
| http://irr.ru/index.php?showalbum/login-kapusta-advert27256.html_params  | 4058      |
| http://komme%2F27.0.1453.116 Safari                                      | 3021      |
+--------------------------------------------------------------------------+-----------+

=== EXPLAIN ANALYZE (Query 36, Iteration 3) ===
SortPreservingMergeExec: [pageviews@1 DESC], fetch=10, metrics=[output_rows=10, elapsed_compute=5.23µs, output_bytes=628.0 B, output_batches=1]
  SortExec: TopK(fetch=10), expr=[pageviews@1 DESC], preserve_partitioning=[true], filter=[pageviews@1 IS NULL OR pageviews@1 > 175], metrics=[output_rows=100, elapsed_compute=1.60ms, output_bytes=8.6 KB, output_batches=16, row_replacements=157]
    ProjectionExec: expr=[URL@0 as URL, count(Int64(1))@1 as pageviews], metrics=[output_rows=298.8 K, elapsed_compute=83.56µs, output_bytes=209.9 MB, output_batches=48, expr_0_eval_time=15.31µs, expr_1_eval_time=5.16µs]
      AggregateExec: mode=FinalPartitioned, gby=[URL@0 as URL], aggr=[count(Int64(1))], metrics=[output_rows=298.8 K, elapsed_compute=112.49ms, output_bytes=209.9 MB, output_batches=48, spill_count=0, spilled_bytes=0.0 B, spilled_rows=0, peak_mem_used=179.0 M, aggregate_arguments_time=120.36µs, aggregation_time=2.24ms, emitting_time=169.65µs, time_calculating_group_ids=109.37ms]
        RepartitionExec: partitioning=Hash([URL@0], 16), input_partitions=16, metrics=[output_rows=301.9 K, elapsed_compute=15.04ms, output_bytes=40.4 MB, output_batches=48, spill_count=0, spilled_bytes=0.0 B, spilled_rows=0, fetch_time=71.49ms, repartition_time=14.59ms, send_time=2.06ms]
          AggregateExec: mode=Partial, gby=[URL@0 as URL], aggr=[count(Int64(1))], metrics=[output_rows=301.9 K, elapsed_compute=44.44ms, output_bytes=1158.6 MB, output_batches=38, spill_count=0, spilled_bytes=0.0 B, spilled_rows=0, skipped_aggregation_rows=0, peak_mem_used=63.26 M, aggregate_arguments_time=234.97µs, aggregation_time=999.34µs, emitting_time=12.39µs, time_calculating_group_ids=43.06ms, reduction_factor=45% (301.9 K/671.5 K)]
            DataSourceExec: file_groups={16 groups: [[home/ec2-user/liquid-cache/benchmark/clickbench/data/hits.parquet:0..923748528], [home/ec2-user/liquid-cache/benchmark/clickbench/data/hits.parquet:923748528..1847497056], [home/ec2-user/liquid-cache/benchmark/clickbench/data/hits.parquet:1847497056..2771245584], [home/ec2-user/liquid-cache/benchmark/clickbench/data/hits.parquet:2771245584..3694994112], [home/ec2-user/liquid-cache/benchmark/clickbench/data/hits.parquet:3694994112..4618742640], [home/ec2-user/liquid-cache/benchmark/clickbench/data/hits.parquet:4618742640..5542491168], [home/ec2-user/liquid-cache/benchmark/clickbench/data/hits.parquet:5542491168..6466239696], [home/ec2-user/liquid-cache/benchmark/clickbench/data/hits.parquet:6466239696..7389988224], [home/ec2-user/liquid-cache/benchmark/clickbench/data/hits.parquet:7389988224..8313736752], [home/ec2-user/liquid-cache/benchmark/clickbench/data/hits.parquet:8313736752..9237485280], [home/ec2-user/liquid-cache/benchmark/clickbench/data/hits.parquet:9237485280..10161233808], [home/ec2-user/liquid-cache/benchmark/clickbench/data/hits.parquet:10161233808..11084982336], [home/ec2-user/liquid-cache/benchmark/clickbench/data/hits.parquet:11084982336..12008730864], [home/ec2-user/liquid-cache/benchmark/clickbench/data/hits.parquet:12008730864..12932479392], [home/ec2-user/liquid-cache/benchmark/clickbench/data/hits.parquet:12932479392..13856227920], [home/ec2-user/liquid-cache/benchmark/clickbench/data/hits.parquet:13856227920..14779976446]]}, projection=[URL], file_type=liquid_parquet, metrics=[output_rows=671.5 K, elapsed_compute=16ns, output_bytes=63.0 MB, output_batches=92, files_ranges_pruned_statistics=16 total → 16 matched, row_groups_pruned_statistics=226 total → 3 matched, row_groups_pruned_bloom_filter=0 total → 0 matched, page_index_pages_pruned=0 total → 0 matched, page_index_rows_pruned=0 total → 0 matched, limit_pruned_row_groups=0 total → 0 matched, batches_split=0, bytes_scanned=0, file_open_errors=0, file_scan_errors=0, num_predicate_creation_errors=0, predicate_evaluation_errors=0, pushdown_rows_matched=0, pushdown_rows_pruned=0, predicate_cache_inner_records=0, predicate_cache_records=0, bloom_filter_eval_time=160.41µs, metadata_load_time=3.17ms, page_index_eval_time=3.26µs, row_pushdown_eval_time=32ns, statistics_eval_time=673.03µs, time_elapsed_opening=7.16ms, time_elapsed_processing=26.76ms, time_elapsed_scanning_total=64.07ms, time_elapsed_scanning_until_data=694.52µs, scan_efficiency_ratio=N/A (0/0)]

Cache: entries=860, mem=184MB, disk=0MB
  Hits: cache_hit=92, eval_predicate=632
  Misses: cache_miss=0
  IO: read=0, write=0
  Squeeze: squeezed_success=0, squeezed_needs_io=0
Time: 77ms

+--------------------------------------------------------------------------+-----------+
| URL                                                                      | pageviews |
+--------------------------------------------------------------------------+-----------+
| http://irr.ru/index.php?showalbum/login-leniya7777294,938303130          | 102341    |
| http://komme%2F27.0.1453.116                                             | 51218     |
| http://irr.ru/index.php?showalbum/login-kapusta-advert2668]=0&order_by=0 | 18315     |
| http://irr.ru/index.php?showalbum/login-kapustic/product_name            | 16461     |
| http://irr.ru/index.php                                                  | 12577     |
| http://irr.ru/index.php?showalbum/login                                  | 10880     |
| http://komme%2F27.0.1453.116 Safari%2F5.0 (compatible; MSIE 9.0;         | 7627      |
| http://irr.ru/index.php?showalbum/login-kupalnik                         | 4369      |
| http://irr.ru/index.php?showalbum/login-kapusta-advert27256.html_params  | 4058      |
| http://komme%2F27.0.1453.116 Safari                                      | 3021      |
+--------------------------------------------------------------------------+-----------+

=== EXPLAIN ANALYZE (Query 36, Iteration 4) ===
SortPreservingMergeExec: [pageviews@1 DESC], fetch=10, metrics=[output_rows=10, elapsed_compute=5.36µs, output_bytes=628.0 B, output_batches=1]
  SortExec: TopK(fetch=10), expr=[pageviews@1 DESC], preserve_partitioning=[true], filter=[pageviews@1 IS NULL OR pageviews@1 > 175], metrics=[output_rows=103, elapsed_compute=2.05ms, output_bytes=9.0 KB, output_batches=16, row_replacements=143]
    ProjectionExec: expr=[URL@0 as URL, count(Int64(1))@1 as pageviews], metrics=[output_rows=298.8 K, elapsed_compute=106.37µs, output_bytes=209.9 MB, output_batches=48, expr_0_eval_time=20.87µs, expr_1_eval_time=5.06µs]
      AggregateExec: mode=FinalPartitioned, gby=[URL@0 as URL], aggr=[count(Int64(1))], metrics=[output_rows=298.8 K, elapsed_compute=108.77ms, output_bytes=209.9 MB, output_batches=48, spill_count=0, spilled_bytes=0.0 B, spilled_rows=0, peak_mem_used=179.0 M, aggregate_arguments_time=119.57µs, aggregation_time=2.37ms, emitting_time=215.25µs, time_calculating_group_ids=105.48ms]
        RepartitionExec: partitioning=Hash([URL@0], 16), input_partitions=16, metrics=[output_rows=301.9 K, elapsed_compute=17.19ms, output_bytes=40.4 MB, output_batches=48, spill_count=0, spilled_bytes=0.0 B, spilled_rows=0, fetch_time=65.74ms, repartition_time=15.20ms, send_time=2.58ms]
          AggregateExec: mode=Partial, gby=[URL@0 as URL], aggr=[count(Int64(1))], metrics=[output_rows=301.9 K, elapsed_compute=41.36ms, output_bytes=1158.6 MB, output_batches=38, spill_count=0, spilled_bytes=0.0 B, spilled_rows=0, skipped_aggregation_rows=0, peak_mem_used=63.26 M, aggregate_arguments_time=200.67µs, aggregation_time=941.35µs, emitting_time=11.90µs, time_calculating_group_ids=40.09ms, reduction_factor=45% (301.9 K/671.5 K)]
            DataSourceExec: file_groups={16 groups: [[home/ec2-user/liquid-cache/benchmark/clickbench/data/hits.parquet:0..923748528], [home/ec2-user/liquid-cache/benchmark/clickbench/data/hits.parquet:923748528..1847497056], [home/ec2-user/liquid-cache/benchmark/clickbench/data/hits.parquet:1847497056..2771245584], [home/ec2-user/liquid-cache/benchmark/clickbench/data/hits.parquet:2771245584..3694994112], [home/ec2-user/liquid-cache/benchmark/clickbench/data/hits.parquet:3694994112..4618742640], [home/ec2-user/liquid-cache/benchmark/clickbench/data/hits.parquet:4618742640..5542491168], [home/ec2-user/liquid-cache/benchmark/clickbench/data/hits.parquet:5542491168..6466239696], [home/ec2-user/liquid-cache/benchmark/clickbench/data/hits.parquet:6466239696..7389988224], [home/ec2-user/liquid-cache/benchmark/clickbench/data/hits.parquet:7389988224..8313736752], [home/ec2-user/liquid-cache/benchmark/clickbench/data/hits.parquet:8313736752..9237485280], [home/ec2-user/liquid-cache/benchmark/clickbench/data/hits.parquet:9237485280..10161233808], [home/ec2-user/liquid-cache/benchmark/clickbench/data/hits.parquet:10161233808..11084982336], [home/ec2-user/liquid-cache/benchmark/clickbench/data/hits.parquet:11084982336..12008730864], [home/ec2-user/liquid-cache/benchmark/clickbench/data/hits.parquet:12008730864..12932479392], [home/ec2-user/liquid-cache/benchmark/clickbench/data/hits.parquet:12932479392..13856227920], [home/ec2-user/liquid-cache/benchmark/clickbench/data/hits.parquet:13856227920..14779976446]]}, projection=[URL], file_type=liquid_parquet, metrics=[output_rows=671.5 K, elapsed_compute=16ns, output_bytes=63.0 MB, output_batches=92, files_ranges_pruned_statistics=16 total → 16 matched, row_groups_pruned_statistics=226 total → 3 matched, row_groups_pruned_bloom_filter=0 total → 0 matched, page_index_pages_pruned=0 total → 0 matched, page_index_rows_pruned=0 total → 0 matched, limit_pruned_row_groups=0 total → 0 matched, batches_split=0, bytes_scanned=0, file_open_errors=0, file_scan_errors=0, num_predicate_creation_errors=0, predicate_evaluation_errors=0, pushdown_rows_matched=0, pushdown_rows_pruned=0, predicate_cache_inner_records=0, predicate_cache_records=0, bloom_filter_eval_time=160.82µs, metadata_load_time=3.30ms, page_index_eval_time=3.36µs, row_pushdown_eval_time=32ns, statistics_eval_time=734.31µs, time_elapsed_opening=7.49ms, time_elapsed_processing=24.11ms, time_elapsed_scanning_total=57.99ms, time_elapsed_scanning_until_data=494.76µs, scan_efficiency_ratio=N/A (0/0)]

Cache: entries=860, mem=184MB, disk=0MB
  Hits: cache_hit=92, eval_predicate=632
  Misses: cache_miss=0
  IO: read=0, write=0
  Squeeze: squeezed_success=0, squeezed_needs_io=0
Time: 72ms

+--------------------------------------------------------------------------+-----------+
| URL                                                                      | pageviews |
+--------------------------------------------------------------------------+-----------+
| http://irr.ru/index.php?showalbum/login-leniya7777294,938303130          | 102341    |
| http://komme%2F27.0.1453.116                                             | 51218     |
| http://irr.ru/index.php?showalbum/login-kapusta-advert2668]=0&order_by=0 | 18315     |
| http://irr.ru/index.php?showalbum/login-kapustic/product_name            | 16461     |
| http://irr.ru/index.php                                                  | 12577     |
| http://irr.ru/index.php?showalbum/login                                  | 10880     |
| http://komme%2F27.0.1453.116 Safari%2F5.0 (compatible; MSIE 9.0;         | 7627      |
| http://irr.ru/index.php?showalbum/login-kupalnik                         | 4369      |
| http://irr.ru/index.php?showalbum/login-kapusta-advert27256.html_params  | 4058      |
| http://komme%2F27.0.1453.116 Safari                                      | 3021      |
+--------------------------------------------------------------------------+-----------+
