
=== EXPLAIN ANALYZE (Query 9, Iteration 0) ===
SortPreservingMergeExec: [c@2 DESC], fetch=10, metrics=[output_rows=10, elapsed_compute=13.15µs, output_bytes=360.0 B, output_batches=1]
  SortExec: TopK(fetch=10), expr=[c@2 DESC], preserve_partitioning=[true], filter=[c@2 IS NULL OR c@2 > 141991], metrics=[output_rows=141, elapsed_compute=1.01ms, output_bytes=5.0 KB, output_batches=16, row_replacements=154]
    ProjectionExec: expr=[RegionID@0 as RegionID, sum(hits.AdvEngineID)@1 as sum(hits.AdvEngineID), count(Int64(1))@2 as c, avg(hits.ResolutionWidth)@3 as avg(hits.ResolutionWidth), count(DISTINCT hits.UserID)@4 as count(DISTINCT hits.UserID)], metrics=[output_rows=9.04 K, elapsed_compute=70.53µs, output_bytes=403.9 KB, output_batches=16, expr_0_eval_time=21.61µs, expr_1_eval_time=2.24µs, expr_2_eval_time=2.46µs, expr_3_eval_time=1.32µs, expr_4_eval_time=870ns]
      AggregateExec: mode=FinalPartitioned, gby=[RegionID@0 as RegionID], aggr=[sum(hits.AdvEngineID), count(Int64(1)), avg(hits.ResolutionWidth), count(DISTINCT hits.UserID)], metrics=[output_rows=9.04 K, elapsed_compute=1.12s, output_bytes=403.9 KB, output_batches=16, spill_count=0, spilled_bytes=0.0 B, spilled_rows=0, peak_mem_used=541.4 M, aggregate_arguments_time=206.75µs, aggregation_time=1.11s, emitting_time=2.15ms, time_calculating_group_ids=3.90ms]
        RepartitionExec: partitioning=Hash([RegionID@0], 16), input_partitions=16, metrics=[output_rows=68.25 K, elapsed_compute=195.96ms, output_bytes=167.6 MB, output_batches=16, spill_count=0, spilled_bytes=0.0 B, spilled_rows=0, fetch_time=9.35s, repartition_time=50.63ms, send_time=716.82µs]
          AggregateExec: mode=Partial, gby=[RegionID@0 as RegionID], aggr=[sum(hits.AdvEngineID), count(Int64(1)), avg(hits.ResolutionWidth), count(DISTINCT hits.UserID)], metrics=[output_rows=68.25 K, elapsed_compute=7.09s, output_bytes=166.6 MB, output_batches=16, spill_count=0, spilled_bytes=0.0 B, spilled_rows=0, skipped_aggregation_rows=0, peak_mem_used=335.6 M, aggregate_arguments_time=179.13ms, aggregation_time=6.91s, emitting_time=132.76ms, time_calculating_group_ids=919.90ms, reduction_factor=0.068% (68.25 K/100.00 M)]
            DataSourceExec: file_groups={16 groups: [[home/ec2-user/liquid-cache/benchmark/clickbench/data/hits.parquet:0..923748528], [home/ec2-user/liquid-cache/benchmark/clickbench/data/hits.parquet:923748528..1847497056], [home/ec2-user/liquid-cache/benchmark/clickbench/data/hits.parquet:1847497056..2771245584], [home/ec2-user/liquid-cache/benchmark/clickbench/data/hits.parquet:2771245584..3694994112], [home/ec2-user/liquid-cache/benchmark/clickbench/data/hits.parquet:3694994112..4618742640], [home/ec2-user/liquid-cache/benchmark/clickbench/data/hits.parquet:4618742640..5542491168], [home/ec2-user/liquid-cache/benchmark/clickbench/data/hits.parquet:5542491168..6466239696], [home/ec2-user/liquid-cache/benchmark/clickbench/data/hits.parquet:6466239696..7389988224], [home/ec2-user/liquid-cache/benchmark/clickbench/data/hits.parquet:7389988224..8313736752], [home/ec2-user/liquid-cache/benchmark/clickbench/data/hits.parquet:8313736752..9237485280], [home/ec2-user/liquid-cache/benchmark/clickbench/data/hits.parquet:9237485280..10161233808], [home/ec2-user/liquid-cache/benchmark/clickbench/data/hits.parquet:10161233808..11084982336], [home/ec2-user/liquid-cache/benchmark/clickbench/data/hits.parquet:11084982336..12008730864], [home/ec2-user/liquid-cache/benchmark/clickbench/data/hits.parquet:12008730864..12932479392], [home/ec2-user/liquid-cache/benchmark/clickbench/data/hits.parquet:12932479392..13856227920], [home/ec2-user/liquid-cache/benchmark/clickbench/data/hits.parquet:13856227920..14779976446]]}, projection=[RegionID, UserID, ResolutionWidth, AdvEngineID], file_type=liquid_parquet, metrics=[output_rows=100.00 M, elapsed_compute=16ns, output_bytes=1527.9 MB, output_batches=12.22 K, files_ranges_pruned_statistics=16 total → 16 matched, row_groups_pruned_statistics=0 total → 0 matched, row_groups_pruned_bloom_filter=0 total → 0 matched, page_index_pages_pruned=0 total → 0 matched, page_index_rows_pruned=0 total → 0 matched, limit_pruned_row_groups=0 total → 0 matched, batches_split=0, bytes_scanned=370.6 M, file_open_errors=0, file_scan_errors=0, num_predicate_creation_errors=0, predicate_evaluation_errors=0, pushdown_rows_matched=0, pushdown_rows_pruned=0, predicate_cache_inner_records=0, predicate_cache_records=0, bloom_filter_eval_time=32ns, metadata_load_time=165.07ms, page_index_eval_time=32ns, row_pushdown_eval_time=32ns, statistics_eval_time=32ns, time_elapsed_opening=173.00ms, time_elapsed_processing=1.48s, time_elapsed_scanning_total=9.05s, time_elapsed_scanning_until_data=267.50ms, scan_efficiency_ratio=N/A (0/0)]

Cache: entries=0, mem=0MB, disk=0MB
  Hits: cache_hit=0, eval_predicate=0
  Misses: cache_miss=0
  IO: read=0, write=0
  Squeeze: squeezed_success=0, squeezed_needs_io=0
Time: 973ms

+----------+-----------------------+----------+---------------------------+-----------------------------+
| RegionID | sum(hits.AdvEngineID) | c        | avg(hits.ResolutionWidth) | count(DISTINCT hits.UserID) |
+----------+-----------------------+----------+---------------------------+-----------------------------+
| 229      | 2077656               | 18295832 | 1506.085243130785         | 2845673                     |
| 2        | 441662                | 6687587  | 1479.8386542111527        | 1081016                     |
| 208      | 285925                | 4261812  | 1285.2593246722286        | 831676                      |
| 169      | 100887                | 3320229  | 1465.9073732564832        | 604583                      |
| 32       | 81498                 | 1843518  | 1538.0376568061718        | 216010                      |
| 34       | 161779                | 1792369  | 1548.360152401654         | 299479                      |
| 184      | 55526                 | 1755192  | 1506.8082967561384        | 322661                      |
| 42       | 108820                | 1542717  | 1587.1085208758313        | 243181                      |
| 107      | 120470                | 1516690  | 1548.6028970982863        | 272448                      |
| 51       | 98212                 | 1435578  | 1579.8860354505293        | 211505                      |
+----------+-----------------------+----------+---------------------------+-----------------------------+

=== EXPLAIN ANALYZE (Query 9, Iteration 1) ===
SortPreservingMergeExec: [c@2 DESC], fetch=10, metrics=[output_rows=10, elapsed_compute=11.98µs, output_bytes=360.0 B, output_batches=1]
  SortExec: TopK(fetch=10), expr=[c@2 DESC], preserve_partitioning=[true], filter=[c@2 IS NULL OR c@2 > 141991], metrics=[output_rows=139, elapsed_compute=1.03ms, output_bytes=4.9 KB, output_batches=16, row_replacements=153]
    ProjectionExec: expr=[RegionID@0 as RegionID, sum(hits.AdvEngineID)@1 as sum(hits.AdvEngineID), count(Int64(1))@2 as c, avg(hits.ResolutionWidth)@3 as avg(hits.ResolutionWidth), count(DISTINCT hits.UserID)@4 as count(DISTINCT hits.UserID)], metrics=[output_rows=9.04 K, elapsed_compute=79.77µs, output_bytes=403.9 KB, output_batches=16, expr_0_eval_time=20.70µs, expr_1_eval_time=2.79µs, expr_2_eval_time=1.57µs, expr_3_eval_time=1.23µs, expr_4_eval_time=930ns]
      AggregateExec: mode=FinalPartitioned, gby=[RegionID@0 as RegionID], aggr=[sum(hits.AdvEngineID), count(Int64(1)), avg(hits.ResolutionWidth), count(DISTINCT hits.UserID)], metrics=[output_rows=9.04 K, elapsed_compute=1.08s, output_bytes=403.9 KB, output_batches=16, spill_count=0, spilled_bytes=0.0 B, spilled_rows=0, peak_mem_used=541.4 M, aggregate_arguments_time=179.93µs, aggregation_time=1.08s, emitting_time=2.36ms, time_calculating_group_ids=2.89ms]
        RepartitionExec: partitioning=Hash([RegionID@0], 16), input_partitions=16, metrics=[output_rows=68.25 K, elapsed_compute=225.02ms, output_bytes=167.6 MB, output_batches=16, spill_count=0, spilled_bytes=0.0 B, spilled_rows=0, fetch_time=9.34s, repartition_time=49.69ms, send_time=784.65µs]
          AggregateExec: mode=Partial, gby=[RegionID@0 as RegionID], aggr=[sum(hits.AdvEngineID), count(Int64(1)), avg(hits.ResolutionWidth), count(DISTINCT hits.UserID)], metrics=[output_rows=68.25 K, elapsed_compute=7.45s, output_bytes=166.6 MB, output_batches=16, spill_count=0, spilled_bytes=0.0 B, spilled_rows=0, skipped_aggregation_rows=0, peak_mem_used=335.6 M, aggregate_arguments_time=220.19ms, aggregation_time=7.22s, emitting_time=143.28ms, time_calculating_group_ids=920.03ms, reduction_factor=0.068% (68.25 K/100.00 M)]
            DataSourceExec: file_groups={16 groups: [[home/ec2-user/liquid-cache/benchmark/clickbench/data/hits.parquet:0..923748528], [home/ec2-user/liquid-cache/benchmark/clickbench/data/hits.parquet:923748528..1847497056], [home/ec2-user/liquid-cache/benchmark/clickbench/data/hits.parquet:1847497056..2771245584], [home/ec2-user/liquid-cache/benchmark/clickbench/data/hits.parquet:2771245584..3694994112], [home/ec2-user/liquid-cache/benchmark/clickbench/data/hits.parquet:3694994112..4618742640], [home/ec2-user/liquid-cache/benchmark/clickbench/data/hits.parquet:4618742640..5542491168], [home/ec2-user/liquid-cache/benchmark/clickbench/data/hits.parquet:5542491168..6466239696], [home/ec2-user/liquid-cache/benchmark/clickbench/data/hits.parquet:6466239696..7389988224], [home/ec2-user/liquid-cache/benchmark/clickbench/data/hits.parquet:7389988224..8313736752], [home/ec2-user/liquid-cache/benchmark/clickbench/data/hits.parquet:8313736752..9237485280], [home/ec2-user/liquid-cache/benchmark/clickbench/data/hits.parquet:9237485280..10161233808], [home/ec2-user/liquid-cache/benchmark/clickbench/data/hits.parquet:10161233808..11084982336], [home/ec2-user/liquid-cache/benchmark/clickbench/data/hits.parquet:11084982336..12008730864], [home/ec2-user/liquid-cache/benchmark/clickbench/data/hits.parquet:12008730864..12932479392], [home/ec2-user/liquid-cache/benchmark/clickbench/data/hits.parquet:12932479392..13856227920], [home/ec2-user/liquid-cache/benchmark/clickbench/data/hits.parquet:13856227920..14779976446]]}, projection=[RegionID, UserID, ResolutionWidth, AdvEngineID], file_type=liquid_parquet, metrics=[output_rows=100.00 M, elapsed_compute=16ns, output_bytes=1527.9 MB, output_batches=12.22 K, files_ranges_pruned_statistics=16 total → 16 matched, row_groups_pruned_statistics=0 total → 0 matched, row_groups_pruned_bloom_filter=0 total → 0 matched, page_index_pages_pruned=0 total → 0 matched, page_index_rows_pruned=0 total → 0 matched, limit_pruned_row_groups=0 total → 0 matched, batches_split=0, bytes_scanned=370.6 M, file_open_errors=0, file_scan_errors=0, num_predicate_creation_errors=0, predicate_evaluation_errors=0, pushdown_rows_matched=0, pushdown_rows_pruned=0, predicate_cache_inner_records=0, predicate_cache_records=0, bloom_filter_eval_time=32ns, metadata_load_time=2.42ms, page_index_eval_time=32ns, row_pushdown_eval_time=32ns, statistics_eval_time=32ns, time_elapsed_opening=3.42ms, time_elapsed_processing=1.45s, time_elapsed_scanning_total=9.19s, time_elapsed_scanning_until_data=58.81ms, scan_efficiency_ratio=N/A (0/0)]

Cache: entries=0, mem=0MB, disk=0MB
  Hits: cache_hit=0, eval_predicate=0
  Misses: cache_miss=0
  IO: read=0, write=0
  Squeeze: squeezed_success=0, squeezed_needs_io=0
Time: 929ms

+----------+-----------------------+----------+---------------------------+-----------------------------+
| RegionID | sum(hits.AdvEngineID) | c        | avg(hits.ResolutionWidth) | count(DISTINCT hits.UserID) |
+----------+-----------------------+----------+---------------------------+-----------------------------+
| 229      | 2077656               | 18295832 | 1506.085243130785         | 2845673                     |
| 2        | 441662                | 6687587  | 1479.8386542111527        | 1081016                     |
| 208      | 285925                | 4261812  | 1285.2593246722286        | 831676                      |
| 169      | 100887                | 3320229  | 1465.9073732564832        | 604583                      |
| 32       | 81498                 | 1843518  | 1538.0376568061718        | 216010                      |
| 34       | 161779                | 1792369  | 1548.360152401654         | 299479                      |
| 184      | 55526                 | 1755192  | 1506.8082967561384        | 322661                      |
| 42       | 108820                | 1542717  | 1587.1085208758313        | 243181                      |
| 107      | 120470                | 1516690  | 1548.6028970982863        | 272448                      |
| 51       | 98212                 | 1435578  | 1579.8860354505293        | 211505                      |
+----------+-----------------------+----------+---------------------------+-----------------------------+

=== EXPLAIN ANALYZE (Query 9, Iteration 2) ===
SortPreservingMergeExec: [c@2 DESC], fetch=10, metrics=[output_rows=10, elapsed_compute=12.88µs, output_bytes=360.0 B, output_batches=1]
  SortExec: TopK(fetch=10), expr=[c@2 DESC], preserve_partitioning=[true], filter=[c@2 IS NULL OR c@2 > 141991], metrics=[output_rows=139, elapsed_compute=885.16µs, output_bytes=4.9 KB, output_batches=16, row_replacements=153]
    ProjectionExec: expr=[RegionID@0 as RegionID, sum(hits.AdvEngineID)@1 as sum(hits.AdvEngineID), count(Int64(1))@2 as c, avg(hits.ResolutionWidth)@3 as avg(hits.ResolutionWidth), count(DISTINCT hits.UserID)@4 as count(DISTINCT hits.UserID)], metrics=[output_rows=9.04 K, elapsed_compute=108.30µs, output_bytes=403.9 KB, output_batches=16, expr_0_eval_time=22.84µs, expr_1_eval_time=2.25µs, expr_2_eval_time=2.58µs, expr_3_eval_time=2.20µs, expr_4_eval_time=1.93µs]
      AggregateExec: mode=FinalPartitioned, gby=[RegionID@0 as RegionID], aggr=[sum(hits.AdvEngineID), count(Int64(1)), avg(hits.ResolutionWidth), count(DISTINCT hits.UserID)], metrics=[output_rows=9.04 K, elapsed_compute=1.13s, output_bytes=403.9 KB, output_batches=16, spill_count=0, spilled_bytes=0.0 B, spilled_rows=0, peak_mem_used=541.4 M, aggregate_arguments_time=160.83µs, aggregation_time=1.13s, emitting_time=2.27ms, time_calculating_group_ids=2.77ms]
        RepartitionExec: partitioning=Hash([RegionID@0], 16), input_partitions=16, metrics=[output_rows=68.25 K, elapsed_compute=203.02ms, output_bytes=167.6 MB, output_batches=16, spill_count=0, spilled_bytes=0.0 B, spilled_rows=0, fetch_time=9.05s, repartition_time=49.79ms, send_time=460.46µs]
          AggregateExec: mode=Partial, gby=[RegionID@0 as RegionID], aggr=[sum(hits.AdvEngineID), count(Int64(1)), avg(hits.ResolutionWidth), count(DISTINCT hits.UserID)], metrics=[output_rows=68.25 K, elapsed_compute=7.28s, output_bytes=166.6 MB, output_batches=16, spill_count=0, spilled_bytes=0.0 B, spilled_rows=0, skipped_aggregation_rows=0, peak_mem_used=335.6 M, aggregate_arguments_time=203.55ms, aggregation_time=7.08s, emitting_time=143.96ms, time_calculating_group_ids=893.56ms, reduction_factor=0.068% (68.25 K/100.00 M)]
            DataSourceExec: file_groups={16 groups: [[home/ec2-user/liquid-cache/benchmark/clickbench/data/hits.parquet:0..923748528], [home/ec2-user/liquid-cache/benchmark/clickbench/data/hits.parquet:923748528..1847497056], [home/ec2-user/liquid-cache/benchmark/clickbench/data/hits.parquet:1847497056..2771245584], [home/ec2-user/liquid-cache/benchmark/clickbench/data/hits.parquet:2771245584..3694994112], [home/ec2-user/liquid-cache/benchmark/clickbench/data/hits.parquet:3694994112..4618742640], [home/ec2-user/liquid-cache/benchmark/clickbench/data/hits.parquet:4618742640..5542491168], [home/ec2-user/liquid-cache/benchmark/clickbench/data/hits.parquet:5542491168..6466239696], [home/ec2-user/liquid-cache/benchmark/clickbench/data/hits.parquet:6466239696..7389988224], [home/ec2-user/liquid-cache/benchmark/clickbench/data/hits.parquet:7389988224..8313736752], [home/ec2-user/liquid-cache/benchmark/clickbench/data/hits.parquet:8313736752..9237485280], [home/ec2-user/liquid-cache/benchmark/clickbench/data/hits.parquet:9237485280..10161233808], [home/ec2-user/liquid-cache/benchmark/clickbench/data/hits.parquet:10161233808..11084982336], [home/ec2-user/liquid-cache/benchmark/clickbench/data/hits.parquet:11084982336..12008730864], [home/ec2-user/liquid-cache/benchmark/clickbench/data/hits.parquet:12008730864..12932479392], [home/ec2-user/liquid-cache/benchmark/clickbench/data/hits.parquet:12932479392..13856227920], [home/ec2-user/liquid-cache/benchmark/clickbench/data/hits.parquet:13856227920..14779976446]]}, projection=[RegionID, UserID, ResolutionWidth, AdvEngineID], file_type=liquid_parquet, metrics=[output_rows=100.00 M, elapsed_compute=16ns, output_bytes=1527.9 MB, output_batches=12.22 K, files_ranges_pruned_statistics=16 total → 16 matched, row_groups_pruned_statistics=0 total → 0 matched, row_groups_pruned_bloom_filter=0 total → 0 matched, page_index_pages_pruned=0 total → 0 matched, page_index_rows_pruned=0 total → 0 matched, limit_pruned_row_groups=0 total → 0 matched, batches_split=0, bytes_scanned=370.6 M, file_open_errors=0, file_scan_errors=0, num_predicate_creation_errors=0, predicate_evaluation_errors=0, pushdown_rows_matched=0, pushdown_rows_pruned=0, predicate_cache_inner_records=0, predicate_cache_records=0, bloom_filter_eval_time=32ns, metadata_load_time=2.78ms, page_index_eval_time=32ns, row_pushdown_eval_time=32ns, statistics_eval_time=32ns, time_elapsed_opening=3.88ms, time_elapsed_processing=1.36s, time_elapsed_scanning_total=8.90s, time_elapsed_scanning_until_data=62.21ms, scan_efficiency_ratio=N/A (0/0)]

Cache: entries=0, mem=0MB, disk=0MB
  Hits: cache_hit=0, eval_predicate=0
  Misses: cache_miss=0
  IO: read=0, write=0
  Squeeze: squeezed_success=0, squeezed_needs_io=0
Time: 931ms

+----------+-----------------------+----------+---------------------------+-----------------------------+
| RegionID | sum(hits.AdvEngineID) | c        | avg(hits.ResolutionWidth) | count(DISTINCT hits.UserID) |
+----------+-----------------------+----------+---------------------------+-----------------------------+
| 229      | 2077656               | 18295832 | 1506.085243130785         | 2845673                     |
| 2        | 441662                | 6687587  | 1479.8386542111527        | 1081016                     |
| 208      | 285925                | 4261812  | 1285.2593246722286        | 831676                      |
| 169      | 100887                | 3320229  | 1465.9073732564832        | 604583                      |
| 32       | 81498                 | 1843518  | 1538.0376568061718        | 216010                      |
| 34       | 161779                | 1792369  | 1548.360152401654         | 299479                      |
| 184      | 55526                 | 1755192  | 1506.8082967561384        | 322661                      |
| 42       | 108820                | 1542717  | 1587.1085208758313        | 243181                      |
| 107      | 120470                | 1516690  | 1548.6028970982863        | 272448                      |
| 51       | 98212                 | 1435578  | 1579.8860354505293        | 211505                      |
+----------+-----------------------+----------+---------------------------+-----------------------------+

=== EXPLAIN ANALYZE (Query 9, Iteration 3) ===
SortPreservingMergeExec: [c@2 DESC], fetch=10, metrics=[output_rows=10, elapsed_compute=12.95µs, output_bytes=360.0 B, output_batches=1]
  SortExec: TopK(fetch=10), expr=[c@2 DESC], preserve_partitioning=[true], filter=[c@2 IS NULL OR c@2 > 141991], metrics=[output_rows=138, elapsed_compute=942.59µs, output_bytes=4.9 KB, output_batches=16, row_replacements=152]
    ProjectionExec: expr=[RegionID@0 as RegionID, sum(hits.AdvEngineID)@1 as sum(hits.AdvEngineID), count(Int64(1))@2 as c, avg(hits.ResolutionWidth)@3 as avg(hits.ResolutionWidth), count(DISTINCT hits.UserID)@4 as count(DISTINCT hits.UserID)], metrics=[output_rows=9.04 K, elapsed_compute=78.41µs, output_bytes=403.9 KB, output_batches=16, expr_0_eval_time=18.50µs, expr_1_eval_time=2.54µs, expr_2_eval_time=2.34µs, expr_3_eval_time=2.56µs, expr_4_eval_time=1.81µs]
      AggregateExec: mode=FinalPartitioned, gby=[RegionID@0 as RegionID], aggr=[sum(hits.AdvEngineID), count(Int64(1)), avg(hits.ResolutionWidth), count(DISTINCT hits.UserID)], metrics=[output_rows=9.04 K, elapsed_compute=1.10s, output_bytes=403.9 KB, output_batches=16, spill_count=0, spilled_bytes=0.0 B, spilled_rows=0, peak_mem_used=541.4 M, aggregate_arguments_time=193.49µs, aggregation_time=1.10s, emitting_time=2.36ms, time_calculating_group_ids=3.12ms]
        RepartitionExec: partitioning=Hash([RegionID@0], 16), input_partitions=16, metrics=[output_rows=68.25 K, elapsed_compute=200.84ms, output_bytes=167.6 MB, output_batches=16, spill_count=0, spilled_bytes=0.0 B, spilled_rows=0, fetch_time=9.19s, repartition_time=50.41ms, send_time=440.77µs]
          AggregateExec: mode=Partial, gby=[RegionID@0 as RegionID], aggr=[sum(hits.AdvEngineID), count(Int64(1)), avg(hits.ResolutionWidth), count(DISTINCT hits.UserID)], metrics=[output_rows=68.25 K, elapsed_compute=7.30s, output_bytes=166.6 MB, output_batches=16, spill_count=0, spilled_bytes=0.0 B, spilled_rows=0, skipped_aggregation_rows=0, peak_mem_used=335.6 M, aggregate_arguments_time=189.85ms, aggregation_time=7.12s, emitting_time=142.81ms, time_calculating_group_ids=890.44ms, reduction_factor=0.068% (68.25 K/100.00 M)]
            DataSourceExec: file_groups={16 groups: [[home/ec2-user/liquid-cache/benchmark/clickbench/data/hits.parquet:0..923748528], [home/ec2-user/liquid-cache/benchmark/clickbench/data/hits.parquet:923748528..1847497056], [home/ec2-user/liquid-cache/benchmark/clickbench/data/hits.parquet:1847497056..2771245584], [home/ec2-user/liquid-cache/benchmark/clickbench/data/hits.parquet:2771245584..3694994112], [home/ec2-user/liquid-cache/benchmark/clickbench/data/hits.parquet:3694994112..4618742640], [home/ec2-user/liquid-cache/benchmark/clickbench/data/hits.parquet:4618742640..5542491168], [home/ec2-user/liquid-cache/benchmark/clickbench/data/hits.parquet:5542491168..6466239696], [home/ec2-user/liquid-cache/benchmark/clickbench/data/hits.parquet:6466239696..7389988224], [home/ec2-user/liquid-cache/benchmark/clickbench/data/hits.parquet:7389988224..8313736752], [home/ec2-user/liquid-cache/benchmark/clickbench/data/hits.parquet:8313736752..9237485280], [home/ec2-user/liquid-cache/benchmark/clickbench/data/hits.parquet:9237485280..10161233808], [home/ec2-user/liquid-cache/benchmark/clickbench/data/hits.parquet:10161233808..11084982336], [home/ec2-user/liquid-cache/benchmark/clickbench/data/hits.parquet:11084982336..12008730864], [home/ec2-user/liquid-cache/benchmark/clickbench/data/hits.parquet:12008730864..12932479392], [home/ec2-user/liquid-cache/benchmark/clickbench/data/hits.parquet:12932479392..13856227920], [home/ec2-user/liquid-cache/benchmark/clickbench/data/hits.parquet:13856227920..14779976446]]}, projection=[RegionID, UserID, ResolutionWidth, AdvEngineID], file_type=liquid_parquet, metrics=[output_rows=100.00 M, elapsed_compute=16ns, output_bytes=1527.9 MB, output_batches=12.22 K, files_ranges_pruned_statistics=16 total → 16 matched, row_groups_pruned_statistics=0 total → 0 matched, row_groups_pruned_bloom_filter=0 total → 0 matched, page_index_pages_pruned=0 total → 0 matched, page_index_rows_pruned=0 total → 0 matched, limit_pruned_row_groups=0 total → 0 matched, batches_split=0, bytes_scanned=370.6 M, file_open_errors=0, file_scan_errors=0, num_predicate_creation_errors=0, predicate_evaluation_errors=0, pushdown_rows_matched=0, pushdown_rows_pruned=0, predicate_cache_inner_records=0, predicate_cache_records=0, bloom_filter_eval_time=32ns, metadata_load_time=2.85ms, page_index_eval_time=32ns, row_pushdown_eval_time=32ns, statistics_eval_time=32ns, time_elapsed_opening=3.97ms, time_elapsed_processing=1.41s, time_elapsed_scanning_total=9.04s, time_elapsed_scanning_until_data=60.93ms, scan_efficiency_ratio=N/A (0/0)]

Cache: entries=0, mem=0MB, disk=0MB
  Hits: cache_hit=0, eval_predicate=0
  Misses: cache_miss=0
  IO: read=0, write=0
  Squeeze: squeezed_success=0, squeezed_needs_io=0
Time: 925ms

+----------+-----------------------+----------+---------------------------+-----------------------------+
| RegionID | sum(hits.AdvEngineID) | c        | avg(hits.ResolutionWidth) | count(DISTINCT hits.UserID) |
+----------+-----------------------+----------+---------------------------+-----------------------------+
| 229      | 2077656               | 18295832 | 1506.085243130785         | 2845673                     |
| 2        | 441662                | 6687587  | 1479.8386542111527        | 1081016                     |
| 208      | 285925                | 4261812  | 1285.2593246722286        | 831676                      |
| 169      | 100887                | 3320229  | 1465.9073732564832        | 604583                      |
| 32       | 81498                 | 1843518  | 1538.0376568061718        | 216010                      |
| 34       | 161779                | 1792369  | 1548.360152401654         | 299479                      |
| 184      | 55526                 | 1755192  | 1506.8082967561384        | 322661                      |
| 42       | 108820                | 1542717  | 1587.1085208758313        | 243181                      |
| 107      | 120470                | 1516690  | 1548.6028970982863        | 272448                      |
| 51       | 98212                 | 1435578  | 1579.8860354505293        | 211505                      |
+----------+-----------------------+----------+---------------------------+-----------------------------+

=== EXPLAIN ANALYZE (Query 9, Iteration 4) ===
SortPreservingMergeExec: [c@2 DESC], fetch=10, metrics=[output_rows=10, elapsed_compute=13.13µs, output_bytes=360.0 B, output_batches=1]
  SortExec: TopK(fetch=10), expr=[c@2 DESC], preserve_partitioning=[true], filter=[c@2 IS NULL OR c@2 > 141991], metrics=[output_rows=140, elapsed_compute=1.02ms, output_bytes=4.9 KB, output_batches=16, row_replacements=151]
    ProjectionExec: expr=[RegionID@0 as RegionID, sum(hits.AdvEngineID)@1 as sum(hits.AdvEngineID), count(Int64(1))@2 as c, avg(hits.ResolutionWidth)@3 as avg(hits.ResolutionWidth), count(DISTINCT hits.UserID)@4 as count(DISTINCT hits.UserID)], metrics=[output_rows=9.04 K, elapsed_compute=83.96µs, output_bytes=403.9 KB, output_batches=16, expr_0_eval_time=22.00µs, expr_1_eval_time=2.65µs, expr_2_eval_time=2.40µs, expr_3_eval_time=2.20µs, expr_4_eval_time=2.72µs]
      AggregateExec: mode=FinalPartitioned, gby=[RegionID@0 as RegionID], aggr=[sum(hits.AdvEngineID), count(Int64(1)), avg(hits.ResolutionWidth), count(DISTINCT hits.UserID)], metrics=[output_rows=9.04 K, elapsed_compute=1.08s, output_bytes=403.9 KB, output_batches=16, spill_count=0, spilled_bytes=0.0 B, spilled_rows=0, peak_mem_used=541.4 M, aggregate_arguments_time=170.31µs, aggregation_time=1.08s, emitting_time=2.19ms, time_calculating_group_ids=3.10ms]
        RepartitionExec: partitioning=Hash([RegionID@0], 16), input_partitions=16, metrics=[output_rows=68.25 K, elapsed_compute=187.62ms, output_bytes=167.6 MB, output_batches=16, spill_count=0, spilled_bytes=0.0 B, spilled_rows=0, fetch_time=9.14s, repartition_time=52.46ms, send_time=569.82µs]
          AggregateExec: mode=Partial, gby=[RegionID@0 as RegionID], aggr=[sum(hits.AdvEngineID), count(Int64(1)), avg(hits.ResolutionWidth), count(DISTINCT hits.UserID)], metrics=[output_rows=68.25 K, elapsed_compute=7.33s, output_bytes=166.6 MB, output_batches=16, spill_count=0, spilled_bytes=0.0 B, spilled_rows=0, skipped_aggregation_rows=0, peak_mem_used=335.6 M, aggregate_arguments_time=188.24ms, aggregation_time=7.09s, emitting_time=168.41ms, time_calculating_group_ids=908.04ms, reduction_factor=0.068% (68.25 K/100.00 M)]
            DataSourceExec: file_groups={16 groups: [[home/ec2-user/liquid-cache/benchmark/clickbench/data/hits.parquet:0..923748528], [home/ec2-user/liquid-cache/benchmark/clickbench/data/hits.parquet:923748528..1847497056], [home/ec2-user/liquid-cache/benchmark/clickbench/data/hits.parquet:1847497056..2771245584], [home/ec2-user/liquid-cache/benchmark/clickbench/data/hits.parquet:2771245584..3694994112], [home/ec2-user/liquid-cache/benchmark/clickbench/data/hits.parquet:3694994112..4618742640], [home/ec2-user/liquid-cache/benchmark/clickbench/data/hits.parquet:4618742640..5542491168], [home/ec2-user/liquid-cache/benchmark/clickbench/data/hits.parquet:5542491168..6466239696], [home/ec2-user/liquid-cache/benchmark/clickbench/data/hits.parquet:6466239696..7389988224], [home/ec2-user/liquid-cache/benchmark/clickbench/data/hits.parquet:7389988224..8313736752], [home/ec2-user/liquid-cache/benchmark/clickbench/data/hits.parquet:8313736752..9237485280], [home/ec2-user/liquid-cache/benchmark/clickbench/data/hits.parquet:9237485280..10161233808], [home/ec2-user/liquid-cache/benchmark/clickbench/data/hits.parquet:10161233808..11084982336], [home/ec2-user/liquid-cache/benchmark/clickbench/data/hits.parquet:11084982336..12008730864], [home/ec2-user/liquid-cache/benchmark/clickbench/data/hits.parquet:12008730864..12932479392], [home/ec2-user/liquid-cache/benchmark/clickbench/data/hits.parquet:12932479392..13856227920], [home/ec2-user/liquid-cache/benchmark/clickbench/data/hits.parquet:13856227920..14779976446]]}, projection=[RegionID, UserID, ResolutionWidth, AdvEngineID], file_type=liquid_parquet, metrics=[output_rows=100.00 M, elapsed_compute=16ns, output_bytes=1527.9 MB, output_batches=12.22 K, files_ranges_pruned_statistics=16 total → 16 matched, row_groups_pruned_statistics=0 total → 0 matched, row_groups_pruned_bloom_filter=0 total → 0 matched, page_index_pages_pruned=0 total → 0 matched, page_index_rows_pruned=0 total → 0 matched, limit_pruned_row_groups=0 total → 0 matched, batches_split=0, bytes_scanned=370.6 M, file_open_errors=0, file_scan_errors=0, num_predicate_creation_errors=0, predicate_evaluation_errors=0, pushdown_rows_matched=0, pushdown_rows_pruned=0, predicate_cache_inner_records=0, predicate_cache_records=0, bloom_filter_eval_time=32ns, metadata_load_time=3.00ms, page_index_eval_time=32ns, row_pushdown_eval_time=32ns, statistics_eval_time=32ns, time_elapsed_opening=4.31ms, time_elapsed_processing=1.39s, time_elapsed_scanning_total=8.97s, time_elapsed_scanning_until_data=77.32ms, scan_efficiency_ratio=N/A (0/0)]

Cache: entries=0, mem=0MB, disk=0MB
  Hits: cache_hit=0, eval_predicate=0
  Misses: cache_miss=0
  IO: read=0, write=0
  Squeeze: squeezed_success=0, squeezed_needs_io=0
Time: 896ms

+----------+-----------------------+----------+---------------------------+-----------------------------+
| RegionID | sum(hits.AdvEngineID) | c        | avg(hits.ResolutionWidth) | count(DISTINCT hits.UserID) |
+----------+-----------------------+----------+---------------------------+-----------------------------+
| 229      | 2077656               | 18295832 | 1506.085243130785         | 2845673                     |
| 2        | 441662                | 6687587  | 1479.8386542111527        | 1081016                     |
| 208      | 285925                | 4261812  | 1285.2593246722286        | 831676                      |
| 169      | 100887                | 3320229  | 1465.9073732564832        | 604583                      |
| 32       | 81498                 | 1843518  | 1538.0376568061718        | 216010                      |
| 34       | 161779                | 1792369  | 1548.360152401654         | 299479                      |
| 184      | 55526                 | 1755192  | 1506.8082967561384        | 322661                      |
| 42       | 108820                | 1542717  | 1587.1085208758313        | 243181                      |
| 107      | 120470                | 1516690  | 1548.6028970982863        | 272448                      |
| 51       | 98212                 | 1435578  | 1579.8860354505293        | 211505                      |
+----------+-----------------------+----------+---------------------------+-----------------------------+
