
=== EXPLAIN ANALYZE (Query 42, Iteration 0) ===
GlobalLimitExec: skip=1000, fetch=10, metrics=[output_rows=10, elapsed_compute=10.72µs, output_bytes=15.8 KB, output_batches=1]
  SortPreservingMergeExec: [date_trunc(minute, m@0) ASC NULLS LAST], fetch=1010, metrics=[output_rows=1.01 K, elapsed_compute=63.66µs, output_bytes=15.8 KB, output_batches=1]
    SortExec: TopK(fetch=1010), expr=[date_trunc(minute, m@0) ASC NULLS LAST], preserve_partitioning=[true], metrics=[output_rows=1.44 K, elapsed_compute=49.61ms, output_bytes=22.5 KB, output_batches=16, row_replacements=1.44 K]
      ProjectionExec: expr=[date_trunc(Utf8("minute"),to_timestamp_seconds(hits.EventTime))@0 as m, count(Int64(1))@1 as pageviews], metrics=[output_rows=1.44 K, elapsed_compute=21.93µs, output_bytes=27.2 KB, output_batches=16, expr_0_eval_time=4.32µs, expr_1_eval_time=1.45µs]
        AggregateExec: mode=FinalPartitioned, gby=[date_trunc(Utf8("minute"),to_timestamp_seconds(hits.EventTime))@0 as date_trunc(Utf8("minute"),to_timestamp_seconds(hits.EventTime))], aggr=[count(Int64(1))], metrics=[output_rows=1.44 K, elapsed_compute=368.76µs, output_bytes=27.2 KB, output_batches=16, spill_count=0, spilled_bytes=0.0 B, spilled_rows=0, peak_mem_used=204.3 K, aggregate_arguments_time=12.55µs, aggregation_time=22.11µs, emitting_time=24.38µs, time_calculating_group_ids=136.53µs]
          RepartitionExec: partitioning=Hash([date_trunc(Utf8("minute"),to_timestamp_seconds(hits.EventTime))@0], 16), input_partitions=16, metrics=[output_rows=2.88 K, elapsed_compute=10.32ms, output_bytes=2.0 MB, output_batches=16, spill_count=0, spilled_bytes=0.0 B, spilled_rows=0, fetch_time=482.58ms, repartition_time=4.30ms, send_time=25.73µs]
            AggregateExec: mode=Partial, gby=[date_trunc(minute, to_timestamp_seconds(EventTime@0)) as date_trunc(Utf8("minute"),to_timestamp_seconds(hits.EventTime))], aggr=[count(Int64(1))], metrics=[output_rows=2.88 K, elapsed_compute=12.13ms, output_bytes=68.7 KB, output_batches=2, spill_count=0, spilled_bytes=0.0 B, spilled_rows=0, skipped_aggregation_rows=0, peak_mem_used=259.8 K, aggregate_arguments_time=184.14µs, aggregation_time=2.30ms, emitting_time=9.82µs, time_calculating_group_ids=3.73ms, reduction_factor=0.43% (2.88 K/671.5 K)]
              DataSourceExec: file_groups={16 groups: [[home/ec2-user/liquid-cache/benchmark/clickbench/data/hits.parquet:0..923748528], [home/ec2-user/liquid-cache/benchmark/clickbench/data/hits.parquet:923748528..1847497056], [home/ec2-user/liquid-cache/benchmark/clickbench/data/hits.parquet:1847497056..2771245584], [home/ec2-user/liquid-cache/benchmark/clickbench/data/hits.parquet:2771245584..3694994112], [home/ec2-user/liquid-cache/benchmark/clickbench/data/hits.parquet:3694994112..4618742640], [home/ec2-user/liquid-cache/benchmark/clickbench/data/hits.parquet:4618742640..5542491168], [home/ec2-user/liquid-cache/benchmark/clickbench/data/hits.parquet:5542491168..6466239696], [home/ec2-user/liquid-cache/benchmark/clickbench/data/hits.parquet:6466239696..7389988224], [home/ec2-user/liquid-cache/benchmark/clickbench/data/hits.parquet:7389988224..8313736752], [home/ec2-user/liquid-cache/benchmark/clickbench/data/hits.parquet:8313736752..9237485280], [home/ec2-user/liquid-cache/benchmark/clickbench/data/hits.parquet:9237485280..10161233808], [home/ec2-user/liquid-cache/benchmark/clickbench/data/hits.parquet:10161233808..11084982336], [home/ec2-user/liquid-cache/benchmark/clickbench/data/hits.parquet:11084982336..12008730864], [home/ec2-user/liquid-cache/benchmark/clickbench/data/hits.parquet:12008730864..12932479392], [home/ec2-user/liquid-cache/benchmark/clickbench/data/hits.parquet:12932479392..13856227920], [home/ec2-user/liquid-cache/benchmark/clickbench/data/hits.parquet:13856227920..14779976446]]}, projection=[EventTime], file_type=liquid_parquet, metrics=[output_rows=671.5 K, elapsed_compute=16ns, output_bytes=5.1 MB, output_batches=92, files_ranges_pruned_statistics=16 total → 16 matched, row_groups_pruned_statistics=226 total → 3 matched, row_groups_pruned_bloom_filter=0 total → 0 matched, page_index_pages_pruned=0 total → 0 matched, page_index_rows_pruned=0 total → 0 matched, limit_pruned_row_groups=0 total → 0 matched, batches_split=0, bytes_scanned=4.78 M, file_open_errors=0, file_scan_errors=0, num_predicate_creation_errors=0, predicate_evaluation_errors=0, pushdown_rows_matched=0, pushdown_rows_pruned=0, predicate_cache_inner_records=0, predicate_cache_records=0, bloom_filter_eval_time=151.78µs, metadata_load_time=236.56ms, page_index_eval_time=6.43µs, row_pushdown_eval_time=32ns, statistics_eval_time=16.50ms, time_elapsed_opening=390.37ms, time_elapsed_processing=218.11ms, time_elapsed_scanning_total=87.90ms, time_elapsed_scanning_until_data=29.14ms, scan_efficiency_ratio=N/A (0/0)]

Cache: entries=688, mem=0MB, disk=0MB
  Hits: cache_hit=0, eval_predicate=712
  Misses: cache_miss=172
  IO: read=0, write=9
  Squeeze: squeezed_success=0, squeezed_needs_io=0
Time: 358ms

+---------------------+-----------+
| m                   | pageviews |
+---------------------+-----------+
| 2013-07-15T12:40:00 | 513       |
| 2013-07-15T12:41:00 | 457       |
| 2013-07-15T12:42:00 | 470       |
| 2013-07-15T12:43:00 | 468       |
| 2013-07-15T12:44:00 | 453       |
| 2013-07-15T12:45:00 | 462       |
| 2013-07-15T12:46:00 | 481       |
| 2013-07-15T12:47:00 | 458       |
| 2013-07-15T12:48:00 | 466       |
| 2013-07-15T12:49:00 | 467       |
+---------------------+-----------+

=== EXPLAIN ANALYZE (Query 42, Iteration 1) ===
GlobalLimitExec: skip=1000, fetch=10, metrics=[output_rows=10, elapsed_compute=10.04µs, output_bytes=15.8 KB, output_batches=1]
  SortPreservingMergeExec: [date_trunc(minute, m@0) ASC NULLS LAST], fetch=1010, metrics=[output_rows=1.01 K, elapsed_compute=62.05µs, output_bytes=15.8 KB, output_batches=1]
    SortExec: TopK(fetch=1010), expr=[date_trunc(minute, m@0) ASC NULLS LAST], preserve_partitioning=[true], metrics=[output_rows=1.44 K, elapsed_compute=412.75µs, output_bytes=22.5 KB, output_batches=16, row_replacements=1.44 K]
      ProjectionExec: expr=[date_trunc(Utf8("minute"),to_timestamp_seconds(hits.EventTime))@0 as m, count(Int64(1))@1 as pageviews], metrics=[output_rows=1.44 K, elapsed_compute=12.32µs, output_bytes=27.2 KB, output_batches=16, expr_0_eval_time=2.15µs, expr_1_eval_time=1.25µs]
        AggregateExec: mode=FinalPartitioned, gby=[date_trunc(Utf8("minute"),to_timestamp_seconds(hits.EventTime))@0 as date_trunc(Utf8("minute"),to_timestamp_seconds(hits.EventTime))], aggr=[count(Int64(1))], metrics=[output_rows=1.44 K, elapsed_compute=182.78µs, output_bytes=27.2 KB, output_batches=16, spill_count=0, spilled_bytes=0.0 B, spilled_rows=0, peak_mem_used=204.3 K, aggregate_arguments_time=7.37µs, aggregation_time=12.79µs, emitting_time=12.20µs, time_calculating_group_ids=66.10µs]
          RepartitionExec: partitioning=Hash([date_trunc(Utf8("minute"),to_timestamp_seconds(hits.EventTime))@0], 16), input_partitions=16, metrics=[output_rows=2.88 K, elapsed_compute=118.03µs, output_bytes=2.0 MB, output_batches=16, spill_count=0, spilled_bytes=0.0 B, spilled_rows=0, fetch_time=33.26ms, repartition_time=62.30µs, send_time=23.84µs]
            AggregateExec: mode=Partial, gby=[date_trunc(minute, to_timestamp_seconds(EventTime@0)) as date_trunc(Utf8("minute"),to_timestamp_seconds(hits.EventTime))], aggr=[count(Int64(1))], metrics=[output_rows=2.88 K, elapsed_compute=7.23ms, output_bytes=68.7 KB, output_batches=2, spill_count=0, spilled_bytes=0.0 B, spilled_rows=0, skipped_aggregation_rows=0, peak_mem_used=259.8 K, aggregate_arguments_time=188.34µs, aggregation_time=566.37µs, emitting_time=3.48µs, time_calculating_group_ids=4.71ms, reduction_factor=0.43% (2.88 K/671.5 K)]
              DataSourceExec: file_groups={16 groups: [[home/ec2-user/liquid-cache/benchmark/clickbench/data/hits.parquet:0..923748528], [home/ec2-user/liquid-cache/benchmark/clickbench/data/hits.parquet:923748528..1847497056], [home/ec2-user/liquid-cache/benchmark/clickbench/data/hits.parquet:1847497056..2771245584], [home/ec2-user/liquid-cache/benchmark/clickbench/data/hits.parquet:2771245584..3694994112], [home/ec2-user/liquid-cache/benchmark/clickbench/data/hits.parquet:3694994112..4618742640], [home/ec2-user/liquid-cache/benchmark/clickbench/data/hits.parquet:4618742640..5542491168], [home/ec2-user/liquid-cache/benchmark/clickbench/data/hits.parquet:5542491168..6466239696], [home/ec2-user/liquid-cache/benchmark/clickbench/data/hits.parquet:6466239696..7389988224], [home/ec2-user/liquid-cache/benchmark/clickbench/data/hits.parquet:7389988224..8313736752], [home/ec2-user/liquid-cache/benchmark/clickbench/data/hits.parquet:8313736752..9237485280], [home/ec2-user/liquid-cache/benchmark/clickbench/data/hits.parquet:9237485280..10161233808], [home/ec2-user/liquid-cache/benchmark/clickbench/data/hits.parquet:10161233808..11084982336], [home/ec2-user/liquid-cache/benchmark/clickbench/data/hits.parquet:11084982336..12008730864], [home/ec2-user/liquid-cache/benchmark/clickbench/data/hits.parquet:12008730864..12932479392], [home/ec2-user/liquid-cache/benchmark/clickbench/data/hits.parquet:12932479392..13856227920], [home/ec2-user/liquid-cache/benchmark/clickbench/data/hits.parquet:13856227920..14779976446]]}, projection=[EventTime], file_type=liquid_parquet, metrics=[output_rows=671.5 K, elapsed_compute=16ns, output_bytes=5.1 MB, output_batches=92, files_ranges_pruned_statistics=16 total → 16 matched, row_groups_pruned_statistics=226 total → 3 matched, row_groups_pruned_bloom_filter=0 total → 0 matched, page_index_pages_pruned=0 total → 0 matched, page_index_rows_pruned=0 total → 0 matched, limit_pruned_row_groups=0 total → 0 matched, batches_split=0, bytes_scanned=4.78 M, file_open_errors=0, file_scan_errors=0, num_predicate_creation_errors=0, predicate_evaluation_errors=0, pushdown_rows_matched=0, pushdown_rows_pruned=0, predicate_cache_inner_records=0, predicate_cache_records=0, bloom_filter_eval_time=198.09µs, metadata_load_time=3.75ms, page_index_eval_time=5.61µs, row_pushdown_eval_time=32ns, statistics_eval_time=746.32µs, time_elapsed_opening=8.12ms, time_elapsed_processing=23.69ms, time_elapsed_scanning_total=24.98ms, time_elapsed_scanning_until_data=5.67ms, scan_efficiency_ratio=N/A (0/0)]

Cache: entries=688, mem=0MB, disk=0MB
  Hits: cache_hit=0, eval_predicate=540
  Misses: cache_miss=0
  IO: read=2, write=0
  Squeeze: squeezed_success=0, squeezed_needs_io=0
Time: 22ms

+---------------------+-----------+
| m                   | pageviews |
+---------------------+-----------+
| 2013-07-15T12:40:00 | 513       |
| 2013-07-15T12:41:00 | 457       |
| 2013-07-15T12:42:00 | 470       |
| 2013-07-15T12:43:00 | 468       |
| 2013-07-15T12:44:00 | 453       |
| 2013-07-15T12:45:00 | 462       |
| 2013-07-15T12:46:00 | 481       |
| 2013-07-15T12:47:00 | 458       |
| 2013-07-15T12:48:00 | 466       |
| 2013-07-15T12:49:00 | 467       |
+---------------------+-----------+

=== EXPLAIN ANALYZE (Query 42, Iteration 2) ===
GlobalLimitExec: skip=1000, fetch=10, metrics=[output_rows=10, elapsed_compute=7.68µs, output_bytes=15.8 KB, output_batches=1]
  SortPreservingMergeExec: [date_trunc(minute, m@0) ASC NULLS LAST], fetch=1010, metrics=[output_rows=1.01 K, elapsed_compute=64.97µs, output_bytes=15.8 KB, output_batches=1]
    SortExec: TopK(fetch=1010), expr=[date_trunc(minute, m@0) ASC NULLS LAST], preserve_partitioning=[true], metrics=[output_rows=1.44 K, elapsed_compute=392.38µs, output_bytes=22.5 KB, output_batches=16, row_replacements=1.44 K]
      ProjectionExec: expr=[date_trunc(Utf8("minute"),to_timestamp_seconds(hits.EventTime))@0 as m, count(Int64(1))@1 as pageviews], metrics=[output_rows=1.44 K, elapsed_compute=11.70µs, output_bytes=27.2 KB, output_batches=16, expr_0_eval_time=2.24µs, expr_1_eval_time=1.27µs]
        AggregateExec: mode=FinalPartitioned, gby=[date_trunc(Utf8("minute"),to_timestamp_seconds(hits.EventTime))@0 as date_trunc(Utf8("minute"),to_timestamp_seconds(hits.EventTime))], aggr=[count(Int64(1))], metrics=[output_rows=1.44 K, elapsed_compute=190.90µs, output_bytes=27.2 KB, output_batches=16, spill_count=0, spilled_bytes=0.0 B, spilled_rows=0, peak_mem_used=204.3 K, aggregate_arguments_time=6.88µs, aggregation_time=11.31µs, emitting_time=11.23µs, time_calculating_group_ids=68.66µs]
          RepartitionExec: partitioning=Hash([date_trunc(Utf8("minute"),to_timestamp_seconds(hits.EventTime))@0], 16), input_partitions=16, metrics=[output_rows=2.88 K, elapsed_compute=100.80µs, output_bytes=2.0 MB, output_batches=16, spill_count=0, spilled_bytes=0.0 B, spilled_rows=0, fetch_time=27.28ms, repartition_time=47.96µs, send_time=19.77µs]
            AggregateExec: mode=Partial, gby=[date_trunc(minute, to_timestamp_seconds(EventTime@0)) as date_trunc(Utf8("minute"),to_timestamp_seconds(hits.EventTime))], aggr=[count(Int64(1))], metrics=[output_rows=2.88 K, elapsed_compute=5.56ms, output_bytes=68.7 KB, output_batches=2, spill_count=0, spilled_bytes=0.0 B, spilled_rows=0, skipped_aggregation_rows=0, peak_mem_used=259.8 K, aggregate_arguments_time=151.87µs, aggregation_time=325.28µs, emitting_time=2.62µs, time_calculating_group_ids=3.59ms, reduction_factor=0.43% (2.88 K/671.5 K)]
              DataSourceExec: file_groups={16 groups: [[home/ec2-user/liquid-cache/benchmark/clickbench/data/hits.parquet:0..923748528], [home/ec2-user/liquid-cache/benchmark/clickbench/data/hits.parquet:923748528..1847497056], [home/ec2-user/liquid-cache/benchmark/clickbench/data/hits.parquet:1847497056..2771245584], [home/ec2-user/liquid-cache/benchmark/clickbench/data/hits.parquet:2771245584..3694994112], [home/ec2-user/liquid-cache/benchmark/clickbench/data/hits.parquet:3694994112..4618742640], [home/ec2-user/liquid-cache/benchmark/clickbench/data/hits.parquet:4618742640..5542491168], [home/ec2-user/liquid-cache/benchmark/clickbench/data/hits.parquet:5542491168..6466239696], [home/ec2-user/liquid-cache/benchmark/clickbench/data/hits.parquet:6466239696..7389988224], [home/ec2-user/liquid-cache/benchmark/clickbench/data/hits.parquet:7389988224..8313736752], [home/ec2-user/liquid-cache/benchmark/clickbench/data/hits.parquet:8313736752..9237485280], [home/ec2-user/liquid-cache/benchmark/clickbench/data/hits.parquet:9237485280..10161233808], [home/ec2-user/liquid-cache/benchmark/clickbench/data/hits.parquet:10161233808..11084982336], [home/ec2-user/liquid-cache/benchmark/clickbench/data/hits.parquet:11084982336..12008730864], [home/ec2-user/liquid-cache/benchmark/clickbench/data/hits.parquet:12008730864..12932479392], [home/ec2-user/liquid-cache/benchmark/clickbench/data/hits.parquet:12932479392..13856227920], [home/ec2-user/liquid-cache/benchmark/clickbench/data/hits.parquet:13856227920..14779976446]]}, projection=[EventTime], file_type=liquid_parquet, metrics=[output_rows=671.5 K, elapsed_compute=16ns, output_bytes=5.1 MB, output_batches=92, files_ranges_pruned_statistics=16 total → 16 matched, row_groups_pruned_statistics=226 total → 3 matched, row_groups_pruned_bloom_filter=0 total → 0 matched, page_index_pages_pruned=0 total → 0 matched, page_index_rows_pruned=0 total → 0 matched, limit_pruned_row_groups=0 total → 0 matched, batches_split=0, bytes_scanned=4.78 M, file_open_errors=0, file_scan_errors=0, num_predicate_creation_errors=0, predicate_evaluation_errors=0, pushdown_rows_matched=0, pushdown_rows_pruned=0, predicate_cache_inner_records=0, predicate_cache_records=0, bloom_filter_eval_time=182.37µs, metadata_load_time=3.08ms, page_index_eval_time=5.05µs, row_pushdown_eval_time=32ns, statistics_eval_time=672.52µs, time_elapsed_opening=7.19ms, time_elapsed_processing=19.79ms, time_elapsed_scanning_total=19.95ms, time_elapsed_scanning_until_data=4.06ms, scan_efficiency_ratio=N/A (0/0)]

Cache: entries=688, mem=0MB, disk=0MB
  Hits: cache_hit=0, eval_predicate=540
  Misses: cache_miss=0
  IO: read=2, write=0
  Squeeze: squeezed_success=0, squeezed_needs_io=0
Time: 19ms

+---------------------+-----------+
| m                   | pageviews |
+---------------------+-----------+
| 2013-07-15T12:40:00 | 513       |
| 2013-07-15T12:41:00 | 457       |
| 2013-07-15T12:42:00 | 470       |
| 2013-07-15T12:43:00 | 468       |
| 2013-07-15T12:44:00 | 453       |
| 2013-07-15T12:45:00 | 462       |
| 2013-07-15T12:46:00 | 481       |
| 2013-07-15T12:47:00 | 458       |
| 2013-07-15T12:48:00 | 466       |
| 2013-07-15T12:49:00 | 467       |
+---------------------+-----------+

=== EXPLAIN ANALYZE (Query 42, Iteration 3) ===
GlobalLimitExec: skip=1000, fetch=10, metrics=[output_rows=10, elapsed_compute=7.68µs, output_bytes=15.8 KB, output_batches=1]
  SortPreservingMergeExec: [date_trunc(minute, m@0) ASC NULLS LAST], fetch=1010, metrics=[output_rows=1.01 K, elapsed_compute=62.42µs, output_bytes=15.8 KB, output_batches=1]
    SortExec: TopK(fetch=1010), expr=[date_trunc(minute, m@0) ASC NULLS LAST], preserve_partitioning=[true], metrics=[output_rows=1.44 K, elapsed_compute=441.83µs, output_bytes=22.5 KB, output_batches=16, row_replacements=1.44 K]
      ProjectionExec: expr=[date_trunc(Utf8("minute"),to_timestamp_seconds(hits.EventTime))@0 as m, count(Int64(1))@1 as pageviews], metrics=[output_rows=1.44 K, elapsed_compute=13.90µs, output_bytes=27.2 KB, output_batches=16, expr_0_eval_time=2.89µs, expr_1_eval_time=1.27µs]
        AggregateExec: mode=FinalPartitioned, gby=[date_trunc(Utf8("minute"),to_timestamp_seconds(hits.EventTime))@0 as date_trunc(Utf8("minute"),to_timestamp_seconds(hits.EventTime))], aggr=[count(Int64(1))], metrics=[output_rows=1.44 K, elapsed_compute=202.18µs, output_bytes=27.2 KB, output_batches=16, spill_count=0, spilled_bytes=0.0 B, spilled_rows=0, peak_mem_used=204.3 K, aggregate_arguments_time=7.80µs, aggregation_time=11.44µs, emitting_time=14.46µs, time_calculating_group_ids=73.84µs]
          RepartitionExec: partitioning=Hash([date_trunc(Utf8("minute"),to_timestamp_seconds(hits.EventTime))@0], 16), input_partitions=16, metrics=[output_rows=2.88 K, elapsed_compute=106.20µs, output_bytes=2.0 MB, output_batches=16, spill_count=0, spilled_bytes=0.0 B, spilled_rows=0, fetch_time=27.55ms, repartition_time=48.20µs, send_time=21.36µs]
            AggregateExec: mode=Partial, gby=[date_trunc(minute, to_timestamp_seconds(EventTime@0)) as date_trunc(Utf8("minute"),to_timestamp_seconds(hits.EventTime))], aggr=[count(Int64(1))], metrics=[output_rows=2.88 K, elapsed_compute=5.60ms, output_bytes=68.7 KB, output_batches=2, spill_count=0, spilled_bytes=0.0 B, spilled_rows=0, skipped_aggregation_rows=0, peak_mem_used=259.8 K, aggregate_arguments_time=157.62µs, aggregation_time=326.55µs, emitting_time=3.11µs, time_calculating_group_ids=3.69ms, reduction_factor=0.43% (2.88 K/671.5 K)]
              DataSourceExec: file_groups={16 groups: [[home/ec2-user/liquid-cache/benchmark/clickbench/data/hits.parquet:0..923748528], [home/ec2-user/liquid-cache/benchmark/clickbench/data/hits.parquet:923748528..1847497056], [home/ec2-user/liquid-cache/benchmark/clickbench/data/hits.parquet:1847497056..2771245584], [home/ec2-user/liquid-cache/benchmark/clickbench/data/hits.parquet:2771245584..3694994112], [home/ec2-user/liquid-cache/benchmark/clickbench/data/hits.parquet:3694994112..4618742640], [home/ec2-user/liquid-cache/benchmark/clickbench/data/hits.parquet:4618742640..5542491168], [home/ec2-user/liquid-cache/benchmark/clickbench/data/hits.parquet:5542491168..6466239696], [home/ec2-user/liquid-cache/benchmark/clickbench/data/hits.parquet:6466239696..7389988224], [home/ec2-user/liquid-cache/benchmark/clickbench/data/hits.parquet:7389988224..8313736752], [home/ec2-user/liquid-cache/benchmark/clickbench/data/hits.parquet:8313736752..9237485280], [home/ec2-user/liquid-cache/benchmark/clickbench/data/hits.parquet:9237485280..10161233808], [home/ec2-user/liquid-cache/benchmark/clickbench/data/hits.parquet:10161233808..11084982336], [home/ec2-user/liquid-cache/benchmark/clickbench/data/hits.parquet:11084982336..12008730864], [home/ec2-user/liquid-cache/benchmark/clickbench/data/hits.parquet:12008730864..12932479392], [home/ec2-user/liquid-cache/benchmark/clickbench/data/hits.parquet:12932479392..13856227920], [home/ec2-user/liquid-cache/benchmark/clickbench/data/hits.parquet:13856227920..14779976446]]}, projection=[EventTime], file_type=liquid_parquet, metrics=[output_rows=671.5 K, elapsed_compute=16ns, output_bytes=5.1 MB, output_batches=92, files_ranges_pruned_statistics=16 total → 16 matched, row_groups_pruned_statistics=226 total → 3 matched, row_groups_pruned_bloom_filter=0 total → 0 matched, page_index_pages_pruned=0 total → 0 matched, page_index_rows_pruned=0 total → 0 matched, limit_pruned_row_groups=0 total → 0 matched, batches_split=0, bytes_scanned=4.78 M, file_open_errors=0, file_scan_errors=0, num_predicate_creation_errors=0, predicate_evaluation_errors=0, pushdown_rows_matched=0, pushdown_rows_pruned=0, predicate_cache_inner_records=0, predicate_cache_records=0, bloom_filter_eval_time=170.71µs, metadata_load_time=3.07ms, page_index_eval_time=5.35µs, row_pushdown_eval_time=32ns, statistics_eval_time=648.30µs, time_elapsed_opening=7.26ms, time_elapsed_processing=20.14ms, time_elapsed_scanning_total=20.14ms, time_elapsed_scanning_until_data=4.17ms, scan_efficiency_ratio=N/A (0/0)]

Cache: entries=688, mem=0MB, disk=0MB
  Hits: cache_hit=0, eval_predicate=540
  Misses: cache_miss=0
  IO: read=2, write=0
  Squeeze: squeezed_success=0, squeezed_needs_io=0
Time: 19ms

+---------------------+-----------+
| m                   | pageviews |
+---------------------+-----------+
| 2013-07-15T12:40:00 | 513       |
| 2013-07-15T12:41:00 | 457       |
| 2013-07-15T12:42:00 | 470       |
| 2013-07-15T12:43:00 | 468       |
| 2013-07-15T12:44:00 | 453       |
| 2013-07-15T12:45:00 | 462       |
| 2013-07-15T12:46:00 | 481       |
| 2013-07-15T12:47:00 | 458       |
| 2013-07-15T12:48:00 | 466       |
| 2013-07-15T12:49:00 | 467       |
+---------------------+-----------+

=== EXPLAIN ANALYZE (Query 42, Iteration 4) ===
GlobalLimitExec: skip=1000, fetch=10, metrics=[output_rows=10, elapsed_compute=8.96µs, output_bytes=15.8 KB, output_batches=1]
  SortPreservingMergeExec: [date_trunc(minute, m@0) ASC NULLS LAST], fetch=1010, metrics=[output_rows=1.01 K, elapsed_compute=62.60µs, output_bytes=15.8 KB, output_batches=1]
    SortExec: TopK(fetch=1010), expr=[date_trunc(minute, m@0) ASC NULLS LAST], preserve_partitioning=[true], metrics=[output_rows=1.44 K, elapsed_compute=423.17µs, output_bytes=22.5 KB, output_batches=16, row_replacements=1.44 K]
      ProjectionExec: expr=[date_trunc(Utf8("minute"),to_timestamp_seconds(hits.EventTime))@0 as m, count(Int64(1))@1 as pageviews], metrics=[output_rows=1.44 K, elapsed_compute=12.63µs, output_bytes=27.2 KB, output_batches=16, expr_0_eval_time=2.78µs, expr_1_eval_time=1.35µs]
        AggregateExec: mode=FinalPartitioned, gby=[date_trunc(Utf8("minute"),to_timestamp_seconds(hits.EventTime))@0 as date_trunc(Utf8("minute"),to_timestamp_seconds(hits.EventTime))], aggr=[count(Int64(1))], metrics=[output_rows=1.44 K, elapsed_compute=186.69µs, output_bytes=27.2 KB, output_batches=16, spill_count=0, spilled_bytes=0.0 B, spilled_rows=0, peak_mem_used=204.3 K, aggregate_arguments_time=7.59µs, aggregation_time=12.06µs, emitting_time=12.77µs, time_calculating_group_ids=64.44µs]
          RepartitionExec: partitioning=Hash([date_trunc(Utf8("minute"),to_timestamp_seconds(hits.EventTime))@0], 16), input_partitions=16, metrics=[output_rows=2.88 K, elapsed_compute=102.88µs, output_bytes=2.0 MB, output_batches=16, spill_count=0, spilled_bytes=0.0 B, spilled_rows=0, fetch_time=30.42ms, repartition_time=54.04µs, send_time=25.56µs]
            AggregateExec: mode=Partial, gby=[date_trunc(minute, to_timestamp_seconds(EventTime@0)) as date_trunc(Utf8("minute"),to_timestamp_seconds(hits.EventTime))], aggr=[count(Int64(1))], metrics=[output_rows=2.88 K, elapsed_compute=6.74ms, output_bytes=68.7 KB, output_batches=2, spill_count=0, spilled_bytes=0.0 B, spilled_rows=0, skipped_aggregation_rows=0, peak_mem_used=259.8 K, aggregate_arguments_time=184.58µs, aggregation_time=404.09µs, emitting_time=2.61µs, time_calculating_group_ids=4.43ms, reduction_factor=0.43% (2.88 K/671.5 K)]
              DataSourceExec: file_groups={16 groups: [[home/ec2-user/liquid-cache/benchmark/clickbench/data/hits.parquet:0..923748528], [home/ec2-user/liquid-cache/benchmark/clickbench/data/hits.parquet:923748528..1847497056], [home/ec2-user/liquid-cache/benchmark/clickbench/data/hits.parquet:1847497056..2771245584], [home/ec2-user/liquid-cache/benchmark/clickbench/data/hits.parquet:2771245584..3694994112], [home/ec2-user/liquid-cache/benchmark/clickbench/data/hits.parquet:3694994112..4618742640], [home/ec2-user/liquid-cache/benchmark/clickbench/data/hits.parquet:4618742640..5542491168], [home/ec2-user/liquid-cache/benchmark/clickbench/data/hits.parquet:5542491168..6466239696], [home/ec2-user/liquid-cache/benchmark/clickbench/data/hits.parquet:6466239696..7389988224], [home/ec2-user/liquid-cache/benchmark/clickbench/data/hits.parquet:7389988224..8313736752], [home/ec2-user/liquid-cache/benchmark/clickbench/data/hits.parquet:8313736752..9237485280], [home/ec2-user/liquid-cache/benchmark/clickbench/data/hits.parquet:9237485280..10161233808], [home/ec2-user/liquid-cache/benchmark/clickbench/data/hits.parquet:10161233808..11084982336], [home/ec2-user/liquid-cache/benchmark/clickbench/data/hits.parquet:11084982336..12008730864], [home/ec2-user/liquid-cache/benchmark/clickbench/data/hits.parquet:12008730864..12932479392], [home/ec2-user/liquid-cache/benchmark/clickbench/data/hits.parquet:12932479392..13856227920], [home/ec2-user/liquid-cache/benchmark/clickbench/data/hits.parquet:13856227920..14779976446]]}, projection=[EventTime], file_type=liquid_parquet, metrics=[output_rows=671.5 K, elapsed_compute=16ns, output_bytes=5.1 MB, output_batches=92, files_ranges_pruned_statistics=16 total → 16 matched, row_groups_pruned_statistics=226 total → 3 matched, row_groups_pruned_bloom_filter=0 total → 0 matched, page_index_pages_pruned=0 total → 0 matched, page_index_rows_pruned=0 total → 0 matched, limit_pruned_row_groups=0 total → 0 matched, batches_split=0, bytes_scanned=4.78 M, file_open_errors=0, file_scan_errors=0, num_predicate_creation_errors=0, predicate_evaluation_errors=0, pushdown_rows_matched=0, pushdown_rows_pruned=0, predicate_cache_inner_records=0, predicate_cache_records=0, bloom_filter_eval_time=172.21µs, metadata_load_time=3.09ms, page_index_eval_time=4.64µs, row_pushdown_eval_time=32ns, statistics_eval_time=642.49µs, time_elapsed_opening=7.28ms, time_elapsed_processing=21.81ms, time_elapsed_scanning_total=23.00ms, time_elapsed_scanning_until_data=4.21ms, scan_efficiency_ratio=N/A (0/0)]

Cache: entries=688, mem=0MB, disk=0MB
  Hits: cache_hit=0, eval_predicate=540
  Misses: cache_miss=0
  IO: read=2, write=0
  Squeeze: squeezed_success=0, squeezed_needs_io=0
Time: 20ms

+---------------------+-----------+
| m                   | pageviews |
+---------------------+-----------+
| 2013-07-15T12:40:00 | 513       |
| 2013-07-15T12:41:00 | 457       |
| 2013-07-15T12:42:00 | 470       |
| 2013-07-15T12:43:00 | 468       |
| 2013-07-15T12:44:00 | 453       |
| 2013-07-15T12:45:00 | 462       |
| 2013-07-15T12:46:00 | 481       |
| 2013-07-15T12:47:00 | 458       |
| 2013-07-15T12:48:00 | 466       |
| 2013-07-15T12:49:00 | 467       |
+---------------------+-----------+
