
=== EXPLAIN ANALYZE (Query 4, Iteration 0) ===
SortPreservingMergeExec: [hits.EventDate@0 ASC NULLS LAST], metrics=[output_rows=9, elapsed_compute=3.45ms, output_bytes=252.0 B, output_batches=1]
  SortExec: expr=[hits.EventDate@0 ASC NULLS LAST], preserve_partitioning=[true], metrics=[output_rows=9, elapsed_compute=14.12µs, output_bytes=0.0 B, output_batches=0, spill_count=0, spilled_bytes=0.0 B, spilled_rows=0]
    ProjectionExec: expr=[hits.EventDate@0 as hits.EventDate, count(Int64(1))@1 as count(*), sum(hits.IsRefresh)@2 as sum(hits.IsRefresh), avg(hits.ResolutionWidth)@3 as avg(hits.ResolutionWidth)], metrics=[output_rows=9, elapsed_compute=7.03µs, output_bytes=3.0 KB, output_batches=5, expr_0_eval_time=831ns, expr_1_eval_time=441ns, expr_2_eval_time=341ns, expr_3_eval_time=481ns]
      AggregateExec: mode=FinalPartitioned, gby=[hits.EventDate@0 as hits.EventDate], aggr=[count(Int64(1)), sum(hits.IsRefresh), avg(hits.ResolutionWidth)], metrics=[output_rows=9, elapsed_compute=145.01µs, output_bytes=3.0 KB, output_batches=5, spill_count=0, spilled_bytes=0.0 B, spilled_rows=0, peak_mem_used=44.22 K, aggregate_arguments_time=6.02µs, aggregation_time=28.87µs, emitting_time=23.46µs, time_calculating_group_ids=8.74µs]
        RepartitionExec: partitioning=Hash([hits.EventDate@0], 16), input_partitions=16, metrics=[output_rows=111, elapsed_compute=5.74ms, output_bytes=1440.0 KB, output_batches=5, spill_count=0, spilled_bytes=0.0 B, spilled_rows=0, fetch_time=3.24s, repartition_time=5.57ms, send_time=209.84µs]
          AggregateExec: mode=Partial, gby=[CAST(CAST(EventDate@0 AS Int32) AS Date32) as hits.EventDate], aggr=[count(Int64(1)), sum(hits.IsRefresh), avg(hits.ResolutionWidth)], metrics=[output_rows=111, elapsed_compute=937.36ms, output_bytes=13.6 KB, output_batches=16, spill_count=0, spilled_bytes=0.0 B, spilled_rows=0, skipped_aggregation_rows=0, peak_mem_used=1.12 M, aggregate_arguments_time=150.05ms, aggregation_time=453.71ms, emitting_time=94.77µs, time_calculating_group_ids=432.95ms, reduction_factor=0.00018% (111/60.21 M)]
            DataSourceExec: file_groups={16 groups: [[home/ec2-user/liquid-cache/benchmark/clickbench/data/hits.parquet:0..923748528], [home/ec2-user/liquid-cache/benchmark/clickbench/data/hits.parquet:923748528..1847497056], [home/ec2-user/liquid-cache/benchmark/clickbench/data/hits.parquet:1847497056..2771245584], [home/ec2-user/liquid-cache/benchmark/clickbench/data/hits.parquet:2771245584..3694994112], [home/ec2-user/liquid-cache/benchmark/clickbench/data/hits.parquet:3694994112..4618742640], [home/ec2-user/liquid-cache/benchmark/clickbench/data/hits.parquet:4618742640..5542491168], [home/ec2-user/liquid-cache/benchmark/clickbench/data/hits.parquet:5542491168..6466239696], [home/ec2-user/liquid-cache/benchmark/clickbench/data/hits.parquet:6466239696..7389988224], [home/ec2-user/liquid-cache/benchmark/clickbench/data/hits.parquet:7389988224..8313736752], [home/ec2-user/liquid-cache/benchmark/clickbench/data/hits.parquet:8313736752..9237485280], [home/ec2-user/liquid-cache/benchmark/clickbench/data/hits.parquet:9237485280..10161233808], [home/ec2-user/liquid-cache/benchmark/clickbench/data/hits.parquet:10161233808..11084982336], [home/ec2-user/liquid-cache/benchmark/clickbench/data/hits.parquet:11084982336..12008730864], [home/ec2-user/liquid-cache/benchmark/clickbench/data/hits.parquet:12008730864..12932479392], [home/ec2-user/liquid-cache/benchmark/clickbench/data/hits.parquet:12932479392..13856227920], [home/ec2-user/liquid-cache/benchmark/clickbench/data/hits.parquet:13856227920..14779976446]]}, projection=[EventDate, IsRefresh, ResolutionWidth], file_type=liquid_parquet, metrics=[output_rows=60.21 M, elapsed_compute=16ns, output_bytes=344.6 MB, output_batches=7.81 K, files_ranges_pruned_statistics=16 total → 16 matched, row_groups_pruned_statistics=226 total → 198 matched, row_groups_pruned_bloom_filter=0 total → 0 matched, page_index_pages_pruned=0 total → 0 matched, page_index_rows_pruned=0 total → 0 matched, limit_pruned_row_groups=0 total → 0 matched, batches_split=0, bytes_scanned=40.34 M, file_open_errors=0, file_scan_errors=0, num_predicate_creation_errors=0, predicate_evaluation_errors=0, pushdown_rows_matched=0, pushdown_rows_pruned=0, predicate_cache_inner_records=0, predicate_cache_records=0, bloom_filter_eval_time=6.64ms, metadata_load_time=227.80ms, page_index_eval_time=3.05µs, row_pushdown_eval_time=32ns, statistics_eval_time=10.78ms, time_elapsed_opening=361.03ms, time_elapsed_processing=1.44s, time_elapsed_scanning_total=2.87s, time_elapsed_scanning_until_data=191.86ms, scan_efficiency_ratio=N/A (0/0)]

Cache: entries=21486, mem=403MB, disk=0MB
  Hits: cache_hit=7808, eval_predicate=40037
  Misses: cache_miss=10743
  IO: read=0, write=0
  Squeeze: squeezed_success=0, squeezed_needs_io=0
Time: 517ms

+----------------+----------+---------------------+---------------------------+
| hits.EventDate | count(*) | sum(hits.IsRefresh) | avg(hits.ResolutionWidth) |
+----------------+----------+---------------------+---------------------------+
| 2013-07-02     | 3704833  | 101727              | 1539.6128780973393        |
| 2013-07-03     | 9829176  | 2124998             | 1525.046648874738         |
| 2013-07-05     | 4489531  | 473006              | 1548.6441810959764        |
| 2013-07-06     | 6813120  | 321599              | 1480.4534853341788        |
| 2013-07-07     | 1126867  | 28811               | 1449.443904205199         |
| 2013-07-08     | 2350577  | 60006               | 1469.3531392504904        |
| 2013-07-09     | 13465700 | 327895              | 1503.552273777078         |
| 2013-07-10     | 5808207  | 165786              | 1518.7116108292973        |
| 2013-07-15     | 12621831 | 459511              | 1546.7553391421577        |
+----------------+----------+---------------------+---------------------------+

=== EXPLAIN ANALYZE (Query 4, Iteration 1) ===
SortPreservingMergeExec: [hits.EventDate@0 ASC NULLS LAST], metrics=[output_rows=9, elapsed_compute=10.56µs, output_bytes=252.0 B, output_batches=1]
  SortExec: expr=[hits.EventDate@0 ASC NULLS LAST], preserve_partitioning=[true], metrics=[output_rows=9, elapsed_compute=13.90µs, output_bytes=0.0 B, output_batches=0, spill_count=0, spilled_bytes=0.0 B, spilled_rows=0]
    ProjectionExec: expr=[hits.EventDate@0 as hits.EventDate, count(Int64(1))@1 as count(*), sum(hits.IsRefresh)@2 as sum(hits.IsRefresh), avg(hits.ResolutionWidth)@3 as avg(hits.ResolutionWidth)], metrics=[output_rows=9, elapsed_compute=7.94µs, output_bytes=3.0 KB, output_batches=5, expr_0_eval_time=942ns, expr_1_eval_time=512ns, expr_2_eval_time=321ns, expr_3_eval_time=391ns]
      AggregateExec: mode=FinalPartitioned, gby=[hits.EventDate@0 as hits.EventDate], aggr=[count(Int64(1)), sum(hits.IsRefresh), avg(hits.ResolutionWidth)], metrics=[output_rows=9, elapsed_compute=156.43µs, output_bytes=3.0 KB, output_batches=5, spill_count=0, spilled_bytes=0.0 B, spilled_rows=0, peak_mem_used=44.22 K, aggregate_arguments_time=6.95µs, aggregation_time=22.27µs, emitting_time=11.45µs, time_calculating_group_ids=7.12µs]
        RepartitionExec: partitioning=Hash([hits.EventDate@0], 16), input_partitions=16, metrics=[output_rows=111, elapsed_compute=174.33µs, output_bytes=1440.0 KB, output_batches=5, spill_count=0, spilled_bytes=0.0 B, spilled_rows=0, fetch_time=1.94s, repartition_time=339.17µs, send_time=143.44µs]
          AggregateExec: mode=Partial, gby=[CAST(CAST(EventDate@0 AS Int32) AS Date32) as hits.EventDate], aggr=[count(Int64(1)), sum(hits.IsRefresh), avg(hits.ResolutionWidth)], metrics=[output_rows=111, elapsed_compute=857.35ms, output_bytes=13.6 KB, output_batches=16, spill_count=0, spilled_bytes=0.0 B, spilled_rows=0, skipped_aggregation_rows=0, peak_mem_used=1.12 M, aggregate_arguments_time=100.09ms, aggregation_time=389.75ms, emitting_time=64.19µs, time_calculating_group_ids=445.89ms, reduction_factor=0.00018% (111/60.21 M)]
            DataSourceExec: file_groups={16 groups: [[home/ec2-user/liquid-cache/benchmark/clickbench/data/hits.parquet:0..923748528], [home/ec2-user/liquid-cache/benchmark/clickbench/data/hits.parquet:923748528..1847497056], [home/ec2-user/liquid-cache/benchmark/clickbench/data/hits.parquet:1847497056..2771245584], [home/ec2-user/liquid-cache/benchmark/clickbench/data/hits.parquet:2771245584..3694994112], [home/ec2-user/liquid-cache/benchmark/clickbench/data/hits.parquet:3694994112..4618742640], [home/ec2-user/liquid-cache/benchmark/clickbench/data/hits.parquet:4618742640..5542491168], [home/ec2-user/liquid-cache/benchmark/clickbench/data/hits.parquet:5542491168..6466239696], [home/ec2-user/liquid-cache/benchmark/clickbench/data/hits.parquet:6466239696..7389988224], [home/ec2-user/liquid-cache/benchmark/clickbench/data/hits.parquet:7389988224..8313736752], [home/ec2-user/liquid-cache/benchmark/clickbench/data/hits.parquet:8313736752..9237485280], [home/ec2-user/liquid-cache/benchmark/clickbench/data/hits.parquet:9237485280..10161233808], [home/ec2-user/liquid-cache/benchmark/clickbench/data/hits.parquet:10161233808..11084982336], [home/ec2-user/liquid-cache/benchmark/clickbench/data/hits.parquet:11084982336..12008730864], [home/ec2-user/liquid-cache/benchmark/clickbench/data/hits.parquet:12008730864..12932479392], [home/ec2-user/liquid-cache/benchmark/clickbench/data/hits.parquet:12932479392..13856227920], [home/ec2-user/liquid-cache/benchmark/clickbench/data/hits.parquet:13856227920..14779976446]]}, projection=[EventDate, IsRefresh, ResolutionWidth], file_type=liquid_parquet, metrics=[output_rows=60.21 M, elapsed_compute=16ns, output_bytes=344.6 MB, output_batches=7.81 K, files_ranges_pruned_statistics=16 total → 16 matched, row_groups_pruned_statistics=226 total → 198 matched, row_groups_pruned_bloom_filter=0 total → 0 matched, page_index_pages_pruned=0 total → 0 matched, page_index_rows_pruned=0 total → 0 matched, limit_pruned_row_groups=0 total → 0 matched, batches_split=0, bytes_scanned=83.49 M, file_open_errors=0, file_scan_errors=0, num_predicate_creation_errors=0, predicate_evaluation_errors=0, pushdown_rows_matched=0, pushdown_rows_pruned=0, predicate_cache_inner_records=0, predicate_cache_records=0, bloom_filter_eval_time=3.29ms, metadata_load_time=2.78ms, page_index_eval_time=4.12µs, row_pushdown_eval_time=32ns, statistics_eval_time=553.37µs, time_elapsed_opening=9.33ms, time_elapsed_processing=965.88ms, time_elapsed_scanning_total=1.93s, time_elapsed_scanning_until_data=28.83ms, scan_efficiency_ratio=N/A (0/0)]

Cache: entries=21486, mem=403MB, disk=0MB
  Hits: cache_hit=7808, eval_predicate=29294
  Misses: cache_miss=0
  IO: read=0, write=0
  Squeeze: squeezed_success=0, squeezed_needs_io=0
Time: 165ms

+----------------+----------+---------------------+---------------------------+
| hits.EventDate | count(*) | sum(hits.IsRefresh) | avg(hits.ResolutionWidth) |
+----------------+----------+---------------------+---------------------------+
| 2013-07-02     | 3704833  | 101727              | 1539.6128780973393        |
| 2013-07-03     | 9829176  | 2124998             | 1525.046648874738         |
| 2013-07-05     | 4489531  | 473006              | 1548.6441810959764        |
| 2013-07-06     | 6813120  | 321599              | 1480.4534853341788        |
| 2013-07-07     | 1126867  | 28811               | 1449.443904205199         |
| 2013-07-08     | 2350577  | 60006               | 1469.3531392504904        |
| 2013-07-09     | 13465700 | 327895              | 1503.552273777078         |
| 2013-07-10     | 5808207  | 165786              | 1518.7116108292973        |
| 2013-07-15     | 12621831 | 459511              | 1546.7553391421577        |
+----------------+----------+---------------------+---------------------------+

=== EXPLAIN ANALYZE (Query 4, Iteration 2) ===
SortPreservingMergeExec: [hits.EventDate@0 ASC NULLS LAST], metrics=[output_rows=9, elapsed_compute=10.58µs, output_bytes=252.0 B, output_batches=1]
  SortExec: expr=[hits.EventDate@0 ASC NULLS LAST], preserve_partitioning=[true], metrics=[output_rows=9, elapsed_compute=11.62µs, output_bytes=0.0 B, output_batches=0, spill_count=0, spilled_bytes=0.0 B, spilled_rows=0]
    ProjectionExec: expr=[hits.EventDate@0 as hits.EventDate, count(Int64(1))@1 as count(*), sum(hits.IsRefresh)@2 as sum(hits.IsRefresh), avg(hits.ResolutionWidth)@3 as avg(hits.ResolutionWidth)], metrics=[output_rows=9, elapsed_compute=7.07µs, output_bytes=3.0 KB, output_batches=5, expr_0_eval_time=761ns, expr_1_eval_time=702ns, expr_2_eval_time=490ns, expr_3_eval_time=331ns]
      AggregateExec: mode=FinalPartitioned, gby=[hits.EventDate@0 as hits.EventDate], aggr=[count(Int64(1)), sum(hits.IsRefresh), avg(hits.ResolutionWidth)], metrics=[output_rows=9, elapsed_compute=143.24µs, output_bytes=3.0 KB, output_batches=5, spill_count=0, spilled_bytes=0.0 B, spilled_rows=0, peak_mem_used=44.22 K, aggregate_arguments_time=6.10µs, aggregation_time=20.06µs, emitting_time=9.34µs, time_calculating_group_ids=5.70µs]
        RepartitionExec: partitioning=Hash([hits.EventDate@0], 16), input_partitions=16, metrics=[output_rows=111, elapsed_compute=190.43µs, output_bytes=1440.0 KB, output_batches=5, spill_count=0, spilled_bytes=0.0 B, spilled_rows=0, fetch_time=1.88s, repartition_time=198.60µs, send_time=170.55µs]
          AggregateExec: mode=Partial, gby=[CAST(CAST(EventDate@0 AS Int32) AS Date32) as hits.EventDate], aggr=[count(Int64(1)), sum(hits.IsRefresh), avg(hits.ResolutionWidth)], metrics=[output_rows=111, elapsed_compute=848.93ms, output_bytes=13.6 KB, output_batches=16, spill_count=0, spilled_bytes=0.0 B, spilled_rows=0, skipped_aggregation_rows=0, peak_mem_used=1.12 M, aggregate_arguments_time=93.78ms, aggregation_time=388.75ms, emitting_time=66.70µs, time_calculating_group_ids=446.00ms, reduction_factor=0.00018% (111/60.21 M)]
            DataSourceExec: file_groups={16 groups: [[home/ec2-user/liquid-cache/benchmark/clickbench/data/hits.parquet:0..923748528], [home/ec2-user/liquid-cache/benchmark/clickbench/data/hits.parquet:923748528..1847497056], [home/ec2-user/liquid-cache/benchmark/clickbench/data/hits.parquet:1847497056..2771245584], [home/ec2-user/liquid-cache/benchmark/clickbench/data/hits.parquet:2771245584..3694994112], [home/ec2-user/liquid-cache/benchmark/clickbench/data/hits.parquet:3694994112..4618742640], [home/ec2-user/liquid-cache/benchmark/clickbench/data/hits.parquet:4618742640..5542491168], [home/ec2-user/liquid-cache/benchmark/clickbench/data/hits.parquet:5542491168..6466239696], [home/ec2-user/liquid-cache/benchmark/clickbench/data/hits.parquet:6466239696..7389988224], [home/ec2-user/liquid-cache/benchmark/clickbench/data/hits.parquet:7389988224..8313736752], [home/ec2-user/liquid-cache/benchmark/clickbench/data/hits.parquet:8313736752..9237485280], [home/ec2-user/liquid-cache/benchmark/clickbench/data/hits.parquet:9237485280..10161233808], [home/ec2-user/liquid-cache/benchmark/clickbench/data/hits.parquet:10161233808..11084982336], [home/ec2-user/liquid-cache/benchmark/clickbench/data/hits.parquet:11084982336..12008730864], [home/ec2-user/liquid-cache/benchmark/clickbench/data/hits.parquet:12008730864..12932479392], [home/ec2-user/liquid-cache/benchmark/clickbench/data/hits.parquet:12932479392..13856227920], [home/ec2-user/liquid-cache/benchmark/clickbench/data/hits.parquet:13856227920..14779976446]]}, projection=[EventDate, IsRefresh, ResolutionWidth], file_type=liquid_parquet, metrics=[output_rows=60.21 M, elapsed_compute=16ns, output_bytes=344.6 MB, output_batches=7.81 K, files_ranges_pruned_statistics=16 total → 16 matched, row_groups_pruned_statistics=226 total → 198 matched, row_groups_pruned_bloom_filter=0 total → 0 matched, page_index_pages_pruned=0 total → 0 matched, page_index_rows_pruned=0 total → 0 matched, limit_pruned_row_groups=0 total → 0 matched, batches_split=0, bytes_scanned=83.49 M, file_open_errors=0, file_scan_errors=0, num_predicate_creation_errors=0, predicate_evaluation_errors=0, pushdown_rows_matched=0, pushdown_rows_pruned=0, predicate_cache_inner_records=0, predicate_cache_records=0, bloom_filter_eval_time=3.44ms, metadata_load_time=2.62ms, page_index_eval_time=2.96µs, row_pushdown_eval_time=32ns, statistics_eval_time=428.03µs, time_elapsed_opening=8.81ms, time_elapsed_processing=931.29ms, time_elapsed_scanning_total=1.87s, time_elapsed_scanning_until_data=24.08ms, scan_efficiency_ratio=N/A (0/0)]

Cache: entries=21486, mem=403MB, disk=0MB
  Hits: cache_hit=7808, eval_predicate=29294
  Misses: cache_miss=0
  IO: read=0, write=0
  Squeeze: squeezed_success=0, squeezed_needs_io=0
Time: 157ms

+----------------+----------+---------------------+---------------------------+
| hits.EventDate | count(*) | sum(hits.IsRefresh) | avg(hits.ResolutionWidth) |
+----------------+----------+---------------------+---------------------------+
| 2013-07-02     | 3704833  | 101727              | 1539.6128780973393        |
| 2013-07-03     | 9829176  | 2124998             | 1525.046648874738         |
| 2013-07-05     | 4489531  | 473006              | 1548.6441810959764        |
| 2013-07-06     | 6813120  | 321599              | 1480.4534853341788        |
| 2013-07-07     | 1126867  | 28811               | 1449.443904205199         |
| 2013-07-08     | 2350577  | 60006               | 1469.3531392504904        |
| 2013-07-09     | 13465700 | 327895              | 1503.552273777078         |
| 2013-07-10     | 5808207  | 165786              | 1518.7116108292973        |
| 2013-07-15     | 12621831 | 459511              | 1546.7553391421577        |
+----------------+----------+---------------------+---------------------------+

=== EXPLAIN ANALYZE (Query 4, Iteration 3) ===
SortPreservingMergeExec: [hits.EventDate@0 ASC NULLS LAST], metrics=[output_rows=9, elapsed_compute=9.73µs, output_bytes=252.0 B, output_batches=1]
  SortExec: expr=[hits.EventDate@0 ASC NULLS LAST], preserve_partitioning=[true], metrics=[output_rows=9, elapsed_compute=14.22µs, output_bytes=0.0 B, output_batches=0, spill_count=0, spilled_bytes=0.0 B, spilled_rows=0]
    ProjectionExec: expr=[hits.EventDate@0 as hits.EventDate, count(Int64(1))@1 as count(*), sum(hits.IsRefresh)@2 as sum(hits.IsRefresh), avg(hits.ResolutionWidth)@3 as avg(hits.ResolutionWidth)], metrics=[output_rows=9, elapsed_compute=7.99µs, output_bytes=3.0 KB, output_batches=5, expr_0_eval_time=1.09µs, expr_1_eval_time=521ns, expr_2_eval_time=470ns, expr_3_eval_time=541ns]
      AggregateExec: mode=FinalPartitioned, gby=[hits.EventDate@0 as hits.EventDate], aggr=[count(Int64(1)), sum(hits.IsRefresh), avg(hits.ResolutionWidth)], metrics=[output_rows=9, elapsed_compute=111.60µs, output_bytes=3.0 KB, output_batches=5, spill_count=0, spilled_bytes=0.0 B, spilled_rows=0, peak_mem_used=44.22 K, aggregate_arguments_time=6.66µs, aggregation_time=21.70µs, emitting_time=12.08µs, time_calculating_group_ids=7.27µs]
        RepartitionExec: partitioning=Hash([hits.EventDate@0], 16), input_partitions=16, metrics=[output_rows=111, elapsed_compute=178.30µs, output_bytes=1440.0 KB, output_batches=5, spill_count=0, spilled_bytes=0.0 B, spilled_rows=0, fetch_time=1.92s, repartition_time=203.06µs, send_time=160.98µs]
          AggregateExec: mode=Partial, gby=[CAST(CAST(EventDate@0 AS Int32) AS Date32) as hits.EventDate], aggr=[count(Int64(1)), sum(hits.IsRefresh), avg(hits.ResolutionWidth)], metrics=[output_rows=111, elapsed_compute=850.97ms, output_bytes=13.6 KB, output_batches=16, spill_count=0, spilled_bytes=0.0 B, spilled_rows=0, skipped_aggregation_rows=0, peak_mem_used=1.12 M, aggregate_arguments_time=91.58ms, aggregation_time=384.36ms, emitting_time=68.93µs, time_calculating_group_ids=445.61ms, reduction_factor=0.00018% (111/60.21 M)]
            DataSourceExec: file_groups={16 groups: [[home/ec2-user/liquid-cache/benchmark/clickbench/data/hits.parquet:0..923748528], [home/ec2-user/liquid-cache/benchmark/clickbench/data/hits.parquet:923748528..1847497056], [home/ec2-user/liquid-cache/benchmark/clickbench/data/hits.parquet:1847497056..2771245584], [home/ec2-user/liquid-cache/benchmark/clickbench/data/hits.parquet:2771245584..3694994112], [home/ec2-user/liquid-cache/benchmark/clickbench/data/hits.parquet:3694994112..4618742640], [home/ec2-user/liquid-cache/benchmark/clickbench/data/hits.parquet:4618742640..5542491168], [home/ec2-user/liquid-cache/benchmark/clickbench/data/hits.parquet:5542491168..6466239696], [home/ec2-user/liquid-cache/benchmark/clickbench/data/hits.parquet:6466239696..7389988224], [home/ec2-user/liquid-cache/benchmark/clickbench/data/hits.parquet:7389988224..8313736752], [home/ec2-user/liquid-cache/benchmark/clickbench/data/hits.parquet:8313736752..9237485280], [home/ec2-user/liquid-cache/benchmark/clickbench/data/hits.parquet:9237485280..10161233808], [home/ec2-user/liquid-cache/benchmark/clickbench/data/hits.parquet:10161233808..11084982336], [home/ec2-user/liquid-cache/benchmark/clickbench/data/hits.parquet:11084982336..12008730864], [home/ec2-user/liquid-cache/benchmark/clickbench/data/hits.parquet:12008730864..12932479392], [home/ec2-user/liquid-cache/benchmark/clickbench/data/hits.parquet:12932479392..13856227920], [home/ec2-user/liquid-cache/benchmark/clickbench/data/hits.parquet:13856227920..14779976446]]}, projection=[EventDate, IsRefresh, ResolutionWidth], file_type=liquid_parquet, metrics=[output_rows=60.21 M, elapsed_compute=16ns, output_bytes=344.6 MB, output_batches=7.81 K, files_ranges_pruned_statistics=16 total → 16 matched, row_groups_pruned_statistics=226 total → 198 matched, row_groups_pruned_bloom_filter=0 total → 0 matched, page_index_pages_pruned=0 total → 0 matched, page_index_rows_pruned=0 total → 0 matched, limit_pruned_row_groups=0 total → 0 matched, batches_split=0, bytes_scanned=83.49 M, file_open_errors=0, file_scan_errors=0, num_predicate_creation_errors=0, predicate_evaluation_errors=0, pushdown_rows_matched=0, pushdown_rows_pruned=0, predicate_cache_inner_records=0, predicate_cache_records=0, bloom_filter_eval_time=3.58ms, metadata_load_time=2.95ms, page_index_eval_time=3.37µs, row_pushdown_eval_time=32ns, statistics_eval_time=447.35µs, time_elapsed_opening=9.28ms, time_elapsed_processing=921.68ms, time_elapsed_scanning_total=1.91s, time_elapsed_scanning_until_data=23.81ms, scan_efficiency_ratio=N/A (0/0)]

Cache: entries=21486, mem=403MB, disk=0MB
  Hits: cache_hit=7808, eval_predicate=29294
  Misses: cache_miss=0
  IO: read=0, write=0
  Squeeze: squeezed_success=0, squeezed_needs_io=0
Time: 160ms

+----------------+----------+---------------------+---------------------------+
| hits.EventDate | count(*) | sum(hits.IsRefresh) | avg(hits.ResolutionWidth) |
+----------------+----------+---------------------+---------------------------+
| 2013-07-02     | 3704833  | 101727              | 1539.6128780973393        |
| 2013-07-03     | 9829176  | 2124998             | 1525.046648874738         |
| 2013-07-05     | 4489531  | 473006              | 1548.6441810959764        |
| 2013-07-06     | 6813120  | 321599              | 1480.4534853341788        |
| 2013-07-07     | 1126867  | 28811               | 1449.443904205199         |
| 2013-07-08     | 2350577  | 60006               | 1469.3531392504904        |
| 2013-07-09     | 13465700 | 327895              | 1503.552273777078         |
| 2013-07-10     | 5808207  | 165786              | 1518.7116108292973        |
| 2013-07-15     | 12621831 | 459511              | 1546.7553391421577        |
+----------------+----------+---------------------+---------------------------+

=== EXPLAIN ANALYZE (Query 4, Iteration 4) ===
SortPreservingMergeExec: [hits.EventDate@0 ASC NULLS LAST], metrics=[output_rows=9, elapsed_compute=9.39µs, output_bytes=252.0 B, output_batches=1]
  SortExec: expr=[hits.EventDate@0 ASC NULLS LAST], preserve_partitioning=[true], metrics=[output_rows=9, elapsed_compute=13.83µs, output_bytes=0.0 B, output_batches=0, spill_count=0, spilled_bytes=0.0 B, spilled_rows=0]
    ProjectionExec: expr=[hits.EventDate@0 as hits.EventDate, count(Int64(1))@1 as count(*), sum(hits.IsRefresh)@2 as sum(hits.IsRefresh), avg(hits.ResolutionWidth)@3 as avg(hits.ResolutionWidth)], metrics=[output_rows=9, elapsed_compute=6.72µs, output_bytes=3.0 KB, output_batches=5, expr_0_eval_time=1.05µs, expr_1_eval_time=501ns, expr_2_eval_time=351ns, expr_3_eval_time=321ns]
      AggregateExec: mode=FinalPartitioned, gby=[hits.EventDate@0 as hits.EventDate], aggr=[count(Int64(1)), sum(hits.IsRefresh), avg(hits.ResolutionWidth)], metrics=[output_rows=9, elapsed_compute=127.29µs, output_bytes=3.0 KB, output_batches=5, spill_count=0, spilled_bytes=0.0 B, spilled_rows=0, peak_mem_used=44.22 K, aggregate_arguments_time=5.65µs, aggregation_time=20.53µs, emitting_time=11.95µs, time_calculating_group_ids=7.68µs]
        RepartitionExec: partitioning=Hash([hits.EventDate@0], 16), input_partitions=16, metrics=[output_rows=111, elapsed_compute=178.43µs, output_bytes=1440.0 KB, output_batches=5, spill_count=0, spilled_bytes=0.0 B, spilled_rows=0, fetch_time=1.86s, repartition_time=208.15µs, send_time=234.87µs]
          AggregateExec: mode=Partial, gby=[CAST(CAST(EventDate@0 AS Int32) AS Date32) as hits.EventDate], aggr=[count(Int64(1)), sum(hits.IsRefresh), avg(hits.ResolutionWidth)], metrics=[output_rows=111, elapsed_compute=833.39ms, output_bytes=13.6 KB, output_batches=16, spill_count=0, spilled_bytes=0.0 B, spilled_rows=0, skipped_aggregation_rows=0, peak_mem_used=1.12 M, aggregate_arguments_time=92.25ms, aggregation_time=385.34ms, emitting_time=68.94µs, time_calculating_group_ids=434.01ms, reduction_factor=0.00018% (111/60.21 M)]
            DataSourceExec: file_groups={16 groups: [[home/ec2-user/liquid-cache/benchmark/clickbench/data/hits.parquet:0..923748528], [home/ec2-user/liquid-cache/benchmark/clickbench/data/hits.parquet:923748528..1847497056], [home/ec2-user/liquid-cache/benchmark/clickbench/data/hits.parquet:1847497056..2771245584], [home/ec2-user/liquid-cache/benchmark/clickbench/data/hits.parquet:2771245584..3694994112], [home/ec2-user/liquid-cache/benchmark/clickbench/data/hits.parquet:3694994112..4618742640], [home/ec2-user/liquid-cache/benchmark/clickbench/data/hits.parquet:4618742640..5542491168], [home/ec2-user/liquid-cache/benchmark/clickbench/data/hits.parquet:5542491168..6466239696], [home/ec2-user/liquid-cache/benchmark/clickbench/data/hits.parquet:6466239696..7389988224], [home/ec2-user/liquid-cache/benchmark/clickbench/data/hits.parquet:7389988224..8313736752], [home/ec2-user/liquid-cache/benchmark/clickbench/data/hits.parquet:8313736752..9237485280], [home/ec2-user/liquid-cache/benchmark/clickbench/data/hits.parquet:9237485280..10161233808], [home/ec2-user/liquid-cache/benchmark/clickbench/data/hits.parquet:10161233808..11084982336], [home/ec2-user/liquid-cache/benchmark/clickbench/data/hits.parquet:11084982336..12008730864], [home/ec2-user/liquid-cache/benchmark/clickbench/data/hits.parquet:12008730864..12932479392], [home/ec2-user/liquid-cache/benchmark/clickbench/data/hits.parquet:12932479392..13856227920], [home/ec2-user/liquid-cache/benchmark/clickbench/data/hits.parquet:13856227920..14779976446]]}, projection=[EventDate, IsRefresh, ResolutionWidth], file_type=liquid_parquet, metrics=[output_rows=60.21 M, elapsed_compute=16ns, output_bytes=344.6 MB, output_batches=7.81 K, files_ranges_pruned_statistics=16 total → 16 matched, row_groups_pruned_statistics=226 total → 198 matched, row_groups_pruned_bloom_filter=0 total → 0 matched, page_index_pages_pruned=0 total → 0 matched, page_index_rows_pruned=0 total → 0 matched, limit_pruned_row_groups=0 total → 0 matched, batches_split=0, bytes_scanned=83.49 M, file_open_errors=0, file_scan_errors=0, num_predicate_creation_errors=0, predicate_evaluation_errors=0, pushdown_rows_matched=0, pushdown_rows_pruned=0, predicate_cache_inner_records=0, predicate_cache_records=0, bloom_filter_eval_time=3.49ms, metadata_load_time=2.78ms, page_index_eval_time=3.12µs, row_pushdown_eval_time=32ns, statistics_eval_time=465.63µs, time_elapsed_opening=8.96ms, time_elapsed_processing=929.60ms, time_elapsed_scanning_total=1.85s, time_elapsed_scanning_until_data=21.92ms, scan_efficiency_ratio=N/A (0/0)]

Cache: entries=21486, mem=403MB, disk=0MB
  Hits: cache_hit=7808, eval_predicate=29294
  Misses: cache_miss=0
  IO: read=0, write=0
  Squeeze: squeezed_success=0, squeezed_needs_io=0
Time: 158ms

+----------------+----------+---------------------+---------------------------+
| hits.EventDate | count(*) | sum(hits.IsRefresh) | avg(hits.ResolutionWidth) |
+----------------+----------+---------------------+---------------------------+
| 2013-07-02     | 3704833  | 101727              | 1539.6128780973393        |
| 2013-07-03     | 9829176  | 2124998             | 1525.046648874738         |
| 2013-07-05     | 4489531  | 473006              | 1548.6441810959764        |
| 2013-07-06     | 6813120  | 321599              | 1480.4534853341788        |
| 2013-07-07     | 1126867  | 28811               | 1449.443904205199         |
| 2013-07-08     | 2350577  | 60006               | 1469.3531392504904        |
| 2013-07-09     | 13465700 | 327895              | 1503.552273777078         |
| 2013-07-10     | 5808207  | 165786              | 1518.7116108292973        |
| 2013-07-15     | 12621831 | 459511              | 1546.7553391421577        |
+----------------+----------+---------------------+---------------------------+
