
=== EXPLAIN ANALYZE (Query 1, Iteration 0) ===
ProjectionExec: expr=[count(Int64(1))@0 as count(*), avg(hits.ResolutionWidth)@1 as avg(hits.ResolutionWidth), sum(hits.AdvEngineID)@2 as sum(hits.AdvEngineID)], metrics=[output_rows=1, elapsed_compute=2.45µs, output_bytes=26.0 B, output_batches=1, expr_0_eval_time=350ns, expr_1_eval_time=171ns, expr_2_eval_time=160ns]
  AggregateExec: mode=Final, gby=[], aggr=[count(Int64(1)), avg(hits.ResolutionWidth), sum(hits.AdvEngineID)], metrics=[output_rows=1, elapsed_compute=24.41µs, output_bytes=26.0 B, output_batches=1]
    CoalescePartitionsExec, metrics=[output_rows=16, elapsed_compute=31.77µs, output_bytes=544.0 B, output_batches=16]
      AggregateExec: mode=Partial, gby=[], aggr=[count(Int64(1)), avg(hits.ResolutionWidth), sum(hits.AdvEngineID)], metrics=[output_rows=16, elapsed_compute=13.38ms, output_bytes=544.0 B, output_batches=16]
        DataSourceExec: file_groups={16 groups: [[home/ec2-user/liquid-cache/benchmark/clickbench/data/hits.parquet:0..923748528], [home/ec2-user/liquid-cache/benchmark/clickbench/data/hits.parquet:923748528..1847497056], [home/ec2-user/liquid-cache/benchmark/clickbench/data/hits.parquet:1847497056..2771245584], [home/ec2-user/liquid-cache/benchmark/clickbench/data/hits.parquet:2771245584..3694994112], [home/ec2-user/liquid-cache/benchmark/clickbench/data/hits.parquet:3694994112..4618742640], [home/ec2-user/liquid-cache/benchmark/clickbench/data/hits.parquet:4618742640..5542491168], [home/ec2-user/liquid-cache/benchmark/clickbench/data/hits.parquet:5542491168..6466239696], [home/ec2-user/liquid-cache/benchmark/clickbench/data/hits.parquet:6466239696..7389988224], [home/ec2-user/liquid-cache/benchmark/clickbench/data/hits.parquet:7389988224..8313736752], [home/ec2-user/liquid-cache/benchmark/clickbench/data/hits.parquet:8313736752..9237485280], [home/ec2-user/liquid-cache/benchmark/clickbench/data/hits.parquet:9237485280..10161233808], [home/ec2-user/liquid-cache/benchmark/clickbench/data/hits.parquet:10161233808..11084982336], [home/ec2-user/liquid-cache/benchmark/clickbench/data/hits.parquet:11084982336..12008730864], [home/ec2-user/liquid-cache/benchmark/clickbench/data/hits.parquet:12008730864..12932479392], [home/ec2-user/liquid-cache/benchmark/clickbench/data/hits.parquet:12932479392..13856227920], [home/ec2-user/liquid-cache/benchmark/clickbench/data/hits.parquet:13856227920..14779976446]]}, projection=[ResolutionWidth, AdvEngineID], file_type=liquid_parquet, metrics=[output_rows=0, elapsed_compute=16ns, output_bytes=0.0 B, output_batches=0, files_ranges_pruned_statistics=16 total → 16 matched, row_groups_pruned_statistics=226 total → 2 matched, row_groups_pruned_bloom_filter=0 total → 0 matched, page_index_pages_pruned=0 total → 0 matched, page_index_rows_pruned=0 total → 0 matched, limit_pruned_row_groups=0 total → 0 matched, batches_split=0, bytes_scanned=282.9 K, file_open_errors=0, file_scan_errors=0, num_predicate_creation_errors=0, predicate_evaluation_errors=0, pushdown_rows_matched=0, pushdown_rows_pruned=0, predicate_cache_inner_records=0, predicate_cache_records=0, bloom_filter_eval_time=1.23ms, metadata_load_time=236.23ms, page_index_eval_time=6.50µs, row_pushdown_eval_time=32ns, statistics_eval_time=2.20ms, time_elapsed_opening=353.08ms, time_elapsed_processing=168.21ms, time_elapsed_scanning_total=28.72ms, time_elapsed_scanning_until_data=28.72ms, scan_efficiency_ratio=N/A (0/0)]

Cache: entries=291, mem=6MB, disk=0MB
  Hits: cache_hit=0, eval_predicate=454
  Misses: cache_miss=97
  IO: read=0, write=0
  Squeeze: squeezed_success=0, squeezed_needs_io=0
Time: 276ms

+----------+---------------------------+-----------------------+
| count(*) | avg(hits.ResolutionWidth) | sum(hits.AdvEngineID) |
+----------+---------------------------+-----------------------+
| 0        |                           |                       |
+----------+---------------------------+-----------------------+

=== EXPLAIN ANALYZE (Query 1, Iteration 1) ===
ProjectionExec: expr=[count(Int64(1))@0 as count(*), avg(hits.ResolutionWidth)@1 as avg(hits.ResolutionWidth), sum(hits.AdvEngineID)@2 as sum(hits.AdvEngineID)], metrics=[output_rows=1, elapsed_compute=741ns, output_bytes=26.0 B, output_batches=1, expr_0_eval_time=130ns, expr_1_eval_time=60ns, expr_2_eval_time=50ns]
  AggregateExec: mode=Final, gby=[], aggr=[count(Int64(1)), avg(hits.ResolutionWidth), sum(hits.AdvEngineID)], metrics=[output_rows=1, elapsed_compute=19.93µs, output_bytes=26.0 B, output_batches=1]
    CoalescePartitionsExec, metrics=[output_rows=16, elapsed_compute=13.23µs, output_bytes=544.0 B, output_batches=16]
      AggregateExec: mode=Partial, gby=[], aggr=[count(Int64(1)), avg(hits.ResolutionWidth), sum(hits.AdvEngineID)], metrics=[output_rows=16, elapsed_compute=112.36µs, output_bytes=544.0 B, output_batches=16]
        DataSourceExec: file_groups={16 groups: [[home/ec2-user/liquid-cache/benchmark/clickbench/data/hits.parquet:0..923748528], [home/ec2-user/liquid-cache/benchmark/clickbench/data/hits.parquet:923748528..1847497056], [home/ec2-user/liquid-cache/benchmark/clickbench/data/hits.parquet:1847497056..2771245584], [home/ec2-user/liquid-cache/benchmark/clickbench/data/hits.parquet:2771245584..3694994112], [home/ec2-user/liquid-cache/benchmark/clickbench/data/hits.parquet:3694994112..4618742640], [home/ec2-user/liquid-cache/benchmark/clickbench/data/hits.parquet:4618742640..5542491168], [home/ec2-user/liquid-cache/benchmark/clickbench/data/hits.parquet:5542491168..6466239696], [home/ec2-user/liquid-cache/benchmark/clickbench/data/hits.parquet:6466239696..7389988224], [home/ec2-user/liquid-cache/benchmark/clickbench/data/hits.parquet:7389988224..8313736752], [home/ec2-user/liquid-cache/benchmark/clickbench/data/hits.parquet:8313736752..9237485280], [home/ec2-user/liquid-cache/benchmark/clickbench/data/hits.parquet:9237485280..10161233808], [home/ec2-user/liquid-cache/benchmark/clickbench/data/hits.parquet:10161233808..11084982336], [home/ec2-user/liquid-cache/benchmark/clickbench/data/hits.parquet:11084982336..12008730864], [home/ec2-user/liquid-cache/benchmark/clickbench/data/hits.parquet:12008730864..12932479392], [home/ec2-user/liquid-cache/benchmark/clickbench/data/hits.parquet:12932479392..13856227920], [home/ec2-user/liquid-cache/benchmark/clickbench/data/hits.parquet:13856227920..14779976446]]}, projection=[ResolutionWidth, AdvEngineID], file_type=liquid_parquet, metrics=[output_rows=0, elapsed_compute=16ns, output_bytes=0.0 B, output_batches=0, files_ranges_pruned_statistics=16 total → 16 matched, row_groups_pruned_statistics=226 total → 2 matched, row_groups_pruned_bloom_filter=0 total → 0 matched, page_index_pages_pruned=0 total → 0 matched, page_index_rows_pruned=0 total → 0 matched, limit_pruned_row_groups=0 total → 0 matched, batches_split=0, bytes_scanned=0, file_open_errors=0, file_scan_errors=0, num_predicate_creation_errors=0, predicate_evaluation_errors=0, pushdown_rows_matched=0, pushdown_rows_pruned=0, predicate_cache_inner_records=0, predicate_cache_records=0, bloom_filter_eval_time=82.76µs, metadata_load_time=2.38ms, page_index_eval_time=3.93µs, row_pushdown_eval_time=32ns, statistics_eval_time=530.41µs, time_elapsed_opening=5.27ms, time_elapsed_processing=8.60ms, time_elapsed_scanning_total=3.33ms, time_elapsed_scanning_until_data=3.33ms, scan_efficiency_ratio=N/A (0/0)]

Cache: entries=291, mem=6MB, disk=0MB
  Hits: cache_hit=0, eval_predicate=357
  Misses: cache_miss=0
  IO: read=0, write=0
  Squeeze: squeezed_success=0, squeezed_needs_io=0
Time: 4ms

+----------+---------------------------+-----------------------+
| count(*) | avg(hits.ResolutionWidth) | sum(hits.AdvEngineID) |
+----------+---------------------------+-----------------------+
| 0        |                           |                       |
+----------+---------------------------+-----------------------+

=== EXPLAIN ANALYZE (Query 1, Iteration 2) ===
ProjectionExec: expr=[count(Int64(1))@0 as count(*), avg(hits.ResolutionWidth)@1 as avg(hits.ResolutionWidth), sum(hits.AdvEngineID)@2 as sum(hits.AdvEngineID)], metrics=[output_rows=1, elapsed_compute=940ns, output_bytes=26.0 B, output_batches=1, expr_0_eval_time=160ns, expr_1_eval_time=90ns, expr_2_eval_time=70ns]
  AggregateExec: mode=Final, gby=[], aggr=[count(Int64(1)), avg(hits.ResolutionWidth), sum(hits.AdvEngineID)], metrics=[output_rows=1, elapsed_compute=18.31µs, output_bytes=26.0 B, output_batches=1]
    CoalescePartitionsExec, metrics=[output_rows=16, elapsed_compute=12.97µs, output_bytes=544.0 B, output_batches=16]
      AggregateExec: mode=Partial, gby=[], aggr=[count(Int64(1)), avg(hits.ResolutionWidth), sum(hits.AdvEngineID)], metrics=[output_rows=16, elapsed_compute=130.28µs, output_bytes=544.0 B, output_batches=16]
        DataSourceExec: file_groups={16 groups: [[home/ec2-user/liquid-cache/benchmark/clickbench/data/hits.parquet:0..923748528], [home/ec2-user/liquid-cache/benchmark/clickbench/data/hits.parquet:923748528..1847497056], [home/ec2-user/liquid-cache/benchmark/clickbench/data/hits.parquet:1847497056..2771245584], [home/ec2-user/liquid-cache/benchmark/clickbench/data/hits.parquet:2771245584..3694994112], [home/ec2-user/liquid-cache/benchmark/clickbench/data/hits.parquet:3694994112..4618742640], [home/ec2-user/liquid-cache/benchmark/clickbench/data/hits.parquet:4618742640..5542491168], [home/ec2-user/liquid-cache/benchmark/clickbench/data/hits.parquet:5542491168..6466239696], [home/ec2-user/liquid-cache/benchmark/clickbench/data/hits.parquet:6466239696..7389988224], [home/ec2-user/liquid-cache/benchmark/clickbench/data/hits.parquet:7389988224..8313736752], [home/ec2-user/liquid-cache/benchmark/clickbench/data/hits.parquet:8313736752..9237485280], [home/ec2-user/liquid-cache/benchmark/clickbench/data/hits.parquet:9237485280..10161233808], [home/ec2-user/liquid-cache/benchmark/clickbench/data/hits.parquet:10161233808..11084982336], [home/ec2-user/liquid-cache/benchmark/clickbench/data/hits.parquet:11084982336..12008730864], [home/ec2-user/liquid-cache/benchmark/clickbench/data/hits.parquet:12008730864..12932479392], [home/ec2-user/liquid-cache/benchmark/clickbench/data/hits.parquet:12932479392..13856227920], [home/ec2-user/liquid-cache/benchmark/clickbench/data/hits.parquet:13856227920..14779976446]]}, projection=[ResolutionWidth, AdvEngineID], file_type=liquid_parquet, metrics=[output_rows=0, elapsed_compute=16ns, output_bytes=0.0 B, output_batches=0, files_ranges_pruned_statistics=16 total → 16 matched, row_groups_pruned_statistics=226 total → 2 matched, row_groups_pruned_bloom_filter=0 total → 0 matched, page_index_pages_pruned=0 total → 0 matched, page_index_rows_pruned=0 total → 0 matched, limit_pruned_row_groups=0 total → 0 matched, batches_split=0, bytes_scanned=0, file_open_errors=0, file_scan_errors=0, num_predicate_creation_errors=0, predicate_evaluation_errors=0, pushdown_rows_matched=0, pushdown_rows_pruned=0, predicate_cache_inner_records=0, predicate_cache_records=0, bloom_filter_eval_time=83.98µs, metadata_load_time=2.51ms, page_index_eval_time=4.45µs, row_pushdown_eval_time=32ns, statistics_eval_time=571.80µs, time_elapsed_opening=7.02ms, time_elapsed_processing=10.34ms, time_elapsed_scanning_total=3.32ms, time_elapsed_scanning_until_data=3.32ms, scan_efficiency_ratio=N/A (0/0)]

Cache: entries=291, mem=6MB, disk=0MB
  Hits: cache_hit=0, eval_predicate=357
  Misses: cache_miss=0
  IO: read=0, write=0
  Squeeze: squeezed_success=0, squeezed_needs_io=0
Time: 4ms

+----------+---------------------------+-----------------------+
| count(*) | avg(hits.ResolutionWidth) | sum(hits.AdvEngineID) |
+----------+---------------------------+-----------------------+
| 0        |                           |                       |
+----------+---------------------------+-----------------------+

=== EXPLAIN ANALYZE (Query 1, Iteration 3) ===
ProjectionExec: expr=[count(Int64(1))@0 as count(*), avg(hits.ResolutionWidth)@1 as avg(hits.ResolutionWidth), sum(hits.AdvEngineID)@2 as sum(hits.AdvEngineID)], metrics=[output_rows=1, elapsed_compute=930ns, output_bytes=26.0 B, output_batches=1, expr_0_eval_time=160ns, expr_1_eval_time=80ns, expr_2_eval_time=90ns]
  AggregateExec: mode=Final, gby=[], aggr=[count(Int64(1)), avg(hits.ResolutionWidth), sum(hits.AdvEngineID)], metrics=[output_rows=1, elapsed_compute=18.05µs, output_bytes=26.0 B, output_batches=1]
    CoalescePartitionsExec, metrics=[output_rows=16, elapsed_compute=13.43µs, output_bytes=544.0 B, output_batches=16]
      AggregateExec: mode=Partial, gby=[], aggr=[count(Int64(1)), avg(hits.ResolutionWidth), sum(hits.AdvEngineID)], metrics=[output_rows=16, elapsed_compute=124.22µs, output_bytes=544.0 B, output_batches=16]
        DataSourceExec: file_groups={16 groups: [[home/ec2-user/liquid-cache/benchmark/clickbench/data/hits.parquet:0..923748528], [home/ec2-user/liquid-cache/benchmark/clickbench/data/hits.parquet:923748528..1847497056], [home/ec2-user/liquid-cache/benchmark/clickbench/data/hits.parquet:1847497056..2771245584], [home/ec2-user/liquid-cache/benchmark/clickbench/data/hits.parquet:2771245584..3694994112], [home/ec2-user/liquid-cache/benchmark/clickbench/data/hits.parquet:3694994112..4618742640], [home/ec2-user/liquid-cache/benchmark/clickbench/data/hits.parquet:4618742640..5542491168], [home/ec2-user/liquid-cache/benchmark/clickbench/data/hits.parquet:5542491168..6466239696], [home/ec2-user/liquid-cache/benchmark/clickbench/data/hits.parquet:6466239696..7389988224], [home/ec2-user/liquid-cache/benchmark/clickbench/data/hits.parquet:7389988224..8313736752], [home/ec2-user/liquid-cache/benchmark/clickbench/data/hits.parquet:8313736752..9237485280], [home/ec2-user/liquid-cache/benchmark/clickbench/data/hits.parquet:9237485280..10161233808], [home/ec2-user/liquid-cache/benchmark/clickbench/data/hits.parquet:10161233808..11084982336], [home/ec2-user/liquid-cache/benchmark/clickbench/data/hits.parquet:11084982336..12008730864], [home/ec2-user/liquid-cache/benchmark/clickbench/data/hits.parquet:12008730864..12932479392], [home/ec2-user/liquid-cache/benchmark/clickbench/data/hits.parquet:12932479392..13856227920], [home/ec2-user/liquid-cache/benchmark/clickbench/data/hits.parquet:13856227920..14779976446]]}, projection=[ResolutionWidth, AdvEngineID], file_type=liquid_parquet, metrics=[output_rows=0, elapsed_compute=16ns, output_bytes=0.0 B, output_batches=0, files_ranges_pruned_statistics=16 total → 16 matched, row_groups_pruned_statistics=226 total → 2 matched, row_groups_pruned_bloom_filter=0 total → 0 matched, page_index_pages_pruned=0 total → 0 matched, page_index_rows_pruned=0 total → 0 matched, limit_pruned_row_groups=0 total → 0 matched, batches_split=0, bytes_scanned=0, file_open_errors=0, file_scan_errors=0, num_predicate_creation_errors=0, predicate_evaluation_errors=0, pushdown_rows_matched=0, pushdown_rows_pruned=0, predicate_cache_inner_records=0, predicate_cache_records=0, bloom_filter_eval_time=97.57µs, metadata_load_time=2.54ms, page_index_eval_time=4.18µs, row_pushdown_eval_time=32ns, statistics_eval_time=557.21µs, time_elapsed_opening=5.48ms, time_elapsed_processing=8.91ms, time_elapsed_scanning_total=3.43ms, time_elapsed_scanning_until_data=3.43ms, scan_efficiency_ratio=N/A (0/0)]

Cache: entries=291, mem=6MB, disk=0MB
  Hits: cache_hit=0, eval_predicate=357
  Misses: cache_miss=0
  IO: read=0, write=0
  Squeeze: squeezed_success=0, squeezed_needs_io=0
Time: 4ms

+----------+---------------------------+-----------------------+
| count(*) | avg(hits.ResolutionWidth) | sum(hits.AdvEngineID) |
+----------+---------------------------+-----------------------+
| 0        |                           |                       |
+----------+---------------------------+-----------------------+

=== EXPLAIN ANALYZE (Query 1, Iteration 4) ===
ProjectionExec: expr=[count(Int64(1))@0 as count(*), avg(hits.ResolutionWidth)@1 as avg(hits.ResolutionWidth), sum(hits.AdvEngineID)@2 as sum(hits.AdvEngineID)], metrics=[output_rows=1, elapsed_compute=869ns, output_bytes=26.0 B, output_batches=1, expr_0_eval_time=240ns, expr_1_eval_time=71ns, expr_2_eval_time=49ns]
  AggregateExec: mode=Final, gby=[], aggr=[count(Int64(1)), avg(hits.ResolutionWidth), sum(hits.AdvEngineID)], metrics=[output_rows=1, elapsed_compute=18.02µs, output_bytes=26.0 B, output_batches=1]
    CoalescePartitionsExec, metrics=[output_rows=16, elapsed_compute=12.44µs, output_bytes=544.0 B, output_batches=16]
      AggregateExec: mode=Partial, gby=[], aggr=[count(Int64(1)), avg(hits.ResolutionWidth), sum(hits.AdvEngineID)], metrics=[output_rows=16, elapsed_compute=113.48µs, output_bytes=544.0 B, output_batches=16]
        DataSourceExec: file_groups={16 groups: [[home/ec2-user/liquid-cache/benchmark/clickbench/data/hits.parquet:0..923748528], [home/ec2-user/liquid-cache/benchmark/clickbench/data/hits.parquet:923748528..1847497056], [home/ec2-user/liquid-cache/benchmark/clickbench/data/hits.parquet:1847497056..2771245584], [home/ec2-user/liquid-cache/benchmark/clickbench/data/hits.parquet:2771245584..3694994112], [home/ec2-user/liquid-cache/benchmark/clickbench/data/hits.parquet:3694994112..4618742640], [home/ec2-user/liquid-cache/benchmark/clickbench/data/hits.parquet:4618742640..5542491168], [home/ec2-user/liquid-cache/benchmark/clickbench/data/hits.parquet:5542491168..6466239696], [home/ec2-user/liquid-cache/benchmark/clickbench/data/hits.parquet:6466239696..7389988224], [home/ec2-user/liquid-cache/benchmark/clickbench/data/hits.parquet:7389988224..8313736752], [home/ec2-user/liquid-cache/benchmark/clickbench/data/hits.parquet:8313736752..9237485280], [home/ec2-user/liquid-cache/benchmark/clickbench/data/hits.parquet:9237485280..10161233808], [home/ec2-user/liquid-cache/benchmark/clickbench/data/hits.parquet:10161233808..11084982336], [home/ec2-user/liquid-cache/benchmark/clickbench/data/hits.parquet:11084982336..12008730864], [home/ec2-user/liquid-cache/benchmark/clickbench/data/hits.parquet:12008730864..12932479392], [home/ec2-user/liquid-cache/benchmark/clickbench/data/hits.parquet:12932479392..13856227920], [home/ec2-user/liquid-cache/benchmark/clickbench/data/hits.parquet:13856227920..14779976446]]}, projection=[ResolutionWidth, AdvEngineID], file_type=liquid_parquet, metrics=[output_rows=0, elapsed_compute=16ns, output_bytes=0.0 B, output_batches=0, files_ranges_pruned_statistics=16 total → 16 matched, row_groups_pruned_statistics=226 total → 2 matched, row_groups_pruned_bloom_filter=0 total → 0 matched, page_index_pages_pruned=0 total → 0 matched, page_index_rows_pruned=0 total → 0 matched, limit_pruned_row_groups=0 total → 0 matched, batches_split=0, bytes_scanned=0, file_open_errors=0, file_scan_errors=0, num_predicate_creation_errors=0, predicate_evaluation_errors=0, pushdown_rows_matched=0, pushdown_rows_pruned=0, predicate_cache_inner_records=0, predicate_cache_records=0, bloom_filter_eval_time=98.23µs, metadata_load_time=2.46ms, page_index_eval_time=3.87µs, row_pushdown_eval_time=32ns, statistics_eval_time=540.36µs, time_elapsed_opening=5.33ms, time_elapsed_processing=8.77ms, time_elapsed_scanning_total=3.43ms, time_elapsed_scanning_until_data=3.43ms, scan_efficiency_ratio=N/A (0/0)]

Cache: entries=291, mem=6MB, disk=0MB
  Hits: cache_hit=0, eval_predicate=357
  Misses: cache_miss=0
  IO: read=0, write=0
  Squeeze: squeezed_success=0, squeezed_needs_io=0
Time: 4ms

+----------+---------------------------+-----------------------+
| count(*) | avg(hits.ResolutionWidth) | sum(hits.AdvEngineID) |
+----------+---------------------------+-----------------------+
| 0        |                           |                       |
+----------+---------------------------+-----------------------+
