
=== EXPLAIN ANALYZE (Query 2, Iteration 0) ===
CoalescePartitionsExec: fetch=100, metrics=[output_rows=13, elapsed_compute=29.19µs, output_bytes=256.0 B, output_batches=1]
  DataSourceExec: file_groups={16 groups: [[home/ec2-user/liquid-cache/benchmark/clickbench/data/hits.parquet:0..923748528], [home/ec2-user/liquid-cache/benchmark/clickbench/data/hits.parquet:923748528..1847497056], [home/ec2-user/liquid-cache/benchmark/clickbench/data/hits.parquet:1847497056..2771245584], [home/ec2-user/liquid-cache/benchmark/clickbench/data/hits.parquet:2771245584..3694994112], [home/ec2-user/liquid-cache/benchmark/clickbench/data/hits.parquet:3694994112..4618742640], [home/ec2-user/liquid-cache/benchmark/clickbench/data/hits.parquet:4618742640..5542491168], [home/ec2-user/liquid-cache/benchmark/clickbench/data/hits.parquet:5542491168..6466239696], [home/ec2-user/liquid-cache/benchmark/clickbench/data/hits.parquet:6466239696..7389988224], [home/ec2-user/liquid-cache/benchmark/clickbench/data/hits.parquet:7389988224..8313736752], [home/ec2-user/liquid-cache/benchmark/clickbench/data/hits.parquet:8313736752..9237485280], [home/ec2-user/liquid-cache/benchmark/clickbench/data/hits.parquet:9237485280..10161233808], [home/ec2-user/liquid-cache/benchmark/clickbench/data/hits.parquet:10161233808..11084982336], [home/ec2-user/liquid-cache/benchmark/clickbench/data/hits.parquet:11084982336..12008730864], [home/ec2-user/liquid-cache/benchmark/clickbench/data/hits.parquet:12008730864..12932479392], [home/ec2-user/liquid-cache/benchmark/clickbench/data/hits.parquet:12932479392..13856227920], [home/ec2-user/liquid-cache/benchmark/clickbench/data/hits.parquet:13856227920..14779976446]]}, projection=[UserID, CounterID, RegionID], limit=100, file_type=liquid_parquet, metrics=[output_rows=13, elapsed_compute=16ns, output_bytes=256.0 B, output_batches=1, files_ranges_pruned_statistics=16 total → 16 matched, row_groups_pruned_statistics=226 total → 3 matched, row_groups_pruned_bloom_filter=0 total → 0 matched, page_index_pages_pruned=0 total → 0 matched, page_index_rows_pruned=0 total → 0 matched, limit_pruned_row_groups=0 total → 0 matched, batches_split=0, bytes_scanned=2.78 M, file_open_errors=0, file_scan_errors=0, num_predicate_creation_errors=0, predicate_evaluation_errors=0, pushdown_rows_matched=0, pushdown_rows_pruned=0, predicate_cache_inner_records=0, predicate_cache_records=0, bloom_filter_eval_time=118.28µs, metadata_load_time=224.10ms, page_index_eval_time=4.27µs, row_pushdown_eval_time=32ns, statistics_eval_time=19.61ms, time_elapsed_opening=373.23ms, time_elapsed_processing=184.71ms, time_elapsed_scanning_total=23.34ms, time_elapsed_scanning_until_data=22.44ms, scan_efficiency_ratio=N/A (0/0)]

Cache: entries=6, mem=0MB, disk=0MB
  Hits: cache_hit=2, eval_predicate=6
  Misses: cache_miss=2
  IO: read=0, write=0
  Squeeze: squeezed_success=0, squeezed_needs_io=0
Time: 258ms

+----------------------+-----------+----------+
| UserID               | CounterID | RegionID |
+----------------------+-----------+----------+
| -9169641491093342987 | 62        | 229      |
| -9169641491093342987 | 62        | 229      |
| -9169641491093342987 | 62        | 229      |
| -9164706819442030649 | 62        | 229      |
| -9164706819442030649 | 62        | 229      |
| -9164706819442030649 | 62        | 229      |
| -9164706819442030649 | 62        | 229      |
| -9164706819442030649 | 62        | 229      |
| -9164706819442030649 | 62        | 229      |
| -9164706819442030649 | 62        | 229      |
| -9164706819442030649 | 62        | 229      |
| -9164706819442030649 | 62        | 229      |
| -9164706819442030649 | 62        | 229      |
+----------------------+-----------+----------+

=== EXPLAIN ANALYZE (Query 2, Iteration 1) ===
CoalescePartitionsExec: fetch=100, metrics=[output_rows=13, elapsed_compute=14.71µs, output_bytes=256.0 B, output_batches=1]
  DataSourceExec: file_groups={16 groups: [[home/ec2-user/liquid-cache/benchmark/clickbench/data/hits.parquet:0..923748528], [home/ec2-user/liquid-cache/benchmark/clickbench/data/hits.parquet:923748528..1847497056], [home/ec2-user/liquid-cache/benchmark/clickbench/data/hits.parquet:1847497056..2771245584], [home/ec2-user/liquid-cache/benchmark/clickbench/data/hits.parquet:2771245584..3694994112], [home/ec2-user/liquid-cache/benchmark/clickbench/data/hits.parquet:3694994112..4618742640], [home/ec2-user/liquid-cache/benchmark/clickbench/data/hits.parquet:4618742640..5542491168], [home/ec2-user/liquid-cache/benchmark/clickbench/data/hits.parquet:5542491168..6466239696], [home/ec2-user/liquid-cache/benchmark/clickbench/data/hits.parquet:6466239696..7389988224], [home/ec2-user/liquid-cache/benchmark/clickbench/data/hits.parquet:7389988224..8313736752], [home/ec2-user/liquid-cache/benchmark/clickbench/data/hits.parquet:8313736752..9237485280], [home/ec2-user/liquid-cache/benchmark/clickbench/data/hits.parquet:9237485280..10161233808], [home/ec2-user/liquid-cache/benchmark/clickbench/data/hits.parquet:10161233808..11084982336], [home/ec2-user/liquid-cache/benchmark/clickbench/data/hits.parquet:11084982336..12008730864], [home/ec2-user/liquid-cache/benchmark/clickbench/data/hits.parquet:12008730864..12932479392], [home/ec2-user/liquid-cache/benchmark/clickbench/data/hits.parquet:12932479392..13856227920], [home/ec2-user/liquid-cache/benchmark/clickbench/data/hits.parquet:13856227920..14779976446]]}, projection=[UserID, CounterID, RegionID], limit=100, file_type=liquid_parquet, metrics=[output_rows=13, elapsed_compute=16ns, output_bytes=256.0 B, output_batches=1, files_ranges_pruned_statistics=16 total → 16 matched, row_groups_pruned_statistics=226 total → 3 matched, row_groups_pruned_bloom_filter=0 total → 0 matched, page_index_pages_pruned=0 total → 0 matched, page_index_rows_pruned=0 total → 0 matched, limit_pruned_row_groups=0 total → 0 matched, batches_split=0, bytes_scanned=1.90 M, file_open_errors=0, file_scan_errors=0, num_predicate_creation_errors=0, predicate_evaluation_errors=0, pushdown_rows_matched=0, pushdown_rows_pruned=0, predicate_cache_inner_records=0, predicate_cache_records=0, bloom_filter_eval_time=122.86µs, metadata_load_time=2.24ms, page_index_eval_time=4.17µs, row_pushdown_eval_time=32ns, statistics_eval_time=462.15µs, time_elapsed_opening=4.94ms, time_elapsed_processing=6.14ms, time_elapsed_scanning_total=1.50ms, time_elapsed_scanning_until_data=1.49ms, scan_efficiency_ratio=N/A (0/0)]

Cache: entries=6, mem=0MB, disk=0MB
  Hits: cache_hit=2, eval_predicate=4
  Misses: cache_miss=0
  IO: read=0, write=0
  Squeeze: squeezed_success=0, squeezed_needs_io=0
Time: 3ms

+----------------------+-----------+----------+
| UserID               | CounterID | RegionID |
+----------------------+-----------+----------+
| -9169641491093342987 | 62        | 229      |
| -9169641491093342987 | 62        | 229      |
| -9169641491093342987 | 62        | 229      |
| -9164706819442030649 | 62        | 229      |
| -9164706819442030649 | 62        | 229      |
| -9164706819442030649 | 62        | 229      |
| -9164706819442030649 | 62        | 229      |
| -9164706819442030649 | 62        | 229      |
| -9164706819442030649 | 62        | 229      |
| -9164706819442030649 | 62        | 229      |
| -9164706819442030649 | 62        | 229      |
| -9164706819442030649 | 62        | 229      |
| -9164706819442030649 | 62        | 229      |
+----------------------+-----------+----------+

=== EXPLAIN ANALYZE (Query 2, Iteration 2) ===
CoalescePartitionsExec: fetch=100, metrics=[output_rows=13, elapsed_compute=13.07µs, output_bytes=256.0 B, output_batches=1]
  DataSourceExec: file_groups={16 groups: [[home/ec2-user/liquid-cache/benchmark/clickbench/data/hits.parquet:0..923748528], [home/ec2-user/liquid-cache/benchmark/clickbench/data/hits.parquet:923748528..1847497056], [home/ec2-user/liquid-cache/benchmark/clickbench/data/hits.parquet:1847497056..2771245584], [home/ec2-user/liquid-cache/benchmark/clickbench/data/hits.parquet:2771245584..3694994112], [home/ec2-user/liquid-cache/benchmark/clickbench/data/hits.parquet:3694994112..4618742640], [home/ec2-user/liquid-cache/benchmark/clickbench/data/hits.parquet:4618742640..5542491168], [home/ec2-user/liquid-cache/benchmark/clickbench/data/hits.parquet:5542491168..6466239696], [home/ec2-user/liquid-cache/benchmark/clickbench/data/hits.parquet:6466239696..7389988224], [home/ec2-user/liquid-cache/benchmark/clickbench/data/hits.parquet:7389988224..8313736752], [home/ec2-user/liquid-cache/benchmark/clickbench/data/hits.parquet:8313736752..9237485280], [home/ec2-user/liquid-cache/benchmark/clickbench/data/hits.parquet:9237485280..10161233808], [home/ec2-user/liquid-cache/benchmark/clickbench/data/hits.parquet:10161233808..11084982336], [home/ec2-user/liquid-cache/benchmark/clickbench/data/hits.parquet:11084982336..12008730864], [home/ec2-user/liquid-cache/benchmark/clickbench/data/hits.parquet:12008730864..12932479392], [home/ec2-user/liquid-cache/benchmark/clickbench/data/hits.parquet:12932479392..13856227920], [home/ec2-user/liquid-cache/benchmark/clickbench/data/hits.parquet:13856227920..14779976446]]}, projection=[UserID, CounterID, RegionID], limit=100, file_type=liquid_parquet, metrics=[output_rows=13, elapsed_compute=16ns, output_bytes=256.0 B, output_batches=1, files_ranges_pruned_statistics=16 total → 16 matched, row_groups_pruned_statistics=226 total → 3 matched, row_groups_pruned_bloom_filter=0 total → 0 matched, page_index_pages_pruned=0 total → 0 matched, page_index_rows_pruned=0 total → 0 matched, limit_pruned_row_groups=0 total → 0 matched, batches_split=0, bytes_scanned=1.90 M, file_open_errors=0, file_scan_errors=0, num_predicate_creation_errors=0, predicate_evaluation_errors=0, pushdown_rows_matched=0, pushdown_rows_pruned=0, predicate_cache_inner_records=0, predicate_cache_records=0, bloom_filter_eval_time=108.20µs, metadata_load_time=2.20ms, page_index_eval_time=3.43µs, row_pushdown_eval_time=32ns, statistics_eval_time=433.57µs, time_elapsed_opening=4.79ms, time_elapsed_processing=5.76ms, time_elapsed_scanning_total=1.19ms, time_elapsed_scanning_until_data=1.17ms, scan_efficiency_ratio=N/A (0/0)]

Cache: entries=6, mem=0MB, disk=0MB
  Hits: cache_hit=2, eval_predicate=4
  Misses: cache_miss=0
  IO: read=0, write=0
  Squeeze: squeezed_success=0, squeezed_needs_io=0
Time: 2ms

+----------------------+-----------+----------+
| UserID               | CounterID | RegionID |
+----------------------+-----------+----------+
| -9169641491093342987 | 62        | 229      |
| -9169641491093342987 | 62        | 229      |
| -9169641491093342987 | 62        | 229      |
| -9164706819442030649 | 62        | 229      |
| -9164706819442030649 | 62        | 229      |
| -9164706819442030649 | 62        | 229      |
| -9164706819442030649 | 62        | 229      |
| -9164706819442030649 | 62        | 229      |
| -9164706819442030649 | 62        | 229      |
| -9164706819442030649 | 62        | 229      |
| -9164706819442030649 | 62        | 229      |
| -9164706819442030649 | 62        | 229      |
| -9164706819442030649 | 62        | 229      |
+----------------------+-----------+----------+

=== EXPLAIN ANALYZE (Query 2, Iteration 3) ===
CoalescePartitionsExec: fetch=100, metrics=[output_rows=13, elapsed_compute=13.85µs, output_bytes=256.0 B, output_batches=1]
  DataSourceExec: file_groups={16 groups: [[home/ec2-user/liquid-cache/benchmark/clickbench/data/hits.parquet:0..923748528], [home/ec2-user/liquid-cache/benchmark/clickbench/data/hits.parquet:923748528..1847497056], [home/ec2-user/liquid-cache/benchmark/clickbench/data/hits.parquet:1847497056..2771245584], [home/ec2-user/liquid-cache/benchmark/clickbench/data/hits.parquet:2771245584..3694994112], [home/ec2-user/liquid-cache/benchmark/clickbench/data/hits.parquet:3694994112..4618742640], [home/ec2-user/liquid-cache/benchmark/clickbench/data/hits.parquet:4618742640..5542491168], [home/ec2-user/liquid-cache/benchmark/clickbench/data/hits.parquet:5542491168..6466239696], [home/ec2-user/liquid-cache/benchmark/clickbench/data/hits.parquet:6466239696..7389988224], [home/ec2-user/liquid-cache/benchmark/clickbench/data/hits.parquet:7389988224..8313736752], [home/ec2-user/liquid-cache/benchmark/clickbench/data/hits.parquet:8313736752..9237485280], [home/ec2-user/liquid-cache/benchmark/clickbench/data/hits.parquet:9237485280..10161233808], [home/ec2-user/liquid-cache/benchmark/clickbench/data/hits.parquet:10161233808..11084982336], [home/ec2-user/liquid-cache/benchmark/clickbench/data/hits.parquet:11084982336..12008730864], [home/ec2-user/liquid-cache/benchmark/clickbench/data/hits.parquet:12008730864..12932479392], [home/ec2-user/liquid-cache/benchmark/clickbench/data/hits.parquet:12932479392..13856227920], [home/ec2-user/liquid-cache/benchmark/clickbench/data/hits.parquet:13856227920..14779976446]]}, projection=[UserID, CounterID, RegionID], limit=100, file_type=liquid_parquet, metrics=[output_rows=13, elapsed_compute=16ns, output_bytes=256.0 B, output_batches=1, files_ranges_pruned_statistics=16 total → 16 matched, row_groups_pruned_statistics=226 total → 3 matched, row_groups_pruned_bloom_filter=0 total → 0 matched, page_index_pages_pruned=0 total → 0 matched, page_index_rows_pruned=0 total → 0 matched, limit_pruned_row_groups=0 total → 0 matched, batches_split=0, bytes_scanned=1.90 M, file_open_errors=0, file_scan_errors=0, num_predicate_creation_errors=0, predicate_evaluation_errors=0, pushdown_rows_matched=0, pushdown_rows_pruned=0, predicate_cache_inner_records=0, predicate_cache_records=0, bloom_filter_eval_time=94.70µs, metadata_load_time=2.12ms, page_index_eval_time=3.33µs, row_pushdown_eval_time=32ns, statistics_eval_time=367.91µs, time_elapsed_opening=4.30ms, time_elapsed_processing=5.55ms, time_elapsed_scanning_total=1.50ms, time_elapsed_scanning_until_data=1.48ms, scan_efficiency_ratio=N/A (0/0)]

Cache: entries=6, mem=0MB, disk=0MB
  Hits: cache_hit=2, eval_predicate=4
  Misses: cache_miss=0
  IO: read=0, write=0
  Squeeze: squeezed_success=0, squeezed_needs_io=0
Time: 3ms

+----------------------+-----------+----------+
| UserID               | CounterID | RegionID |
+----------------------+-----------+----------+
| -9169641491093342987 | 62        | 229      |
| -9169641491093342987 | 62        | 229      |
| -9169641491093342987 | 62        | 229      |
| -9164706819442030649 | 62        | 229      |
| -9164706819442030649 | 62        | 229      |
| -9164706819442030649 | 62        | 229      |
| -9164706819442030649 | 62        | 229      |
| -9164706819442030649 | 62        | 229      |
| -9164706819442030649 | 62        | 229      |
| -9164706819442030649 | 62        | 229      |
| -9164706819442030649 | 62        | 229      |
| -9164706819442030649 | 62        | 229      |
| -9164706819442030649 | 62        | 229      |
+----------------------+-----------+----------+

=== EXPLAIN ANALYZE (Query 2, Iteration 4) ===
CoalescePartitionsExec: fetch=100, metrics=[output_rows=13, elapsed_compute=12.65µs, output_bytes=256.0 B, output_batches=1]
  DataSourceExec: file_groups={16 groups: [[home/ec2-user/liquid-cache/benchmark/clickbench/data/hits.parquet:0..923748528], [home/ec2-user/liquid-cache/benchmark/clickbench/data/hits.parquet:923748528..1847497056], [home/ec2-user/liquid-cache/benchmark/clickbench/data/hits.parquet:1847497056..2771245584], [home/ec2-user/liquid-cache/benchmark/clickbench/data/hits.parquet:2771245584..3694994112], [home/ec2-user/liquid-cache/benchmark/clickbench/data/hits.parquet:3694994112..4618742640], [home/ec2-user/liquid-cache/benchmark/clickbench/data/hits.parquet:4618742640..5542491168], [home/ec2-user/liquid-cache/benchmark/clickbench/data/hits.parquet:5542491168..6466239696], [home/ec2-user/liquid-cache/benchmark/clickbench/data/hits.parquet:6466239696..7389988224], [home/ec2-user/liquid-cache/benchmark/clickbench/data/hits.parquet:7389988224..8313736752], [home/ec2-user/liquid-cache/benchmark/clickbench/data/hits.parquet:8313736752..9237485280], [home/ec2-user/liquid-cache/benchmark/clickbench/data/hits.parquet:9237485280..10161233808], [home/ec2-user/liquid-cache/benchmark/clickbench/data/hits.parquet:10161233808..11084982336], [home/ec2-user/liquid-cache/benchmark/clickbench/data/hits.parquet:11084982336..12008730864], [home/ec2-user/liquid-cache/benchmark/clickbench/data/hits.parquet:12008730864..12932479392], [home/ec2-user/liquid-cache/benchmark/clickbench/data/hits.parquet:12932479392..13856227920], [home/ec2-user/liquid-cache/benchmark/clickbench/data/hits.parquet:13856227920..14779976446]]}, projection=[UserID, CounterID, RegionID], limit=100, file_type=liquid_parquet, metrics=[output_rows=13, elapsed_compute=16ns, output_bytes=256.0 B, output_batches=1, files_ranges_pruned_statistics=16 total → 16 matched, row_groups_pruned_statistics=226 total → 3 matched, row_groups_pruned_bloom_filter=0 total → 0 matched, page_index_pages_pruned=0 total → 0 matched, page_index_rows_pruned=0 total → 0 matched, limit_pruned_row_groups=0 total → 0 matched, batches_split=0, bytes_scanned=1.90 M, file_open_errors=0, file_scan_errors=0, num_predicate_creation_errors=0, predicate_evaluation_errors=0, pushdown_rows_matched=0, pushdown_rows_pruned=0, predicate_cache_inner_records=0, predicate_cache_records=0, bloom_filter_eval_time=91.47µs, metadata_load_time=2.17ms, page_index_eval_time=3.65µs, row_pushdown_eval_time=32ns, statistics_eval_time=434.44µs, time_elapsed_opening=4.76ms, time_elapsed_processing=6.20ms, time_elapsed_scanning_total=1.69ms, time_elapsed_scanning_until_data=1.67ms, scan_efficiency_ratio=N/A (0/0)]

Cache: entries=6, mem=0MB, disk=0MB
  Hits: cache_hit=2, eval_predicate=4
  Misses: cache_miss=0
  IO: read=0, write=0
  Squeeze: squeezed_success=0, squeezed_needs_io=0
Time: 3ms

+----------------------+-----------+----------+
| UserID               | CounterID | RegionID |
+----------------------+-----------+----------+
| -9169641491093342987 | 62        | 229      |
| -9169641491093342987 | 62        | 229      |
| -9169641491093342987 | 62        | 229      |
| -9164706819442030649 | 62        | 229      |
| -9164706819442030649 | 62        | 229      |
| -9164706819442030649 | 62        | 229      |
| -9164706819442030649 | 62        | 229      |
| -9164706819442030649 | 62        | 229      |
| -9164706819442030649 | 62        | 229      |
| -9164706819442030649 | 62        | 229      |
| -9164706819442030649 | 62        | 229      |
| -9164706819442030649 | 62        | 229      |
| -9164706819442030649 | 62        | 229      |
+----------------------+-----------+----------+
