
=== EXPLAIN ANALYZE (Query 4, Iteration 0) ===
SortPreservingMergeExec: [hits.EventDate@0 ASC NULLS LAST], metrics=[output_rows=9, elapsed_compute=2.99ms, output_bytes=252.0 B, output_batches=1]
  SortExec: expr=[hits.EventDate@0 ASC NULLS LAST], preserve_partitioning=[true], metrics=[output_rows=9, elapsed_compute=12.18µs, output_bytes=0.0 B, output_batches=0, spill_count=0, spilled_bytes=0.0 B, spilled_rows=0]
    ProjectionExec: expr=[hits.EventDate@0 as hits.EventDate, count(Int64(1))@1 as count(*), sum(hits.IsRefresh)@2 as sum(hits.IsRefresh), avg(hits.ResolutionWidth)@3 as avg(hits.ResolutionWidth)], metrics=[output_rows=9, elapsed_compute=6.32µs, output_bytes=3.0 KB, output_batches=5, expr_0_eval_time=881ns, expr_1_eval_time=401ns, expr_2_eval_time=341ns, expr_3_eval_time=491ns]
      AggregateExec: mode=FinalPartitioned, gby=[hits.EventDate@0 as hits.EventDate], aggr=[count(Int64(1)), sum(hits.IsRefresh), avg(hits.ResolutionWidth)], metrics=[output_rows=9, elapsed_compute=162.28µs, output_bytes=3.0 KB, output_batches=5, spill_count=0, spilled_bytes=0.0 B, spilled_rows=0, peak_mem_used=44.22 K, aggregate_arguments_time=5.88µs, aggregation_time=43.44µs, emitting_time=24.99µs, time_calculating_group_ids=6.72µs]
        RepartitionExec: partitioning=Hash([hits.EventDate@0], 16), input_partitions=16, metrics=[output_rows=111, elapsed_compute=5.49ms, output_bytes=1440.0 KB, output_batches=5, spill_count=0, spilled_bytes=0.0 B, spilled_rows=0, fetch_time=3.16s, repartition_time=4.75ms, send_time=166.59µs]
          AggregateExec: mode=Partial, gby=[CAST(CAST(EventDate@0 AS Int32) AS Date32) as hits.EventDate], aggr=[count(Int64(1)), sum(hits.IsRefresh), avg(hits.ResolutionWidth)], metrics=[output_rows=111, elapsed_compute=897.87ms, output_bytes=13.6 KB, output_batches=16, spill_count=0, spilled_bytes=0.0 B, spilled_rows=0, skipped_aggregation_rows=0, peak_mem_used=1.12 M, aggregate_arguments_time=126.52ms, aggregation_time=429.33ms, emitting_time=106.65µs, time_calculating_group_ids=426.40ms, reduction_factor=0.00018% (111/60.21 M)]
            DataSourceExec: file_groups={16 groups: [[home/ec2-user/liquid-cache/benchmark/clickbench/data/hits.parquet:0..923748528], [home/ec2-user/liquid-cache/benchmark/clickbench/data/hits.parquet:923748528..1847497056], [home/ec2-user/liquid-cache/benchmark/clickbench/data/hits.parquet:1847497056..2771245584], [home/ec2-user/liquid-cache/benchmark/clickbench/data/hits.parquet:2771245584..3694994112], [home/ec2-user/liquid-cache/benchmark/clickbench/data/hits.parquet:3694994112..4618742640], [home/ec2-user/liquid-cache/benchmark/clickbench/data/hits.parquet:4618742640..5542491168], [home/ec2-user/liquid-cache/benchmark/clickbench/data/hits.parquet:5542491168..6466239696], [home/ec2-user/liquid-cache/benchmark/clickbench/data/hits.parquet:6466239696..7389988224], [home/ec2-user/liquid-cache/benchmark/clickbench/data/hits.parquet:7389988224..8313736752], [home/ec2-user/liquid-cache/benchmark/clickbench/data/hits.parquet:8313736752..9237485280], [home/ec2-user/liquid-cache/benchmark/clickbench/data/hits.parquet:9237485280..10161233808], [home/ec2-user/liquid-cache/benchmark/clickbench/data/hits.parquet:10161233808..11084982336], [home/ec2-user/liquid-cache/benchmark/clickbench/data/hits.parquet:11084982336..12008730864], [home/ec2-user/liquid-cache/benchmark/clickbench/data/hits.parquet:12008730864..12932479392], [home/ec2-user/liquid-cache/benchmark/clickbench/data/hits.parquet:12932479392..13856227920], [home/ec2-user/liquid-cache/benchmark/clickbench/data/hits.parquet:13856227920..14779976446]]}, projection=[EventDate, IsRefresh, ResolutionWidth], file_type=liquid_parquet, metrics=[output_rows=60.21 M, elapsed_compute=16ns, output_bytes=344.6 MB, output_batches=7.81 K, files_ranges_pruned_statistics=16 total → 16 matched, row_groups_pruned_statistics=226 total → 198 matched, row_groups_pruned_bloom_filter=0 total → 0 matched, page_index_pages_pruned=0 total → 0 matched, page_index_rows_pruned=0 total → 0 matched, limit_pruned_row_groups=0 total → 0 matched, batches_split=0, bytes_scanned=40.34 M, file_open_errors=0, file_scan_errors=0, num_predicate_creation_errors=0, predicate_evaluation_errors=0, pushdown_rows_matched=0, pushdown_rows_pruned=0, predicate_cache_inner_records=0, predicate_cache_records=0, bloom_filter_eval_time=7.10ms, metadata_load_time=221.18ms, page_index_eval_time=2.69µs, row_pushdown_eval_time=32ns, statistics_eval_time=12.88ms, time_elapsed_opening=347.66ms, time_elapsed_processing=1.42s, time_elapsed_scanning_total=2.81s, time_elapsed_scanning_until_data=198.71ms, scan_efficiency_ratio=N/A (0/0)]

Cache: entries=21486, mem=150MB, disk=0MB
  Hits: cache_hit=7808, eval_predicate=40037
  Misses: cache_miss=10743
  IO: read=0, write=0
  Squeeze: squeezed_success=0, squeezed_needs_io=0
Time: 516ms

+----------------+----------+---------------------+---------------------------+
| hits.EventDate | count(*) | sum(hits.IsRefresh) | avg(hits.ResolutionWidth) |
+----------------+----------+---------------------+---------------------------+
| 2013-07-02     | 3704833  | 101727              | 1539.6128780973393        |
| 2013-07-03     | 9829176  | 2124998             | 1525.046648874738         |
| 2013-07-05     | 4489531  | 473006              | 1548.6441810959764        |
| 2013-07-06     | 6813120  | 321599              | 1480.4534853341788        |
| 2013-07-07     | 1126867  | 28811               | 1449.443904205199         |
| 2013-07-08     | 2350577  | 60006               | 1469.3531392504904        |
| 2013-07-09     | 13465700 | 327895              | 1503.552273777078         |
| 2013-07-10     | 5808207  | 165786              | 1518.7116108292973        |
| 2013-07-15     | 12621831 | 459511              | 1546.7553391421577        |
+----------------+----------+---------------------+---------------------------+

=== EXPLAIN ANALYZE (Query 4, Iteration 1) ===
SortPreservingMergeExec: [hits.EventDate@0 ASC NULLS LAST], metrics=[output_rows=9, elapsed_compute=9.59µs, output_bytes=252.0 B, output_batches=1]
  SortExec: expr=[hits.EventDate@0 ASC NULLS LAST], preserve_partitioning=[true], metrics=[output_rows=9, elapsed_compute=12.13µs, output_bytes=0.0 B, output_batches=0, spill_count=0, spilled_bytes=0.0 B, spilled_rows=0]
    ProjectionExec: expr=[hits.EventDate@0 as hits.EventDate, count(Int64(1))@1 as count(*), sum(hits.IsRefresh)@2 as sum(hits.IsRefresh), avg(hits.ResolutionWidth)@3 as avg(hits.ResolutionWidth)], metrics=[output_rows=9, elapsed_compute=6.58µs, output_bytes=3.0 KB, output_batches=5, expr_0_eval_time=1.01µs, expr_1_eval_time=352ns, expr_2_eval_time=341ns, expr_3_eval_time=341ns]
      AggregateExec: mode=FinalPartitioned, gby=[hits.EventDate@0 as hits.EventDate], aggr=[count(Int64(1)), sum(hits.IsRefresh), avg(hits.ResolutionWidth)], metrics=[output_rows=9, elapsed_compute=127.33µs, output_bytes=3.0 KB, output_batches=5, spill_count=0, spilled_bytes=0.0 B, spilled_rows=0, peak_mem_used=44.22 K, aggregate_arguments_time=5.99µs, aggregation_time=20.42µs, emitting_time=10.89µs, time_calculating_group_ids=6.81µs]
        RepartitionExec: partitioning=Hash([hits.EventDate@0], 16), input_partitions=16, metrics=[output_rows=111, elapsed_compute=155.02µs, output_bytes=1440.0 KB, output_batches=5, spill_count=0, spilled_bytes=0.0 B, spilled_rows=0, fetch_time=1.99s, repartition_time=213.44µs, send_time=136.32µs]
          AggregateExec: mode=Partial, gby=[CAST(CAST(EventDate@0 AS Int32) AS Date32) as hits.EventDate], aggr=[count(Int64(1)), sum(hits.IsRefresh), avg(hits.ResolutionWidth)], metrics=[output_rows=111, elapsed_compute=863.57ms, output_bytes=13.6 KB, output_batches=16, spill_count=0, spilled_bytes=0.0 B, spilled_rows=0, skipped_aggregation_rows=0, peak_mem_used=1.12 M, aggregate_arguments_time=96.59ms, aggregation_time=391.27ms, emitting_time=64.22µs, time_calculating_group_ids=455.07ms, reduction_factor=0.00018% (111/60.21 M)]
            DataSourceExec: file_groups={16 groups: [[home/ec2-user/liquid-cache/benchmark/clickbench/data/hits.parquet:0..923748528], [home/ec2-user/liquid-cache/benchmark/clickbench/data/hits.parquet:923748528..1847497056], [home/ec2-user/liquid-cache/benchmark/clickbench/data/hits.parquet:1847497056..2771245584], [home/ec2-user/liquid-cache/benchmark/clickbench/data/hits.parquet:2771245584..3694994112], [home/ec2-user/liquid-cache/benchmark/clickbench/data/hits.parquet:3694994112..4618742640], [home/ec2-user/liquid-cache/benchmark/clickbench/data/hits.parquet:4618742640..5542491168], [home/ec2-user/liquid-cache/benchmark/clickbench/data/hits.parquet:5542491168..6466239696], [home/ec2-user/liquid-cache/benchmark/clickbench/data/hits.parquet:6466239696..7389988224], [home/ec2-user/liquid-cache/benchmark/clickbench/data/hits.parquet:7389988224..8313736752], [home/ec2-user/liquid-cache/benchmark/clickbench/data/hits.parquet:8313736752..9237485280], [home/ec2-user/liquid-cache/benchmark/clickbench/data/hits.parquet:9237485280..10161233808], [home/ec2-user/liquid-cache/benchmark/clickbench/data/hits.parquet:10161233808..11084982336], [home/ec2-user/liquid-cache/benchmark/clickbench/data/hits.parquet:11084982336..12008730864], [home/ec2-user/liquid-cache/benchmark/clickbench/data/hits.parquet:12008730864..12932479392], [home/ec2-user/liquid-cache/benchmark/clickbench/data/hits.parquet:12932479392..13856227920], [home/ec2-user/liquid-cache/benchmark/clickbench/data/hits.parquet:13856227920..14779976446]]}, projection=[EventDate, IsRefresh, ResolutionWidth], file_type=liquid_parquet, metrics=[output_rows=60.21 M, elapsed_compute=16ns, output_bytes=344.6 MB, output_batches=7.81 K, files_ranges_pruned_statistics=16 total → 16 matched, row_groups_pruned_statistics=226 total → 198 matched, row_groups_pruned_bloom_filter=0 total → 0 matched, page_index_pages_pruned=0 total → 0 matched, page_index_rows_pruned=0 total → 0 matched, limit_pruned_row_groups=0 total → 0 matched, batches_split=0, bytes_scanned=83.49 M, file_open_errors=0, file_scan_errors=0, num_predicate_creation_errors=0, predicate_evaluation_errors=0, pushdown_rows_matched=0, pushdown_rows_pruned=0, predicate_cache_inner_records=0, predicate_cache_records=0, bloom_filter_eval_time=3.57ms, metadata_load_time=2.90ms, page_index_eval_time=4.33µs, row_pushdown_eval_time=32ns, statistics_eval_time=864.17µs, time_elapsed_opening=10.07ms, time_elapsed_processing=987.65ms, time_elapsed_scanning_total=1.98s, time_elapsed_scanning_until_data=24.95ms, scan_efficiency_ratio=N/A (0/0)]

Cache: entries=21486, mem=150MB, disk=0MB
  Hits: cache_hit=7808, eval_predicate=29294
  Misses: cache_miss=0
  IO: read=0, write=0
  Squeeze: squeezed_success=0, squeezed_needs_io=0
Time: 166ms

+----------------+----------+---------------------+---------------------------+
| hits.EventDate | count(*) | sum(hits.IsRefresh) | avg(hits.ResolutionWidth) |
+----------------+----------+---------------------+---------------------------+
| 2013-07-02     | 3704833  | 101727              | 1539.6128780973393        |
| 2013-07-03     | 9829176  | 2124998             | 1525.046648874738         |
| 2013-07-05     | 4489531  | 473006              | 1548.6441810959764        |
| 2013-07-06     | 6813120  | 321599              | 1480.4534853341788        |
| 2013-07-07     | 1126867  | 28811               | 1449.443904205199         |
| 2013-07-08     | 2350577  | 60006               | 1469.3531392504904        |
| 2013-07-09     | 13465700 | 327895              | 1503.552273777078         |
| 2013-07-10     | 5808207  | 165786              | 1518.7116108292973        |
| 2013-07-15     | 12621831 | 459511              | 1546.7553391421577        |
+----------------+----------+---------------------+---------------------------+

=== EXPLAIN ANALYZE (Query 4, Iteration 2) ===
SortPreservingMergeExec: [hits.EventDate@0 ASC NULLS LAST], metrics=[output_rows=9, elapsed_compute=9.47µs, output_bytes=252.0 B, output_batches=1]
  SortExec: expr=[hits.EventDate@0 ASC NULLS LAST], preserve_partitioning=[true], metrics=[output_rows=9, elapsed_compute=13.33µs, output_bytes=0.0 B, output_batches=0, spill_count=0, spilled_bytes=0.0 B, spilled_rows=0]
    ProjectionExec: expr=[hits.EventDate@0 as hits.EventDate, count(Int64(1))@1 as count(*), sum(hits.IsRefresh)@2 as sum(hits.IsRefresh), avg(hits.ResolutionWidth)@3 as avg(hits.ResolutionWidth)], metrics=[output_rows=9, elapsed_compute=7.10µs, output_bytes=3.0 KB, output_batches=5, expr_0_eval_time=771ns, expr_1_eval_time=491ns, expr_2_eval_time=431ns, expr_3_eval_time=341ns]
      AggregateExec: mode=FinalPartitioned, gby=[hits.EventDate@0 as hits.EventDate], aggr=[count(Int64(1)), sum(hits.IsRefresh), avg(hits.ResolutionWidth)], metrics=[output_rows=9, elapsed_compute=118.78µs, output_bytes=3.0 KB, output_batches=5, spill_count=0, spilled_bytes=0.0 B, spilled_rows=0, peak_mem_used=44.22 K, aggregate_arguments_time=7.35µs, aggregation_time=21.47µs, emitting_time=10.00µs, time_calculating_group_ids=6.91µs]
        RepartitionExec: partitioning=Hash([hits.EventDate@0], 16), input_partitions=16, metrics=[output_rows=111, elapsed_compute=177.17µs, output_bytes=1440.0 KB, output_batches=5, spill_count=0, spilled_bytes=0.0 B, spilled_rows=0, fetch_time=1.92s, repartition_time=206.02µs, send_time=150.41µs]
          AggregateExec: mode=Partial, gby=[CAST(CAST(EventDate@0 AS Int32) AS Date32) as hits.EventDate], aggr=[count(Int64(1)), sum(hits.IsRefresh), avg(hits.ResolutionWidth)], metrics=[output_rows=111, elapsed_compute=844.23ms, output_bytes=13.6 KB, output_batches=16, spill_count=0, spilled_bytes=0.0 B, spilled_rows=0, skipped_aggregation_rows=0, peak_mem_used=1.12 M, aggregate_arguments_time=94.35ms, aggregation_time=385.65ms, emitting_time=63.55µs, time_calculating_group_ids=441.92ms, reduction_factor=0.00018% (111/60.21 M)]
            DataSourceExec: file_groups={16 groups: [[home/ec2-user/liquid-cache/benchmark/clickbench/data/hits.parquet:0..923748528], [home/ec2-user/liquid-cache/benchmark/clickbench/data/hits.parquet:923748528..1847497056], [home/ec2-user/liquid-cache/benchmark/clickbench/data/hits.parquet:1847497056..2771245584], [home/ec2-user/liquid-cache/benchmark/clickbench/data/hits.parquet:2771245584..3694994112], [home/ec2-user/liquid-cache/benchmark/clickbench/data/hits.parquet:3694994112..4618742640], [home/ec2-user/liquid-cache/benchmark/clickbench/data/hits.parquet:4618742640..5542491168], [home/ec2-user/liquid-cache/benchmark/clickbench/data/hits.parquet:5542491168..6466239696], [home/ec2-user/liquid-cache/benchmark/clickbench/data/hits.parquet:6466239696..7389988224], [home/ec2-user/liquid-cache/benchmark/clickbench/data/hits.parquet:7389988224..8313736752], [home/ec2-user/liquid-cache/benchmark/clickbench/data/hits.parquet:8313736752..9237485280], [home/ec2-user/liquid-cache/benchmark/clickbench/data/hits.parquet:9237485280..10161233808], [home/ec2-user/liquid-cache/benchmark/clickbench/data/hits.parquet:10161233808..11084982336], [home/ec2-user/liquid-cache/benchmark/clickbench/data/hits.parquet:11084982336..12008730864], [home/ec2-user/liquid-cache/benchmark/clickbench/data/hits.parquet:12008730864..12932479392], [home/ec2-user/liquid-cache/benchmark/clickbench/data/hits.parquet:12932479392..13856227920], [home/ec2-user/liquid-cache/benchmark/clickbench/data/hits.parquet:13856227920..14779976446]]}, projection=[EventDate, IsRefresh, ResolutionWidth], file_type=liquid_parquet, metrics=[output_rows=60.21 M, elapsed_compute=16ns, output_bytes=344.6 MB, output_batches=7.81 K, files_ranges_pruned_statistics=16 total → 16 matched, row_groups_pruned_statistics=226 total → 198 matched, row_groups_pruned_bloom_filter=0 total → 0 matched, page_index_pages_pruned=0 total → 0 matched, page_index_rows_pruned=0 total → 0 matched, limit_pruned_row_groups=0 total → 0 matched, batches_split=0, bytes_scanned=83.49 M, file_open_errors=0, file_scan_errors=0, num_predicate_creation_errors=0, predicate_evaluation_errors=0, pushdown_rows_matched=0, pushdown_rows_pruned=0, predicate_cache_inner_records=0, predicate_cache_records=0, bloom_filter_eval_time=3.39ms, metadata_load_time=2.68ms, page_index_eval_time=3.17µs, row_pushdown_eval_time=32ns, statistics_eval_time=452.32µs, time_elapsed_opening=8.91ms, time_elapsed_processing=966.75ms, time_elapsed_scanning_total=1.91s, time_elapsed_scanning_until_data=23.10ms, scan_efficiency_ratio=N/A (0/0)]

Cache: entries=21486, mem=150MB, disk=0MB
  Hits: cache_hit=7808, eval_predicate=29294
  Misses: cache_miss=0
  IO: read=0, write=0
  Squeeze: squeezed_success=0, squeezed_needs_io=0
Time: 168ms

+----------------+----------+---------------------+---------------------------+
| hits.EventDate | count(*) | sum(hits.IsRefresh) | avg(hits.ResolutionWidth) |
+----------------+----------+---------------------+---------------------------+
| 2013-07-02     | 3704833  | 101727              | 1539.6128780973393        |
| 2013-07-03     | 9829176  | 2124998             | 1525.046648874738         |
| 2013-07-05     | 4489531  | 473006              | 1548.6441810959764        |
| 2013-07-06     | 6813120  | 321599              | 1480.4534853341788        |
| 2013-07-07     | 1126867  | 28811               | 1449.443904205199         |
| 2013-07-08     | 2350577  | 60006               | 1469.3531392504904        |
| 2013-07-09     | 13465700 | 327895              | 1503.552273777078         |
| 2013-07-10     | 5808207  | 165786              | 1518.7116108292973        |
| 2013-07-15     | 12621831 | 459511              | 1546.7553391421577        |
+----------------+----------+---------------------+---------------------------+

=== EXPLAIN ANALYZE (Query 4, Iteration 3) ===
SortPreservingMergeExec: [hits.EventDate@0 ASC NULLS LAST], metrics=[output_rows=9, elapsed_compute=10.73µs, output_bytes=252.0 B, output_batches=1]
  SortExec: expr=[hits.EventDate@0 ASC NULLS LAST], preserve_partitioning=[true], metrics=[output_rows=9, elapsed_compute=11.87µs, output_bytes=0.0 B, output_batches=0, spill_count=0, spilled_bytes=0.0 B, spilled_rows=0]
    ProjectionExec: expr=[hits.EventDate@0 as hits.EventDate, count(Int64(1))@1 as count(*), sum(hits.IsRefresh)@2 as sum(hits.IsRefresh), avg(hits.ResolutionWidth)@3 as avg(hits.ResolutionWidth)], metrics=[output_rows=9, elapsed_compute=7.62µs, output_bytes=3.0 KB, output_batches=5, expr_0_eval_time=811ns, expr_1_eval_time=540ns, expr_2_eval_time=451ns, expr_3_eval_time=481ns]
      AggregateExec: mode=FinalPartitioned, gby=[hits.EventDate@0 as hits.EventDate], aggr=[count(Int64(1)), sum(hits.IsRefresh), avg(hits.ResolutionWidth)], metrics=[output_rows=9, elapsed_compute=105.10µs, output_bytes=3.0 KB, output_batches=5, spill_count=0, spilled_bytes=0.0 B, spilled_rows=0, peak_mem_used=44.22 K, aggregate_arguments_time=5.96µs, aggregation_time=19.59µs, emitting_time=9.21µs, time_calculating_group_ids=6.06µs]
        RepartitionExec: partitioning=Hash([hits.EventDate@0], 16), input_partitions=16, metrics=[output_rows=111, elapsed_compute=175.13µs, output_bytes=1440.0 KB, output_batches=5, spill_count=0, spilled_bytes=0.0 B, spilled_rows=0, fetch_time=1.95s, repartition_time=199.65µs, send_time=247.90µs]
          AggregateExec: mode=Partial, gby=[CAST(CAST(EventDate@0 AS Int32) AS Date32) as hits.EventDate], aggr=[count(Int64(1)), sum(hits.IsRefresh), avg(hits.ResolutionWidth)], metrics=[output_rows=111, elapsed_compute=831.95ms, output_bytes=13.6 KB, output_batches=16, spill_count=0, spilled_bytes=0.0 B, spilled_rows=0, skipped_aggregation_rows=0, peak_mem_used=1.12 M, aggregate_arguments_time=91.43ms, aggregation_time=382.92ms, emitting_time=63.23µs, time_calculating_group_ids=434.14ms, reduction_factor=0.00018% (111/60.21 M)]
            DataSourceExec: file_groups={16 groups: [[home/ec2-user/liquid-cache/benchmark/clickbench/data/hits.parquet:0..923748528], [home/ec2-user/liquid-cache/benchmark/clickbench/data/hits.parquet:923748528..1847497056], [home/ec2-user/liquid-cache/benchmark/clickbench/data/hits.parquet:1847497056..2771245584], [home/ec2-user/liquid-cache/benchmark/clickbench/data/hits.parquet:2771245584..3694994112], [home/ec2-user/liquid-cache/benchmark/clickbench/data/hits.parquet:3694994112..4618742640], [home/ec2-user/liquid-cache/benchmark/clickbench/data/hits.parquet:4618742640..5542491168], [home/ec2-user/liquid-cache/benchmark/clickbench/data/hits.parquet:5542491168..6466239696], [home/ec2-user/liquid-cache/benchmark/clickbench/data/hits.parquet:6466239696..7389988224], [home/ec2-user/liquid-cache/benchmark/clickbench/data/hits.parquet:7389988224..8313736752], [home/ec2-user/liquid-cache/benchmark/clickbench/data/hits.parquet:8313736752..9237485280], [home/ec2-user/liquid-cache/benchmark/clickbench/data/hits.parquet:9237485280..10161233808], [home/ec2-user/liquid-cache/benchmark/clickbench/data/hits.parquet:10161233808..11084982336], [home/ec2-user/liquid-cache/benchmark/clickbench/data/hits.parquet:11084982336..12008730864], [home/ec2-user/liquid-cache/benchmark/clickbench/data/hits.parquet:12008730864..12932479392], [home/ec2-user/liquid-cache/benchmark/clickbench/data/hits.parquet:12932479392..13856227920], [home/ec2-user/liquid-cache/benchmark/clickbench/data/hits.parquet:13856227920..14779976446]]}, projection=[EventDate, IsRefresh, ResolutionWidth], file_type=liquid_parquet, metrics=[output_rows=60.21 M, elapsed_compute=16ns, output_bytes=344.6 MB, output_batches=7.81 K, files_ranges_pruned_statistics=16 total → 16 matched, row_groups_pruned_statistics=226 total → 198 matched, row_groups_pruned_bloom_filter=0 total → 0 matched, page_index_pages_pruned=0 total → 0 matched, page_index_rows_pruned=0 total → 0 matched, limit_pruned_row_groups=0 total → 0 matched, batches_split=0, bytes_scanned=83.49 M, file_open_errors=0, file_scan_errors=0, num_predicate_creation_errors=0, predicate_evaluation_errors=0, pushdown_rows_matched=0, pushdown_rows_pruned=0, predicate_cache_inner_records=0, predicate_cache_records=0, bloom_filter_eval_time=3.36ms, metadata_load_time=3.66ms, page_index_eval_time=2.94µs, row_pushdown_eval_time=32ns, statistics_eval_time=449.55µs, time_elapsed_opening=9.93ms, time_elapsed_processing=946.36ms, time_elapsed_scanning_total=1.94s, time_elapsed_scanning_until_data=25.23ms, scan_efficiency_ratio=N/A (0/0)]

Cache: entries=21486, mem=150MB, disk=0MB
  Hits: cache_hit=7808, eval_predicate=29294
  Misses: cache_miss=0
  IO: read=0, write=0
  Squeeze: squeezed_success=0, squeezed_needs_io=0
Time: 167ms

+----------------+----------+---------------------+---------------------------+
| hits.EventDate | count(*) | sum(hits.IsRefresh) | avg(hits.ResolutionWidth) |
+----------------+----------+---------------------+---------------------------+
| 2013-07-02     | 3704833  | 101727              | 1539.6128780973393        |
| 2013-07-03     | 9829176  | 2124998             | 1525.046648874738         |
| 2013-07-05     | 4489531  | 473006              | 1548.6441810959764        |
| 2013-07-06     | 6813120  | 321599              | 1480.4534853341788        |
| 2013-07-07     | 1126867  | 28811               | 1449.443904205199         |
| 2013-07-08     | 2350577  | 60006               | 1469.3531392504904        |
| 2013-07-09     | 13465700 | 327895              | 1503.552273777078         |
| 2013-07-10     | 5808207  | 165786              | 1518.7116108292973        |
| 2013-07-15     | 12621831 | 459511              | 1546.7553391421577        |
+----------------+----------+---------------------+---------------------------+

=== EXPLAIN ANALYZE (Query 4, Iteration 4) ===
SortPreservingMergeExec: [hits.EventDate@0 ASC NULLS LAST], metrics=[output_rows=9, elapsed_compute=9.71µs, output_bytes=252.0 B, output_batches=1]
  SortExec: expr=[hits.EventDate@0 ASC NULLS LAST], preserve_partitioning=[true], metrics=[output_rows=9, elapsed_compute=13.25µs, output_bytes=0.0 B, output_batches=0, spill_count=0, spilled_bytes=0.0 B, spilled_rows=0]
    ProjectionExec: expr=[hits.EventDate@0 as hits.EventDate, count(Int64(1))@1 as count(*), sum(hits.IsRefresh)@2 as sum(hits.IsRefresh), avg(hits.ResolutionWidth)@3 as avg(hits.ResolutionWidth)], metrics=[output_rows=9, elapsed_compute=6.93µs, output_bytes=3.0 KB, output_batches=5, expr_0_eval_time=902ns, expr_1_eval_time=420ns, expr_2_eval_time=410ns, expr_3_eval_time=472ns]
      AggregateExec: mode=FinalPartitioned, gby=[hits.EventDate@0 as hits.EventDate], aggr=[count(Int64(1)), sum(hits.IsRefresh), avg(hits.ResolutionWidth)], metrics=[output_rows=9, elapsed_compute=116.33µs, output_bytes=3.0 KB, output_batches=5, spill_count=0, spilled_bytes=0.0 B, spilled_rows=0, peak_mem_used=44.22 K, aggregate_arguments_time=6.69µs, aggregation_time=23.14µs, emitting_time=11.24µs, time_calculating_group_ids=7.58µs]
        RepartitionExec: partitioning=Hash([hits.EventDate@0], 16), input_partitions=16, metrics=[output_rows=111, elapsed_compute=180.37µs, output_bytes=1440.0 KB, output_batches=5, spill_count=0, spilled_bytes=0.0 B, spilled_rows=0, fetch_time=1.97s, repartition_time=203.51µs, send_time=157.87µs]
          AggregateExec: mode=Partial, gby=[CAST(CAST(EventDate@0 AS Int32) AS Date32) as hits.EventDate], aggr=[count(Int64(1)), sum(hits.IsRefresh), avg(hits.ResolutionWidth)], metrics=[output_rows=111, elapsed_compute=852.37ms, output_bytes=13.6 KB, output_batches=16, spill_count=0, spilled_bytes=0.0 B, spilled_rows=0, skipped_aggregation_rows=0, peak_mem_used=1.12 M, aggregate_arguments_time=91.40ms, aggregation_time=383.91ms, emitting_time=62.83µs, time_calculating_group_ids=454.71ms, reduction_factor=0.00018% (111/60.21 M)]
            DataSourceExec: file_groups={16 groups: [[home/ec2-user/liquid-cache/benchmark/clickbench/data/hits.parquet:0..923748528], [home/ec2-user/liquid-cache/benchmark/clickbench/data/hits.parquet:923748528..1847497056], [home/ec2-user/liquid-cache/benchmark/clickbench/data/hits.parquet:1847497056..2771245584], [home/ec2-user/liquid-cache/benchmark/clickbench/data/hits.parquet:2771245584..3694994112], [home/ec2-user/liquid-cache/benchmark/clickbench/data/hits.parquet:3694994112..4618742640], [home/ec2-user/liquid-cache/benchmark/clickbench/data/hits.parquet:4618742640..5542491168], [home/ec2-user/liquid-cache/benchmark/clickbench/data/hits.parquet:5542491168..6466239696], [home/ec2-user/liquid-cache/benchmark/clickbench/data/hits.parquet:6466239696..7389988224], [home/ec2-user/liquid-cache/benchmark/clickbench/data/hits.parquet:7389988224..8313736752], [home/ec2-user/liquid-cache/benchmark/clickbench/data/hits.parquet:8313736752..9237485280], [home/ec2-user/liquid-cache/benchmark/clickbench/data/hits.parquet:9237485280..10161233808], [home/ec2-user/liquid-cache/benchmark/clickbench/data/hits.parquet:10161233808..11084982336], [home/ec2-user/liquid-cache/benchmark/clickbench/data/hits.parquet:11084982336..12008730864], [home/ec2-user/liquid-cache/benchmark/clickbench/data/hits.parquet:12008730864..12932479392], [home/ec2-user/liquid-cache/benchmark/clickbench/data/hits.parquet:12932479392..13856227920], [home/ec2-user/liquid-cache/benchmark/clickbench/data/hits.parquet:13856227920..14779976446]]}, projection=[EventDate, IsRefresh, ResolutionWidth], file_type=liquid_parquet, metrics=[output_rows=60.21 M, elapsed_compute=16ns, output_bytes=344.6 MB, output_batches=7.81 K, files_ranges_pruned_statistics=16 total → 16 matched, row_groups_pruned_statistics=226 total → 198 matched, row_groups_pruned_bloom_filter=0 total → 0 matched, page_index_pages_pruned=0 total → 0 matched, page_index_rows_pruned=0 total → 0 matched, limit_pruned_row_groups=0 total → 0 matched, batches_split=0, bytes_scanned=83.49 M, file_open_errors=0, file_scan_errors=0, num_predicate_creation_errors=0, predicate_evaluation_errors=0, pushdown_rows_matched=0, pushdown_rows_pruned=0, predicate_cache_inner_records=0, predicate_cache_records=0, bloom_filter_eval_time=3.49ms, metadata_load_time=2.80ms, page_index_eval_time=3.91µs, row_pushdown_eval_time=32ns, statistics_eval_time=481.62µs, time_elapsed_opening=9.19ms, time_elapsed_processing=940.65ms, time_elapsed_scanning_total=1.96s, time_elapsed_scanning_until_data=29.42ms, scan_efficiency_ratio=N/A (0/0)]

Cache: entries=21486, mem=150MB, disk=0MB
  Hits: cache_hit=7808, eval_predicate=29294
  Misses: cache_miss=0
  IO: read=0, write=0
  Squeeze: squeezed_success=0, squeezed_needs_io=0
Time: 166ms

+----------------+----------+---------------------+---------------------------+
| hits.EventDate | count(*) | sum(hits.IsRefresh) | avg(hits.ResolutionWidth) |
+----------------+----------+---------------------+---------------------------+
| 2013-07-02     | 3704833  | 101727              | 1539.6128780973393        |
| 2013-07-03     | 9829176  | 2124998             | 1525.046648874738         |
| 2013-07-05     | 4489531  | 473006              | 1548.6441810959764        |
| 2013-07-06     | 6813120  | 321599              | 1480.4534853341788        |
| 2013-07-07     | 1126867  | 28811               | 1449.443904205199         |
| 2013-07-08     | 2350577  | 60006               | 1469.3531392504904        |
| 2013-07-09     | 13465700 | 327895              | 1503.552273777078         |
| 2013-07-10     | 5808207  | 165786              | 1518.7116108292973        |
| 2013-07-15     | 12621831 | 459511              | 1546.7553391421577        |
+----------------+----------+---------------------+---------------------------+
