
=== EXPLAIN ANALYZE (Query 1, Iteration 0) ===
ProjectionExec: expr=[count(Int64(1))@0 as count(*)], metrics=[output_rows=1, elapsed_compute=1.00µs, output_bytes=8.0 B, output_batches=1, expr_0_eval_time=390ns]
  AggregateExec: mode=Final, gby=[], aggr=[count(Int64(1))], metrics=[output_rows=1, elapsed_compute=13.91µs, output_bytes=8.0 B, output_batches=1]
    CoalescePartitionsExec, metrics=[output_rows=16, elapsed_compute=33.38µs, output_bytes=128.0 B, output_batches=16]
      AggregateExec: mode=Partial, gby=[], aggr=[count(Int64(1))], metrics=[output_rows=16, elapsed_compute=5.41ms, output_bytes=128.0 B, output_batches=16]
        DataSourceExec: file_groups={16 groups: [[home/ec2-user/liquid-cache/benchmark/clickbench/data/hits.parquet:0..923748528], [home/ec2-user/liquid-cache/benchmark/clickbench/data/hits.parquet:923748528..1847497056], [home/ec2-user/liquid-cache/benchmark/clickbench/data/hits.parquet:1847497056..2771245584], [home/ec2-user/liquid-cache/benchmark/clickbench/data/hits.parquet:2771245584..3694994112], [home/ec2-user/liquid-cache/benchmark/clickbench/data/hits.parquet:3694994112..4618742640], [home/ec2-user/liquid-cache/benchmark/clickbench/data/hits.parquet:4618742640..5542491168], [home/ec2-user/liquid-cache/benchmark/clickbench/data/hits.parquet:5542491168..6466239696], [home/ec2-user/liquid-cache/benchmark/clickbench/data/hits.parquet:6466239696..7389988224], [home/ec2-user/liquid-cache/benchmark/clickbench/data/hits.parquet:7389988224..8313736752], [home/ec2-user/liquid-cache/benchmark/clickbench/data/hits.parquet:8313736752..9237485280], [home/ec2-user/liquid-cache/benchmark/clickbench/data/hits.parquet:9237485280..10161233808], [home/ec2-user/liquid-cache/benchmark/clickbench/data/hits.parquet:10161233808..11084982336], [home/ec2-user/liquid-cache/benchmark/clickbench/data/hits.parquet:11084982336..12008730864], [home/ec2-user/liquid-cache/benchmark/clickbench/data/hits.parquet:12008730864..12932479392], [home/ec2-user/liquid-cache/benchmark/clickbench/data/hits.parquet:12932479392..13856227920], [home/ec2-user/liquid-cache/benchmark/clickbench/data/hits.parquet:13856227920..14779976446]]}, file_type=liquid_parquet, metrics=[output_rows=630.5 K, elapsed_compute=16ns, output_bytes=0.0 B, output_batches=5.87 K, files_ranges_pruned_statistics=16 total → 16 matched, row_groups_pruned_statistics=226 total → 212 matched, row_groups_pruned_bloom_filter=0 total → 0 matched, page_index_pages_pruned=0 total → 0 matched, page_index_rows_pruned=0 total → 0 matched, limit_pruned_row_groups=0 total → 0 matched, batches_split=0, bytes_scanned=941.5 K, file_open_errors=0, file_scan_errors=0, num_predicate_creation_errors=0, predicate_evaluation_errors=0, pushdown_rows_matched=0, pushdown_rows_pruned=0, predicate_cache_inner_records=0, predicate_cache_records=0, bloom_filter_eval_time=21.30ms, metadata_load_time=221.69ms, page_index_eval_time=2.86µs, row_pushdown_eval_time=32ns, statistics_eval_time=659.98µs, time_elapsed_opening=331.36ms, time_elapsed_processing=600.51ms, time_elapsed_scanning_total=628.86ms, time_elapsed_scanning_until_data=119.11ms, scan_efficiency_ratio=N/A (0/0)]

Cache: entries=11540, mem=35MB, disk=0MB
  Hits: cache_hit=0, eval_predicate=23080
  Misses: cache_miss=11540
  IO: read=0, write=0
  Squeeze: squeezed_success=0, squeezed_needs_io=0
Time: 297ms

+----------+
| count(*) |
+----------+
| 630500   |
+----------+

=== EXPLAIN ANALYZE (Query 1, Iteration 1) ===
ProjectionExec: expr=[count(Int64(1))@0 as count(*)], metrics=[output_rows=1, elapsed_compute=820ns, output_bytes=8.0 B, output_batches=1, expr_0_eval_time=240ns]
  AggregateExec: mode=Final, gby=[], aggr=[count(Int64(1))], metrics=[output_rows=1, elapsed_compute=8.35µs, output_bytes=8.0 B, output_batches=1]
    CoalescePartitionsExec, metrics=[output_rows=16, elapsed_compute=15.20µs, output_bytes=128.0 B, output_batches=16]
      AggregateExec: mode=Partial, gby=[], aggr=[count(Int64(1))], metrics=[output_rows=16, elapsed_compute=2.50ms, output_bytes=128.0 B, output_batches=16]
        DataSourceExec: file_groups={16 groups: [[home/ec2-user/liquid-cache/benchmark/clickbench/data/hits.parquet:0..923748528], [home/ec2-user/liquid-cache/benchmark/clickbench/data/hits.parquet:923748528..1847497056], [home/ec2-user/liquid-cache/benchmark/clickbench/data/hits.parquet:1847497056..2771245584], [home/ec2-user/liquid-cache/benchmark/clickbench/data/hits.parquet:2771245584..3694994112], [home/ec2-user/liquid-cache/benchmark/clickbench/data/hits.parquet:3694994112..4618742640], [home/ec2-user/liquid-cache/benchmark/clickbench/data/hits.parquet:4618742640..5542491168], [home/ec2-user/liquid-cache/benchmark/clickbench/data/hits.parquet:5542491168..6466239696], [home/ec2-user/liquid-cache/benchmark/clickbench/data/hits.parquet:6466239696..7389988224], [home/ec2-user/liquid-cache/benchmark/clickbench/data/hits.parquet:7389988224..8313736752], [home/ec2-user/liquid-cache/benchmark/clickbench/data/hits.parquet:8313736752..9237485280], [home/ec2-user/liquid-cache/benchmark/clickbench/data/hits.parquet:9237485280..10161233808], [home/ec2-user/liquid-cache/benchmark/clickbench/data/hits.parquet:10161233808..11084982336], [home/ec2-user/liquid-cache/benchmark/clickbench/data/hits.parquet:11084982336..12008730864], [home/ec2-user/liquid-cache/benchmark/clickbench/data/hits.parquet:12008730864..12932479392], [home/ec2-user/liquid-cache/benchmark/clickbench/data/hits.parquet:12932479392..13856227920], [home/ec2-user/liquid-cache/benchmark/clickbench/data/hits.parquet:13856227920..14779976446]]}, file_type=liquid_parquet, metrics=[output_rows=630.5 K, elapsed_compute=16ns, output_bytes=0.0 B, output_batches=5.87 K, files_ranges_pruned_statistics=16 total → 16 matched, row_groups_pruned_statistics=226 total → 212 matched, row_groups_pruned_bloom_filter=0 total → 0 matched, page_index_pages_pruned=0 total → 0 matched, page_index_rows_pruned=0 total → 0 matched, limit_pruned_row_groups=0 total → 0 matched, batches_split=0, bytes_scanned=0, file_open_errors=0, file_scan_errors=0, num_predicate_creation_errors=0, predicate_evaluation_errors=0, pushdown_rows_matched=0, pushdown_rows_pruned=0, predicate_cache_inner_records=0, predicate_cache_records=0, bloom_filter_eval_time=2.11ms, metadata_load_time=1.99ms, page_index_eval_time=2.95µs, row_pushdown_eval_time=32ns, statistics_eval_time=316.21µs, time_elapsed_opening=5.94ms, time_elapsed_processing=122.00ms, time_elapsed_scanning_total=124.33ms, time_elapsed_scanning_until_data=1.79ms, scan_efficiency_ratio=N/A (0/0)]

Cache: entries=11540, mem=35MB, disk=0MB
  Hits: cache_hit=0, eval_predicate=11540
  Misses: cache_miss=0
  IO: read=0, write=0
  Squeeze: squeezed_success=0, squeezed_needs_io=0
Time: 12ms

+----------+
| count(*) |
+----------+
| 630500   |
+----------+

=== EXPLAIN ANALYZE (Query 1, Iteration 2) ===
ProjectionExec: expr=[count(Int64(1))@0 as count(*)], metrics=[output_rows=1, elapsed_compute=669ns, output_bytes=8.0 B, output_batches=1, expr_0_eval_time=151ns]
  AggregateExec: mode=Final, gby=[], aggr=[count(Int64(1))], metrics=[output_rows=1, elapsed_compute=7.07µs, output_bytes=8.0 B, output_batches=1]
    CoalescePartitionsExec, metrics=[output_rows=16, elapsed_compute=14.73µs, output_bytes=128.0 B, output_batches=16]
      AggregateExec: mode=Partial, gby=[], aggr=[count(Int64(1))], metrics=[output_rows=16, elapsed_compute=2.42ms, output_bytes=128.0 B, output_batches=16]
        DataSourceExec: file_groups={16 groups: [[home/ec2-user/liquid-cache/benchmark/clickbench/data/hits.parquet:0..923748528], [home/ec2-user/liquid-cache/benchmark/clickbench/data/hits.parquet:923748528..1847497056], [home/ec2-user/liquid-cache/benchmark/clickbench/data/hits.parquet:1847497056..2771245584], [home/ec2-user/liquid-cache/benchmark/clickbench/data/hits.parquet:2771245584..3694994112], [home/ec2-user/liquid-cache/benchmark/clickbench/data/hits.parquet:3694994112..4618742640], [home/ec2-user/liquid-cache/benchmark/clickbench/data/hits.parquet:4618742640..5542491168], [home/ec2-user/liquid-cache/benchmark/clickbench/data/hits.parquet:5542491168..6466239696], [home/ec2-user/liquid-cache/benchmark/clickbench/data/hits.parquet:6466239696..7389988224], [home/ec2-user/liquid-cache/benchmark/clickbench/data/hits.parquet:7389988224..8313736752], [home/ec2-user/liquid-cache/benchmark/clickbench/data/hits.parquet:8313736752..9237485280], [home/ec2-user/liquid-cache/benchmark/clickbench/data/hits.parquet:9237485280..10161233808], [home/ec2-user/liquid-cache/benchmark/clickbench/data/hits.parquet:10161233808..11084982336], [home/ec2-user/liquid-cache/benchmark/clickbench/data/hits.parquet:11084982336..12008730864], [home/ec2-user/liquid-cache/benchmark/clickbench/data/hits.parquet:12008730864..12932479392], [home/ec2-user/liquid-cache/benchmark/clickbench/data/hits.parquet:12932479392..13856227920], [home/ec2-user/liquid-cache/benchmark/clickbench/data/hits.parquet:13856227920..14779976446]]}, file_type=liquid_parquet, metrics=[output_rows=630.5 K, elapsed_compute=16ns, output_bytes=0.0 B, output_batches=5.87 K, files_ranges_pruned_statistics=16 total → 16 matched, row_groups_pruned_statistics=226 total → 212 matched, row_groups_pruned_bloom_filter=0 total → 0 matched, page_index_pages_pruned=0 total → 0 matched, page_index_rows_pruned=0 total → 0 matched, limit_pruned_row_groups=0 total → 0 matched, batches_split=0, bytes_scanned=0, file_open_errors=0, file_scan_errors=0, num_predicate_creation_errors=0, predicate_evaluation_errors=0, pushdown_rows_matched=0, pushdown_rows_pruned=0, predicate_cache_inner_records=0, predicate_cache_records=0, bloom_filter_eval_time=2.00ms, metadata_load_time=1.79ms, page_index_eval_time=2.78µs, row_pushdown_eval_time=32ns, statistics_eval_time=285.21µs, time_elapsed_opening=5.31ms, time_elapsed_processing=119.05ms, time_elapsed_scanning_total=121.94ms, time_elapsed_scanning_until_data=1.59ms, scan_efficiency_ratio=N/A (0/0)]

Cache: entries=11540, mem=35MB, disk=0MB
  Hits: cache_hit=0, eval_predicate=11540
  Misses: cache_miss=0
  IO: read=0, write=0
  Squeeze: squeezed_success=0, squeezed_needs_io=0
Time: 12ms

+----------+
| count(*) |
+----------+
| 630500   |
+----------+

=== EXPLAIN ANALYZE (Query 1, Iteration 3) ===
ProjectionExec: expr=[count(Int64(1))@0 as count(*)], metrics=[output_rows=1, elapsed_compute=800ns, output_bytes=8.0 B, output_batches=1, expr_0_eval_time=260ns]
  AggregateExec: mode=Final, gby=[], aggr=[count(Int64(1))], metrics=[output_rows=1, elapsed_compute=7.84µs, output_bytes=8.0 B, output_batches=1]
    CoalescePartitionsExec, metrics=[output_rows=16, elapsed_compute=13.38µs, output_bytes=128.0 B, output_batches=16]
      AggregateExec: mode=Partial, gby=[], aggr=[count(Int64(1))], metrics=[output_rows=16, elapsed_compute=2.33ms, output_bytes=128.0 B, output_batches=16]
        DataSourceExec: file_groups={16 groups: [[home/ec2-user/liquid-cache/benchmark/clickbench/data/hits.parquet:0..923748528], [home/ec2-user/liquid-cache/benchmark/clickbench/data/hits.parquet:923748528..1847497056], [home/ec2-user/liquid-cache/benchmark/clickbench/data/hits.parquet:1847497056..2771245584], [home/ec2-user/liquid-cache/benchmark/clickbench/data/hits.parquet:2771245584..3694994112], [home/ec2-user/liquid-cache/benchmark/clickbench/data/hits.parquet:3694994112..4618742640], [home/ec2-user/liquid-cache/benchmark/clickbench/data/hits.parquet:4618742640..5542491168], [home/ec2-user/liquid-cache/benchmark/clickbench/data/hits.parquet:5542491168..6466239696], [home/ec2-user/liquid-cache/benchmark/clickbench/data/hits.parquet:6466239696..7389988224], [home/ec2-user/liquid-cache/benchmark/clickbench/data/hits.parquet:7389988224..8313736752], [home/ec2-user/liquid-cache/benchmark/clickbench/data/hits.parquet:8313736752..9237485280], [home/ec2-user/liquid-cache/benchmark/clickbench/data/hits.parquet:9237485280..10161233808], [home/ec2-user/liquid-cache/benchmark/clickbench/data/hits.parquet:10161233808..11084982336], [home/ec2-user/liquid-cache/benchmark/clickbench/data/hits.parquet:11084982336..12008730864], [home/ec2-user/liquid-cache/benchmark/clickbench/data/hits.parquet:12008730864..12932479392], [home/ec2-user/liquid-cache/benchmark/clickbench/data/hits.parquet:12932479392..13856227920], [home/ec2-user/liquid-cache/benchmark/clickbench/data/hits.parquet:13856227920..14779976446]]}, file_type=liquid_parquet, metrics=[output_rows=630.5 K, elapsed_compute=16ns, output_bytes=0.0 B, output_batches=5.87 K, files_ranges_pruned_statistics=16 total → 16 matched, row_groups_pruned_statistics=226 total → 212 matched, row_groups_pruned_bloom_filter=0 total → 0 matched, page_index_pages_pruned=0 total → 0 matched, page_index_rows_pruned=0 total → 0 matched, limit_pruned_row_groups=0 total → 0 matched, batches_split=0, bytes_scanned=0, file_open_errors=0, file_scan_errors=0, num_predicate_creation_errors=0, predicate_evaluation_errors=0, pushdown_rows_matched=0, pushdown_rows_pruned=0, predicate_cache_inner_records=0, predicate_cache_records=0, bloom_filter_eval_time=1.98ms, metadata_load_time=1.80ms, page_index_eval_time=2.76µs, row_pushdown_eval_time=32ns, statistics_eval_time=284.13µs, time_elapsed_opening=5.33ms, time_elapsed_processing=118.67ms, time_elapsed_scanning_total=122.65ms, time_elapsed_scanning_until_data=1.73ms, scan_efficiency_ratio=N/A (0/0)]

Cache: entries=11540, mem=35MB, disk=0MB
  Hits: cache_hit=0, eval_predicate=11540
  Misses: cache_miss=0
  IO: read=0, write=0
  Squeeze: squeezed_success=0, squeezed_needs_io=0
Time: 12ms

+----------+
| count(*) |
+----------+
| 630500   |
+----------+

=== EXPLAIN ANALYZE (Query 1, Iteration 4) ===
ProjectionExec: expr=[count(Int64(1))@0 as count(*)], metrics=[output_rows=1, elapsed_compute=960ns, output_bytes=8.0 B, output_batches=1, expr_0_eval_time=140ns]
  AggregateExec: mode=Final, gby=[], aggr=[count(Int64(1))], metrics=[output_rows=1, elapsed_compute=8.41µs, output_bytes=8.0 B, output_batches=1]
    CoalescePartitionsExec, metrics=[output_rows=16, elapsed_compute=14.11µs, output_bytes=128.0 B, output_batches=16]
      AggregateExec: mode=Partial, gby=[], aggr=[count(Int64(1))], metrics=[output_rows=16, elapsed_compute=2.39ms, output_bytes=128.0 B, output_batches=16]
        DataSourceExec: file_groups={16 groups: [[home/ec2-user/liquid-cache/benchmark/clickbench/data/hits.parquet:0..923748528], [home/ec2-user/liquid-cache/benchmark/clickbench/data/hits.parquet:923748528..1847497056], [home/ec2-user/liquid-cache/benchmark/clickbench/data/hits.parquet:1847497056..2771245584], [home/ec2-user/liquid-cache/benchmark/clickbench/data/hits.parquet:2771245584..3694994112], [home/ec2-user/liquid-cache/benchmark/clickbench/data/hits.parquet:3694994112..4618742640], [home/ec2-user/liquid-cache/benchmark/clickbench/data/hits.parquet:4618742640..5542491168], [home/ec2-user/liquid-cache/benchmark/clickbench/data/hits.parquet:5542491168..6466239696], [home/ec2-user/liquid-cache/benchmark/clickbench/data/hits.parquet:6466239696..7389988224], [home/ec2-user/liquid-cache/benchmark/clickbench/data/hits.parquet:7389988224..8313736752], [home/ec2-user/liquid-cache/benchmark/clickbench/data/hits.parquet:8313736752..9237485280], [home/ec2-user/liquid-cache/benchmark/clickbench/data/hits.parquet:9237485280..10161233808], [home/ec2-user/liquid-cache/benchmark/clickbench/data/hits.parquet:10161233808..11084982336], [home/ec2-user/liquid-cache/benchmark/clickbench/data/hits.parquet:11084982336..12008730864], [home/ec2-user/liquid-cache/benchmark/clickbench/data/hits.parquet:12008730864..12932479392], [home/ec2-user/liquid-cache/benchmark/clickbench/data/hits.parquet:12932479392..13856227920], [home/ec2-user/liquid-cache/benchmark/clickbench/data/hits.parquet:13856227920..14779976446]]}, file_type=liquid_parquet, metrics=[output_rows=630.5 K, elapsed_compute=16ns, output_bytes=0.0 B, output_batches=5.87 K, files_ranges_pruned_statistics=16 total → 16 matched, row_groups_pruned_statistics=226 total → 212 matched, row_groups_pruned_bloom_filter=0 total → 0 matched, page_index_pages_pruned=0 total → 0 matched, page_index_rows_pruned=0 total → 0 matched, limit_pruned_row_groups=0 total → 0 matched, batches_split=0, bytes_scanned=0, file_open_errors=0, file_scan_errors=0, num_predicate_creation_errors=0, predicate_evaluation_errors=0, pushdown_rows_matched=0, pushdown_rows_pruned=0, predicate_cache_inner_records=0, predicate_cache_records=0, bloom_filter_eval_time=2.08ms, metadata_load_time=1.71ms, page_index_eval_time=2.90µs, row_pushdown_eval_time=32ns, statistics_eval_time=308.76µs, time_elapsed_opening=5.42ms, time_elapsed_processing=119.79ms, time_elapsed_scanning_total=123.73ms, time_elapsed_scanning_until_data=1.81ms, scan_efficiency_ratio=N/A (0/0)]

Cache: entries=11540, mem=35MB, disk=0MB
  Hits: cache_hit=0, eval_predicate=11540
  Misses: cache_miss=0
  IO: read=0, write=0
  Squeeze: squeezed_success=0, squeezed_needs_io=0
Time: 12ms

+----------+
| count(*) |
+----------+
| 630500   |
+----------+
