
=== EXPLAIN ANALYZE (Query 5, Iteration 0) ===
CoalescePartitionsExec: fetch=50, metrics=[output_rows=50, elapsed_compute=53.99µs, output_bytes=800.0 B, output_batches=1]
  DataSourceExec: file_groups={16 groups: [[home/ec2-user/liquid-cache/benchmark/clickbench/data/hits.parquet:0..923748528], [home/ec2-user/liquid-cache/benchmark/clickbench/data/hits.parquet:923748528..1847497056], [home/ec2-user/liquid-cache/benchmark/clickbench/data/hits.parquet:1847497056..2771245584], [home/ec2-user/liquid-cache/benchmark/clickbench/data/hits.parquet:2771245584..3694994112], [home/ec2-user/liquid-cache/benchmark/clickbench/data/hits.parquet:3694994112..4618742640], [home/ec2-user/liquid-cache/benchmark/clickbench/data/hits.parquet:4618742640..5542491168], [home/ec2-user/liquid-cache/benchmark/clickbench/data/hits.parquet:5542491168..6466239696], [home/ec2-user/liquid-cache/benchmark/clickbench/data/hits.parquet:6466239696..7389988224], [home/ec2-user/liquid-cache/benchmark/clickbench/data/hits.parquet:7389988224..8313736752], [home/ec2-user/liquid-cache/benchmark/clickbench/data/hits.parquet:8313736752..9237485280], [home/ec2-user/liquid-cache/benchmark/clickbench/data/hits.parquet:9237485280..10161233808], [home/ec2-user/liquid-cache/benchmark/clickbench/data/hits.parquet:10161233808..11084982336], [home/ec2-user/liquid-cache/benchmark/clickbench/data/hits.parquet:11084982336..12008730864], [home/ec2-user/liquid-cache/benchmark/clickbench/data/hits.parquet:12008730864..12932479392], [home/ec2-user/liquid-cache/benchmark/clickbench/data/hits.parquet:12932479392..13856227920], [home/ec2-user/liquid-cache/benchmark/clickbench/data/hits.parquet:13856227920..14779976446]]}, projection=[UserID, RegionID, CounterID], limit=50, file_type=parquet, predicate=CounterID@6 = 62 AND CAST(CAST(EventDate@5 AS Int32) AS Date32) = 2013-07-15 AND DontCountHits@61 = 0 AND IsRefresh@15 = 0 AND (TraficSourceID@37 = -1 OR TraficSourceID@37 = 6), pruning_predicate=CounterID_null_count@2 != row_count@3 AND CounterID_min@0 <= 62 AND 62 <= CounterID_max@1 AND EventDate_null_count@6 != row_count@3 AND CAST(CAST(EventDate_min@4 AS Int32) AS Date32) <= 2013-07-15 AND 2013-07-15 <= CAST(CAST(EventDate_max@5 AS Int32) AS Date32) AND DontCountHits_null_count@9 != row_count@3 AND DontCountHits_min@7 <= 0 AND 0 <= DontCountHits_max@8 AND IsRefresh_null_count@12 != row_count@3 AND IsRefresh_min@10 <= 0 AND 0 <= IsRefresh_max@11 AND (TraficSourceID_null_count@15 != row_count@3 AND TraficSourceID_min@13 <= -1 AND -1 <= TraficSourceID_max@14 OR TraficSourceID_null_count@15 != row_count@3 AND TraficSourceID_min@13 <= 6 AND 6 <= TraficSourceID_max@14), required_guarantees=[CounterID in (62), DontCountHits in (0), IsRefresh in (0), TraficSourceID in (-1, 6)], metrics=[output_rows=50, elapsed_compute=16ns, output_bytes=800.0 B, output_batches=1, files_ranges_pruned_statistics=16 total → 16 matched, row_groups_pruned_statistics=226 total → 3 matched, row_groups_pruned_bloom_filter=3 total → 3 matched, page_index_pages_pruned=0 total → 0 matched, page_index_rows_pruned=0 total → 0 matched, limit_pruned_row_groups=0 total → 0 matched, batches_split=0, bytes_scanned=3.15 M, file_open_errors=0, file_scan_errors=0, num_predicate_creation_errors=0, predicate_evaluation_errors=0, pushdown_rows_matched=442.0 K, pushdown_rows_pruned=620.8 K, predicate_cache_inner_records=450.6 K, predicate_cache_records=64, bloom_filter_eval_time=253.93µs, metadata_load_time=442.96ms, page_index_eval_time=3.16µs, row_pushdown_eval_time=2.91ms, statistics_eval_time=21.08ms, time_elapsed_opening=619.08ms, time_elapsed_processing=696.29ms, time_elapsed_scanning_total=71.82ms, time_elapsed_scanning_until_data=71.81ms, scan_efficiency_ratio=0.021% (3.15 M/14.78 B)]

Time: 282ms

+----------------------+----------+-----------+
| UserID               | RegionID | CounterID |
+----------------------+----------+-----------+
| -9198080625391903804 | 2        | 62        |
| -9193011485273158162 | 2        | 62        |
| -9193011485273158162 | 2        | 62        |
| -9193011485273158162 | 2        | 62        |
| -9193011485273158162 | 2        | 62        |
| -9193011485273158162 | 2        | 62        |
| -9193011485273158162 | 2        | 62        |
| -9193011485273158162 | 2        | 62        |
| -9193011485273158162 | 2        | 62        |
| -9169641491093342987 | 229      | 62        |
| -9164706819442030649 | 229      | 62        |
| -9164706819442030649 | 229      | 62        |
| -9164706819442030649 | 229      | 62        |
| -9164706819442030649 | 229      | 62        |
| -9164706819442030649 | 229      | 62        |
| -9164706819442030649 | 229      | 62        |
| -9164706819442030649 | 229      | 62        |
| -9164706819442030649 | 229      | 62        |
| -9164706819442030649 | 229      | 62        |
| -9164706819442030649 | 229      | 62        |
| -9119482473471174352 | 238      | 62        |
| -9119482473471174352 | 238      | 62        |
| -9119482473471174352 | 238      | 62        |
| -9119482473471174352 | 238      | 62        |
| -9119482473471174352 | 238      | 62        |
| -9119482473471174352 | 238      | 62        |
| -9119482473471174352 | 238      | 62        |
| -9119482473471174352 | 238      | 62        |
| -9119482473471174352 | 238      | 62        |
| -9119482473471174352 | 238      | 62        |
| -9119482473471174352 | 238      | 62        |
| -9119482473471174352 | 238      | 62        |
| -9119482473471174352 | 238      | 62        |
| -9119482473471174352 | 238      | 62        |
| -9119482473471174352 | 238      | 62        |
| -9119482473471174352 | 238      | 62        |
| -9119482473471174352 | 238      | 62        |
| -9119482473471174352 | 238      | 62        |
| -9115347936444602026 | 226      | 62        |
| -9115347936444602026 | 226      | 62        |
| -9115347936444602026 | 226      | 62        |
| -9115347936444602026 | 226      | 62        |
| -9115347936444602026 | 226      | 62        |
| -9115347936444602026 | 226      | 62        |
| -9115347936444602026 | 226      | 62        |
| -9115347936444602026 | 226      | 62        |
| -9115347936444602026 | 226      | 62        |
| -9115347936444602026 | 226      | 62        |
| -9115347936444602026 | 226      | 62        |
| -9115347936444602026 | 226      | 62        |
+----------------------+----------+-----------+

=== EXPLAIN ANALYZE (Query 5, Iteration 1) ===
CoalescePartitionsExec: fetch=50, metrics=[output_rows=50, elapsed_compute=31.10µs, output_bytes=800.0 B, output_batches=1]
  DataSourceExec: file_groups={16 groups: [[home/ec2-user/liquid-cache/benchmark/clickbench/data/hits.parquet:0..923748528], [home/ec2-user/liquid-cache/benchmark/clickbench/data/hits.parquet:923748528..1847497056], [home/ec2-user/liquid-cache/benchmark/clickbench/data/hits.parquet:1847497056..2771245584], [home/ec2-user/liquid-cache/benchmark/clickbench/data/hits.parquet:2771245584..3694994112], [home/ec2-user/liquid-cache/benchmark/clickbench/data/hits.parquet:3694994112..4618742640], [home/ec2-user/liquid-cache/benchmark/clickbench/data/hits.parquet:4618742640..5542491168], [home/ec2-user/liquid-cache/benchmark/clickbench/data/hits.parquet:5542491168..6466239696], [home/ec2-user/liquid-cache/benchmark/clickbench/data/hits.parquet:6466239696..7389988224], [home/ec2-user/liquid-cache/benchmark/clickbench/data/hits.parquet:7389988224..8313736752], [home/ec2-user/liquid-cache/benchmark/clickbench/data/hits.parquet:8313736752..9237485280], [home/ec2-user/liquid-cache/benchmark/clickbench/data/hits.parquet:9237485280..10161233808], [home/ec2-user/liquid-cache/benchmark/clickbench/data/hits.parquet:10161233808..11084982336], [home/ec2-user/liquid-cache/benchmark/clickbench/data/hits.parquet:11084982336..12008730864], [home/ec2-user/liquid-cache/benchmark/clickbench/data/hits.parquet:12008730864..12932479392], [home/ec2-user/liquid-cache/benchmark/clickbench/data/hits.parquet:12932479392..13856227920], [home/ec2-user/liquid-cache/benchmark/clickbench/data/hits.parquet:13856227920..14779976446]]}, projection=[UserID, RegionID, CounterID], limit=50, file_type=parquet, predicate=CounterID@6 = 62 AND CAST(CAST(EventDate@5 AS Int32) AS Date32) = 2013-07-15 AND DontCountHits@61 = 0 AND IsRefresh@15 = 0 AND (TraficSourceID@37 = -1 OR TraficSourceID@37 = 6), pruning_predicate=CounterID_null_count@2 != row_count@3 AND CounterID_min@0 <= 62 AND 62 <= CounterID_max@1 AND EventDate_null_count@6 != row_count@3 AND CAST(CAST(EventDate_min@4 AS Int32) AS Date32) <= 2013-07-15 AND 2013-07-15 <= CAST(CAST(EventDate_max@5 AS Int32) AS Date32) AND DontCountHits_null_count@9 != row_count@3 AND DontCountHits_min@7 <= 0 AND 0 <= DontCountHits_max@8 AND IsRefresh_null_count@12 != row_count@3 AND IsRefresh_min@10 <= 0 AND 0 <= IsRefresh_max@11 AND (TraficSourceID_null_count@15 != row_count@3 AND TraficSourceID_min@13 <= -1 AND -1 <= TraficSourceID_max@14 OR TraficSourceID_null_count@15 != row_count@3 AND TraficSourceID_min@13 <= 6 AND 6 <= TraficSourceID_max@14), required_guarantees=[CounterID in (62), DontCountHits in (0), IsRefresh in (0), TraficSourceID in (-1, 6)], metrics=[output_rows=50, elapsed_compute=16ns, output_bytes=800.0 B, output_batches=1, files_ranges_pruned_statistics=16 total → 16 matched, row_groups_pruned_statistics=226 total → 3 matched, row_groups_pruned_bloom_filter=3 total → 3 matched, page_index_pages_pruned=0 total → 0 matched, page_index_rows_pruned=0 total → 0 matched, limit_pruned_row_groups=0 total → 0 matched, batches_split=0, bytes_scanned=2.13 M, file_open_errors=0, file_scan_errors=0, num_predicate_creation_errors=0, predicate_evaluation_errors=0, pushdown_rows_matched=91.65 K, pushdown_rows_pruned=537.7 K, predicate_cache_inner_records=450.6 K, predicate_cache_records=64, bloom_filter_eval_time=305.64µs, metadata_load_time=193.95ms, page_index_eval_time=9.70µs, row_pushdown_eval_time=2.11ms, statistics_eval_time=1.82ms, time_elapsed_opening=201.65ms, time_elapsed_processing=260.37ms, time_elapsed_scanning_total=55.02ms, time_elapsed_scanning_until_data=55.02ms, scan_efficiency_ratio=0.014% (2.05 M/14.78 B)]

Time: 22ms

+----------------------+----------+-----------+
| UserID               | RegionID | CounterID |
+----------------------+----------+-----------+
| -9198080625391903804 | 2        | 62        |
| -9193011485273158162 | 2        | 62        |
| -9193011485273158162 | 2        | 62        |
| -9193011485273158162 | 2        | 62        |
| -9193011485273158162 | 2        | 62        |
| -9193011485273158162 | 2        | 62        |
| -9193011485273158162 | 2        | 62        |
| -9193011485273158162 | 2        | 62        |
| -9193011485273158162 | 2        | 62        |
| -9169641491093342987 | 229      | 62        |
| -9164706819442030649 | 229      | 62        |
| -9164706819442030649 | 229      | 62        |
| -9164706819442030649 | 229      | 62        |
| -9164706819442030649 | 229      | 62        |
| -9164706819442030649 | 229      | 62        |
| -9164706819442030649 | 229      | 62        |
| -9164706819442030649 | 229      | 62        |
| -9164706819442030649 | 229      | 62        |
| -9164706819442030649 | 229      | 62        |
| -9164706819442030649 | 229      | 62        |
| -9119482473471174352 | 238      | 62        |
| -9119482473471174352 | 238      | 62        |
| -9119482473471174352 | 238      | 62        |
| -9119482473471174352 | 238      | 62        |
| -9119482473471174352 | 238      | 62        |
| -9119482473471174352 | 238      | 62        |
| -9119482473471174352 | 238      | 62        |
| -9119482473471174352 | 238      | 62        |
| -9119482473471174352 | 238      | 62        |
| -9119482473471174352 | 238      | 62        |
| -9119482473471174352 | 238      | 62        |
| -9119482473471174352 | 238      | 62        |
| -9119482473471174352 | 238      | 62        |
| -9119482473471174352 | 238      | 62        |
| -9119482473471174352 | 238      | 62        |
| -9119482473471174352 | 238      | 62        |
| -9119482473471174352 | 238      | 62        |
| -9119482473471174352 | 238      | 62        |
| -9115347936444602026 | 226      | 62        |
| -9115347936444602026 | 226      | 62        |
| -9115347936444602026 | 226      | 62        |
| -9115347936444602026 | 226      | 62        |
| -9115347936444602026 | 226      | 62        |
| -9115347936444602026 | 226      | 62        |
| -9115347936444602026 | 226      | 62        |
| -9115347936444602026 | 226      | 62        |
| -9115347936444602026 | 226      | 62        |
| -9115347936444602026 | 226      | 62        |
| -9115347936444602026 | 226      | 62        |
| -9115347936444602026 | 226      | 62        |
+----------------------+----------+-----------+

=== EXPLAIN ANALYZE (Query 5, Iteration 2) ===
CoalescePartitionsExec: fetch=50, metrics=[output_rows=50, elapsed_compute=15.27µs, output_bytes=800.0 B, output_batches=1]
  DataSourceExec: file_groups={16 groups: [[home/ec2-user/liquid-cache/benchmark/clickbench/data/hits.parquet:0..923748528], [home/ec2-user/liquid-cache/benchmark/clickbench/data/hits.parquet:923748528..1847497056], [home/ec2-user/liquid-cache/benchmark/clickbench/data/hits.parquet:1847497056..2771245584], [home/ec2-user/liquid-cache/benchmark/clickbench/data/hits.parquet:2771245584..3694994112], [home/ec2-user/liquid-cache/benchmark/clickbench/data/hits.parquet:3694994112..4618742640], [home/ec2-user/liquid-cache/benchmark/clickbench/data/hits.parquet:4618742640..5542491168], [home/ec2-user/liquid-cache/benchmark/clickbench/data/hits.parquet:5542491168..6466239696], [home/ec2-user/liquid-cache/benchmark/clickbench/data/hits.parquet:6466239696..7389988224], [home/ec2-user/liquid-cache/benchmark/clickbench/data/hits.parquet:7389988224..8313736752], [home/ec2-user/liquid-cache/benchmark/clickbench/data/hits.parquet:8313736752..9237485280], [home/ec2-user/liquid-cache/benchmark/clickbench/data/hits.parquet:9237485280..10161233808], [home/ec2-user/liquid-cache/benchmark/clickbench/data/hits.parquet:10161233808..11084982336], [home/ec2-user/liquid-cache/benchmark/clickbench/data/hits.parquet:11084982336..12008730864], [home/ec2-user/liquid-cache/benchmark/clickbench/data/hits.parquet:12008730864..12932479392], [home/ec2-user/liquid-cache/benchmark/clickbench/data/hits.parquet:12932479392..13856227920], [home/ec2-user/liquid-cache/benchmark/clickbench/data/hits.parquet:13856227920..14779976446]]}, projection=[UserID, RegionID, CounterID], limit=50, file_type=parquet, predicate=CounterID@6 = 62 AND CAST(CAST(EventDate@5 AS Int32) AS Date32) = 2013-07-15 AND DontCountHits@61 = 0 AND IsRefresh@15 = 0 AND (TraficSourceID@37 = -1 OR TraficSourceID@37 = 6), pruning_predicate=CounterID_null_count@2 != row_count@3 AND CounterID_min@0 <= 62 AND 62 <= CounterID_max@1 AND EventDate_null_count@6 != row_count@3 AND CAST(CAST(EventDate_min@4 AS Int32) AS Date32) <= 2013-07-15 AND 2013-07-15 <= CAST(CAST(EventDate_max@5 AS Int32) AS Date32) AND DontCountHits_null_count@9 != row_count@3 AND DontCountHits_min@7 <= 0 AND 0 <= DontCountHits_max@8 AND IsRefresh_null_count@12 != row_count@3 AND IsRefresh_min@10 <= 0 AND 0 <= IsRefresh_max@11 AND (TraficSourceID_null_count@15 != row_count@3 AND TraficSourceID_min@13 <= -1 AND -1 <= TraficSourceID_max@14 OR TraficSourceID_null_count@15 != row_count@3 AND TraficSourceID_min@13 <= 6 AND 6 <= TraficSourceID_max@14), required_guarantees=[CounterID in (62), DontCountHits in (0), IsRefresh in (0), TraficSourceID in (-1, 6)], metrics=[output_rows=50, elapsed_compute=16ns, output_bytes=800.0 B, output_batches=1, files_ranges_pruned_statistics=16 total → 16 matched, row_groups_pruned_statistics=226 total → 3 matched, row_groups_pruned_bloom_filter=3 total → 3 matched, page_index_pages_pruned=0 total → 0 matched, page_index_rows_pruned=0 total → 0 matched, limit_pruned_row_groups=0 total → 0 matched, batches_split=0, bytes_scanned=2.13 M, file_open_errors=0, file_scan_errors=0, num_predicate_creation_errors=0, predicate_evaluation_errors=0, pushdown_rows_matched=91.65 K, pushdown_rows_pruned=537.7 K, predicate_cache_inner_records=450.6 K, predicate_cache_records=64, bloom_filter_eval_time=278.56µs, metadata_load_time=130.61ms, page_index_eval_time=8.03µs, row_pushdown_eval_time=2.06ms, statistics_eval_time=1.57ms, time_elapsed_opening=137.23ms, time_elapsed_processing=200.33ms, time_elapsed_scanning_total=58.75ms, time_elapsed_scanning_until_data=58.75ms, scan_efficiency_ratio=0.014% (2.05 M/14.78 B)]

Time: 17ms

+----------------------+----------+-----------+
| UserID               | RegionID | CounterID |
+----------------------+----------+-----------+
| -9198080625391903804 | 2        | 62        |
| -9193011485273158162 | 2        | 62        |
| -9193011485273158162 | 2        | 62        |
| -9193011485273158162 | 2        | 62        |
| -9193011485273158162 | 2        | 62        |
| -9193011485273158162 | 2        | 62        |
| -9193011485273158162 | 2        | 62        |
| -9193011485273158162 | 2        | 62        |
| -9193011485273158162 | 2        | 62        |
| -9169641491093342987 | 229      | 62        |
| -9164706819442030649 | 229      | 62        |
| -9164706819442030649 | 229      | 62        |
| -9164706819442030649 | 229      | 62        |
| -9164706819442030649 | 229      | 62        |
| -9164706819442030649 | 229      | 62        |
| -9164706819442030649 | 229      | 62        |
| -9164706819442030649 | 229      | 62        |
| -9164706819442030649 | 229      | 62        |
| -9164706819442030649 | 229      | 62        |
| -9164706819442030649 | 229      | 62        |
| -9119482473471174352 | 238      | 62        |
| -9119482473471174352 | 238      | 62        |
| -9119482473471174352 | 238      | 62        |
| -9119482473471174352 | 238      | 62        |
| -9119482473471174352 | 238      | 62        |
| -9119482473471174352 | 238      | 62        |
| -9119482473471174352 | 238      | 62        |
| -9119482473471174352 | 238      | 62        |
| -9119482473471174352 | 238      | 62        |
| -9119482473471174352 | 238      | 62        |
| -9119482473471174352 | 238      | 62        |
| -9119482473471174352 | 238      | 62        |
| -9119482473471174352 | 238      | 62        |
| -9119482473471174352 | 238      | 62        |
| -9119482473471174352 | 238      | 62        |
| -9119482473471174352 | 238      | 62        |
| -9119482473471174352 | 238      | 62        |
| -9119482473471174352 | 238      | 62        |
| -9115347936444602026 | 226      | 62        |
| -9115347936444602026 | 226      | 62        |
| -9115347936444602026 | 226      | 62        |
| -9115347936444602026 | 226      | 62        |
| -9115347936444602026 | 226      | 62        |
| -9115347936444602026 | 226      | 62        |
| -9115347936444602026 | 226      | 62        |
| -9115347936444602026 | 226      | 62        |
| -9115347936444602026 | 226      | 62        |
| -9115347936444602026 | 226      | 62        |
| -9115347936444602026 | 226      | 62        |
| -9115347936444602026 | 226      | 62        |
+----------------------+----------+-----------+

=== EXPLAIN ANALYZE (Query 5, Iteration 3) ===
CoalescePartitionsExec: fetch=50, metrics=[output_rows=50, elapsed_compute=13.33µs, output_bytes=800.0 B, output_batches=1]
  DataSourceExec: file_groups={16 groups: [[home/ec2-user/liquid-cache/benchmark/clickbench/data/hits.parquet:0..923748528], [home/ec2-user/liquid-cache/benchmark/clickbench/data/hits.parquet:923748528..1847497056], [home/ec2-user/liquid-cache/benchmark/clickbench/data/hits.parquet:1847497056..2771245584], [home/ec2-user/liquid-cache/benchmark/clickbench/data/hits.parquet:2771245584..3694994112], [home/ec2-user/liquid-cache/benchmark/clickbench/data/hits.parquet:3694994112..4618742640], [home/ec2-user/liquid-cache/benchmark/clickbench/data/hits.parquet:4618742640..5542491168], [home/ec2-user/liquid-cache/benchmark/clickbench/data/hits.parquet:5542491168..6466239696], [home/ec2-user/liquid-cache/benchmark/clickbench/data/hits.parquet:6466239696..7389988224], [home/ec2-user/liquid-cache/benchmark/clickbench/data/hits.parquet:7389988224..8313736752], [home/ec2-user/liquid-cache/benchmark/clickbench/data/hits.parquet:8313736752..9237485280], [home/ec2-user/liquid-cache/benchmark/clickbench/data/hits.parquet:9237485280..10161233808], [home/ec2-user/liquid-cache/benchmark/clickbench/data/hits.parquet:10161233808..11084982336], [home/ec2-user/liquid-cache/benchmark/clickbench/data/hits.parquet:11084982336..12008730864], [home/ec2-user/liquid-cache/benchmark/clickbench/data/hits.parquet:12008730864..12932479392], [home/ec2-user/liquid-cache/benchmark/clickbench/data/hits.parquet:12932479392..13856227920], [home/ec2-user/liquid-cache/benchmark/clickbench/data/hits.parquet:13856227920..14779976446]]}, projection=[UserID, RegionID, CounterID], limit=50, file_type=parquet, predicate=CounterID@6 = 62 AND CAST(CAST(EventDate@5 AS Int32) AS Date32) = 2013-07-15 AND DontCountHits@61 = 0 AND IsRefresh@15 = 0 AND (TraficSourceID@37 = -1 OR TraficSourceID@37 = 6), pruning_predicate=CounterID_null_count@2 != row_count@3 AND CounterID_min@0 <= 62 AND 62 <= CounterID_max@1 AND EventDate_null_count@6 != row_count@3 AND CAST(CAST(EventDate_min@4 AS Int32) AS Date32) <= 2013-07-15 AND 2013-07-15 <= CAST(CAST(EventDate_max@5 AS Int32) AS Date32) AND DontCountHits_null_count@9 != row_count@3 AND DontCountHits_min@7 <= 0 AND 0 <= DontCountHits_max@8 AND IsRefresh_null_count@12 != row_count@3 AND IsRefresh_min@10 <= 0 AND 0 <= IsRefresh_max@11 AND (TraficSourceID_null_count@15 != row_count@3 AND TraficSourceID_min@13 <= -1 AND -1 <= TraficSourceID_max@14 OR TraficSourceID_null_count@15 != row_count@3 AND TraficSourceID_min@13 <= 6 AND 6 <= TraficSourceID_max@14), required_guarantees=[CounterID in (62), DontCountHits in (0), IsRefresh in (0), TraficSourceID in (-1, 6)], metrics=[output_rows=50, elapsed_compute=16ns, output_bytes=800.0 B, output_batches=1, files_ranges_pruned_statistics=16 total → 16 matched, row_groups_pruned_statistics=226 total → 3 matched, row_groups_pruned_bloom_filter=3 total → 3 matched, page_index_pages_pruned=0 total → 0 matched, page_index_rows_pruned=0 total → 0 matched, limit_pruned_row_groups=0 total → 0 matched, batches_split=0, bytes_scanned=2.13 M, file_open_errors=0, file_scan_errors=0, num_predicate_creation_errors=0, predicate_evaluation_errors=0, pushdown_rows_matched=91.65 K, pushdown_rows_pruned=537.7 K, predicate_cache_inner_records=450.6 K, predicate_cache_records=64, bloom_filter_eval_time=303.86µs, metadata_load_time=135.72ms, page_index_eval_time=5.83µs, row_pushdown_eval_time=2.61ms, statistics_eval_time=1.87ms, time_elapsed_opening=142.88ms, time_elapsed_processing=207.30ms, time_elapsed_scanning_total=59.17ms, time_elapsed_scanning_until_data=59.17ms, scan_efficiency_ratio=0.014% (2.05 M/14.78 B)]

Time: 19ms

+----------------------+----------+-----------+
| UserID               | RegionID | CounterID |
+----------------------+----------+-----------+
| -9198080625391903804 | 2        | 62        |
| -9193011485273158162 | 2        | 62        |
| -9193011485273158162 | 2        | 62        |
| -9193011485273158162 | 2        | 62        |
| -9193011485273158162 | 2        | 62        |
| -9193011485273158162 | 2        | 62        |
| -9193011485273158162 | 2        | 62        |
| -9193011485273158162 | 2        | 62        |
| -9193011485273158162 | 2        | 62        |
| -9169641491093342987 | 229      | 62        |
| -9164706819442030649 | 229      | 62        |
| -9164706819442030649 | 229      | 62        |
| -9164706819442030649 | 229      | 62        |
| -9164706819442030649 | 229      | 62        |
| -9164706819442030649 | 229      | 62        |
| -9164706819442030649 | 229      | 62        |
| -9164706819442030649 | 229      | 62        |
| -9164706819442030649 | 229      | 62        |
| -9164706819442030649 | 229      | 62        |
| -9164706819442030649 | 229      | 62        |
| -9119482473471174352 | 238      | 62        |
| -9119482473471174352 | 238      | 62        |
| -9119482473471174352 | 238      | 62        |
| -9119482473471174352 | 238      | 62        |
| -9119482473471174352 | 238      | 62        |
| -9119482473471174352 | 238      | 62        |
| -9119482473471174352 | 238      | 62        |
| -9119482473471174352 | 238      | 62        |
| -9119482473471174352 | 238      | 62        |
| -9119482473471174352 | 238      | 62        |
| -9119482473471174352 | 238      | 62        |
| -9119482473471174352 | 238      | 62        |
| -9119482473471174352 | 238      | 62        |
| -9119482473471174352 | 238      | 62        |
| -9119482473471174352 | 238      | 62        |
| -9119482473471174352 | 238      | 62        |
| -9119482473471174352 | 238      | 62        |
| -9119482473471174352 | 238      | 62        |
| -9115347936444602026 | 226      | 62        |
| -9115347936444602026 | 226      | 62        |
| -9115347936444602026 | 226      | 62        |
| -9115347936444602026 | 226      | 62        |
| -9115347936444602026 | 226      | 62        |
| -9115347936444602026 | 226      | 62        |
| -9115347936444602026 | 226      | 62        |
| -9115347936444602026 | 226      | 62        |
| -9115347936444602026 | 226      | 62        |
| -9115347936444602026 | 226      | 62        |
| -9115347936444602026 | 226      | 62        |
| -9115347936444602026 | 226      | 62        |
+----------------------+----------+-----------+

=== EXPLAIN ANALYZE (Query 5, Iteration 4) ===
CoalescePartitionsExec: fetch=50, metrics=[output_rows=50, elapsed_compute=14.09µs, output_bytes=800.0 B, output_batches=1]
  DataSourceExec: file_groups={16 groups: [[home/ec2-user/liquid-cache/benchmark/clickbench/data/hits.parquet:0..923748528], [home/ec2-user/liquid-cache/benchmark/clickbench/data/hits.parquet:923748528..1847497056], [home/ec2-user/liquid-cache/benchmark/clickbench/data/hits.parquet:1847497056..2771245584], [home/ec2-user/liquid-cache/benchmark/clickbench/data/hits.parquet:2771245584..3694994112], [home/ec2-user/liquid-cache/benchmark/clickbench/data/hits.parquet:3694994112..4618742640], [home/ec2-user/liquid-cache/benchmark/clickbench/data/hits.parquet:4618742640..5542491168], [home/ec2-user/liquid-cache/benchmark/clickbench/data/hits.parquet:5542491168..6466239696], [home/ec2-user/liquid-cache/benchmark/clickbench/data/hits.parquet:6466239696..7389988224], [home/ec2-user/liquid-cache/benchmark/clickbench/data/hits.parquet:7389988224..8313736752], [home/ec2-user/liquid-cache/benchmark/clickbench/data/hits.parquet:8313736752..9237485280], [home/ec2-user/liquid-cache/benchmark/clickbench/data/hits.parquet:9237485280..10161233808], [home/ec2-user/liquid-cache/benchmark/clickbench/data/hits.parquet:10161233808..11084982336], [home/ec2-user/liquid-cache/benchmark/clickbench/data/hits.parquet:11084982336..12008730864], [home/ec2-user/liquid-cache/benchmark/clickbench/data/hits.parquet:12008730864..12932479392], [home/ec2-user/liquid-cache/benchmark/clickbench/data/hits.parquet:12932479392..13856227920], [home/ec2-user/liquid-cache/benchmark/clickbench/data/hits.parquet:13856227920..14779976446]]}, projection=[UserID, RegionID, CounterID], limit=50, file_type=parquet, predicate=CounterID@6 = 62 AND CAST(CAST(EventDate@5 AS Int32) AS Date32) = 2013-07-15 AND DontCountHits@61 = 0 AND IsRefresh@15 = 0 AND (TraficSourceID@37 = -1 OR TraficSourceID@37 = 6), pruning_predicate=CounterID_null_count@2 != row_count@3 AND CounterID_min@0 <= 62 AND 62 <= CounterID_max@1 AND EventDate_null_count@6 != row_count@3 AND CAST(CAST(EventDate_min@4 AS Int32) AS Date32) <= 2013-07-15 AND 2013-07-15 <= CAST(CAST(EventDate_max@5 AS Int32) AS Date32) AND DontCountHits_null_count@9 != row_count@3 AND DontCountHits_min@7 <= 0 AND 0 <= DontCountHits_max@8 AND IsRefresh_null_count@12 != row_count@3 AND IsRefresh_min@10 <= 0 AND 0 <= IsRefresh_max@11 AND (TraficSourceID_null_count@15 != row_count@3 AND TraficSourceID_min@13 <= -1 AND -1 <= TraficSourceID_max@14 OR TraficSourceID_null_count@15 != row_count@3 AND TraficSourceID_min@13 <= 6 AND 6 <= TraficSourceID_max@14), required_guarantees=[CounterID in (62), DontCountHits in (0), IsRefresh in (0), TraficSourceID in (-1, 6)], metrics=[output_rows=50, elapsed_compute=16ns, output_bytes=800.0 B, output_batches=1, files_ranges_pruned_statistics=16 total → 16 matched, row_groups_pruned_statistics=226 total → 3 matched, row_groups_pruned_bloom_filter=3 total → 3 matched, page_index_pages_pruned=0 total → 0 matched, page_index_rows_pruned=0 total → 0 matched, limit_pruned_row_groups=0 total → 0 matched, batches_split=0, bytes_scanned=2.13 M, file_open_errors=0, file_scan_errors=0, num_predicate_creation_errors=0, predicate_evaluation_errors=0, pushdown_rows_matched=91.65 K, pushdown_rows_pruned=537.7 K, predicate_cache_inner_records=450.6 K, predicate_cache_records=64, bloom_filter_eval_time=265.80µs, metadata_load_time=131.87ms, page_index_eval_time=5.45µs, row_pushdown_eval_time=2.63ms, statistics_eval_time=1.72ms, time_elapsed_opening=138.94ms, time_elapsed_processing=203.24ms, time_elapsed_scanning_total=59.05ms, time_elapsed_scanning_until_data=59.05ms, scan_efficiency_ratio=0.014% (2.05 M/14.78 B)]

Time: 19ms

+----------------------+----------+-----------+
| UserID               | RegionID | CounterID |
+----------------------+----------+-----------+
| -9198080625391903804 | 2        | 62        |
| -9193011485273158162 | 2        | 62        |
| -9193011485273158162 | 2        | 62        |
| -9193011485273158162 | 2        | 62        |
| -9193011485273158162 | 2        | 62        |
| -9193011485273158162 | 2        | 62        |
| -9193011485273158162 | 2        | 62        |
| -9193011485273158162 | 2        | 62        |
| -9193011485273158162 | 2        | 62        |
| -9169641491093342987 | 229      | 62        |
| -9164706819442030649 | 229      | 62        |
| -9164706819442030649 | 229      | 62        |
| -9164706819442030649 | 229      | 62        |
| -9164706819442030649 | 229      | 62        |
| -9164706819442030649 | 229      | 62        |
| -9164706819442030649 | 229      | 62        |
| -9164706819442030649 | 229      | 62        |
| -9164706819442030649 | 229      | 62        |
| -9164706819442030649 | 229      | 62        |
| -9164706819442030649 | 229      | 62        |
| -9119482473471174352 | 238      | 62        |
| -9119482473471174352 | 238      | 62        |
| -9119482473471174352 | 238      | 62        |
| -9119482473471174352 | 238      | 62        |
| -9119482473471174352 | 238      | 62        |
| -9119482473471174352 | 238      | 62        |
| -9119482473471174352 | 238      | 62        |
| -9119482473471174352 | 238      | 62        |
| -9119482473471174352 | 238      | 62        |
| -9119482473471174352 | 238      | 62        |
| -9119482473471174352 | 238      | 62        |
| -9119482473471174352 | 238      | 62        |
| -9119482473471174352 | 238      | 62        |
| -9119482473471174352 | 238      | 62        |
| -9119482473471174352 | 238      | 62        |
| -9119482473471174352 | 238      | 62        |
| -9119482473471174352 | 238      | 62        |
| -9119482473471174352 | 238      | 62        |
| -9115347936444602026 | 226      | 62        |
| -9115347936444602026 | 226      | 62        |
| -9115347936444602026 | 226      | 62        |
| -9115347936444602026 | 226      | 62        |
| -9115347936444602026 | 226      | 62        |
| -9115347936444602026 | 226      | 62        |
| -9115347936444602026 | 226      | 62        |
| -9115347936444602026 | 226      | 62        |
| -9115347936444602026 | 226      | 62        |
| -9115347936444602026 | 226      | 62        |
| -9115347936444602026 | 226      | 62        |
| -9115347936444602026 | 226      | 62        |
+----------------------+----------+-----------+
