
=== EXPLAIN ANALYZE (Query 3, Iteration 0) ===
ProjectionExec: expr=[RegionID@0 as RegionID, count(*)@1 as count(*), avg(hits.ResolutionWidth)@2 as avg(hits.ResolutionWidth)], metrics=[output_rows=20, elapsed_compute=1.46µs, output_bytes=400.0 B, output_batches=1, expr_0_eval_time=300ns, expr_1_eval_time=140ns, expr_2_eval_time=140ns]
  SortPreservingMergeExec: [count(Int64(1))@3 DESC], fetch=20, metrics=[output_rows=20, elapsed_compute=7.47µs, output_bytes=560.0 B, output_batches=1]
    SortExec: TopK(fetch=20), expr=[count(*)@1 DESC], preserve_partitioning=[true], filter=[count(*)@1 IS NULL OR count(*)@1 > 253], metrics=[output_rows=320, elapsed_compute=62.65ms, output_bytes=8.8 KB, output_batches=16, row_replacements=565]
      ProjectionExec: expr=[RegionID@0 as RegionID, count(Int64(1))@1 as count(*), avg(hits.ResolutionWidth)@2 as avg(hits.ResolutionWidth), count(Int64(1))@1 as count(Int64(1))], metrics=[output_rows=1.95 K, elapsed_compute=32.36µs, output_bytes=41.0 KB, output_batches=16, expr_0_eval_time=5.00µs, expr_1_eval_time=1.63µs, expr_2_eval_time=1.72µs, expr_3_eval_time=1.43µs]
        AggregateExec: mode=FinalPartitioned, gby=[RegionID@0 as RegionID], aggr=[count(Int64(1)), avg(hits.ResolutionWidth)], metrics=[output_rows=1.95 K, elapsed_compute=911.10µs, output_bytes=41.0 KB, output_batches=16, spill_count=0, spilled_bytes=0.0 B, spilled_rows=0, peak_mem_used=330.7 K, aggregate_arguments_time=21.01µs, aggregation_time=135.37µs, emitting_time=56.41µs, time_calculating_group_ids=227.33µs]
          RepartitionExec: partitioning=Hash([RegionID@0], 16), input_partitions=16, metrics=[output_rows=10.68 K, elapsed_compute=28.87ms, output_bytes=3.5 MB, output_batches=16, spill_count=0, spilled_bytes=0.0 B, spilled_rows=0, fetch_time=3.04s, repartition_time=8.34ms, send_time=905.93µs]
            AggregateExec: mode=Partial, gby=[RegionID@0 as RegionID], aggr=[count(Int64(1)), avg(hits.ResolutionWidth)], metrics=[output_rows=10.68 K, elapsed_compute=70.28ms, output_bytes=426.2 KB, output_batches=16, spill_count=0, spilled_bytes=0.0 B, spilled_rows=0, skipped_aggregation_rows=0, peak_mem_used=772.5 K, aggregate_arguments_time=25.74ms, aggregation_time=37.32ms, emitting_time=80.91µs, time_calculating_group_ids=9.52ms, reduction_factor=1.8% (10.68 K/585.4 K)]
              DataSourceExec: file_groups={16 groups: [[home/ec2-user/liquid-cache/benchmark/clickbench/data/hits.parquet:0..923748528], [home/ec2-user/liquid-cache/benchmark/clickbench/data/hits.parquet:923748528..1847497056], [home/ec2-user/liquid-cache/benchmark/clickbench/data/hits.parquet:1847497056..2771245584], [home/ec2-user/liquid-cache/benchmark/clickbench/data/hits.parquet:2771245584..3694994112], [home/ec2-user/liquid-cache/benchmark/clickbench/data/hits.parquet:3694994112..4618742640], [home/ec2-user/liquid-cache/benchmark/clickbench/data/hits.parquet:4618742640..5542491168], [home/ec2-user/liquid-cache/benchmark/clickbench/data/hits.parquet:5542491168..6466239696], [home/ec2-user/liquid-cache/benchmark/clickbench/data/hits.parquet:6466239696..7389988224], [home/ec2-user/liquid-cache/benchmark/clickbench/data/hits.parquet:7389988224..8313736752], [home/ec2-user/liquid-cache/benchmark/clickbench/data/hits.parquet:8313736752..9237485280], [home/ec2-user/liquid-cache/benchmark/clickbench/data/hits.parquet:9237485280..10161233808], [home/ec2-user/liquid-cache/benchmark/clickbench/data/hits.parquet:10161233808..11084982336], [home/ec2-user/liquid-cache/benchmark/clickbench/data/hits.parquet:11084982336..12008730864], [home/ec2-user/liquid-cache/benchmark/clickbench/data/hits.parquet:12008730864..12932479392], [home/ec2-user/liquid-cache/benchmark/clickbench/data/hits.parquet:12932479392..13856227920], [home/ec2-user/liquid-cache/benchmark/clickbench/data/hits.parquet:13856227920..14779976446]]}, projection=[RegionID, ResolutionWidth], file_type=liquid_parquet, metrics=[output_rows=585.4 K, elapsed_compute=16ns, output_bytes=3.8 MB, output_batches=5.86 K, files_ranges_pruned_statistics=16 total → 16 matched, row_groups_pruned_statistics=226 total → 212 matched, row_groups_pruned_bloom_filter=0 total → 0 matched, page_index_pages_pruned=0 total → 0 matched, page_index_rows_pruned=0 total → 0 matched, limit_pruned_row_groups=0 total → 0 matched, batches_split=0, bytes_scanned=101.3 M, file_open_errors=0, file_scan_errors=0, num_predicate_creation_errors=0, predicate_evaluation_errors=0, pushdown_rows_matched=0, pushdown_rows_pruned=0, predicate_cache_inner_records=0, predicate_cache_records=0, bloom_filter_eval_time=8.20ms, metadata_load_time=349.79ms, page_index_eval_time=3.53µs, row_pushdown_eval_time=32ns, statistics_eval_time=15.73ms, time_elapsed_opening=464.84ms, time_elapsed_processing=1.52s, time_elapsed_scanning_total=2.57s, time_elapsed_scanning_until_data=261.56ms, scan_efficiency_ratio=N/A (0/0)]

Cache: entries=23080, mem=362MB, disk=0MB
  Hits: cache_hit=0, eval_predicate=34620
  Misses: cache_miss=11540
  IO: read=0, write=0
  Squeeze: squeezed_success=0, squeezed_needs_io=0
Time: 491ms

+----------+----------+---------------------------+
| RegionID | count(*) | avg(hits.ResolutionWidth) |
+----------+----------+---------------------------+
| 229      | 127718   | 1490.9539923894831        |
| 2        | 37162    | 1463.62012270599          |
| 208      | 29099    | 1303.4156500223376        |
| 34       | 12023    | 1538.5385511103718        |
| 107      | 10802    | 1579.703203110535         |
| 169      | 10464    | 1542.529243119266         |
| 55       | 10247    | 1342.4106567775934        |
| 44       | 8942     | 1370.9150078282264        |
| 1        | 8834     | 1519.2714512112293        |
| 23       | 8538     | 1254.0892480674631        |
| 42       | 7917     | 1559.5702917771882        |
| 51       | 7820     | 1569.3202046035806        |
| 106      | 7783     | 1556.2761146087628        |
| 32       | 7165     | 1544.8288904396372        |
| 47       | 6711     | 1534.2136790344211        |
| 184      | 6628     | 1522.5264031382017        |
| 54       | 6263     | 1336.4619192080472        |
| 36       | 6180     | 1571.9715210355987        |
| 38       | 5868     | 1561.2220518064075        |
| 226      | 5640     | 1571.5643617021276        |
+----------+----------+---------------------------+

=== EXPLAIN ANALYZE (Query 3, Iteration 1) ===
ProjectionExec: expr=[RegionID@0 as RegionID, count(*)@1 as count(*), avg(hits.ResolutionWidth)@2 as avg(hits.ResolutionWidth)], metrics=[output_rows=20, elapsed_compute=1.94µs, output_bytes=400.0 B, output_batches=1, expr_0_eval_time=270ns, expr_1_eval_time=90ns, expr_2_eval_time=160ns]
  SortPreservingMergeExec: [count(Int64(1))@3 DESC], fetch=20, metrics=[output_rows=20, elapsed_compute=7.09µs, output_bytes=560.0 B, output_batches=1]
    SortExec: TopK(fetch=20), expr=[count(*)@1 DESC], preserve_partitioning=[true], filter=[count(*)@1 IS NULL OR count(*)@1 > 253], metrics=[output_rows=241, elapsed_compute=357.77µs, output_bytes=6.6 KB, output_batches=16, row_replacements=282]
      ProjectionExec: expr=[RegionID@0 as RegionID, count(Int64(1))@1 as count(*), avg(hits.ResolutionWidth)@2 as avg(hits.ResolutionWidth), count(Int64(1))@1 as count(Int64(1))], metrics=[output_rows=1.95 K, elapsed_compute=24.44µs, output_bytes=41.0 KB, output_batches=16, expr_0_eval_time=2.73µs, expr_1_eval_time=1.36µs, expr_2_eval_time=1.43µs, expr_3_eval_time=1.44µs]
        AggregateExec: mode=FinalPartitioned, gby=[RegionID@0 as RegionID], aggr=[count(Int64(1)), avg(hits.ResolutionWidth)], metrics=[output_rows=1.95 K, elapsed_compute=431.61µs, output_bytes=41.0 KB, output_batches=16, spill_count=0, spilled_bytes=0.0 B, spilled_rows=0, peak_mem_used=330.7 K, aggregate_arguments_time=22.07µs, aggregation_time=91.34µs, emitting_time=31.95µs, time_calculating_group_ids=180.76µs]
          RepartitionExec: partitioning=Hash([RegionID@0], 16), input_partitions=16, metrics=[output_rows=10.68 K, elapsed_compute=555.20µs, output_bytes=3.5 MB, output_batches=16, spill_count=0, spilled_bytes=0.0 B, spilled_rows=0, fetch_time=2.22s, repartition_time=740.75µs, send_time=222.99µs]
            AggregateExec: mode=Partial, gby=[RegionID@0 as RegionID], aggr=[count(Int64(1)), avg(hits.ResolutionWidth)], metrics=[output_rows=10.68 K, elapsed_compute=31.55ms, output_bytes=426.2 KB, output_batches=16, spill_count=0, spilled_bytes=0.0 B, spilled_rows=0, skipped_aggregation_rows=0, peak_mem_used=772.5 K, aggregate_arguments_time=9.52ms, aggregation_time=7.68ms, emitting_time=76.49µs, time_calculating_group_ids=9.44ms, reduction_factor=1.8% (10.68 K/585.4 K)]
              DataSourceExec: file_groups={16 groups: [[home/ec2-user/liquid-cache/benchmark/clickbench/data/hits.parquet:0..923748528], [home/ec2-user/liquid-cache/benchmark/clickbench/data/hits.parquet:923748528..1847497056], [home/ec2-user/liquid-cache/benchmark/clickbench/data/hits.parquet:1847497056..2771245584], [home/ec2-user/liquid-cache/benchmark/clickbench/data/hits.parquet:2771245584..3694994112], [home/ec2-user/liquid-cache/benchmark/clickbench/data/hits.parquet:3694994112..4618742640], [home/ec2-user/liquid-cache/benchmark/clickbench/data/hits.parquet:4618742640..5542491168], [home/ec2-user/liquid-cache/benchmark/clickbench/data/hits.parquet:5542491168..6466239696], [home/ec2-user/liquid-cache/benchmark/clickbench/data/hits.parquet:6466239696..7389988224], [home/ec2-user/liquid-cache/benchmark/clickbench/data/hits.parquet:7389988224..8313736752], [home/ec2-user/liquid-cache/benchmark/clickbench/data/hits.parquet:8313736752..9237485280], [home/ec2-user/liquid-cache/benchmark/clickbench/data/hits.parquet:9237485280..10161233808], [home/ec2-user/liquid-cache/benchmark/clickbench/data/hits.parquet:10161233808..11084982336], [home/ec2-user/liquid-cache/benchmark/clickbench/data/hits.parquet:11084982336..12008730864], [home/ec2-user/liquid-cache/benchmark/clickbench/data/hits.parquet:12008730864..12932479392], [home/ec2-user/liquid-cache/benchmark/clickbench/data/hits.parquet:12932479392..13856227920], [home/ec2-user/liquid-cache/benchmark/clickbench/data/hits.parquet:13856227920..14779976446]]}, projection=[RegionID, ResolutionWidth], file_type=liquid_parquet, metrics=[output_rows=585.4 K, elapsed_compute=16ns, output_bytes=3.8 MB, output_batches=5.86 K, files_ranges_pruned_statistics=16 total → 16 matched, row_groups_pruned_statistics=226 total → 212 matched, row_groups_pruned_bloom_filter=0 total → 0 matched, page_index_pages_pruned=0 total → 0 matched, page_index_rows_pruned=0 total → 0 matched, limit_pruned_row_groups=0 total → 0 matched, batches_split=0, bytes_scanned=550.5 M, file_open_errors=0, file_scan_errors=0, num_predicate_creation_errors=0, predicate_evaluation_errors=0, pushdown_rows_matched=0, pushdown_rows_pruned=0, predicate_cache_inner_records=0, predicate_cache_records=0, bloom_filter_eval_time=3.09ms, metadata_load_time=2.27ms, page_index_eval_time=4.16µs, row_pushdown_eval_time=32ns, statistics_eval_time=468.15µs, time_elapsed_opening=8.03ms, time_elapsed_processing=1.99s, time_elapsed_scanning_total=2.21s, time_elapsed_scanning_until_data=29.92ms, scan_efficiency_ratio=N/A (0/0)]

Cache: entries=23080, mem=362MB, disk=0MB
  Hits: cache_hit=0, eval_predicate=23080
  Misses: cache_miss=0
  IO: read=0, write=0
  Squeeze: squeezed_success=0, squeezed_needs_io=0
Time: 232ms

+----------+----------+---------------------------+
| RegionID | count(*) | avg(hits.ResolutionWidth) |
+----------+----------+---------------------------+
| 229      | 127718   | 1490.9539923894831        |
| 2        | 37162    | 1463.62012270599          |
| 208      | 29099    | 1303.4156500223376        |
| 34       | 12023    | 1538.5385511103718        |
| 107      | 10802    | 1579.703203110535         |
| 169      | 10464    | 1542.529243119266         |
| 55       | 10247    | 1342.4106567775934        |
| 44       | 8942     | 1370.9150078282264        |
| 1        | 8834     | 1519.2714512112293        |
| 23       | 8538     | 1254.0892480674631        |
| 42       | 7917     | 1559.5702917771882        |
| 51       | 7820     | 1569.3202046035806        |
| 106      | 7783     | 1556.2761146087628        |
| 32       | 7165     | 1544.8288904396372        |
| 47       | 6711     | 1534.2136790344211        |
| 184      | 6628     | 1522.5264031382017        |
| 54       | 6263     | 1336.4619192080472        |
| 36       | 6180     | 1571.9715210355987        |
| 38       | 5868     | 1561.2220518064075        |
| 226      | 5640     | 1571.5643617021276        |
+----------+----------+---------------------------+

=== EXPLAIN ANALYZE (Query 3, Iteration 2) ===
ProjectionExec: expr=[RegionID@0 as RegionID, count(*)@1 as count(*), avg(hits.ResolutionWidth)@2 as avg(hits.ResolutionWidth)], metrics=[output_rows=20, elapsed_compute=1.52µs, output_bytes=400.0 B, output_batches=1, expr_0_eval_time=250ns, expr_1_eval_time=160ns, expr_2_eval_time=160ns]
  SortPreservingMergeExec: [count(Int64(1))@3 DESC], fetch=20, metrics=[output_rows=20, elapsed_compute=6.98µs, output_bytes=560.0 B, output_batches=1]
    SortExec: TopK(fetch=20), expr=[count(*)@1 DESC], preserve_partitioning=[true], filter=[count(*)@1 IS NULL OR count(*)@1 > 253], metrics=[output_rows=245, elapsed_compute=432.09µs, output_bytes=6.7 KB, output_batches=16, row_replacements=286]
      ProjectionExec: expr=[RegionID@0 as RegionID, count(Int64(1))@1 as count(*), avg(hits.ResolutionWidth)@2 as avg(hits.ResolutionWidth), count(Int64(1))@1 as count(Int64(1))], metrics=[output_rows=1.95 K, elapsed_compute=28.74µs, output_bytes=41.0 KB, output_batches=16, expr_0_eval_time=3.28µs, expr_1_eval_time=1.56µs, expr_2_eval_time=1.40µs, expr_3_eval_time=1.36µs]
        AggregateExec: mode=FinalPartitioned, gby=[RegionID@0 as RegionID], aggr=[count(Int64(1)), avg(hits.ResolutionWidth)], metrics=[output_rows=1.95 K, elapsed_compute=465.58µs, output_bytes=41.0 KB, output_batches=16, spill_count=0, spilled_bytes=0.0 B, spilled_rows=0, peak_mem_used=330.7 K, aggregate_arguments_time=20.07µs, aggregation_time=90.28µs, emitting_time=37.85µs, time_calculating_group_ids=189.10µs]
          RepartitionExec: partitioning=Hash([RegionID@0], 16), input_partitions=16, metrics=[output_rows=10.68 K, elapsed_compute=578.29µs, output_bytes=3.5 MB, output_batches=16, spill_count=0, spilled_bytes=0.0 B, spilled_rows=0, fetch_time=2.22s, repartition_time=743.60µs, send_time=241.20µs]
            AggregateExec: mode=Partial, gby=[RegionID@0 as RegionID], aggr=[count(Int64(1)), avg(hits.ResolutionWidth)], metrics=[output_rows=10.68 K, elapsed_compute=33.16ms, output_bytes=426.2 KB, output_batches=16, spill_count=0, spilled_bytes=0.0 B, spilled_rows=0, skipped_aggregation_rows=0, peak_mem_used=772.5 K, aggregate_arguments_time=11.64ms, aggregation_time=7.39ms, emitting_time=84.37µs, time_calculating_group_ids=9.46ms, reduction_factor=1.8% (10.68 K/585.4 K)]
              DataSourceExec: file_groups={16 groups: [[home/ec2-user/liquid-cache/benchmark/clickbench/data/hits.parquet:0..923748528], [home/ec2-user/liquid-cache/benchmark/clickbench/data/hits.parquet:923748528..1847497056], [home/ec2-user/liquid-cache/benchmark/clickbench/data/hits.parquet:1847497056..2771245584], [home/ec2-user/liquid-cache/benchmark/clickbench/data/hits.parquet:2771245584..3694994112], [home/ec2-user/liquid-cache/benchmark/clickbench/data/hits.parquet:3694994112..4618742640], [home/ec2-user/liquid-cache/benchmark/clickbench/data/hits.parquet:4618742640..5542491168], [home/ec2-user/liquid-cache/benchmark/clickbench/data/hits.parquet:5542491168..6466239696], [home/ec2-user/liquid-cache/benchmark/clickbench/data/hits.parquet:6466239696..7389988224], [home/ec2-user/liquid-cache/benchmark/clickbench/data/hits.parquet:7389988224..8313736752], [home/ec2-user/liquid-cache/benchmark/clickbench/data/hits.parquet:8313736752..9237485280], [home/ec2-user/liquid-cache/benchmark/clickbench/data/hits.parquet:9237485280..10161233808], [home/ec2-user/liquid-cache/benchmark/clickbench/data/hits.parquet:10161233808..11084982336], [home/ec2-user/liquid-cache/benchmark/clickbench/data/hits.parquet:11084982336..12008730864], [home/ec2-user/liquid-cache/benchmark/clickbench/data/hits.parquet:12008730864..12932479392], [home/ec2-user/liquid-cache/benchmark/clickbench/data/hits.parquet:12932479392..13856227920], [home/ec2-user/liquid-cache/benchmark/clickbench/data/hits.parquet:13856227920..14779976446]]}, projection=[RegionID, ResolutionWidth], file_type=liquid_parquet, metrics=[output_rows=585.4 K, elapsed_compute=16ns, output_bytes=3.8 MB, output_batches=5.86 K, files_ranges_pruned_statistics=16 total → 16 matched, row_groups_pruned_statistics=226 total → 212 matched, row_groups_pruned_bloom_filter=0 total → 0 matched, page_index_pages_pruned=0 total → 0 matched, page_index_rows_pruned=0 total → 0 matched, limit_pruned_row_groups=0 total → 0 matched, batches_split=0, bytes_scanned=550.5 M, file_open_errors=0, file_scan_errors=0, num_predicate_creation_errors=0, predicate_evaluation_errors=0, pushdown_rows_matched=0, pushdown_rows_pruned=0, predicate_cache_inner_records=0, predicate_cache_records=0, bloom_filter_eval_time=2.71ms, metadata_load_time=2.87ms, page_index_eval_time=2.83µs, row_pushdown_eval_time=32ns, statistics_eval_time=437.32µs, time_elapsed_opening=9.99ms, time_elapsed_processing=1.91s, time_elapsed_scanning_total=2.21s, time_elapsed_scanning_until_data=32.12ms, scan_efficiency_ratio=N/A (0/0)]

Cache: entries=23080, mem=362MB, disk=0MB
  Hits: cache_hit=0, eval_predicate=23080
  Misses: cache_miss=0
  IO: read=0, write=0
  Squeeze: squeezed_success=0, squeezed_needs_io=0
Time: 238ms

+----------+----------+---------------------------+
| RegionID | count(*) | avg(hits.ResolutionWidth) |
+----------+----------+---------------------------+
| 229      | 127718   | 1490.9539923894831        |
| 2        | 37162    | 1463.62012270599          |
| 208      | 29099    | 1303.4156500223376        |
| 34       | 12023    | 1538.5385511103718        |
| 107      | 10802    | 1579.703203110535         |
| 169      | 10464    | 1542.529243119266         |
| 55       | 10247    | 1342.4106567775934        |
| 44       | 8942     | 1370.9150078282264        |
| 1        | 8834     | 1519.2714512112293        |
| 23       | 8538     | 1254.0892480674631        |
| 42       | 7917     | 1559.5702917771882        |
| 51       | 7820     | 1569.3202046035806        |
| 106      | 7783     | 1556.2761146087628        |
| 32       | 7165     | 1544.8288904396372        |
| 47       | 6711     | 1534.2136790344211        |
| 184      | 6628     | 1522.5264031382017        |
| 54       | 6263     | 1336.4619192080472        |
| 36       | 6180     | 1571.9715210355987        |
| 38       | 5868     | 1561.2220518064075        |
| 226      | 5640     | 1571.5643617021276        |
+----------+----------+---------------------------+

=== EXPLAIN ANALYZE (Query 3, Iteration 3) ===
ProjectionExec: expr=[RegionID@0 as RegionID, count(*)@1 as count(*), avg(hits.ResolutionWidth)@2 as avg(hits.ResolutionWidth)], metrics=[output_rows=20, elapsed_compute=1.65µs, output_bytes=400.0 B, output_batches=1, expr_0_eval_time=289ns, expr_1_eval_time=91ns, expr_2_eval_time=100ns]
  SortPreservingMergeExec: [count(Int64(1))@3 DESC], fetch=20, metrics=[output_rows=20, elapsed_compute=8.07µs, output_bytes=560.0 B, output_batches=1]
    SortExec: TopK(fetch=20), expr=[count(*)@1 DESC], preserve_partitioning=[true], filter=[count(*)@1 IS NULL OR count(*)@1 > 253], metrics=[output_rows=244, elapsed_compute=364.89µs, output_bytes=6.7 KB, output_batches=16, row_replacements=293]
      ProjectionExec: expr=[RegionID@0 as RegionID, count(Int64(1))@1 as count(*), avg(hits.ResolutionWidth)@2 as avg(hits.ResolutionWidth), count(Int64(1))@1 as count(Int64(1))], metrics=[output_rows=1.95 K, elapsed_compute=25.58µs, output_bytes=41.0 KB, output_batches=16, expr_0_eval_time=3.09µs, expr_1_eval_time=1.47µs, expr_2_eval_time=1.28µs, expr_3_eval_time=1.23µs]
        AggregateExec: mode=FinalPartitioned, gby=[RegionID@0 as RegionID], aggr=[count(Int64(1)), avg(hits.ResolutionWidth)], metrics=[output_rows=1.95 K, elapsed_compute=400.67µs, output_bytes=41.0 KB, output_batches=16, spill_count=0, spilled_bytes=0.0 B, spilled_rows=0, peak_mem_used=330.7 K, aggregate_arguments_time=18.55µs, aggregation_time=88.46µs, emitting_time=32.30µs, time_calculating_group_ids=181.60µs]
          RepartitionExec: partitioning=Hash([RegionID@0], 16), input_partitions=16, metrics=[output_rows=10.68 K, elapsed_compute=586.65µs, output_bytes=3.5 MB, output_batches=16, spill_count=0, spilled_bytes=0.0 B, spilled_rows=0, fetch_time=2.19s, repartition_time=722.74µs, send_time=250.68µs]
            AggregateExec: mode=Partial, gby=[RegionID@0 as RegionID], aggr=[count(Int64(1)), avg(hits.ResolutionWidth)], metrics=[output_rows=10.68 K, elapsed_compute=32.13ms, output_bytes=426.2 KB, output_batches=16, spill_count=0, spilled_bytes=0.0 B, spilled_rows=0, skipped_aggregation_rows=0, peak_mem_used=772.5 K, aggregate_arguments_time=10.13ms, aggregation_time=7.92ms, emitting_time=87.26µs, time_calculating_group_ids=9.52ms, reduction_factor=1.8% (10.68 K/585.4 K)]
              DataSourceExec: file_groups={16 groups: [[home/ec2-user/liquid-cache/benchmark/clickbench/data/hits.parquet:0..923748528], [home/ec2-user/liquid-cache/benchmark/clickbench/data/hits.parquet:923748528..1847497056], [home/ec2-user/liquid-cache/benchmark/clickbench/data/hits.parquet:1847497056..2771245584], [home/ec2-user/liquid-cache/benchmark/clickbench/data/hits.parquet:2771245584..3694994112], [home/ec2-user/liquid-cache/benchmark/clickbench/data/hits.parquet:3694994112..4618742640], [home/ec2-user/liquid-cache/benchmark/clickbench/data/hits.parquet:4618742640..5542491168], [home/ec2-user/liquid-cache/benchmark/clickbench/data/hits.parquet:5542491168..6466239696], [home/ec2-user/liquid-cache/benchmark/clickbench/data/hits.parquet:6466239696..7389988224], [home/ec2-user/liquid-cache/benchmark/clickbench/data/hits.parquet:7389988224..8313736752], [home/ec2-user/liquid-cache/benchmark/clickbench/data/hits.parquet:8313736752..9237485280], [home/ec2-user/liquid-cache/benchmark/clickbench/data/hits.parquet:9237485280..10161233808], [home/ec2-user/liquid-cache/benchmark/clickbench/data/hits.parquet:10161233808..11084982336], [home/ec2-user/liquid-cache/benchmark/clickbench/data/hits.parquet:11084982336..12008730864], [home/ec2-user/liquid-cache/benchmark/clickbench/data/hits.parquet:12008730864..12932479392], [home/ec2-user/liquid-cache/benchmark/clickbench/data/hits.parquet:12932479392..13856227920], [home/ec2-user/liquid-cache/benchmark/clickbench/data/hits.parquet:13856227920..14779976446]]}, projection=[RegionID, ResolutionWidth], file_type=liquid_parquet, metrics=[output_rows=585.4 K, elapsed_compute=16ns, output_bytes=3.8 MB, output_batches=5.86 K, files_ranges_pruned_statistics=16 total → 16 matched, row_groups_pruned_statistics=226 total → 212 matched, row_groups_pruned_bloom_filter=0 total → 0 matched, page_index_pages_pruned=0 total → 0 matched, page_index_rows_pruned=0 total → 0 matched, limit_pruned_row_groups=0 total → 0 matched, batches_split=0, bytes_scanned=550.5 M, file_open_errors=0, file_scan_errors=0, num_predicate_creation_errors=0, predicate_evaluation_errors=0, pushdown_rows_matched=0, pushdown_rows_pruned=0, predicate_cache_inner_records=0, predicate_cache_records=0, bloom_filter_eval_time=3.07ms, metadata_load_time=2.66ms, page_index_eval_time=4.08µs, row_pushdown_eval_time=32ns, statistics_eval_time=996.61µs, time_elapsed_opening=9.29ms, time_elapsed_processing=1.93s, time_elapsed_scanning_total=2.18s, time_elapsed_scanning_until_data=30.12ms, scan_efficiency_ratio=N/A (0/0)]

Cache: entries=23080, mem=362MB, disk=0MB
  Hits: cache_hit=0, eval_predicate=23080
  Misses: cache_miss=0
  IO: read=0, write=0
  Squeeze: squeezed_success=0, squeezed_needs_io=0
Time: 228ms

+----------+----------+---------------------------+
| RegionID | count(*) | avg(hits.ResolutionWidth) |
+----------+----------+---------------------------+
| 229      | 127718   | 1490.9539923894831        |
| 2        | 37162    | 1463.62012270599          |
| 208      | 29099    | 1303.4156500223376        |
| 34       | 12023    | 1538.5385511103718        |
| 107      | 10802    | 1579.703203110535         |
| 169      | 10464    | 1542.529243119266         |
| 55       | 10247    | 1342.4106567775934        |
| 44       | 8942     | 1370.9150078282264        |
| 1        | 8834     | 1519.2714512112293        |
| 23       | 8538     | 1254.0892480674631        |
| 42       | 7917     | 1559.5702917771882        |
| 51       | 7820     | 1569.3202046035806        |
| 106      | 7783     | 1556.2761146087628        |
| 32       | 7165     | 1544.8288904396372        |
| 47       | 6711     | 1534.2136790344211        |
| 184      | 6628     | 1522.5264031382017        |
| 54       | 6263     | 1336.4619192080472        |
| 36       | 6180     | 1571.9715210355987        |
| 38       | 5868     | 1561.2220518064075        |
| 226      | 5640     | 1571.5643617021276        |
+----------+----------+---------------------------+

=== EXPLAIN ANALYZE (Query 3, Iteration 4) ===
ProjectionExec: expr=[RegionID@0 as RegionID, count(*)@1 as count(*), avg(hits.ResolutionWidth)@2 as avg(hits.ResolutionWidth)], metrics=[output_rows=20, elapsed_compute=1.78µs, output_bytes=400.0 B, output_batches=1, expr_0_eval_time=209ns, expr_1_eval_time=70ns, expr_2_eval_time=170ns]
  SortPreservingMergeExec: [count(Int64(1))@3 DESC], fetch=20, metrics=[output_rows=20, elapsed_compute=8.05µs, output_bytes=560.0 B, output_batches=1]
    SortExec: TopK(fetch=20), expr=[count(*)@1 DESC], preserve_partitioning=[true], filter=[count(*)@1 IS NULL OR count(*)@1 > 253], metrics=[output_rows=252, elapsed_compute=378.66µs, output_bytes=6.9 KB, output_batches=16, row_replacements=278]
      ProjectionExec: expr=[RegionID@0 as RegionID, count(Int64(1))@1 as count(*), avg(hits.ResolutionWidth)@2 as avg(hits.ResolutionWidth), count(Int64(1))@1 as count(Int64(1))], metrics=[output_rows=1.95 K, elapsed_compute=25.95µs, output_bytes=41.0 KB, output_batches=16, expr_0_eval_time=2.83µs, expr_1_eval_time=1.37µs, expr_2_eval_time=1.16µs, expr_3_eval_time=1.44µs]
        AggregateExec: mode=FinalPartitioned, gby=[RegionID@0 as RegionID], aggr=[count(Int64(1)), avg(hits.ResolutionWidth)], metrics=[output_rows=1.95 K, elapsed_compute=413.64µs, output_bytes=41.0 KB, output_batches=16, spill_count=0, spilled_bytes=0.0 B, spilled_rows=0, peak_mem_used=330.7 K, aggregate_arguments_time=22.73µs, aggregation_time=94.32µs, emitting_time=31.72µs, time_calculating_group_ids=191.10µs]
          RepartitionExec: partitioning=Hash([RegionID@0], 16), input_partitions=16, metrics=[output_rows=10.68 K, elapsed_compute=760.91µs, output_bytes=3.5 MB, output_batches=16, spill_count=0, spilled_bytes=0.0 B, spilled_rows=0, fetch_time=2.18s, repartition_time=696.10µs, send_time=275.55µs]
            AggregateExec: mode=Partial, gby=[RegionID@0 as RegionID], aggr=[count(Int64(1)), avg(hits.ResolutionWidth)], metrics=[output_rows=10.68 K, elapsed_compute=31.97ms, output_bytes=426.2 KB, output_batches=16, spill_count=0, spilled_bytes=0.0 B, spilled_rows=0, skipped_aggregation_rows=0, peak_mem_used=772.5 K, aggregate_arguments_time=9.75ms, aggregation_time=7.73ms, emitting_time=77.21µs, time_calculating_group_ids=9.73ms, reduction_factor=1.8% (10.68 K/585.4 K)]
              DataSourceExec: file_groups={16 groups: [[home/ec2-user/liquid-cache/benchmark/clickbench/data/hits.parquet:0..923748528], [home/ec2-user/liquid-cache/benchmark/clickbench/data/hits.parquet:923748528..1847497056], [home/ec2-user/liquid-cache/benchmark/clickbench/data/hits.parquet:1847497056..2771245584], [home/ec2-user/liquid-cache/benchmark/clickbench/data/hits.parquet:2771245584..3694994112], [home/ec2-user/liquid-cache/benchmark/clickbench/data/hits.parquet:3694994112..4618742640], [home/ec2-user/liquid-cache/benchmark/clickbench/data/hits.parquet:4618742640..5542491168], [home/ec2-user/liquid-cache/benchmark/clickbench/data/hits.parquet:5542491168..6466239696], [home/ec2-user/liquid-cache/benchmark/clickbench/data/hits.parquet:6466239696..7389988224], [home/ec2-user/liquid-cache/benchmark/clickbench/data/hits.parquet:7389988224..8313736752], [home/ec2-user/liquid-cache/benchmark/clickbench/data/hits.parquet:8313736752..9237485280], [home/ec2-user/liquid-cache/benchmark/clickbench/data/hits.parquet:9237485280..10161233808], [home/ec2-user/liquid-cache/benchmark/clickbench/data/hits.parquet:10161233808..11084982336], [home/ec2-user/liquid-cache/benchmark/clickbench/data/hits.parquet:11084982336..12008730864], [home/ec2-user/liquid-cache/benchmark/clickbench/data/hits.parquet:12008730864..12932479392], [home/ec2-user/liquid-cache/benchmark/clickbench/data/hits.parquet:12932479392..13856227920], [home/ec2-user/liquid-cache/benchmark/clickbench/data/hits.parquet:13856227920..14779976446]]}, projection=[RegionID, ResolutionWidth], file_type=liquid_parquet, metrics=[output_rows=585.4 K, elapsed_compute=16ns, output_bytes=3.8 MB, output_batches=5.86 K, files_ranges_pruned_statistics=16 total → 16 matched, row_groups_pruned_statistics=226 total → 212 matched, row_groups_pruned_bloom_filter=0 total → 0 matched, page_index_pages_pruned=0 total → 0 matched, page_index_rows_pruned=0 total → 0 matched, limit_pruned_row_groups=0 total → 0 matched, batches_split=0, bytes_scanned=550.5 M, file_open_errors=0, file_scan_errors=0, num_predicate_creation_errors=0, predicate_evaluation_errors=0, pushdown_rows_matched=0, pushdown_rows_pruned=0, predicate_cache_inner_records=0, predicate_cache_records=0, bloom_filter_eval_time=3.11ms, metadata_load_time=3.40ms, page_index_eval_time=3.13µs, row_pushdown_eval_time=32ns, statistics_eval_time=486.26µs, time_elapsed_opening=9.54ms, time_elapsed_processing=1.97s, time_elapsed_scanning_total=2.17s, time_elapsed_scanning_until_data=31.58ms, scan_efficiency_ratio=N/A (0/0)]

Cache: entries=23080, mem=362MB, disk=0MB
  Hits: cache_hit=0, eval_predicate=23080
  Misses: cache_miss=0
  IO: read=0, write=0
  Squeeze: squeezed_success=0, squeezed_needs_io=0
Time: 233ms

+----------+----------+---------------------------+
| RegionID | count(*) | avg(hits.ResolutionWidth) |
+----------+----------+---------------------------+
| 229      | 127718   | 1490.9539923894831        |
| 2        | 37162    | 1463.62012270599          |
| 208      | 29099    | 1303.4156500223376        |
| 34       | 12023    | 1538.5385511103718        |
| 107      | 10802    | 1579.703203110535         |
| 169      | 10464    | 1542.529243119266         |
| 55       | 10247    | 1342.4106567775934        |
| 44       | 8942     | 1370.9150078282264        |
| 1        | 8834     | 1519.2714512112293        |
| 23       | 8538     | 1254.0892480674631        |
| 42       | 7917     | 1559.5702917771882        |
| 51       | 7820     | 1569.3202046035806        |
| 106      | 7783     | 1556.2761146087628        |
| 32       | 7165     | 1544.8288904396372        |
| 47       | 6711     | 1534.2136790344211        |
| 184      | 6628     | 1522.5264031382017        |
| 54       | 6263     | 1336.4619192080472        |
| 36       | 6180     | 1571.9715210355987        |
| 38       | 5868     | 1561.2220518064075        |
| 226      | 5640     | 1571.5643617021276        |
+----------+----------+---------------------------+
