
=== EXPLAIN ANALYZE (Query 6, Iteration 0) ===
AggregateExec: mode=Final, gby=[], aggr=[avg(hits.ResolutionWidth), avg(hits.ResolutionHeight), avg(hits.ClientIP), avg(hits.WindowClientWidth), avg(hits.WindowClientHeight), avg(hits.CounterID), avg(hits.RegionID)], metrics=[output_rows=1, elapsed_compute=72.37µs, output_bytes=56.0 B, output_batches=1]
  CoalescePartitionsExec, metrics=[output_rows=16, elapsed_compute=28.79µs, output_bytes=1792.0 B, output_batches=16]
    AggregateExec: mode=Partial, gby=[], aggr=[avg(hits.ResolutionWidth), avg(hits.ResolutionHeight), avg(hits.ClientIP), avg(hits.WindowClientWidth), avg(hits.WindowClientHeight), avg(hits.CounterID), avg(hits.RegionID)], metrics=[output_rows=16, elapsed_compute=454.82ms, output_bytes=1792.0 B, output_batches=16]
      DataSourceExec: file_groups={16 groups: [[home/ec2-user/liquid-cache/benchmark/clickbench/data/hits.parquet:0..923748528], [home/ec2-user/liquid-cache/benchmark/clickbench/data/hits.parquet:923748528..1847497056], [home/ec2-user/liquid-cache/benchmark/clickbench/data/hits.parquet:1847497056..2771245584], [home/ec2-user/liquid-cache/benchmark/clickbench/data/hits.parquet:2771245584..3694994112], [home/ec2-user/liquid-cache/benchmark/clickbench/data/hits.parquet:3694994112..4618742640], [home/ec2-user/liquid-cache/benchmark/clickbench/data/hits.parquet:4618742640..5542491168], [home/ec2-user/liquid-cache/benchmark/clickbench/data/hits.parquet:5542491168..6466239696], [home/ec2-user/liquid-cache/benchmark/clickbench/data/hits.parquet:6466239696..7389988224], [home/ec2-user/liquid-cache/benchmark/clickbench/data/hits.parquet:7389988224..8313736752], [home/ec2-user/liquid-cache/benchmark/clickbench/data/hits.parquet:8313736752..9237485280], [home/ec2-user/liquid-cache/benchmark/clickbench/data/hits.parquet:9237485280..10161233808], [home/ec2-user/liquid-cache/benchmark/clickbench/data/hits.parquet:10161233808..11084982336], [home/ec2-user/liquid-cache/benchmark/clickbench/data/hits.parquet:11084982336..12008730864], [home/ec2-user/liquid-cache/benchmark/clickbench/data/hits.parquet:12008730864..12932479392], [home/ec2-user/liquid-cache/benchmark/clickbench/data/hits.parquet:12932479392..13856227920], [home/ec2-user/liquid-cache/benchmark/clickbench/data/hits.parquet:13856227920..14779976446]]}, projection=[CounterID, ClientIP, RegionID, ResolutionWidth, ResolutionHeight, WindowClientWidth, WindowClientHeight], file_type=liquid_parquet, metrics=[output_rows=92.74 M, elapsed_compute=16ns, output_bytes=1769.3 MB, output_batches=12.22 K, files_ranges_pruned_statistics=16 total → 16 matched, row_groups_pruned_statistics=226 total → 226 matched, row_groups_pruned_bloom_filter=0 total → 0 matched, page_index_pages_pruned=0 total → 0 matched, page_index_rows_pruned=0 total → 0 matched, limit_pruned_row_groups=0 total → 0 matched, batches_split=0, bytes_scanned=488.2 M, file_open_errors=0, file_scan_errors=0, num_predicate_creation_errors=0, predicate_evaluation_errors=0, pushdown_rows_matched=0, pushdown_rows_pruned=0, predicate_cache_inner_records=0, predicate_cache_records=0, bloom_filter_eval_time=16.89ms, metadata_load_time=231.12ms, page_index_eval_time=2.99µs, row_pushdown_eval_time=32ns, statistics_eval_time=815.38µs, time_elapsed_opening=341.14ms, time_elapsed_processing=3.15s, time_elapsed_scanning_total=6.48s, time_elapsed_scanning_until_data=429.79ms, scan_efficiency_ratio=N/A (0/0)]

Cache: entries=24436, mem=383MB, disk=0MB
  Hits: cache_hit=0, eval_predicate=36654
  Misses: cache_miss=12218
  IO: read=0, write=0
  Squeeze: squeezed_success=0, squeezed_needs_io=0
Time: 764ms

+---------------------------+----------------------------+--------------------+-----------------------------+------------------------------+---------------------+--------------------+
| avg(hits.ResolutionWidth) | avg(hits.ResolutionHeight) | avg(hits.ClientIP) | avg(hits.WindowClientWidth) | avg(hits.WindowClientHeight) | avg(hits.CounterID) | avg(hits.RegionID) |
+---------------------------+----------------------------+--------------------+-----------------------------+------------------------------+---------------------+--------------------+
| 1511.1626520370016        | 978.6929029940453          | 563293425.7787501  | 1226.578310859947           | 706.7523128243456            | 132688.23576338214  | 3388.0068872130396 |
+---------------------------+----------------------------+--------------------+-----------------------------+------------------------------+---------------------+--------------------+

=== EXPLAIN ANALYZE (Query 6, Iteration 1) ===
AggregateExec: mode=Final, gby=[], aggr=[avg(hits.ResolutionWidth), avg(hits.ResolutionHeight), avg(hits.ClientIP), avg(hits.WindowClientWidth), avg(hits.WindowClientHeight), avg(hits.CounterID), avg(hits.RegionID)], metrics=[output_rows=1, elapsed_compute=69.22µs, output_bytes=56.0 B, output_batches=1]
  CoalescePartitionsExec, metrics=[output_rows=16, elapsed_compute=18.13µs, output_bytes=1792.0 B, output_batches=16]
    AggregateExec: mode=Partial, gby=[], aggr=[avg(hits.ResolutionWidth), avg(hits.ResolutionHeight), avg(hits.ClientIP), avg(hits.WindowClientWidth), avg(hits.WindowClientHeight), avg(hits.CounterID), avg(hits.RegionID)], metrics=[output_rows=16, elapsed_compute=453.52ms, output_bytes=1792.0 B, output_batches=16]
      DataSourceExec: file_groups={16 groups: [[home/ec2-user/liquid-cache/benchmark/clickbench/data/hits.parquet:0..923748528], [home/ec2-user/liquid-cache/benchmark/clickbench/data/hits.parquet:923748528..1847497056], [home/ec2-user/liquid-cache/benchmark/clickbench/data/hits.parquet:1847497056..2771245584], [home/ec2-user/liquid-cache/benchmark/clickbench/data/hits.parquet:2771245584..3694994112], [home/ec2-user/liquid-cache/benchmark/clickbench/data/hits.parquet:3694994112..4618742640], [home/ec2-user/liquid-cache/benchmark/clickbench/data/hits.parquet:4618742640..5542491168], [home/ec2-user/liquid-cache/benchmark/clickbench/data/hits.parquet:5542491168..6466239696], [home/ec2-user/liquid-cache/benchmark/clickbench/data/hits.parquet:6466239696..7389988224], [home/ec2-user/liquid-cache/benchmark/clickbench/data/hits.parquet:7389988224..8313736752], [home/ec2-user/liquid-cache/benchmark/clickbench/data/hits.parquet:8313736752..9237485280], [home/ec2-user/liquid-cache/benchmark/clickbench/data/hits.parquet:9237485280..10161233808], [home/ec2-user/liquid-cache/benchmark/clickbench/data/hits.parquet:10161233808..11084982336], [home/ec2-user/liquid-cache/benchmark/clickbench/data/hits.parquet:11084982336..12008730864], [home/ec2-user/liquid-cache/benchmark/clickbench/data/hits.parquet:12008730864..12932479392], [home/ec2-user/liquid-cache/benchmark/clickbench/data/hits.parquet:12932479392..13856227920], [home/ec2-user/liquid-cache/benchmark/clickbench/data/hits.parquet:13856227920..14779976446]]}, projection=[CounterID, ClientIP, RegionID, ResolutionWidth, ResolutionHeight, WindowClientWidth, WindowClientHeight], file_type=liquid_parquet, metrics=[output_rows=92.74 M, elapsed_compute=16ns, output_bytes=1769.3 MB, output_batches=12.22 K, files_ranges_pruned_statistics=16 total → 16 matched, row_groups_pruned_statistics=226 total → 226 matched, row_groups_pruned_bloom_filter=0 total → 0 matched, page_index_pages_pruned=0 total → 0 matched, page_index_rows_pruned=0 total → 0 matched, limit_pruned_row_groups=0 total → 0 matched, batches_split=0, bytes_scanned=488.2 M, file_open_errors=0, file_scan_errors=0, num_predicate_creation_errors=0, predicate_evaluation_errors=0, pushdown_rows_matched=0, pushdown_rows_pruned=0, predicate_cache_inner_records=0, predicate_cache_records=0, bloom_filter_eval_time=4.83ms, metadata_load_time=2.30ms, page_index_eval_time=4.25µs, row_pushdown_eval_time=32ns, statistics_eval_time=633.76µs, time_elapsed_opening=10.40ms, time_elapsed_processing=3.15s, time_elapsed_scanning_total=3.91s, time_elapsed_scanning_until_data=105.42ms, scan_efficiency_ratio=N/A (0/0)]

Cache: entries=24436, mem=383MB, disk=0MB
  Hits: cache_hit=0, eval_predicate=24436
  Misses: cache_miss=0
  IO: read=0, write=0
  Squeeze: squeezed_success=0, squeezed_needs_io=0
Time: 323ms

+---------------------------+----------------------------+--------------------+-----------------------------+------------------------------+---------------------+--------------------+
| avg(hits.ResolutionWidth) | avg(hits.ResolutionHeight) | avg(hits.ClientIP) | avg(hits.WindowClientWidth) | avg(hits.WindowClientHeight) | avg(hits.CounterID) | avg(hits.RegionID) |
+---------------------------+----------------------------+--------------------+-----------------------------+------------------------------+---------------------+--------------------+
| 1511.1626520370016        | 978.6929029940453          | 563293425.77875    | 1226.578310859947           | 706.7523128243456            | 132688.23576338214  | 3388.0068872130396 |
+---------------------------+----------------------------+--------------------+-----------------------------+------------------------------+---------------------+--------------------+

=== EXPLAIN ANALYZE (Query 6, Iteration 2) ===
AggregateExec: mode=Final, gby=[], aggr=[avg(hits.ResolutionWidth), avg(hits.ResolutionHeight), avg(hits.ClientIP), avg(hits.WindowClientWidth), avg(hits.WindowClientHeight), avg(hits.CounterID), avg(hits.RegionID)], metrics=[output_rows=1, elapsed_compute=82.77µs, output_bytes=56.0 B, output_batches=1]
  CoalescePartitionsExec, metrics=[output_rows=16, elapsed_compute=15.24µs, output_bytes=1792.0 B, output_batches=16]
    AggregateExec: mode=Partial, gby=[], aggr=[avg(hits.ResolutionWidth), avg(hits.ResolutionHeight), avg(hits.ClientIP), avg(hits.WindowClientWidth), avg(hits.WindowClientHeight), avg(hits.CounterID), avg(hits.RegionID)], metrics=[output_rows=16, elapsed_compute=458.26ms, output_bytes=1792.0 B, output_batches=16]
      DataSourceExec: file_groups={16 groups: [[home/ec2-user/liquid-cache/benchmark/clickbench/data/hits.parquet:0..923748528], [home/ec2-user/liquid-cache/benchmark/clickbench/data/hits.parquet:923748528..1847497056], [home/ec2-user/liquid-cache/benchmark/clickbench/data/hits.parquet:1847497056..2771245584], [home/ec2-user/liquid-cache/benchmark/clickbench/data/hits.parquet:2771245584..3694994112], [home/ec2-user/liquid-cache/benchmark/clickbench/data/hits.parquet:3694994112..4618742640], [home/ec2-user/liquid-cache/benchmark/clickbench/data/hits.parquet:4618742640..5542491168], [home/ec2-user/liquid-cache/benchmark/clickbench/data/hits.parquet:5542491168..6466239696], [home/ec2-user/liquid-cache/benchmark/clickbench/data/hits.parquet:6466239696..7389988224], [home/ec2-user/liquid-cache/benchmark/clickbench/data/hits.parquet:7389988224..8313736752], [home/ec2-user/liquid-cache/benchmark/clickbench/data/hits.parquet:8313736752..9237485280], [home/ec2-user/liquid-cache/benchmark/clickbench/data/hits.parquet:9237485280..10161233808], [home/ec2-user/liquid-cache/benchmark/clickbench/data/hits.parquet:10161233808..11084982336], [home/ec2-user/liquid-cache/benchmark/clickbench/data/hits.parquet:11084982336..12008730864], [home/ec2-user/liquid-cache/benchmark/clickbench/data/hits.parquet:12008730864..12932479392], [home/ec2-user/liquid-cache/benchmark/clickbench/data/hits.parquet:12932479392..13856227920], [home/ec2-user/liquid-cache/benchmark/clickbench/data/hits.parquet:13856227920..14779976446]]}, projection=[CounterID, ClientIP, RegionID, ResolutionWidth, ResolutionHeight, WindowClientWidth, WindowClientHeight], file_type=liquid_parquet, metrics=[output_rows=92.74 M, elapsed_compute=16ns, output_bytes=1769.3 MB, output_batches=12.22 K, files_ranges_pruned_statistics=16 total → 16 matched, row_groups_pruned_statistics=226 total → 226 matched, row_groups_pruned_bloom_filter=0 total → 0 matched, page_index_pages_pruned=0 total → 0 matched, page_index_rows_pruned=0 total → 0 matched, limit_pruned_row_groups=0 total → 0 matched, batches_split=0, bytes_scanned=488.2 M, file_open_errors=0, file_scan_errors=0, num_predicate_creation_errors=0, predicate_evaluation_errors=0, pushdown_rows_matched=0, pushdown_rows_pruned=0, predicate_cache_inner_records=0, predicate_cache_records=0, bloom_filter_eval_time=5.89ms, metadata_load_time=2.37ms, page_index_eval_time=4.47µs, row_pushdown_eval_time=32ns, statistics_eval_time=395.07µs, time_elapsed_opening=11.14ms, time_elapsed_processing=3.23s, time_elapsed_scanning_total=3.97s, time_elapsed_scanning_until_data=106.44ms, scan_efficiency_ratio=N/A (0/0)]

Cache: entries=24436, mem=383MB, disk=0MB
  Hits: cache_hit=0, eval_predicate=24436
  Misses: cache_miss=0
  IO: read=0, write=0
  Squeeze: squeezed_success=0, squeezed_needs_io=0
Time: 321ms

+---------------------------+----------------------------+--------------------+-----------------------------+------------------------------+---------------------+--------------------+
| avg(hits.ResolutionWidth) | avg(hits.ResolutionHeight) | avg(hits.ClientIP) | avg(hits.WindowClientWidth) | avg(hits.WindowClientHeight) | avg(hits.CounterID) | avg(hits.RegionID) |
+---------------------------+----------------------------+--------------------+-----------------------------+------------------------------+---------------------+--------------------+
| 1511.1626520370016        | 978.6929029940453          | 563293425.7787501  | 1226.578310859947           | 706.7523128243456            | 132688.23576338214  | 3388.0068872130396 |
+---------------------------+----------------------------+--------------------+-----------------------------+------------------------------+---------------------+--------------------+

=== EXPLAIN ANALYZE (Query 6, Iteration 3) ===
AggregateExec: mode=Final, gby=[], aggr=[avg(hits.ResolutionWidth), avg(hits.ResolutionHeight), avg(hits.ClientIP), avg(hits.WindowClientWidth), avg(hits.WindowClientHeight), avg(hits.CounterID), avg(hits.RegionID)], metrics=[output_rows=1, elapsed_compute=65.48µs, output_bytes=56.0 B, output_batches=1]
  CoalescePartitionsExec, metrics=[output_rows=16, elapsed_compute=15.08µs, output_bytes=1792.0 B, output_batches=16]
    AggregateExec: mode=Partial, gby=[], aggr=[avg(hits.ResolutionWidth), avg(hits.ResolutionHeight), avg(hits.ClientIP), avg(hits.WindowClientWidth), avg(hits.WindowClientHeight), avg(hits.CounterID), avg(hits.RegionID)], metrics=[output_rows=16, elapsed_compute=451.98ms, output_bytes=1792.0 B, output_batches=16]
      DataSourceExec: file_groups={16 groups: [[home/ec2-user/liquid-cache/benchmark/clickbench/data/hits.parquet:0..923748528], [home/ec2-user/liquid-cache/benchmark/clickbench/data/hits.parquet:923748528..1847497056], [home/ec2-user/liquid-cache/benchmark/clickbench/data/hits.parquet:1847497056..2771245584], [home/ec2-user/liquid-cache/benchmark/clickbench/data/hits.parquet:2771245584..3694994112], [home/ec2-user/liquid-cache/benchmark/clickbench/data/hits.parquet:3694994112..4618742640], [home/ec2-user/liquid-cache/benchmark/clickbench/data/hits.parquet:4618742640..5542491168], [home/ec2-user/liquid-cache/benchmark/clickbench/data/hits.parquet:5542491168..6466239696], [home/ec2-user/liquid-cache/benchmark/clickbench/data/hits.parquet:6466239696..7389988224], [home/ec2-user/liquid-cache/benchmark/clickbench/data/hits.parquet:7389988224..8313736752], [home/ec2-user/liquid-cache/benchmark/clickbench/data/hits.parquet:8313736752..9237485280], [home/ec2-user/liquid-cache/benchmark/clickbench/data/hits.parquet:9237485280..10161233808], [home/ec2-user/liquid-cache/benchmark/clickbench/data/hits.parquet:10161233808..11084982336], [home/ec2-user/liquid-cache/benchmark/clickbench/data/hits.parquet:11084982336..12008730864], [home/ec2-user/liquid-cache/benchmark/clickbench/data/hits.parquet:12008730864..12932479392], [home/ec2-user/liquid-cache/benchmark/clickbench/data/hits.parquet:12932479392..13856227920], [home/ec2-user/liquid-cache/benchmark/clickbench/data/hits.parquet:13856227920..14779976446]]}, projection=[CounterID, ClientIP, RegionID, ResolutionWidth, ResolutionHeight, WindowClientWidth, WindowClientHeight], file_type=liquid_parquet, metrics=[output_rows=92.74 M, elapsed_compute=16ns, output_bytes=1769.3 MB, output_batches=12.22 K, files_ranges_pruned_statistics=16 total → 16 matched, row_groups_pruned_statistics=226 total → 226 matched, row_groups_pruned_bloom_filter=0 total → 0 matched, page_index_pages_pruned=0 total → 0 matched, page_index_rows_pruned=0 total → 0 matched, limit_pruned_row_groups=0 total → 0 matched, batches_split=0, bytes_scanned=488.2 M, file_open_errors=0, file_scan_errors=0, num_predicate_creation_errors=0, predicate_evaluation_errors=0, pushdown_rows_matched=0, pushdown_rows_pruned=0, predicate_cache_inner_records=0, predicate_cache_records=0, bloom_filter_eval_time=4.04ms, metadata_load_time=2.61ms, page_index_eval_time=4.38µs, row_pushdown_eval_time=32ns, statistics_eval_time=408.32µs, time_elapsed_opening=9.31ms, time_elapsed_processing=3.17s, time_elapsed_scanning_total=3.87s, time_elapsed_scanning_until_data=103.30ms, scan_efficiency_ratio=N/A (0/0)]

Cache: entries=24436, mem=383MB, disk=0MB
  Hits: cache_hit=0, eval_predicate=24436
  Misses: cache_miss=0
  IO: read=0, write=0
  Squeeze: squeezed_success=0, squeezed_needs_io=0
Time: 309ms

+---------------------------+----------------------------+--------------------+-----------------------------+------------------------------+---------------------+--------------------+
| avg(hits.ResolutionWidth) | avg(hits.ResolutionHeight) | avg(hits.ClientIP) | avg(hits.WindowClientWidth) | avg(hits.WindowClientHeight) | avg(hits.CounterID) | avg(hits.RegionID) |
+---------------------------+----------------------------+--------------------+-----------------------------+------------------------------+---------------------+--------------------+
| 1511.1626520370016        | 978.6929029940453          | 563293425.77875    | 1226.578310859947           | 706.7523128243456            | 132688.23576338214  | 3388.0068872130396 |
+---------------------------+----------------------------+--------------------+-----------------------------+------------------------------+---------------------+--------------------+

=== EXPLAIN ANALYZE (Query 6, Iteration 4) ===
AggregateExec: mode=Final, gby=[], aggr=[avg(hits.ResolutionWidth), avg(hits.ResolutionHeight), avg(hits.ClientIP), avg(hits.WindowClientWidth), avg(hits.WindowClientHeight), avg(hits.CounterID), avg(hits.RegionID)], metrics=[output_rows=1, elapsed_compute=72.91µs, output_bytes=56.0 B, output_batches=1]
  CoalescePartitionsExec, metrics=[output_rows=16, elapsed_compute=14.82µs, output_bytes=1792.0 B, output_batches=16]
    AggregateExec: mode=Partial, gby=[], aggr=[avg(hits.ResolutionWidth), avg(hits.ResolutionHeight), avg(hits.ClientIP), avg(hits.WindowClientWidth), avg(hits.WindowClientHeight), avg(hits.CounterID), avg(hits.RegionID)], metrics=[output_rows=16, elapsed_compute=453.87ms, output_bytes=1792.0 B, output_batches=16]
      DataSourceExec: file_groups={16 groups: [[home/ec2-user/liquid-cache/benchmark/clickbench/data/hits.parquet:0..923748528], [home/ec2-user/liquid-cache/benchmark/clickbench/data/hits.parquet:923748528..1847497056], [home/ec2-user/liquid-cache/benchmark/clickbench/data/hits.parquet:1847497056..2771245584], [home/ec2-user/liquid-cache/benchmark/clickbench/data/hits.parquet:2771245584..3694994112], [home/ec2-user/liquid-cache/benchmark/clickbench/data/hits.parquet:3694994112..4618742640], [home/ec2-user/liquid-cache/benchmark/clickbench/data/hits.parquet:4618742640..5542491168], [home/ec2-user/liquid-cache/benchmark/clickbench/data/hits.parquet:5542491168..6466239696], [home/ec2-user/liquid-cache/benchmark/clickbench/data/hits.parquet:6466239696..7389988224], [home/ec2-user/liquid-cache/benchmark/clickbench/data/hits.parquet:7389988224..8313736752], [home/ec2-user/liquid-cache/benchmark/clickbench/data/hits.parquet:8313736752..9237485280], [home/ec2-user/liquid-cache/benchmark/clickbench/data/hits.parquet:9237485280..10161233808], [home/ec2-user/liquid-cache/benchmark/clickbench/data/hits.parquet:10161233808..11084982336], [home/ec2-user/liquid-cache/benchmark/clickbench/data/hits.parquet:11084982336..12008730864], [home/ec2-user/liquid-cache/benchmark/clickbench/data/hits.parquet:12008730864..12932479392], [home/ec2-user/liquid-cache/benchmark/clickbench/data/hits.parquet:12932479392..13856227920], [home/ec2-user/liquid-cache/benchmark/clickbench/data/hits.parquet:13856227920..14779976446]]}, projection=[CounterID, ClientIP, RegionID, ResolutionWidth, ResolutionHeight, WindowClientWidth, WindowClientHeight], file_type=liquid_parquet, metrics=[output_rows=92.74 M, elapsed_compute=16ns, output_bytes=1769.3 MB, output_batches=12.22 K, files_ranges_pruned_statistics=16 total → 16 matched, row_groups_pruned_statistics=226 total → 226 matched, row_groups_pruned_bloom_filter=0 total → 0 matched, page_index_pages_pruned=0 total → 0 matched, page_index_rows_pruned=0 total → 0 matched, limit_pruned_row_groups=0 total → 0 matched, batches_split=0, bytes_scanned=488.2 M, file_open_errors=0, file_scan_errors=0, num_predicate_creation_errors=0, predicate_evaluation_errors=0, pushdown_rows_matched=0, pushdown_rows_pruned=0, predicate_cache_inner_records=0, predicate_cache_records=0, bloom_filter_eval_time=6.82ms, metadata_load_time=2.54ms, page_index_eval_time=4.25µs, row_pushdown_eval_time=32ns, statistics_eval_time=352.14µs, time_elapsed_opening=12.05ms, time_elapsed_processing=3.19s, time_elapsed_scanning_total=3.86s, time_elapsed_scanning_until_data=96.23ms, scan_efficiency_ratio=N/A (0/0)]

Cache: entries=24436, mem=383MB, disk=0MB
  Hits: cache_hit=0, eval_predicate=24436
  Misses: cache_miss=0
  IO: read=0, write=0
  Squeeze: squeezed_success=0, squeezed_needs_io=0
Time: 312ms

+---------------------------+----------------------------+--------------------+-----------------------------+------------------------------+---------------------+--------------------+
| avg(hits.ResolutionWidth) | avg(hits.ResolutionHeight) | avg(hits.ClientIP) | avg(hits.WindowClientWidth) | avg(hits.WindowClientHeight) | avg(hits.CounterID) | avg(hits.RegionID) |
+---------------------------+----------------------------+--------------------+-----------------------------+------------------------------+---------------------+--------------------+
| 1511.1626520370016        | 978.6929029940453          | 563293425.7787501  | 1226.578310859947           | 706.7523128243456            | 132688.23576338214  | 3388.0068872130396 |
+---------------------------+----------------------------+--------------------+-----------------------------+------------------------------+---------------------+--------------------+
