
=== EXPLAIN ANALYZE (Query 3, Iteration 0) ===
ProjectionExec: expr=[RegionID@0 as RegionID, count(*)@1 as count(*), avg(hits.ResolutionWidth)@2 as avg(hits.ResolutionWidth)], metrics=[output_rows=20, elapsed_compute=1.39µs, output_bytes=400.0 B, output_batches=1, expr_0_eval_time=220ns, expr_1_eval_time=60ns, expr_2_eval_time=150ns]
  SortPreservingMergeExec: [count(Int64(1))@3 DESC], fetch=20, metrics=[output_rows=20, elapsed_compute=6.61µs, output_bytes=560.0 B, output_batches=1]
    SortExec: TopK(fetch=20), expr=[count(*)@1 DESC], preserve_partitioning=[true], filter=[count(*)@1 IS NULL OR count(*)@1 > 253], metrics=[output_rows=320, elapsed_compute=8.14ms, output_bytes=8.8 KB, output_batches=16, row_replacements=578]
      ProjectionExec: expr=[RegionID@0 as RegionID, count(Int64(1))@1 as count(*), avg(hits.ResolutionWidth)@2 as avg(hits.ResolutionWidth), count(Int64(1))@1 as count(Int64(1))], metrics=[output_rows=1.95 K, elapsed_compute=24.37µs, output_bytes=41.0 KB, output_batches=16, expr_0_eval_time=2.66µs, expr_1_eval_time=1.28µs, expr_2_eval_time=1.39µs, expr_3_eval_time=1.07µs]
        AggregateExec: mode=FinalPartitioned, gby=[RegionID@0 as RegionID], aggr=[count(Int64(1)), avg(hits.ResolutionWidth)], metrics=[output_rows=1.95 K, elapsed_compute=1.18ms, output_bytes=41.0 KB, output_batches=16, spill_count=0, spilled_bytes=0.0 B, spilled_rows=0, peak_mem_used=330.7 K, aggregate_arguments_time=19.14µs, aggregation_time=88.05µs, emitting_time=30.84µs, time_calculating_group_ids=192.18µs]
          RepartitionExec: partitioning=Hash([RegionID@0], 16), input_partitions=16, metrics=[output_rows=10.68 K, elapsed_compute=506.23µs, output_bytes=3.5 MB, output_batches=16, spill_count=0, spilled_bytes=0.0 B, spilled_rows=0, fetch_time=2.13s, repartition_time=934.88µs, send_time=220.47µs]
            AggregateExec: mode=Partial, gby=[RegionID@0 as RegionID], aggr=[count(Int64(1)), avg(hits.ResolutionWidth)], metrics=[output_rows=10.68 K, elapsed_compute=38.12ms, output_bytes=426.2 KB, output_batches=16, spill_count=0, spilled_bytes=0.0 B, spilled_rows=0, skipped_aggregation_rows=0, peak_mem_used=772.5 K, aggregate_arguments_time=13.07ms, aggregation_time=8.77ms, emitting_time=87.00µs, time_calculating_group_ids=10.94ms, reduction_factor=1.8% (10.68 K/585.4 K)]
              DataSourceExec: file_groups={16 groups: [[home/ec2-user/liquid-cache/benchmark/clickbench/data/hits.parquet:0..923748528], [home/ec2-user/liquid-cache/benchmark/clickbench/data/hits.parquet:923748528..1847497056], [home/ec2-user/liquid-cache/benchmark/clickbench/data/hits.parquet:1847497056..2771245584], [home/ec2-user/liquid-cache/benchmark/clickbench/data/hits.parquet:2771245584..3694994112], [home/ec2-user/liquid-cache/benchmark/clickbench/data/hits.parquet:3694994112..4618742640], [home/ec2-user/liquid-cache/benchmark/clickbench/data/hits.parquet:4618742640..5542491168], [home/ec2-user/liquid-cache/benchmark/clickbench/data/hits.parquet:5542491168..6466239696], [home/ec2-user/liquid-cache/benchmark/clickbench/data/hits.parquet:6466239696..7389988224], [home/ec2-user/liquid-cache/benchmark/clickbench/data/hits.parquet:7389988224..8313736752], [home/ec2-user/liquid-cache/benchmark/clickbench/data/hits.parquet:8313736752..9237485280], [home/ec2-user/liquid-cache/benchmark/clickbench/data/hits.parquet:9237485280..10161233808], [home/ec2-user/liquid-cache/benchmark/clickbench/data/hits.parquet:10161233808..11084982336], [home/ec2-user/liquid-cache/benchmark/clickbench/data/hits.parquet:11084982336..12008730864], [home/ec2-user/liquid-cache/benchmark/clickbench/data/hits.parquet:12008730864..12932479392], [home/ec2-user/liquid-cache/benchmark/clickbench/data/hits.parquet:12932479392..13856227920], [home/ec2-user/liquid-cache/benchmark/clickbench/data/hits.parquet:13856227920..14779976446]]}, projection=[RegionID, ResolutionWidth], file_type=liquid_parquet, metrics=[output_rows=585.4 K, elapsed_compute=16ns, output_bytes=3.8 MB, output_batches=5.86 K, files_ranges_pruned_statistics=16 total → 16 matched, row_groups_pruned_statistics=226 total → 212 matched, row_groups_pruned_bloom_filter=0 total → 0 matched, page_index_pages_pruned=0 total → 0 matched, page_index_rows_pruned=0 total → 0 matched, limit_pruned_row_groups=0 total → 0 matched, batches_split=0, bytes_scanned=101.3 M, file_open_errors=0, file_scan_errors=0, num_predicate_creation_errors=0, predicate_evaluation_errors=0, pushdown_rows_matched=0, pushdown_rows_pruned=0, predicate_cache_inner_records=0, predicate_cache_records=0, bloom_filter_eval_time=2.75ms, metadata_load_time=157.63ms, page_index_eval_time=2.65µs, row_pushdown_eval_time=32ns, statistics_eval_time=450.75µs, time_elapsed_opening=182.38ms, time_elapsed_processing=1.72s, time_elapsed_scanning_total=1.95s, time_elapsed_scanning_until_data=185.54ms, scan_efficiency_ratio=N/A (0/0)]

Cache: entries=23080, mem=143MB, disk=0MB
  Hits: cache_hit=0, eval_predicate=34620
  Misses: cache_miss=11540
  IO: read=0, write=0
  Squeeze: squeezed_success=0, squeezed_needs_io=0
Time: 173ms

+----------+----------+---------------------------+
| RegionID | count(*) | avg(hits.ResolutionWidth) |
+----------+----------+---------------------------+
| 229      | 127718   | 1490.9539923894831        |
| 2        | 37162    | 1463.62012270599          |
| 208      | 29099    | 1303.4156500223376        |
| 34       | 12023    | 1538.5385511103718        |
| 107      | 10802    | 1579.703203110535         |
| 169      | 10464    | 1542.529243119266         |
| 55       | 10247    | 1342.4106567775934        |
| 44       | 8942     | 1370.9150078282264        |
| 1        | 8834     | 1519.2714512112293        |
| 23       | 8538     | 1254.0892480674631        |
| 42       | 7917     | 1559.5702917771882        |
| 51       | 7820     | 1569.3202046035806        |
| 106      | 7783     | 1556.2761146087628        |
| 32       | 7165     | 1544.8288904396372        |
| 47       | 6711     | 1534.2136790344211        |
| 184      | 6628     | 1522.5264031382017        |
| 54       | 6263     | 1336.4619192080472        |
| 36       | 6180     | 1571.9715210355987        |
| 38       | 5868     | 1561.2220518064075        |
| 226      | 5640     | 1571.5643617021276        |
+----------+----------+---------------------------+

=== EXPLAIN ANALYZE (Query 3, Iteration 1) ===
ProjectionExec: expr=[RegionID@0 as RegionID, count(*)@1 as count(*), avg(hits.ResolutionWidth)@2 as avg(hits.ResolutionWidth)], metrics=[output_rows=20, elapsed_compute=1.46µs, output_bytes=400.0 B, output_batches=1, expr_0_eval_time=360ns, expr_1_eval_time=150ns, expr_2_eval_time=80ns]
  SortPreservingMergeExec: [count(Int64(1))@3 DESC], fetch=20, metrics=[output_rows=20, elapsed_compute=7.80µs, output_bytes=560.0 B, output_batches=1]
    SortExec: TopK(fetch=20), expr=[count(*)@1 DESC], preserve_partitioning=[true], filter=[count(*)@1 IS NULL OR count(*)@1 > 253], metrics=[output_rows=253, elapsed_compute=429.80µs, output_bytes=6.9 KB, output_batches=16, row_replacements=280]
      ProjectionExec: expr=[RegionID@0 as RegionID, count(Int64(1))@1 as count(*), avg(hits.ResolutionWidth)@2 as avg(hits.ResolutionWidth), count(Int64(1))@1 as count(Int64(1))], metrics=[output_rows=1.95 K, elapsed_compute=24.40µs, output_bytes=41.0 KB, output_batches=16, expr_0_eval_time=2.47µs, expr_1_eval_time=1.46µs, expr_2_eval_time=1.32µs, expr_3_eval_time=1.26µs]
        AggregateExec: mode=FinalPartitioned, gby=[RegionID@0 as RegionID], aggr=[count(Int64(1)), avg(hits.ResolutionWidth)], metrics=[output_rows=1.95 K, elapsed_compute=409.96µs, output_bytes=41.0 KB, output_batches=16, spill_count=0, spilled_bytes=0.0 B, spilled_rows=0, peak_mem_used=330.7 K, aggregate_arguments_time=18.07µs, aggregation_time=88.17µs, emitting_time=31.23µs, time_calculating_group_ids=186.28µs]
          RepartitionExec: partitioning=Hash([RegionID@0], 16), input_partitions=16, metrics=[output_rows=10.68 K, elapsed_compute=514.76µs, output_bytes=3.5 MB, output_batches=16, spill_count=0, spilled_bytes=0.0 B, spilled_rows=0, fetch_time=2.19s, repartition_time=687.29µs, send_time=269.75µs]
            AggregateExec: mode=Partial, gby=[RegionID@0 as RegionID], aggr=[count(Int64(1)), avg(hits.ResolutionWidth)], metrics=[output_rows=10.68 K, elapsed_compute=30.04ms, output_bytes=426.2 KB, output_batches=16, spill_count=0, spilled_bytes=0.0 B, spilled_rows=0, skipped_aggregation_rows=0, peak_mem_used=772.5 K, aggregate_arguments_time=9.29ms, aggregation_time=7.36ms, emitting_time=75.91µs, time_calculating_group_ids=8.85ms, reduction_factor=1.8% (10.68 K/585.4 K)]
              DataSourceExec: file_groups={16 groups: [[home/ec2-user/liquid-cache/benchmark/clickbench/data/hits.parquet:0..923748528], [home/ec2-user/liquid-cache/benchmark/clickbench/data/hits.parquet:923748528..1847497056], [home/ec2-user/liquid-cache/benchmark/clickbench/data/hits.parquet:1847497056..2771245584], [home/ec2-user/liquid-cache/benchmark/clickbench/data/hits.parquet:2771245584..3694994112], [home/ec2-user/liquid-cache/benchmark/clickbench/data/hits.parquet:3694994112..4618742640], [home/ec2-user/liquid-cache/benchmark/clickbench/data/hits.parquet:4618742640..5542491168], [home/ec2-user/liquid-cache/benchmark/clickbench/data/hits.parquet:5542491168..6466239696], [home/ec2-user/liquid-cache/benchmark/clickbench/data/hits.parquet:6466239696..7389988224], [home/ec2-user/liquid-cache/benchmark/clickbench/data/hits.parquet:7389988224..8313736752], [home/ec2-user/liquid-cache/benchmark/clickbench/data/hits.parquet:8313736752..9237485280], [home/ec2-user/liquid-cache/benchmark/clickbench/data/hits.parquet:9237485280..10161233808], [home/ec2-user/liquid-cache/benchmark/clickbench/data/hits.parquet:10161233808..11084982336], [home/ec2-user/liquid-cache/benchmark/clickbench/data/hits.parquet:11084982336..12008730864], [home/ec2-user/liquid-cache/benchmark/clickbench/data/hits.parquet:12008730864..12932479392], [home/ec2-user/liquid-cache/benchmark/clickbench/data/hits.parquet:12932479392..13856227920], [home/ec2-user/liquid-cache/benchmark/clickbench/data/hits.parquet:13856227920..14779976446]]}, projection=[RegionID, ResolutionWidth], file_type=liquid_parquet, metrics=[output_rows=585.4 K, elapsed_compute=16ns, output_bytes=3.8 MB, output_batches=5.86 K, files_ranges_pruned_statistics=16 total → 16 matched, row_groups_pruned_statistics=226 total → 212 matched, row_groups_pruned_bloom_filter=0 total → 0 matched, page_index_pages_pruned=0 total → 0 matched, page_index_rows_pruned=0 total → 0 matched, limit_pruned_row_groups=0 total → 0 matched, batches_split=0, bytes_scanned=550.5 M, file_open_errors=0, file_scan_errors=0, num_predicate_creation_errors=0, predicate_evaluation_errors=0, pushdown_rows_matched=0, pushdown_rows_pruned=0, predicate_cache_inner_records=0, predicate_cache_records=0, bloom_filter_eval_time=2.85ms, metadata_load_time=2.55ms, page_index_eval_time=2.90µs, row_pushdown_eval_time=32ns, statistics_eval_time=456.50µs, time_elapsed_opening=8.03ms, time_elapsed_processing=1.97s, time_elapsed_scanning_total=2.19s, time_elapsed_scanning_until_data=27.42ms, scan_efficiency_ratio=N/A (0/0)]

Cache: entries=23080, mem=143MB, disk=0MB
  Hits: cache_hit=0, eval_predicate=23080
  Misses: cache_miss=0
  IO: read=0, write=0
  Squeeze: squeezed_success=0, squeezed_needs_io=0
Time: 231ms

+----------+----------+---------------------------+
| RegionID | count(*) | avg(hits.ResolutionWidth) |
+----------+----------+---------------------------+
| 229      | 127718   | 1490.9539923894831        |
| 2        | 37162    | 1463.62012270599          |
| 208      | 29099    | 1303.4156500223376        |
| 34       | 12023    | 1538.5385511103718        |
| 107      | 10802    | 1579.703203110535         |
| 169      | 10464    | 1542.529243119266         |
| 55       | 10247    | 1342.4106567775934        |
| 44       | 8942     | 1370.9150078282264        |
| 1        | 8834     | 1519.2714512112293        |
| 23       | 8538     | 1254.0892480674631        |
| 42       | 7917     | 1559.5702917771882        |
| 51       | 7820     | 1569.3202046035806        |
| 106      | 7783     | 1556.2761146087628        |
| 32       | 7165     | 1544.8288904396372        |
| 47       | 6711     | 1534.2136790344211        |
| 184      | 6628     | 1522.5264031382017        |
| 54       | 6263     | 1336.4619192080472        |
| 36       | 6180     | 1571.9715210355987        |
| 38       | 5868     | 1561.2220518064075        |
| 226      | 5640     | 1571.5643617021276        |
+----------+----------+---------------------------+

=== EXPLAIN ANALYZE (Query 3, Iteration 2) ===
ProjectionExec: expr=[RegionID@0 as RegionID, count(*)@1 as count(*), avg(hits.ResolutionWidth)@2 as avg(hits.ResolutionWidth)], metrics=[output_rows=20, elapsed_compute=1.44µs, output_bytes=400.0 B, output_batches=1, expr_0_eval_time=210ns, expr_1_eval_time=140ns, expr_2_eval_time=60ns]
  SortPreservingMergeExec: [count(Int64(1))@3 DESC], fetch=20, metrics=[output_rows=20, elapsed_compute=7.49µs, output_bytes=560.0 B, output_batches=1]
    SortExec: TopK(fetch=20), expr=[count(*)@1 DESC], preserve_partitioning=[true], filter=[count(*)@1 IS NULL OR count(*)@1 > 253], metrics=[output_rows=256, elapsed_compute=464.65µs, output_bytes=7.0 KB, output_batches=16, row_replacements=305]
      ProjectionExec: expr=[RegionID@0 as RegionID, count(Int64(1))@1 as count(*), avg(hits.ResolutionWidth)@2 as avg(hits.ResolutionWidth), count(Int64(1))@1 as count(Int64(1))], metrics=[output_rows=1.95 K, elapsed_compute=27.80µs, output_bytes=41.0 KB, output_batches=16, expr_0_eval_time=3.27µs, expr_1_eval_time=1.57µs, expr_2_eval_time=1.43µs, expr_3_eval_time=1.06µs]
        AggregateExec: mode=FinalPartitioned, gby=[RegionID@0 as RegionID], aggr=[count(Int64(1)), avg(hits.ResolutionWidth)], metrics=[output_rows=1.95 K, elapsed_compute=430.54µs, output_bytes=41.0 KB, output_batches=16, spill_count=0, spilled_bytes=0.0 B, spilled_rows=0, peak_mem_used=330.7 K, aggregate_arguments_time=20.36µs, aggregation_time=96.87µs, emitting_time=38.80µs, time_calculating_group_ids=185.21µs]
          RepartitionExec: partitioning=Hash([RegionID@0], 16), input_partitions=16, metrics=[output_rows=10.68 K, elapsed_compute=553.79µs, output_bytes=3.5 MB, output_batches=16, spill_count=0, spilled_bytes=0.0 B, spilled_rows=0, fetch_time=2.26s, repartition_time=668.08µs, send_time=235.30µs]
            AggregateExec: mode=Partial, gby=[RegionID@0 as RegionID], aggr=[count(Int64(1)), avg(hits.ResolutionWidth)], metrics=[output_rows=10.68 K, elapsed_compute=30.44ms, output_bytes=426.2 KB, output_batches=16, spill_count=0, spilled_bytes=0.0 B, spilled_rows=0, skipped_aggregation_rows=0, peak_mem_used=772.5 K, aggregate_arguments_time=9.26ms, aggregation_time=7.28ms, emitting_time=69.39µs, time_calculating_group_ids=9.44ms, reduction_factor=1.8% (10.68 K/585.4 K)]
              DataSourceExec: file_groups={16 groups: [[home/ec2-user/liquid-cache/benchmark/clickbench/data/hits.parquet:0..923748528], [home/ec2-user/liquid-cache/benchmark/clickbench/data/hits.parquet:923748528..1847497056], [home/ec2-user/liquid-cache/benchmark/clickbench/data/hits.parquet:1847497056..2771245584], [home/ec2-user/liquid-cache/benchmark/clickbench/data/hits.parquet:2771245584..3694994112], [home/ec2-user/liquid-cache/benchmark/clickbench/data/hits.parquet:3694994112..4618742640], [home/ec2-user/liquid-cache/benchmark/clickbench/data/hits.parquet:4618742640..5542491168], [home/ec2-user/liquid-cache/benchmark/clickbench/data/hits.parquet:5542491168..6466239696], [home/ec2-user/liquid-cache/benchmark/clickbench/data/hits.parquet:6466239696..7389988224], [home/ec2-user/liquid-cache/benchmark/clickbench/data/hits.parquet:7389988224..8313736752], [home/ec2-user/liquid-cache/benchmark/clickbench/data/hits.parquet:8313736752..9237485280], [home/ec2-user/liquid-cache/benchmark/clickbench/data/hits.parquet:9237485280..10161233808], [home/ec2-user/liquid-cache/benchmark/clickbench/data/hits.parquet:10161233808..11084982336], [home/ec2-user/liquid-cache/benchmark/clickbench/data/hits.parquet:11084982336..12008730864], [home/ec2-user/liquid-cache/benchmark/clickbench/data/hits.parquet:12008730864..12932479392], [home/ec2-user/liquid-cache/benchmark/clickbench/data/hits.parquet:12932479392..13856227920], [home/ec2-user/liquid-cache/benchmark/clickbench/data/hits.parquet:13856227920..14779976446]]}, projection=[RegionID, ResolutionWidth], file_type=liquid_parquet, metrics=[output_rows=585.4 K, elapsed_compute=16ns, output_bytes=3.8 MB, output_batches=5.86 K, files_ranges_pruned_statistics=16 total → 16 matched, row_groups_pruned_statistics=226 total → 212 matched, row_groups_pruned_bloom_filter=0 total → 0 matched, page_index_pages_pruned=0 total → 0 matched, page_index_rows_pruned=0 total → 0 matched, limit_pruned_row_groups=0 total → 0 matched, batches_split=0, bytes_scanned=550.5 M, file_open_errors=0, file_scan_errors=0, num_predicate_creation_errors=0, predicate_evaluation_errors=0, pushdown_rows_matched=0, pushdown_rows_pruned=0, predicate_cache_inner_records=0, predicate_cache_records=0, bloom_filter_eval_time=2.96ms, metadata_load_time=3.69ms, page_index_eval_time=3.14µs, row_pushdown_eval_time=32ns, statistics_eval_time=417.95µs, time_elapsed_opening=9.38ms, time_elapsed_processing=1.94s, time_elapsed_scanning_total=2.25s, time_elapsed_scanning_until_data=31.51ms, scan_efficiency_ratio=N/A (0/0)]

Cache: entries=23080, mem=143MB, disk=0MB
  Hits: cache_hit=0, eval_predicate=23080
  Misses: cache_miss=0
  IO: read=0, write=0
  Squeeze: squeezed_success=0, squeezed_needs_io=0
Time: 243ms

+----------+----------+---------------------------+
| RegionID | count(*) | avg(hits.ResolutionWidth) |
+----------+----------+---------------------------+
| 229      | 127718   | 1490.9539923894831        |
| 2        | 37162    | 1463.62012270599          |
| 208      | 29099    | 1303.4156500223376        |
| 34       | 12023    | 1538.5385511103718        |
| 107      | 10802    | 1579.703203110535         |
| 169      | 10464    | 1542.529243119266         |
| 55       | 10247    | 1342.4106567775934        |
| 44       | 8942     | 1370.9150078282264        |
| 1        | 8834     | 1519.2714512112293        |
| 23       | 8538     | 1254.0892480674631        |
| 42       | 7917     | 1559.5702917771882        |
| 51       | 7820     | 1569.3202046035806        |
| 106      | 7783     | 1556.2761146087628        |
| 32       | 7165     | 1544.8288904396372        |
| 47       | 6711     | 1534.2136790344211        |
| 184      | 6628     | 1522.5264031382017        |
| 54       | 6263     | 1336.4619192080472        |
| 36       | 6180     | 1571.9715210355987        |
| 38       | 5868     | 1561.2220518064075        |
| 226      | 5640     | 1571.5643617021276        |
+----------+----------+---------------------------+

=== EXPLAIN ANALYZE (Query 3, Iteration 3) ===
ProjectionExec: expr=[RegionID@0 as RegionID, count(*)@1 as count(*), avg(hits.ResolutionWidth)@2 as avg(hits.ResolutionWidth)], metrics=[output_rows=20, elapsed_compute=1.47µs, output_bytes=400.0 B, output_batches=1, expr_0_eval_time=260ns, expr_1_eval_time=60ns, expr_2_eval_time=60ns]
  SortPreservingMergeExec: [count(Int64(1))@3 DESC], fetch=20, metrics=[output_rows=20, elapsed_compute=6.98µs, output_bytes=560.0 B, output_batches=1]
    SortExec: TopK(fetch=20), expr=[count(*)@1 DESC], preserve_partitioning=[true], filter=[count(*)@1 IS NULL OR count(*)@1 > 253], metrics=[output_rows=246, elapsed_compute=418.63µs, output_bytes=6.7 KB, output_batches=16, row_replacements=273]
      ProjectionExec: expr=[RegionID@0 as RegionID, count(Int64(1))@1 as count(*), avg(hits.ResolutionWidth)@2 as avg(hits.ResolutionWidth), count(Int64(1))@1 as count(Int64(1))], metrics=[output_rows=1.95 K, elapsed_compute=26.11µs, output_bytes=41.0 KB, output_batches=16, expr_0_eval_time=3.00µs, expr_1_eval_time=1.70µs, expr_2_eval_time=1.59µs, expr_3_eval_time=1.37µs]
        AggregateExec: mode=FinalPartitioned, gby=[RegionID@0 as RegionID], aggr=[count(Int64(1)), avg(hits.ResolutionWidth)], metrics=[output_rows=1.95 K, elapsed_compute=419.80µs, output_bytes=41.0 KB, output_batches=16, spill_count=0, spilled_bytes=0.0 B, spilled_rows=0, peak_mem_used=330.7 K, aggregate_arguments_time=19.66µs, aggregation_time=101.50µs, emitting_time=36.57µs, time_calculating_group_ids=189.09µs]
          RepartitionExec: partitioning=Hash([RegionID@0], 16), input_partitions=16, metrics=[output_rows=10.68 K, elapsed_compute=578.29µs, output_bytes=3.5 MB, output_batches=16, spill_count=0, spilled_bytes=0.0 B, spilled_rows=0, fetch_time=2.19s, repartition_time=697.25µs, send_time=259.29µs]
            AggregateExec: mode=Partial, gby=[RegionID@0 as RegionID], aggr=[count(Int64(1)), avg(hits.ResolutionWidth)], metrics=[output_rows=10.68 K, elapsed_compute=31.08ms, output_bytes=426.2 KB, output_batches=16, spill_count=0, spilled_bytes=0.0 B, spilled_rows=0, skipped_aggregation_rows=0, peak_mem_used=772.5 K, aggregate_arguments_time=9.34ms, aggregation_time=7.64ms, emitting_time=77.39µs, time_calculating_group_ids=9.63ms, reduction_factor=1.8% (10.68 K/585.4 K)]
              DataSourceExec: file_groups={16 groups: [[home/ec2-user/liquid-cache/benchmark/clickbench/data/hits.parquet:0..923748528], [home/ec2-user/liquid-cache/benchmark/clickbench/data/hits.parquet:923748528..1847497056], [home/ec2-user/liquid-cache/benchmark/clickbench/data/hits.parquet:1847497056..2771245584], [home/ec2-user/liquid-cache/benchmark/clickbench/data/hits.parquet:2771245584..3694994112], [home/ec2-user/liquid-cache/benchmark/clickbench/data/hits.parquet:3694994112..4618742640], [home/ec2-user/liquid-cache/benchmark/clickbench/data/hits.parquet:4618742640..5542491168], [home/ec2-user/liquid-cache/benchmark/clickbench/data/hits.parquet:5542491168..6466239696], [home/ec2-user/liquid-cache/benchmark/clickbench/data/hits.parquet:6466239696..7389988224], [home/ec2-user/liquid-cache/benchmark/clickbench/data/hits.parquet:7389988224..8313736752], [home/ec2-user/liquid-cache/benchmark/clickbench/data/hits.parquet:8313736752..9237485280], [home/ec2-user/liquid-cache/benchmark/clickbench/data/hits.parquet:9237485280..10161233808], [home/ec2-user/liquid-cache/benchmark/clickbench/data/hits.parquet:10161233808..11084982336], [home/ec2-user/liquid-cache/benchmark/clickbench/data/hits.parquet:11084982336..12008730864], [home/ec2-user/liquid-cache/benchmark/clickbench/data/hits.parquet:12008730864..12932479392], [home/ec2-user/liquid-cache/benchmark/clickbench/data/hits.parquet:12932479392..13856227920], [home/ec2-user/liquid-cache/benchmark/clickbench/data/hits.parquet:13856227920..14779976446]]}, projection=[RegionID, ResolutionWidth], file_type=liquid_parquet, metrics=[output_rows=585.4 K, elapsed_compute=16ns, output_bytes=3.8 MB, output_batches=5.86 K, files_ranges_pruned_statistics=16 total → 16 matched, row_groups_pruned_statistics=226 total → 212 matched, row_groups_pruned_bloom_filter=0 total → 0 matched, page_index_pages_pruned=0 total → 0 matched, page_index_rows_pruned=0 total → 0 matched, limit_pruned_row_groups=0 total → 0 matched, batches_split=0, bytes_scanned=550.5 M, file_open_errors=0, file_scan_errors=0, num_predicate_creation_errors=0, predicate_evaluation_errors=0, pushdown_rows_matched=0, pushdown_rows_pruned=0, predicate_cache_inner_records=0, predicate_cache_records=0, bloom_filter_eval_time=2.96ms, metadata_load_time=3.17ms, page_index_eval_time=4.93µs, row_pushdown_eval_time=32ns, statistics_eval_time=485.23µs, time_elapsed_opening=9.07ms, time_elapsed_processing=1.97s, time_elapsed_scanning_total=2.18s, time_elapsed_scanning_until_data=29.41ms, scan_efficiency_ratio=N/A (0/0)]

Cache: entries=23080, mem=143MB, disk=0MB
  Hits: cache_hit=0, eval_predicate=23080
  Misses: cache_miss=0
  IO: read=0, write=0
  Squeeze: squeezed_success=0, squeezed_needs_io=0
Time: 236ms

+----------+----------+---------------------------+
| RegionID | count(*) | avg(hits.ResolutionWidth) |
+----------+----------+---------------------------+
| 229      | 127718   | 1490.9539923894831        |
| 2        | 37162    | 1463.62012270599          |
| 208      | 29099    | 1303.4156500223376        |
| 34       | 12023    | 1538.5385511103718        |
| 107      | 10802    | 1579.703203110535         |
| 169      | 10464    | 1542.529243119266         |
| 55       | 10247    | 1342.4106567775934        |
| 44       | 8942     | 1370.9150078282264        |
| 1        | 8834     | 1519.2714512112293        |
| 23       | 8538     | 1254.0892480674631        |
| 42       | 7917     | 1559.5702917771882        |
| 51       | 7820     | 1569.3202046035806        |
| 106      | 7783     | 1556.2761146087628        |
| 32       | 7165     | 1544.8288904396372        |
| 47       | 6711     | 1534.2136790344211        |
| 184      | 6628     | 1522.5264031382017        |
| 54       | 6263     | 1336.4619192080472        |
| 36       | 6180     | 1571.9715210355987        |
| 38       | 5868     | 1561.2220518064075        |
| 226      | 5640     | 1571.5643617021276        |
+----------+----------+---------------------------+

=== EXPLAIN ANALYZE (Query 3, Iteration 4) ===
ProjectionExec: expr=[RegionID@0 as RegionID, count(*)@1 as count(*), avg(hits.ResolutionWidth)@2 as avg(hits.ResolutionWidth)], metrics=[output_rows=20, elapsed_compute=1.57µs, output_bytes=400.0 B, output_batches=1, expr_0_eval_time=220ns, expr_1_eval_time=70ns, expr_2_eval_time=140ns]
  SortPreservingMergeExec: [count(Int64(1))@3 DESC], fetch=20, metrics=[output_rows=20, elapsed_compute=8.65µs, output_bytes=560.0 B, output_batches=1]
    SortExec: TopK(fetch=20), expr=[count(*)@1 DESC], preserve_partitioning=[true], filter=[count(*)@1 IS NULL OR count(*)@1 > 253], metrics=[output_rows=204, elapsed_compute=367.10µs, output_bytes=5.6 KB, output_batches=16, row_replacements=243]
      ProjectionExec: expr=[RegionID@0 as RegionID, count(Int64(1))@1 as count(*), avg(hits.ResolutionWidth)@2 as avg(hits.ResolutionWidth), count(Int64(1))@1 as count(Int64(1))], metrics=[output_rows=1.95 K, elapsed_compute=24.45µs, output_bytes=41.0 KB, output_batches=16, expr_0_eval_time=2.71µs, expr_1_eval_time=1.57µs, expr_2_eval_time=1.54µs, expr_3_eval_time=1.29µs]
        AggregateExec: mode=FinalPartitioned, gby=[RegionID@0 as RegionID], aggr=[count(Int64(1)), avg(hits.ResolutionWidth)], metrics=[output_rows=1.95 K, elapsed_compute=440.25µs, output_bytes=41.0 KB, output_batches=16, spill_count=0, spilled_bytes=0.0 B, spilled_rows=0, peak_mem_used=330.7 K, aggregate_arguments_time=20.46µs, aggregation_time=93.92µs, emitting_time=32.86µs, time_calculating_group_ids=189.18µs]
          RepartitionExec: partitioning=Hash([RegionID@0], 16), input_partitions=16, metrics=[output_rows=10.68 K, elapsed_compute=540.43µs, output_bytes=3.5 MB, output_batches=16, spill_count=0, spilled_bytes=0.0 B, spilled_rows=0, fetch_time=2.23s, repartition_time=689.33µs, send_time=241.25µs]
            AggregateExec: mode=Partial, gby=[RegionID@0 as RegionID], aggr=[count(Int64(1)), avg(hits.ResolutionWidth)], metrics=[output_rows=10.68 K, elapsed_compute=31.56ms, output_bytes=426.2 KB, output_batches=16, spill_count=0, spilled_bytes=0.0 B, spilled_rows=0, skipped_aggregation_rows=0, peak_mem_used=772.5 K, aggregate_arguments_time=9.61ms, aggregation_time=7.71ms, emitting_time=78.97µs, time_calculating_group_ids=9.68ms, reduction_factor=1.8% (10.68 K/585.4 K)]
              DataSourceExec: file_groups={16 groups: [[home/ec2-user/liquid-cache/benchmark/clickbench/data/hits.parquet:0..923748528], [home/ec2-user/liquid-cache/benchmark/clickbench/data/hits.parquet:923748528..1847497056], [home/ec2-user/liquid-cache/benchmark/clickbench/data/hits.parquet:1847497056..2771245584], [home/ec2-user/liquid-cache/benchmark/clickbench/data/hits.parquet:2771245584..3694994112], [home/ec2-user/liquid-cache/benchmark/clickbench/data/hits.parquet:3694994112..4618742640], [home/ec2-user/liquid-cache/benchmark/clickbench/data/hits.parquet:4618742640..5542491168], [home/ec2-user/liquid-cache/benchmark/clickbench/data/hits.parquet:5542491168..6466239696], [home/ec2-user/liquid-cache/benchmark/clickbench/data/hits.parquet:6466239696..7389988224], [home/ec2-user/liquid-cache/benchmark/clickbench/data/hits.parquet:7389988224..8313736752], [home/ec2-user/liquid-cache/benchmark/clickbench/data/hits.parquet:8313736752..9237485280], [home/ec2-user/liquid-cache/benchmark/clickbench/data/hits.parquet:9237485280..10161233808], [home/ec2-user/liquid-cache/benchmark/clickbench/data/hits.parquet:10161233808..11084982336], [home/ec2-user/liquid-cache/benchmark/clickbench/data/hits.parquet:11084982336..12008730864], [home/ec2-user/liquid-cache/benchmark/clickbench/data/hits.parquet:12008730864..12932479392], [home/ec2-user/liquid-cache/benchmark/clickbench/data/hits.parquet:12932479392..13856227920], [home/ec2-user/liquid-cache/benchmark/clickbench/data/hits.parquet:13856227920..14779976446]]}, projection=[RegionID, ResolutionWidth], file_type=liquid_parquet, metrics=[output_rows=585.4 K, elapsed_compute=16ns, output_bytes=3.8 MB, output_batches=5.86 K, files_ranges_pruned_statistics=16 total → 16 matched, row_groups_pruned_statistics=226 total → 212 matched, row_groups_pruned_bloom_filter=0 total → 0 matched, page_index_pages_pruned=0 total → 0 matched, page_index_rows_pruned=0 total → 0 matched, limit_pruned_row_groups=0 total → 0 matched, batches_split=0, bytes_scanned=550.5 M, file_open_errors=0, file_scan_errors=0, num_predicate_creation_errors=0, predicate_evaluation_errors=0, pushdown_rows_matched=0, pushdown_rows_pruned=0, predicate_cache_inner_records=0, predicate_cache_records=0, bloom_filter_eval_time=2.80ms, metadata_load_time=2.81ms, page_index_eval_time=2.87µs, row_pushdown_eval_time=32ns, statistics_eval_time=425.43µs, time_elapsed_opening=8.57ms, time_elapsed_processing=1.96s, time_elapsed_scanning_total=2.22s, time_elapsed_scanning_until_data=30.06ms, scan_efficiency_ratio=N/A (0/0)]

Cache: entries=23080, mem=143MB, disk=0MB
  Hits: cache_hit=0, eval_predicate=23080
  Misses: cache_miss=0
  IO: read=0, write=0
  Squeeze: squeezed_success=0, squeezed_needs_io=0
Time: 232ms

+----------+----------+---------------------------+
| RegionID | count(*) | avg(hits.ResolutionWidth) |
+----------+----------+---------------------------+
| 229      | 127718   | 1490.9539923894831        |
| 2        | 37162    | 1463.62012270599          |
| 208      | 29099    | 1303.4156500223376        |
| 34       | 12023    | 1538.5385511103718        |
| 107      | 10802    | 1579.703203110535         |
| 169      | 10464    | 1542.529243119266         |
| 55       | 10247    | 1342.4106567775934        |
| 44       | 8942     | 1370.9150078282264        |
| 1        | 8834     | 1519.2714512112293        |
| 23       | 8538     | 1254.0892480674631        |
| 42       | 7917     | 1559.5702917771882        |
| 51       | 7820     | 1569.3202046035806        |
| 106      | 7783     | 1556.2761146087628        |
| 32       | 7165     | 1544.8288904396372        |
| 47       | 6711     | 1534.2136790344211        |
| 184      | 6628     | 1522.5264031382017        |
| 54       | 6263     | 1336.4619192080472        |
| 36       | 6180     | 1571.9715210355987        |
| 38       | 5868     | 1561.2220518064075        |
| 226      | 5640     | 1571.5643617021276        |
+----------+----------+---------------------------+
