
=== EXPLAIN ANALYZE (Query 40, Iteration 0) ===
GlobalLimitExec: skip=100, fetch=10, metrics=[output_rows=10, elapsed_compute=10.89µs, output_bytes=2.1 KB, output_batches=1]
  SortPreservingMergeExec: [pageviews@2 DESC], fetch=110, metrics=[output_rows=110, elapsed_compute=13.62µs, output_bytes=2.1 KB, output_batches=1]
    SortExec: TopK(fetch=110), expr=[pageviews@2 DESC], preserve_partitioning=[true], filter=[pageviews@2 IS NULL OR pageviews@2 > 6], metrics=[output_rows=1.47 K, elapsed_compute=1.12ms, output_bytes=28.8 KB, output_batches=16, row_replacements=2.91 K]
      ProjectionExec: expr=[URLHash@0 as URLHash, hits.EventDate@1 as hits.EventDate, count(Int64(1))@2 as pageviews], metrics=[output_rows=41.19 K, elapsed_compute=23.22µs, output_bytes=1089.8 KB, output_batches=16, expr_0_eval_time=4.04µs, expr_1_eval_time=1.47µs, expr_2_eval_time=1.53µs]
        AggregateExec: mode=FinalPartitioned, gby=[URLHash@0 as URLHash, hits.EventDate@1 as hits.EventDate], aggr=[count(Int64(1))], metrics=[output_rows=41.19 K, elapsed_compute=2.27ms, output_bytes=1089.8 KB, output_batches=16, spill_count=0, spilled_bytes=0.0 B, spilled_rows=0, peak_mem_used=5.07 M, aggregate_arguments_time=11.35µs, aggregation_time=64.82µs, emitting_time=23.79µs, time_calculating_group_ids=2.02ms]
          RepartitionExec: partitioning=Hash([URLHash@0, hits.EventDate@1], 16), input_partitions=16, metrics=[output_rows=41.87 K, elapsed_compute=286.90µs, output_bytes=2.5 MB, output_batches=16, spill_count=0, spilled_bytes=0.0 B, spilled_rows=0, fetch_time=539.02ms, repartition_time=506.33µs, send_time=53.91µs]
            AggregateExec: mode=Partial, gby=[URLHash@1 as URLHash, CAST(CAST(EventDate@0 AS Int32) AS Date32) as hits.EventDate], aggr=[count(Int64(1))], metrics=[output_rows=41.87 K, elapsed_compute=6.81ms, output_bytes=6.3 MB, output_batches=6, spill_count=0, spilled_bytes=0.0 B, spilled_rows=0, skipped_aggregation_rows=0, peak_mem_used=2.87 M, aggregate_arguments_time=24.02µs, aggregation_time=95.81µs, emitting_time=17.66µs, time_calculating_group_ids=2.58ms, reduction_factor=47% (41.87 K/89.91 K)]
              DataSourceExec: file_groups={16 groups: [[home/ec2-user/liquid-cache/benchmark/clickbench/data/hits.parquet:0..923748528], [home/ec2-user/liquid-cache/benchmark/clickbench/data/hits.parquet:923748528..1847497056], [home/ec2-user/liquid-cache/benchmark/clickbench/data/hits.parquet:1847497056..2771245584], [home/ec2-user/liquid-cache/benchmark/clickbench/data/hits.parquet:2771245584..3694994112], [home/ec2-user/liquid-cache/benchmark/clickbench/data/hits.parquet:3694994112..4618742640], [home/ec2-user/liquid-cache/benchmark/clickbench/data/hits.parquet:4618742640..5542491168], [home/ec2-user/liquid-cache/benchmark/clickbench/data/hits.parquet:5542491168..6466239696], [home/ec2-user/liquid-cache/benchmark/clickbench/data/hits.parquet:6466239696..7389988224], [home/ec2-user/liquid-cache/benchmark/clickbench/data/hits.parquet:7389988224..8313736752], [home/ec2-user/liquid-cache/benchmark/clickbench/data/hits.parquet:8313736752..9237485280], [home/ec2-user/liquid-cache/benchmark/clickbench/data/hits.parquet:9237485280..10161233808], [home/ec2-user/liquid-cache/benchmark/clickbench/data/hits.parquet:10161233808..11084982336], [home/ec2-user/liquid-cache/benchmark/clickbench/data/hits.parquet:11084982336..12008730864], [home/ec2-user/liquid-cache/benchmark/clickbench/data/hits.parquet:12008730864..12932479392], [home/ec2-user/liquid-cache/benchmark/clickbench/data/hits.parquet:12932479392..13856227920], [home/ec2-user/liquid-cache/benchmark/clickbench/data/hits.parquet:13856227920..14779976446]]}, projection=[EventDate, URLHash], file_type=parquet, predicate=CounterID@6 = 62 AND CAST(CAST(EventDate@5 AS Int32) AS Date32) >= 2013-07-01 AND CAST(CAST(EventDate@5 AS Int32) AS Date32) <= 2013-07-31 AND IsRefresh@15 = 0 AND (TraficSourceID@37 = -1 OR TraficSourceID@37 = 6) AND RefererHash@102 = 3594120000172545465, pruning_predicate=CounterID_null_count@2 != row_count@3 AND CounterID_min@0 <= 62 AND 62 <= CounterID_max@1 AND EventDate_null_count@5 != row_count@3 AND CAST(CAST(EventDate_max@4 AS Int32) AS Date32) >= 2013-07-01 AND EventDate_null_count@5 != row_count@3 AND CAST(CAST(EventDate_min@6 AS Int32) AS Date32) <= 2013-07-31 AND IsRefresh_null_count@9 != row_count@3 AND IsRefresh_min@7 <= 0 AND 0 <= IsRefresh_max@8 AND (TraficSourceID_null_count@12 != row_count@3 AND TraficSourceID_min@10 <= -1 AND -1 <= TraficSourceID_max@11 OR TraficSourceID_null_count@12 != row_count@3 AND TraficSourceID_min@10 <= 6 AND 6 <= TraficSourceID_max@11) AND RefererHash_null_count@15 != row_count@3 AND RefererHash_min@13 <= 3594120000172545465 AND 3594120000172545465 <= RefererHash_max@14, required_guarantees=[CounterID in (62), IsRefresh in (0), RefererHash in (3594120000172545465), TraficSourceID in (-1, 6)], metrics=[output_rows=89.91 K, elapsed_compute=16ns, output_bytes=878.1 KB, output_batches=13, files_ranges_pruned_statistics=16 total → 16 matched, row_groups_pruned_statistics=226 total → 3 matched, row_groups_pruned_bloom_filter=3 total → 3 matched, page_index_pages_pruned=0 total → 0 matched, page_index_rows_pruned=0 total → 0 matched, limit_pruned_row_groups=0 total → 0 matched, batches_split=0, bytes_scanned=15.65 M, file_open_errors=0, file_scan_errors=0, num_predicate_creation_errors=0, predicate_evaluation_errors=0, pushdown_rows_matched=89.91 K, pushdown_rows_pruned=1.32 M, predicate_cache_inner_records=751.4 K, predicate_cache_records=1.69 M, bloom_filter_eval_time=294.72µs, metadata_load_time=361.25ms, page_index_eval_time=9.38µs, row_pushdown_eval_time=3.05ms, statistics_eval_time=6.51ms, time_elapsed_opening=401.24ms, time_elapsed_processing=477.43ms, time_elapsed_scanning_total=132.78ms, time_elapsed_scanning_until_data=105.03ms, scan_efficiency_ratio=0.11% (15.65 M/14.78 B)]

Time: 107ms

+----------------------+----------------+-----------+
| URLHash              | hits.EventDate | pageviews |
+----------------------+----------------+-----------+
| 7199155066341437901  | 2013-07-15     | 27        |
| 1191678692164887503  | 2013-07-15     | 27        |
| 2512899255762264913  | 2013-07-15     | 26        |
| -8505838588544217213 | 2013-07-15     | 26        |
| -3611962581960090019 | 2013-07-15     | 25        |
| -6025761452198030778 | 2013-07-15     | 25        |
| -6048157399675510565 | 2013-07-15     | 25        |
| 5381918128490835791  | 2013-07-15     | 24        |
| 2033248414344857063  | 2013-07-15     | 24        |
| 6976198041684576969  | 2013-07-15     | 24        |
+----------------------+----------------+-----------+

=== EXPLAIN ANALYZE (Query 40, Iteration 1) ===
GlobalLimitExec: skip=100, fetch=10, metrics=[output_rows=10, elapsed_compute=10.12µs, output_bytes=2.1 KB, output_batches=1]
  SortPreservingMergeExec: [pageviews@2 DESC], fetch=110, metrics=[output_rows=110, elapsed_compute=11.07µs, output_bytes=2.1 KB, output_batches=1]
    SortExec: TopK(fetch=110), expr=[pageviews@2 DESC], preserve_partitioning=[true], filter=[pageviews@2 IS NULL OR pageviews@2 > 6], metrics=[output_rows=1.49 K, elapsed_compute=785.85µs, output_bytes=29.0 KB, output_batches=16, row_replacements=1.73 K]
      ProjectionExec: expr=[URLHash@0 as URLHash, hits.EventDate@1 as hits.EventDate, count(Int64(1))@2 as pageviews], metrics=[output_rows=41.19 K, elapsed_compute=21.36µs, output_bytes=1089.8 KB, output_batches=16, expr_0_eval_time=3.58µs, expr_1_eval_time=1.28µs, expr_2_eval_time=1.62µs]
        AggregateExec: mode=FinalPartitioned, gby=[URLHash@0 as URLHash, hits.EventDate@1 as hits.EventDate], aggr=[count(Int64(1))], metrics=[output_rows=41.19 K, elapsed_compute=2.22ms, output_bytes=1089.8 KB, output_batches=16, spill_count=0, spilled_bytes=0.0 B, spilled_rows=0, peak_mem_used=5.07 M, aggregate_arguments_time=11.83µs, aggregation_time=62.14µs, emitting_time=26.68µs, time_calculating_group_ids=2.03ms]
          RepartitionExec: partitioning=Hash([URLHash@0, hits.EventDate@1], 16), input_partitions=16, metrics=[output_rows=41.87 K, elapsed_compute=257.01µs, output_bytes=2.5 MB, output_batches=16, spill_count=0, spilled_bytes=0.0 B, spilled_rows=0, fetch_time=249.59ms, repartition_time=452.90µs, send_time=51.11µs]
            AggregateExec: mode=Partial, gby=[URLHash@1 as URLHash, CAST(CAST(EventDate@0 AS Int32) AS Date32) as hits.EventDate], aggr=[count(Int64(1))], metrics=[output_rows=41.87 K, elapsed_compute=2.54ms, output_bytes=6.3 MB, output_batches=6, spill_count=0, spilled_bytes=0.0 B, spilled_rows=0, skipped_aggregation_rows=0, peak_mem_used=2.87 M, aggregate_arguments_time=23.46µs, aggregation_time=88.89µs, emitting_time=6.91µs, time_calculating_group_ids=2.32ms, reduction_factor=47% (41.87 K/89.91 K)]
              DataSourceExec: file_groups={16 groups: [[home/ec2-user/liquid-cache/benchmark/clickbench/data/hits.parquet:0..923748528], [home/ec2-user/liquid-cache/benchmark/clickbench/data/hits.parquet:923748528..1847497056], [home/ec2-user/liquid-cache/benchmark/clickbench/data/hits.parquet:1847497056..2771245584], [home/ec2-user/liquid-cache/benchmark/clickbench/data/hits.parquet:2771245584..3694994112], [home/ec2-user/liquid-cache/benchmark/clickbench/data/hits.parquet:3694994112..4618742640], [home/ec2-user/liquid-cache/benchmark/clickbench/data/hits.parquet:4618742640..5542491168], [home/ec2-user/liquid-cache/benchmark/clickbench/data/hits.parquet:5542491168..6466239696], [home/ec2-user/liquid-cache/benchmark/clickbench/data/hits.parquet:6466239696..7389988224], [home/ec2-user/liquid-cache/benchmark/clickbench/data/hits.parquet:7389988224..8313736752], [home/ec2-user/liquid-cache/benchmark/clickbench/data/hits.parquet:8313736752..9237485280], [home/ec2-user/liquid-cache/benchmark/clickbench/data/hits.parquet:9237485280..10161233808], [home/ec2-user/liquid-cache/benchmark/clickbench/data/hits.parquet:10161233808..11084982336], [home/ec2-user/liquid-cache/benchmark/clickbench/data/hits.parquet:11084982336..12008730864], [home/ec2-user/liquid-cache/benchmark/clickbench/data/hits.parquet:12008730864..12932479392], [home/ec2-user/liquid-cache/benchmark/clickbench/data/hits.parquet:12932479392..13856227920], [home/ec2-user/liquid-cache/benchmark/clickbench/data/hits.parquet:13856227920..14779976446]]}, projection=[EventDate, URLHash], file_type=parquet, predicate=CounterID@6 = 62 AND CAST(CAST(EventDate@5 AS Int32) AS Date32) >= 2013-07-01 AND CAST(CAST(EventDate@5 AS Int32) AS Date32) <= 2013-07-31 AND IsRefresh@15 = 0 AND (TraficSourceID@37 = -1 OR TraficSourceID@37 = 6) AND RefererHash@102 = 3594120000172545465, pruning_predicate=CounterID_null_count@2 != row_count@3 AND CounterID_min@0 <= 62 AND 62 <= CounterID_max@1 AND EventDate_null_count@5 != row_count@3 AND CAST(CAST(EventDate_max@4 AS Int32) AS Date32) >= 2013-07-01 AND EventDate_null_count@5 != row_count@3 AND CAST(CAST(EventDate_min@6 AS Int32) AS Date32) <= 2013-07-31 AND IsRefresh_null_count@9 != row_count@3 AND IsRefresh_min@7 <= 0 AND 0 <= IsRefresh_max@8 AND (TraficSourceID_null_count@12 != row_count@3 AND TraficSourceID_min@10 <= -1 AND -1 <= TraficSourceID_max@11 OR TraficSourceID_null_count@12 != row_count@3 AND TraficSourceID_min@10 <= 6 AND 6 <= TraficSourceID_max@11) AND RefererHash_null_count@15 != row_count@3 AND RefererHash_min@13 <= 3594120000172545465 AND 3594120000172545465 <= RefererHash_max@14, required_guarantees=[CounterID in (62), IsRefresh in (0), RefererHash in (3594120000172545465), TraficSourceID in (-1, 6)], metrics=[output_rows=89.91 K, elapsed_compute=16ns, output_bytes=878.1 KB, output_batches=13, files_ranges_pruned_statistics=16 total → 16 matched, row_groups_pruned_statistics=226 total → 3 matched, row_groups_pruned_bloom_filter=3 total → 3 matched, page_index_pages_pruned=0 total → 0 matched, page_index_rows_pruned=0 total → 0 matched, limit_pruned_row_groups=0 total → 0 matched, batches_split=0, bytes_scanned=15.65 M, file_open_errors=0, file_scan_errors=0, num_predicate_creation_errors=0, predicate_evaluation_errors=0, pushdown_rows_matched=89.91 K, pushdown_rows_pruned=1.32 M, predicate_cache_inner_records=751.4 K, predicate_cache_records=1.69 M, bloom_filter_eval_time=253.55µs, metadata_load_time=161.26ms, page_index_eval_time=7.12µs, row_pushdown_eval_time=3.58ms, statistics_eval_time=2.21ms, time_elapsed_opening=170.10ms, time_elapsed_processing=243.58ms, time_elapsed_scanning_total=79.25ms, time_elapsed_scanning_until_data=68.50ms, scan_efficiency_ratio=0.11% (15.65 M/14.78 B)]

Time: 38ms

+----------------------+----------------+-----------+
| URLHash              | hits.EventDate | pageviews |
+----------------------+----------------+-----------+
| 7199155066341437901  | 2013-07-15     | 27        |
| 1191678692164887503  | 2013-07-15     | 27        |
| 2512899255762264913  | 2013-07-15     | 26        |
| -8505838588544217213 | 2013-07-15     | 26        |
| -3611962581960090019 | 2013-07-15     | 25        |
| -6025761452198030778 | 2013-07-15     | 25        |
| -6048157399675510565 | 2013-07-15     | 25        |
| 6976198041684576969  | 2013-07-15     | 24        |
| 2033248414344857063  | 2013-07-15     | 24        |
| 5381918128490835791  | 2013-07-15     | 24        |
+----------------------+----------------+-----------+

=== EXPLAIN ANALYZE (Query 40, Iteration 2) ===
GlobalLimitExec: skip=100, fetch=10, metrics=[output_rows=10, elapsed_compute=11.55µs, output_bytes=2.1 KB, output_batches=1]
  SortPreservingMergeExec: [pageviews@2 DESC], fetch=110, metrics=[output_rows=110, elapsed_compute=14.84µs, output_bytes=2.1 KB, output_batches=1]
    SortExec: TopK(fetch=110), expr=[pageviews@2 DESC], preserve_partitioning=[true], filter=[pageviews@2 IS NULL OR pageviews@2 > 6], metrics=[output_rows=1.46 K, elapsed_compute=1.10ms, output_bytes=28.5 KB, output_batches=16, row_replacements=1.94 K]
      ProjectionExec: expr=[URLHash@0 as URLHash, hits.EventDate@1 as hits.EventDate, count(Int64(1))@2 as pageviews], metrics=[output_rows=41.19 K, elapsed_compute=28.76µs, output_bytes=1089.8 KB, output_batches=16, expr_0_eval_time=4.40µs, expr_1_eval_time=2.29µs, expr_2_eval_time=1.51µs]
        AggregateExec: mode=FinalPartitioned, gby=[URLHash@0 as URLHash, hits.EventDate@1 as hits.EventDate], aggr=[count(Int64(1))], metrics=[output_rows=41.19 K, elapsed_compute=2.45ms, output_bytes=1089.8 KB, output_batches=16, spill_count=0, spilled_bytes=0.0 B, spilled_rows=0, peak_mem_used=5.07 M, aggregate_arguments_time=13.18µs, aggregation_time=115.25µs, emitting_time=33.84µs, time_calculating_group_ids=2.18ms]
          RepartitionExec: partitioning=Hash([URLHash@0, hits.EventDate@1], 16), input_partitions=16, metrics=[output_rows=41.87 K, elapsed_compute=288.17µs, output_bytes=2.5 MB, output_batches=16, spill_count=0, spilled_bytes=0.0 B, spilled_rows=0, fetch_time=275.68ms, repartition_time=473.91µs, send_time=53.70µs]
            AggregateExec: mode=Partial, gby=[URLHash@1 as URLHash, CAST(CAST(EventDate@0 AS Int32) AS Date32) as hits.EventDate], aggr=[count(Int64(1))], metrics=[output_rows=41.87 K, elapsed_compute=2.50ms, output_bytes=6.3 MB, output_batches=6, spill_count=0, spilled_bytes=0.0 B, spilled_rows=0, skipped_aggregation_rows=0, peak_mem_used=2.87 M, aggregate_arguments_time=22.38µs, aggregation_time=82.13µs, emitting_time=8.31µs, time_calculating_group_ids=2.28ms, reduction_factor=47% (41.87 K/89.91 K)]
              DataSourceExec: file_groups={16 groups: [[home/ec2-user/liquid-cache/benchmark/clickbench/data/hits.parquet:0..923748528], [home/ec2-user/liquid-cache/benchmark/clickbench/data/hits.parquet:923748528..1847497056], [home/ec2-user/liquid-cache/benchmark/clickbench/data/hits.parquet:1847497056..2771245584], [home/ec2-user/liquid-cache/benchmark/clickbench/data/hits.parquet:2771245584..3694994112], [home/ec2-user/liquid-cache/benchmark/clickbench/data/hits.parquet:3694994112..4618742640], [home/ec2-user/liquid-cache/benchmark/clickbench/data/hits.parquet:4618742640..5542491168], [home/ec2-user/liquid-cache/benchmark/clickbench/data/hits.parquet:5542491168..6466239696], [home/ec2-user/liquid-cache/benchmark/clickbench/data/hits.parquet:6466239696..7389988224], [home/ec2-user/liquid-cache/benchmark/clickbench/data/hits.parquet:7389988224..8313736752], [home/ec2-user/liquid-cache/benchmark/clickbench/data/hits.parquet:8313736752..9237485280], [home/ec2-user/liquid-cache/benchmark/clickbench/data/hits.parquet:9237485280..10161233808], [home/ec2-user/liquid-cache/benchmark/clickbench/data/hits.parquet:10161233808..11084982336], [home/ec2-user/liquid-cache/benchmark/clickbench/data/hits.parquet:11084982336..12008730864], [home/ec2-user/liquid-cache/benchmark/clickbench/data/hits.parquet:12008730864..12932479392], [home/ec2-user/liquid-cache/benchmark/clickbench/data/hits.parquet:12932479392..13856227920], [home/ec2-user/liquid-cache/benchmark/clickbench/data/hits.parquet:13856227920..14779976446]]}, projection=[EventDate, URLHash], file_type=parquet, predicate=CounterID@6 = 62 AND CAST(CAST(EventDate@5 AS Int32) AS Date32) >= 2013-07-01 AND CAST(CAST(EventDate@5 AS Int32) AS Date32) <= 2013-07-31 AND IsRefresh@15 = 0 AND (TraficSourceID@37 = -1 OR TraficSourceID@37 = 6) AND RefererHash@102 = 3594120000172545465, pruning_predicate=CounterID_null_count@2 != row_count@3 AND CounterID_min@0 <= 62 AND 62 <= CounterID_max@1 AND EventDate_null_count@5 != row_count@3 AND CAST(CAST(EventDate_max@4 AS Int32) AS Date32) >= 2013-07-01 AND EventDate_null_count@5 != row_count@3 AND CAST(CAST(EventDate_min@6 AS Int32) AS Date32) <= 2013-07-31 AND IsRefresh_null_count@9 != row_count@3 AND IsRefresh_min@7 <= 0 AND 0 <= IsRefresh_max@8 AND (TraficSourceID_null_count@12 != row_count@3 AND TraficSourceID_min@10 <= -1 AND -1 <= TraficSourceID_max@11 OR TraficSourceID_null_count@12 != row_count@3 AND TraficSourceID_min@10 <= 6 AND 6 <= TraficSourceID_max@11) AND RefererHash_null_count@15 != row_count@3 AND RefererHash_min@13 <= 3594120000172545465 AND 3594120000172545465 <= RefererHash_max@14, required_guarantees=[CounterID in (62), IsRefresh in (0), RefererHash in (3594120000172545465), TraficSourceID in (-1, 6)], metrics=[output_rows=89.91 K, elapsed_compute=16ns, output_bytes=878.1 KB, output_batches=13, files_ranges_pruned_statistics=16 total → 16 matched, row_groups_pruned_statistics=226 total → 3 matched, row_groups_pruned_bloom_filter=3 total → 3 matched, page_index_pages_pruned=0 total → 0 matched, page_index_rows_pruned=0 total → 0 matched, limit_pruned_row_groups=0 total → 0 matched, batches_split=0, bytes_scanned=15.65 M, file_open_errors=0, file_scan_errors=0, num_predicate_creation_errors=0, predicate_evaluation_errors=0, pushdown_rows_matched=89.91 K, pushdown_rows_pruned=1.32 M, predicate_cache_inner_records=751.4 K, predicate_cache_records=1.69 M, bloom_filter_eval_time=284.14µs, metadata_load_time=179.66ms, page_index_eval_time=8.72µs, row_pushdown_eval_time=7.59ms, statistics_eval_time=1.93ms, time_elapsed_opening=188.53ms, time_elapsed_processing=269.81ms, time_elapsed_scanning_total=86.91ms, time_elapsed_scanning_until_data=71.69ms, scan_efficiency_ratio=0.11% (15.65 M/14.78 B)]

Time: 46ms

+----------------------+----------------+-----------+
| URLHash              | hits.EventDate | pageviews |
+----------------------+----------------+-----------+
| 7199155066341437901  | 2013-07-15     | 27        |
| 1191678692164887503  | 2013-07-15     | 27        |
| 2512899255762264913  | 2013-07-15     | 26        |
| -8505838588544217213 | 2013-07-15     | 26        |
| -3611962581960090019 | 2013-07-15     | 25        |
| -6025761452198030778 | 2013-07-15     | 25        |
| -6048157399675510565 | 2013-07-15     | 25        |
| 6976198041684576969  | 2013-07-15     | 24        |
| 2033248414344857063  | 2013-07-15     | 24        |
| 5381918128490835791  | 2013-07-15     | 24        |
+----------------------+----------------+-----------+

=== EXPLAIN ANALYZE (Query 40, Iteration 3) ===
GlobalLimitExec: skip=100, fetch=10, metrics=[output_rows=10, elapsed_compute=10.97µs, output_bytes=2.1 KB, output_batches=1]
  SortPreservingMergeExec: [pageviews@2 DESC], fetch=110, metrics=[output_rows=110, elapsed_compute=14.08µs, output_bytes=2.1 KB, output_batches=1]
    SortExec: TopK(fetch=110), expr=[pageviews@2 DESC], preserve_partitioning=[true], filter=[pageviews@2 IS NULL OR pageviews@2 > 6], metrics=[output_rows=1.50 K, elapsed_compute=1.20ms, output_bytes=29.3 KB, output_batches=16, row_replacements=2.92 K]
      ProjectionExec: expr=[URLHash@0 as URLHash, hits.EventDate@1 as hits.EventDate, count(Int64(1))@2 as pageviews], metrics=[output_rows=41.19 K, elapsed_compute=25.06µs, output_bytes=1089.8 KB, output_batches=16, expr_0_eval_time=5.29µs, expr_1_eval_time=1.89µs, expr_2_eval_time=1.50µs]
        AggregateExec: mode=FinalPartitioned, gby=[URLHash@0 as URLHash, hits.EventDate@1 as hits.EventDate], aggr=[count(Int64(1))], metrics=[output_rows=41.19 K, elapsed_compute=2.33ms, output_bytes=1089.8 KB, output_batches=16, spill_count=0, spilled_bytes=0.0 B, spilled_rows=0, peak_mem_used=5.07 M, aggregate_arguments_time=11.78µs, aggregation_time=71.50µs, emitting_time=30.78µs, time_calculating_group_ids=2.11ms]
          RepartitionExec: partitioning=Hash([URLHash@0, hits.EventDate@1], 16), input_partitions=16, metrics=[output_rows=41.87 K, elapsed_compute=260.11µs, output_bytes=2.5 MB, output_batches=16, spill_count=0, spilled_bytes=0.0 B, spilled_rows=0, fetch_time=227.12ms, repartition_time=543.76µs, send_time=64.60µs]
            AggregateExec: mode=Partial, gby=[URLHash@1 as URLHash, CAST(CAST(EventDate@0 AS Int32) AS Date32) as hits.EventDate], aggr=[count(Int64(1))], metrics=[output_rows=41.87 K, elapsed_compute=2.49ms, output_bytes=6.3 MB, output_batches=6, spill_count=0, spilled_bytes=0.0 B, spilled_rows=0, skipped_aggregation_rows=0, peak_mem_used=2.87 M, aggregate_arguments_time=22.80µs, aggregation_time=90.13µs, emitting_time=7.36µs, time_calculating_group_ids=2.27ms, reduction_factor=47% (41.87 K/89.91 K)]
              DataSourceExec: file_groups={16 groups: [[home/ec2-user/liquid-cache/benchmark/clickbench/data/hits.parquet:0..923748528], [home/ec2-user/liquid-cache/benchmark/clickbench/data/hits.parquet:923748528..1847497056], [home/ec2-user/liquid-cache/benchmark/clickbench/data/hits.parquet:1847497056..2771245584], [home/ec2-user/liquid-cache/benchmark/clickbench/data/hits.parquet:2771245584..3694994112], [home/ec2-user/liquid-cache/benchmark/clickbench/data/hits.parquet:3694994112..4618742640], [home/ec2-user/liquid-cache/benchmark/clickbench/data/hits.parquet:4618742640..5542491168], [home/ec2-user/liquid-cache/benchmark/clickbench/data/hits.parquet:5542491168..6466239696], [home/ec2-user/liquid-cache/benchmark/clickbench/data/hits.parquet:6466239696..7389988224], [home/ec2-user/liquid-cache/benchmark/clickbench/data/hits.parquet:7389988224..8313736752], [home/ec2-user/liquid-cache/benchmark/clickbench/data/hits.parquet:8313736752..9237485280], [home/ec2-user/liquid-cache/benchmark/clickbench/data/hits.parquet:9237485280..10161233808], [home/ec2-user/liquid-cache/benchmark/clickbench/data/hits.parquet:10161233808..11084982336], [home/ec2-user/liquid-cache/benchmark/clickbench/data/hits.parquet:11084982336..12008730864], [home/ec2-user/liquid-cache/benchmark/clickbench/data/hits.parquet:12008730864..12932479392], [home/ec2-user/liquid-cache/benchmark/clickbench/data/hits.parquet:12932479392..13856227920], [home/ec2-user/liquid-cache/benchmark/clickbench/data/hits.parquet:13856227920..14779976446]]}, projection=[EventDate, URLHash], file_type=parquet, predicate=CounterID@6 = 62 AND CAST(CAST(EventDate@5 AS Int32) AS Date32) >= 2013-07-01 AND CAST(CAST(EventDate@5 AS Int32) AS Date32) <= 2013-07-31 AND IsRefresh@15 = 0 AND (TraficSourceID@37 = -1 OR TraficSourceID@37 = 6) AND RefererHash@102 = 3594120000172545465, pruning_predicate=CounterID_null_count@2 != row_count@3 AND CounterID_min@0 <= 62 AND 62 <= CounterID_max@1 AND EventDate_null_count@5 != row_count@3 AND CAST(CAST(EventDate_max@4 AS Int32) AS Date32) >= 2013-07-01 AND EventDate_null_count@5 != row_count@3 AND CAST(CAST(EventDate_min@6 AS Int32) AS Date32) <= 2013-07-31 AND IsRefresh_null_count@9 != row_count@3 AND IsRefresh_min@7 <= 0 AND 0 <= IsRefresh_max@8 AND (TraficSourceID_null_count@12 != row_count@3 AND TraficSourceID_min@10 <= -1 AND -1 <= TraficSourceID_max@11 OR TraficSourceID_null_count@12 != row_count@3 AND TraficSourceID_min@10 <= 6 AND 6 <= TraficSourceID_max@11) AND RefererHash_null_count@15 != row_count@3 AND RefererHash_min@13 <= 3594120000172545465 AND 3594120000172545465 <= RefererHash_max@14, required_guarantees=[CounterID in (62), IsRefresh in (0), RefererHash in (3594120000172545465), TraficSourceID in (-1, 6)], metrics=[output_rows=89.91 K, elapsed_compute=16ns, output_bytes=878.1 KB, output_batches=13, files_ranges_pruned_statistics=16 total → 16 matched, row_groups_pruned_statistics=226 total → 3 matched, row_groups_pruned_bloom_filter=3 total → 3 matched, page_index_pages_pruned=0 total → 0 matched, page_index_rows_pruned=0 total → 0 matched, limit_pruned_row_groups=0 total → 0 matched, batches_split=0, bytes_scanned=15.65 M, file_open_errors=0, file_scan_errors=0, num_predicate_creation_errors=0, predicate_evaluation_errors=0, pushdown_rows_matched=89.91 K, pushdown_rows_pruned=1.32 M, predicate_cache_inner_records=751.4 K, predicate_cache_records=1.69 M, bloom_filter_eval_time=265.34µs, metadata_load_time=139.36ms, page_index_eval_time=9.62µs, row_pushdown_eval_time=3.87ms, statistics_eval_time=1.89ms, time_elapsed_opening=147.45ms, time_elapsed_processing=220.98ms, time_elapsed_scanning_total=79.43ms, time_elapsed_scanning_until_data=69.05ms, scan_efficiency_ratio=0.11% (15.65 M/14.78 B)]

Time: 38ms

+----------------------+----------------+-----------+
| URLHash              | hits.EventDate | pageviews |
+----------------------+----------------+-----------+
| 1191678692164887503  | 2013-07-15     | 27        |
| 7199155066341437901  | 2013-07-15     | 27        |
| 2512899255762264913  | 2013-07-15     | 26        |
| -8505838588544217213 | 2013-07-15     | 26        |
| -3611962581960090019 | 2013-07-15     | 25        |
| -6025761452198030778 | 2013-07-15     | 25        |
| -6048157399675510565 | 2013-07-15     | 25        |
| 6976198041684576969  | 2013-07-15     | 24        |
| 2033248414344857063  | 2013-07-15     | 24        |
| 5381918128490835791  | 2013-07-15     | 24        |
+----------------------+----------------+-----------+

=== EXPLAIN ANALYZE (Query 40, Iteration 4) ===
GlobalLimitExec: skip=100, fetch=10, metrics=[output_rows=10, elapsed_compute=10.01µs, output_bytes=2.1 KB, output_batches=1]
  SortPreservingMergeExec: [pageviews@2 DESC], fetch=110, metrics=[output_rows=110, elapsed_compute=12.92µs, output_bytes=2.1 KB, output_batches=1]
    SortExec: TopK(fetch=110), expr=[pageviews@2 DESC], preserve_partitioning=[true], filter=[pageviews@2 IS NULL OR pageviews@2 > 6], metrics=[output_rows=1.49 K, elapsed_compute=1.15ms, output_bytes=29.0 KB, output_batches=16, row_replacements=2.66 K]
      ProjectionExec: expr=[URLHash@0 as URLHash, hits.EventDate@1 as hits.EventDate, count(Int64(1))@2 as pageviews], metrics=[output_rows=41.19 K, elapsed_compute=25.53µs, output_bytes=1089.8 KB, output_batches=16, expr_0_eval_time=4.52µs, expr_1_eval_time=1.74µs, expr_2_eval_time=1.67µs]
        AggregateExec: mode=FinalPartitioned, gby=[URLHash@0 as URLHash, hits.EventDate@1 as hits.EventDate], aggr=[count(Int64(1))], metrics=[output_rows=41.19 K, elapsed_compute=2.30ms, output_bytes=1089.8 KB, output_batches=16, spill_count=0, spilled_bytes=0.0 B, spilled_rows=0, peak_mem_used=5.07 M, aggregate_arguments_time=13.98µs, aggregation_time=72.83µs, emitting_time=29.71µs, time_calculating_group_ids=2.09ms]
          RepartitionExec: partitioning=Hash([URLHash@0, hits.EventDate@1], 16), input_partitions=16, metrics=[output_rows=41.87 K, elapsed_compute=258.70µs, output_bytes=2.5 MB, output_batches=16, spill_count=0, spilled_bytes=0.0 B, spilled_rows=0, fetch_time=232.76ms, repartition_time=462.04µs, send_time=54.62µs]
            AggregateExec: mode=Partial, gby=[URLHash@1 as URLHash, CAST(CAST(EventDate@0 AS Int32) AS Date32) as hits.EventDate], aggr=[count(Int64(1))], metrics=[output_rows=41.87 K, elapsed_compute=2.50ms, output_bytes=6.3 MB, output_batches=6, spill_count=0, spilled_bytes=0.0 B, spilled_rows=0, skipped_aggregation_rows=0, peak_mem_used=2.87 M, aggregate_arguments_time=21.09µs, aggregation_time=75.46µs, emitting_time=7.27µs, time_calculating_group_ids=2.28ms, reduction_factor=47% (41.87 K/89.91 K)]
              DataSourceExec: file_groups={16 groups: [[home/ec2-user/liquid-cache/benchmark/clickbench/data/hits.parquet:0..923748528], [home/ec2-user/liquid-cache/benchmark/clickbench/data/hits.parquet:923748528..1847497056], [home/ec2-user/liquid-cache/benchmark/clickbench/data/hits.parquet:1847497056..2771245584], [home/ec2-user/liquid-cache/benchmark/clickbench/data/hits.parquet:2771245584..3694994112], [home/ec2-user/liquid-cache/benchmark/clickbench/data/hits.parquet:3694994112..4618742640], [home/ec2-user/liquid-cache/benchmark/clickbench/data/hits.parquet:4618742640..5542491168], [home/ec2-user/liquid-cache/benchmark/clickbench/data/hits.parquet:5542491168..6466239696], [home/ec2-user/liquid-cache/benchmark/clickbench/data/hits.parquet:6466239696..7389988224], [home/ec2-user/liquid-cache/benchmark/clickbench/data/hits.parquet:7389988224..8313736752], [home/ec2-user/liquid-cache/benchmark/clickbench/data/hits.parquet:8313736752..9237485280], [home/ec2-user/liquid-cache/benchmark/clickbench/data/hits.parquet:9237485280..10161233808], [home/ec2-user/liquid-cache/benchmark/clickbench/data/hits.parquet:10161233808..11084982336], [home/ec2-user/liquid-cache/benchmark/clickbench/data/hits.parquet:11084982336..12008730864], [home/ec2-user/liquid-cache/benchmark/clickbench/data/hits.parquet:12008730864..12932479392], [home/ec2-user/liquid-cache/benchmark/clickbench/data/hits.parquet:12932479392..13856227920], [home/ec2-user/liquid-cache/benchmark/clickbench/data/hits.parquet:13856227920..14779976446]]}, projection=[EventDate, URLHash], file_type=parquet, predicate=CounterID@6 = 62 AND CAST(CAST(EventDate@5 AS Int32) AS Date32) >= 2013-07-01 AND CAST(CAST(EventDate@5 AS Int32) AS Date32) <= 2013-07-31 AND IsRefresh@15 = 0 AND (TraficSourceID@37 = -1 OR TraficSourceID@37 = 6) AND RefererHash@102 = 3594120000172545465, pruning_predicate=CounterID_null_count@2 != row_count@3 AND CounterID_min@0 <= 62 AND 62 <= CounterID_max@1 AND EventDate_null_count@5 != row_count@3 AND CAST(CAST(EventDate_max@4 AS Int32) AS Date32) >= 2013-07-01 AND EventDate_null_count@5 != row_count@3 AND CAST(CAST(EventDate_min@6 AS Int32) AS Date32) <= 2013-07-31 AND IsRefresh_null_count@9 != row_count@3 AND IsRefresh_min@7 <= 0 AND 0 <= IsRefresh_max@8 AND (TraficSourceID_null_count@12 != row_count@3 AND TraficSourceID_min@10 <= -1 AND -1 <= TraficSourceID_max@11 OR TraficSourceID_null_count@12 != row_count@3 AND TraficSourceID_min@10 <= 6 AND 6 <= TraficSourceID_max@11) AND RefererHash_null_count@15 != row_count@3 AND RefererHash_min@13 <= 3594120000172545465 AND 3594120000172545465 <= RefererHash_max@14, required_guarantees=[CounterID in (62), IsRefresh in (0), RefererHash in (3594120000172545465), TraficSourceID in (-1, 6)], metrics=[output_rows=89.91 K, elapsed_compute=16ns, output_bytes=878.1 KB, output_batches=13, files_ranges_pruned_statistics=16 total → 16 matched, row_groups_pruned_statistics=226 total → 3 matched, row_groups_pruned_bloom_filter=3 total → 3 matched, page_index_pages_pruned=0 total → 0 matched, page_index_rows_pruned=0 total → 0 matched, limit_pruned_row_groups=0 total → 0 matched, batches_split=0, bytes_scanned=15.65 M, file_open_errors=0, file_scan_errors=0, num_predicate_creation_errors=0, predicate_evaluation_errors=0, pushdown_rows_matched=89.91 K, pushdown_rows_pruned=1.32 M, predicate_cache_inner_records=751.4 K, predicate_cache_records=1.69 M, bloom_filter_eval_time=260.54µs, metadata_load_time=142.69ms, page_index_eval_time=6.75µs, row_pushdown_eval_time=4.19ms, statistics_eval_time=1.84ms, time_elapsed_opening=150.88ms, time_elapsed_processing=226.71ms, time_elapsed_scanning_total=81.62ms, time_elapsed_scanning_until_data=70.98ms, scan_efficiency_ratio=0.11% (15.65 M/14.78 B)]

Time: 38ms

+----------------------+----------------+-----------+
| URLHash              | hits.EventDate | pageviews |
+----------------------+----------------+-----------+
| 7199155066341437901  | 2013-07-15     | 27        |
| 1191678692164887503  | 2013-07-15     | 27        |
| 2512899255762264913  | 2013-07-15     | 26        |
| -8505838588544217213 | 2013-07-15     | 26        |
| -3611962581960090019 | 2013-07-15     | 25        |
| -6025761452198030778 | 2013-07-15     | 25        |
| -6048157399675510565 | 2013-07-15     | 25        |
| 6976198041684576969  | 2013-07-15     | 24        |
| 2033248414344857063  | 2013-07-15     | 24        |
| 5381918128490835791  | 2013-07-15     | 24        |
+----------------------+----------------+-----------+
