
=== EXPLAIN ANALYZE (Query 41, Iteration 0) ===
GlobalLimitExec: skip=10000, fetch=10, metrics=[output_rows=10, elapsed_compute=7.73µs, output_bytes=21.3 KB, output_batches=1]
  SortPreservingMergeExec: [pageviews@2 DESC], fetch=10010, metrics=[output_rows=10.01 K, elapsed_compute=381.13µs, output_bytes=117.3 KB, output_batches=2]
    SortExec: TopK(fetch=10010), expr=[pageviews@2 DESC], preserve_partitioning=[true], metrics=[output_rows=10.95 K, elapsed_compute=2.71ms, output_bytes=128.3 KB, output_batches=16, row_replacements=10.95 K]
      ProjectionExec: expr=[WindowClientWidth@0 as WindowClientWidth, WindowClientHeight@1 as WindowClientHeight, count(Int64(1))@2 as pageviews], metrics=[output_rows=10.95 K, elapsed_compute=20.77µs, output_bytes=149.5 KB, output_batches=16, expr_0_eval_time=2.85µs, expr_1_eval_time=1.39µs, expr_2_eval_time=1.40µs]
        AggregateExec: mode=FinalPartitioned, gby=[WindowClientWidth@0 as WindowClientWidth, WindowClientHeight@1 as WindowClientHeight], aggr=[count(Int64(1))], metrics=[output_rows=10.95 K, elapsed_compute=1.63ms, output_bytes=149.5 KB, output_batches=16, spill_count=0, spilled_bytes=0.0 B, spilled_rows=0, peak_mem_used=1.06 M, aggregate_arguments_time=11.29µs, aggregation_time=29.04µs, emitting_time=18.62µs, time_calculating_group_ids=722.74µs]
          RepartitionExec: partitioning=Hash([WindowClientWidth@0, WindowClientHeight@1], 16), input_partitions=16, metrics=[output_rows=12.33 K, elapsed_compute=2.72ms, output_bytes=1536.0 KB, output_batches=16, spill_count=0, spilled_bytes=0.0 B, spilled_rows=0, fetch_time=507.90ms, repartition_time=203.80µs, send_time=32.95µs]
            AggregateExec: mode=Partial, gby=[WindowClientWidth@0 as WindowClientWidth, WindowClientHeight@1 as WindowClientHeight], aggr=[count(Int64(1))], metrics=[output_rows=12.33 K, elapsed_compute=2.47ms, output_bytes=368.3 KB, output_batches=3, spill_count=0, spilled_bytes=0.0 B, spilled_rows=0, skipped_aggregation_rows=0, peak_mem_used=758.3 K, aggregate_arguments_time=30.99µs, aggregation_time=97.01µs, emitting_time=16.07µs, time_calculating_group_ids=1.52ms, reduction_factor=12% (12.33 K/102.7 K)]
              DataSourceExec: file_groups={16 groups: [[home/ec2-user/liquid-cache/benchmark/clickbench/data/hits.parquet:0..923748528], [home/ec2-user/liquid-cache/benchmark/clickbench/data/hits.parquet:923748528..1847497056], [home/ec2-user/liquid-cache/benchmark/clickbench/data/hits.parquet:1847497056..2771245584], [home/ec2-user/liquid-cache/benchmark/clickbench/data/hits.parquet:2771245584..3694994112], [home/ec2-user/liquid-cache/benchmark/clickbench/data/hits.parquet:3694994112..4618742640], [home/ec2-user/liquid-cache/benchmark/clickbench/data/hits.parquet:4618742640..5542491168], [home/ec2-user/liquid-cache/benchmark/clickbench/data/hits.parquet:5542491168..6466239696], [home/ec2-user/liquid-cache/benchmark/clickbench/data/hits.parquet:6466239696..7389988224], [home/ec2-user/liquid-cache/benchmark/clickbench/data/hits.parquet:7389988224..8313736752], [home/ec2-user/liquid-cache/benchmark/clickbench/data/hits.parquet:8313736752..9237485280], [home/ec2-user/liquid-cache/benchmark/clickbench/data/hits.parquet:9237485280..10161233808], [home/ec2-user/liquid-cache/benchmark/clickbench/data/hits.parquet:10161233808..11084982336], [home/ec2-user/liquid-cache/benchmark/clickbench/data/hits.parquet:11084982336..12008730864], [home/ec2-user/liquid-cache/benchmark/clickbench/data/hits.parquet:12008730864..12932479392], [home/ec2-user/liquid-cache/benchmark/clickbench/data/hits.parquet:12932479392..13856227920], [home/ec2-user/liquid-cache/benchmark/clickbench/data/hits.parquet:13856227920..14779976446]]}, projection=[WindowClientWidth, WindowClientHeight], file_type=parquet, predicate=CounterID@6 = 62 AND CAST(CAST(EventDate@5 AS Int32) AS Date32) >= 2013-07-01 AND CAST(CAST(EventDate@5 AS Int32) AS Date32) <= 2013-07-31 AND IsRefresh@15 = 0 AND DontCountHits@61 = 0 AND URLHash@103 = 2868770270353813622, pruning_predicate=CounterID_null_count@2 != row_count@3 AND CounterID_min@0 <= 62 AND 62 <= CounterID_max@1 AND EventDate_null_count@5 != row_count@3 AND CAST(CAST(EventDate_max@4 AS Int32) AS Date32) >= 2013-07-01 AND EventDate_null_count@5 != row_count@3 AND CAST(CAST(EventDate_min@6 AS Int32) AS Date32) <= 2013-07-31 AND IsRefresh_null_count@9 != row_count@3 AND IsRefresh_min@7 <= 0 AND 0 <= IsRefresh_max@8 AND DontCountHits_null_count@12 != row_count@3 AND DontCountHits_min@10 <= 0 AND 0 <= DontCountHits_max@11 AND URLHash_null_count@15 != row_count@3 AND URLHash_min@13 <= 2868770270353813622 AND 2868770270353813622 <= URLHash_max@14, required_guarantees=[CounterID in (62), DontCountHits in (0), IsRefresh in (0), URLHash in (2868770270353813622)], metrics=[output_rows=102.7 K, elapsed_compute=16ns, output_bytes=401.1 KB, output_batches=15, files_ranges_pruned_statistics=16 total → 16 matched, row_groups_pruned_statistics=226 total → 3 matched, row_groups_pruned_bloom_filter=3 total → 3 matched, page_index_pages_pruned=0 total → 0 matched, page_index_rows_pruned=0 total → 0 matched, limit_pruned_row_groups=0 total → 0 matched, batches_split=0, bytes_scanned=9.85 M, file_open_errors=0, file_scan_errors=0, num_predicate_creation_errors=0, predicate_evaluation_errors=0, pushdown_rows_matched=102.7 K, pushdown_rows_pruned=1.30 M, predicate_cache_inner_records=0, predicate_cache_records=0, bloom_filter_eval_time=291.25µs, metadata_load_time=362.83ms, page_index_eval_time=7.72µs, row_pushdown_eval_time=3.17ms, statistics_eval_time=2.71ms, time_elapsed_opening=395.21ms, time_elapsed_processing=462.26ms, time_elapsed_scanning_total=111.01ms, time_elapsed_scanning_until_data=84.78ms, scan_efficiency_ratio=0.067% (9.85 M/14.78 B)]

Time: 96ms

+-------------------+--------------------+-----------+
| WindowClientWidth | WindowClientHeight | pageviews |
+-------------------+--------------------+-----------+
| 1033              | 384                | 1         |
| 1408              | 844                | 1         |
| 1705              | 532                | 1         |
| 1232              | 893                | 1         |
| 1638              | 809                | 1         |
| 746               | 296                | 1         |
| 1668              | 611                | 1         |
| 1285              | 787                | 1         |
| 2004              | 617                | 1         |
| 1201              | 926                | 1         |
+-------------------+--------------------+-----------+

=== EXPLAIN ANALYZE (Query 41, Iteration 1) ===
GlobalLimitExec: skip=10000, fetch=10, metrics=[output_rows=10, elapsed_compute=5.98µs, output_bytes=21.3 KB, output_batches=1]
  SortPreservingMergeExec: [pageviews@2 DESC], fetch=10010, metrics=[output_rows=10.01 K, elapsed_compute=365.84µs, output_bytes=117.3 KB, output_batches=2]
    SortExec: TopK(fetch=10010), expr=[pageviews@2 DESC], preserve_partitioning=[true], metrics=[output_rows=10.95 K, elapsed_compute=2.72ms, output_bytes=128.3 KB, output_batches=16, row_replacements=10.95 K]
      ProjectionExec: expr=[WindowClientWidth@0 as WindowClientWidth, WindowClientHeight@1 as WindowClientHeight, count(Int64(1))@2 as pageviews], metrics=[output_rows=10.95 K, elapsed_compute=22.44µs, output_bytes=149.5 KB, output_batches=16, expr_0_eval_time=2.89µs, expr_1_eval_time=1.09µs, expr_2_eval_time=1.37µs]
        AggregateExec: mode=FinalPartitioned, gby=[WindowClientWidth@0 as WindowClientWidth, WindowClientHeight@1 as WindowClientHeight], aggr=[count(Int64(1))], metrics=[output_rows=10.95 K, elapsed_compute=886.23µs, output_bytes=149.5 KB, output_batches=16, spill_count=0, spilled_bytes=0.0 B, spilled_rows=0, peak_mem_used=1.06 M, aggregate_arguments_time=11.92µs, aggregation_time=30.19µs, emitting_time=21.81µs, time_calculating_group_ids=727.09µs]
          RepartitionExec: partitioning=Hash([WindowClientWidth@0, WindowClientHeight@1], 16), input_partitions=16, metrics=[output_rows=12.33 K, elapsed_compute=193.14µs, output_bytes=1536.0 KB, output_batches=16, spill_count=0, spilled_bytes=0.0 B, spilled_rows=0, fetch_time=281.53ms, repartition_time=171.93µs, send_time=20.61µs]
            AggregateExec: mode=Partial, gby=[WindowClientWidth@0 as WindowClientWidth, WindowClientHeight@1 as WindowClientHeight], aggr=[count(Int64(1))], metrics=[output_rows=12.33 K, elapsed_compute=1.79ms, output_bytes=368.3 KB, output_batches=3, spill_count=0, spilled_bytes=0.0 B, spilled_rows=0, skipped_aggregation_rows=0, peak_mem_used=758.3 K, aggregate_arguments_time=27.39µs, aggregation_time=88.57µs, emitting_time=6.38µs, time_calculating_group_ids=1.60ms, reduction_factor=12% (12.33 K/102.7 K)]
              DataSourceExec: file_groups={16 groups: [[home/ec2-user/liquid-cache/benchmark/clickbench/data/hits.parquet:0..923748528], [home/ec2-user/liquid-cache/benchmark/clickbench/data/hits.parquet:923748528..1847497056], [home/ec2-user/liquid-cache/benchmark/clickbench/data/hits.parquet:1847497056..2771245584], [home/ec2-user/liquid-cache/benchmark/clickbench/data/hits.parquet:2771245584..3694994112], [home/ec2-user/liquid-cache/benchmark/clickbench/data/hits.parquet:3694994112..4618742640], [home/ec2-user/liquid-cache/benchmark/clickbench/data/hits.parquet:4618742640..5542491168], [home/ec2-user/liquid-cache/benchmark/clickbench/data/hits.parquet:5542491168..6466239696], [home/ec2-user/liquid-cache/benchmark/clickbench/data/hits.parquet:6466239696..7389988224], [home/ec2-user/liquid-cache/benchmark/clickbench/data/hits.parquet:7389988224..8313736752], [home/ec2-user/liquid-cache/benchmark/clickbench/data/hits.parquet:8313736752..9237485280], [home/ec2-user/liquid-cache/benchmark/clickbench/data/hits.parquet:9237485280..10161233808], [home/ec2-user/liquid-cache/benchmark/clickbench/data/hits.parquet:10161233808..11084982336], [home/ec2-user/liquid-cache/benchmark/clickbench/data/hits.parquet:11084982336..12008730864], [home/ec2-user/liquid-cache/benchmark/clickbench/data/hits.parquet:12008730864..12932479392], [home/ec2-user/liquid-cache/benchmark/clickbench/data/hits.parquet:12932479392..13856227920], [home/ec2-user/liquid-cache/benchmark/clickbench/data/hits.parquet:13856227920..14779976446]]}, projection=[WindowClientWidth, WindowClientHeight], file_type=parquet, predicate=CounterID@6 = 62 AND CAST(CAST(EventDate@5 AS Int32) AS Date32) >= 2013-07-01 AND CAST(CAST(EventDate@5 AS Int32) AS Date32) <= 2013-07-31 AND IsRefresh@15 = 0 AND DontCountHits@61 = 0 AND URLHash@103 = 2868770270353813622, pruning_predicate=CounterID_null_count@2 != row_count@3 AND CounterID_min@0 <= 62 AND 62 <= CounterID_max@1 AND EventDate_null_count@5 != row_count@3 AND CAST(CAST(EventDate_max@4 AS Int32) AS Date32) >= 2013-07-01 AND EventDate_null_count@5 != row_count@3 AND CAST(CAST(EventDate_min@6 AS Int32) AS Date32) <= 2013-07-31 AND IsRefresh_null_count@9 != row_count@3 AND IsRefresh_min@7 <= 0 AND 0 <= IsRefresh_max@8 AND DontCountHits_null_count@12 != row_count@3 AND DontCountHits_min@10 <= 0 AND 0 <= DontCountHits_max@11 AND URLHash_null_count@15 != row_count@3 AND URLHash_min@13 <= 2868770270353813622 AND 2868770270353813622 <= URLHash_max@14, required_guarantees=[CounterID in (62), DontCountHits in (0), IsRefresh in (0), URLHash in (2868770270353813622)], metrics=[output_rows=102.7 K, elapsed_compute=16ns, output_bytes=401.1 KB, output_batches=15, files_ranges_pruned_statistics=16 total → 16 matched, row_groups_pruned_statistics=226 total → 3 matched, row_groups_pruned_bloom_filter=3 total → 3 matched, page_index_pages_pruned=0 total → 0 matched, page_index_rows_pruned=0 total → 0 matched, limit_pruned_row_groups=0 total → 0 matched, batches_split=0, bytes_scanned=9.85 M, file_open_errors=0, file_scan_errors=0, num_predicate_creation_errors=0, predicate_evaluation_errors=0, pushdown_rows_matched=102.7 K, pushdown_rows_pruned=1.30 M, predicate_cache_inner_records=0, predicate_cache_records=0, bloom_filter_eval_time=215.51µs, metadata_load_time=195.84ms, page_index_eval_time=10.27µs, row_pushdown_eval_time=3.22ms, statistics_eval_time=1.95ms, time_elapsed_opening=203.66ms, time_elapsed_processing=276.56ms, time_elapsed_scanning_total=77.60ms, time_elapsed_scanning_until_data=67.88ms, scan_efficiency_ratio=0.067% (9.85 M/14.78 B)]

Time: 39ms

+-------------------+--------------------+-----------+
| WindowClientWidth | WindowClientHeight | pageviews |
+-------------------+--------------------+-----------+
| 1033              | 384                | 1         |
| 1408              | 844                | 1         |
| 1705              | 532                | 1         |
| 1232              | 893                | 1         |
| 1638              | 809                | 1         |
| 746               | 296                | 1         |
| 1668              | 611                | 1         |
| 1285              | 787                | 1         |
| 2004              | 617                | 1         |
| 1201              | 926                | 1         |
+-------------------+--------------------+-----------+

=== EXPLAIN ANALYZE (Query 41, Iteration 2) ===
GlobalLimitExec: skip=10000, fetch=10, metrics=[output_rows=10, elapsed_compute=7.57µs, output_bytes=21.3 KB, output_batches=1]
  SortPreservingMergeExec: [pageviews@2 DESC], fetch=10010, metrics=[output_rows=10.01 K, elapsed_compute=378.02µs, output_bytes=117.3 KB, output_batches=2]
    SortExec: TopK(fetch=10010), expr=[pageviews@2 DESC], preserve_partitioning=[true], metrics=[output_rows=10.95 K, elapsed_compute=2.81ms, output_bytes=128.3 KB, output_batches=16, row_replacements=10.95 K]
      ProjectionExec: expr=[WindowClientWidth@0 as WindowClientWidth, WindowClientHeight@1 as WindowClientHeight, count(Int64(1))@2 as pageviews], metrics=[output_rows=10.95 K, elapsed_compute=21.80µs, output_bytes=149.5 KB, output_batches=16, expr_0_eval_time=2.89µs, expr_1_eval_time=1.32µs, expr_2_eval_time=1.28µs]
        AggregateExec: mode=FinalPartitioned, gby=[WindowClientWidth@0 as WindowClientWidth, WindowClientHeight@1 as WindowClientHeight], aggr=[count(Int64(1))], metrics=[output_rows=10.95 K, elapsed_compute=899.66µs, output_bytes=149.5 KB, output_batches=16, spill_count=0, spilled_bytes=0.0 B, spilled_rows=0, peak_mem_used=1.06 M, aggregate_arguments_time=12.11µs, aggregation_time=30.87µs, emitting_time=21.99µs, time_calculating_group_ids=726.41µs]
          RepartitionExec: partitioning=Hash([WindowClientWidth@0, WindowClientHeight@1], 16), input_partitions=16, metrics=[output_rows=12.33 K, elapsed_compute=169.12µs, output_bytes=1536.0 KB, output_batches=16, spill_count=0, spilled_bytes=0.0 B, spilled_rows=0, fetch_time=259.72ms, repartition_time=179.53µs, send_time=27.72µs]
            AggregateExec: mode=Partial, gby=[WindowClientWidth@0 as WindowClientWidth, WindowClientHeight@1 as WindowClientHeight], aggr=[count(Int64(1))], metrics=[output_rows=12.33 K, elapsed_compute=1.71ms, output_bytes=368.3 KB, output_batches=3, spill_count=0, spilled_bytes=0.0 B, spilled_rows=0, skipped_aggregation_rows=0, peak_mem_used=758.3 K, aggregate_arguments_time=26.94µs, aggregation_time=90.00µs, emitting_time=5.96µs, time_calculating_group_ids=1.51ms, reduction_factor=12% (12.33 K/102.7 K)]
              DataSourceExec: file_groups={16 groups: [[home/ec2-user/liquid-cache/benchmark/clickbench/data/hits.parquet:0..923748528], [home/ec2-user/liquid-cache/benchmark/clickbench/data/hits.parquet:923748528..1847497056], [home/ec2-user/liquid-cache/benchmark/clickbench/data/hits.parquet:1847497056..2771245584], [home/ec2-user/liquid-cache/benchmark/clickbench/data/hits.parquet:2771245584..3694994112], [home/ec2-user/liquid-cache/benchmark/clickbench/data/hits.parquet:3694994112..4618742640], [home/ec2-user/liquid-cache/benchmark/clickbench/data/hits.parquet:4618742640..5542491168], [home/ec2-user/liquid-cache/benchmark/clickbench/data/hits.parquet:5542491168..6466239696], [home/ec2-user/liquid-cache/benchmark/clickbench/data/hits.parquet:6466239696..7389988224], [home/ec2-user/liquid-cache/benchmark/clickbench/data/hits.parquet:7389988224..8313736752], [home/ec2-user/liquid-cache/benchmark/clickbench/data/hits.parquet:8313736752..9237485280], [home/ec2-user/liquid-cache/benchmark/clickbench/data/hits.parquet:9237485280..10161233808], [home/ec2-user/liquid-cache/benchmark/clickbench/data/hits.parquet:10161233808..11084982336], [home/ec2-user/liquid-cache/benchmark/clickbench/data/hits.parquet:11084982336..12008730864], [home/ec2-user/liquid-cache/benchmark/clickbench/data/hits.parquet:12008730864..12932479392], [home/ec2-user/liquid-cache/benchmark/clickbench/data/hits.parquet:12932479392..13856227920], [home/ec2-user/liquid-cache/benchmark/clickbench/data/hits.parquet:13856227920..14779976446]]}, projection=[WindowClientWidth, WindowClientHeight], file_type=parquet, predicate=CounterID@6 = 62 AND CAST(CAST(EventDate@5 AS Int32) AS Date32) >= 2013-07-01 AND CAST(CAST(EventDate@5 AS Int32) AS Date32) <= 2013-07-31 AND IsRefresh@15 = 0 AND DontCountHits@61 = 0 AND URLHash@103 = 2868770270353813622, pruning_predicate=CounterID_null_count@2 != row_count@3 AND CounterID_min@0 <= 62 AND 62 <= CounterID_max@1 AND EventDate_null_count@5 != row_count@3 AND CAST(CAST(EventDate_max@4 AS Int32) AS Date32) >= 2013-07-01 AND EventDate_null_count@5 != row_count@3 AND CAST(CAST(EventDate_min@6 AS Int32) AS Date32) <= 2013-07-31 AND IsRefresh_null_count@9 != row_count@3 AND IsRefresh_min@7 <= 0 AND 0 <= IsRefresh_max@8 AND DontCountHits_null_count@12 != row_count@3 AND DontCountHits_min@10 <= 0 AND 0 <= DontCountHits_max@11 AND URLHash_null_count@15 != row_count@3 AND URLHash_min@13 <= 2868770270353813622 AND 2868770270353813622 <= URLHash_max@14, required_guarantees=[CounterID in (62), DontCountHits in (0), IsRefresh in (0), URLHash in (2868770270353813622)], metrics=[output_rows=102.7 K, elapsed_compute=16ns, output_bytes=401.1 KB, output_batches=15, files_ranges_pruned_statistics=16 total → 16 matched, row_groups_pruned_statistics=226 total → 3 matched, row_groups_pruned_bloom_filter=3 total → 3 matched, page_index_pages_pruned=0 total → 0 matched, page_index_rows_pruned=0 total → 0 matched, limit_pruned_row_groups=0 total → 0 matched, batches_split=0, bytes_scanned=9.85 M, file_open_errors=0, file_scan_errors=0, num_predicate_creation_errors=0, predicate_evaluation_errors=0, pushdown_rows_matched=102.7 K, pushdown_rows_pruned=1.30 M, predicate_cache_inner_records=0, predicate_cache_records=0, bloom_filter_eval_time=275.05µs, metadata_load_time=168.01ms, page_index_eval_time=7.57µs, row_pushdown_eval_time=3.85ms, statistics_eval_time=2.15ms, time_elapsed_opening=176.21ms, time_elapsed_processing=255.22ms, time_elapsed_scanning_total=83.26ms, time_elapsed_scanning_until_data=73.49ms, scan_efficiency_ratio=0.067% (9.85 M/14.78 B)]

Time: 39ms

+-------------------+--------------------+-----------+
| WindowClientWidth | WindowClientHeight | pageviews |
+-------------------+--------------------+-----------+
| 1033              | 384                | 1         |
| 1408              | 844                | 1         |
| 1705              | 532                | 1         |
| 1232              | 893                | 1         |
| 1638              | 809                | 1         |
| 746               | 296                | 1         |
| 1668              | 611                | 1         |
| 1285              | 787                | 1         |
| 2004              | 617                | 1         |
| 1201              | 926                | 1         |
+-------------------+--------------------+-----------+

=== EXPLAIN ANALYZE (Query 41, Iteration 3) ===
GlobalLimitExec: skip=10000, fetch=10, metrics=[output_rows=10, elapsed_compute=7.48µs, output_bytes=21.3 KB, output_batches=1]
  SortPreservingMergeExec: [pageviews@2 DESC], fetch=10010, metrics=[output_rows=10.01 K, elapsed_compute=391.01µs, output_bytes=117.3 KB, output_batches=2]
    SortExec: TopK(fetch=10010), expr=[pageviews@2 DESC], preserve_partitioning=[true], metrics=[output_rows=10.95 K, elapsed_compute=2.77ms, output_bytes=128.3 KB, output_batches=16, row_replacements=10.95 K]
      ProjectionExec: expr=[WindowClientWidth@0 as WindowClientWidth, WindowClientHeight@1 as WindowClientHeight, count(Int64(1))@2 as pageviews], metrics=[output_rows=10.95 K, elapsed_compute=21.06µs, output_bytes=149.5 KB, output_batches=16, expr_0_eval_time=2.96µs, expr_1_eval_time=1.28µs, expr_2_eval_time=1.29µs]
        AggregateExec: mode=FinalPartitioned, gby=[WindowClientWidth@0 as WindowClientWidth, WindowClientHeight@1 as WindowClientHeight], aggr=[count(Int64(1))], metrics=[output_rows=10.95 K, elapsed_compute=891.16µs, output_bytes=149.5 KB, output_batches=16, spill_count=0, spilled_bytes=0.0 B, spilled_rows=0, peak_mem_used=1.06 M, aggregate_arguments_time=12.70µs, aggregation_time=31.00µs, emitting_time=21.71µs, time_calculating_group_ids=731.69µs]
          RepartitionExec: partitioning=Hash([WindowClientWidth@0, WindowClientHeight@1], 16), input_partitions=16, metrics=[output_rows=12.33 K, elapsed_compute=159.91µs, output_bytes=1536.0 KB, output_batches=16, spill_count=0, spilled_bytes=0.0 B, spilled_rows=0, fetch_time=229.49ms, repartition_time=181.74µs, send_time=33.46µs]
            AggregateExec: mode=Partial, gby=[WindowClientWidth@0 as WindowClientWidth, WindowClientHeight@1 as WindowClientHeight], aggr=[count(Int64(1))], metrics=[output_rows=12.33 K, elapsed_compute=1.89ms, output_bytes=368.3 KB, output_batches=3, spill_count=0, spilled_bytes=0.0 B, spilled_rows=0, skipped_aggregation_rows=0, peak_mem_used=758.3 K, aggregate_arguments_time=30.78µs, aggregation_time=91.55µs, emitting_time=6.21µs, time_calculating_group_ids=1.69ms, reduction_factor=12% (12.33 K/102.7 K)]
              DataSourceExec: file_groups={16 groups: [[home/ec2-user/liquid-cache/benchmark/clickbench/data/hits.parquet:0..923748528], [home/ec2-user/liquid-cache/benchmark/clickbench/data/hits.parquet:923748528..1847497056], [home/ec2-user/liquid-cache/benchmark/clickbench/data/hits.parquet:1847497056..2771245584], [home/ec2-user/liquid-cache/benchmark/clickbench/data/hits.parquet:2771245584..3694994112], [home/ec2-user/liquid-cache/benchmark/clickbench/data/hits.parquet:3694994112..4618742640], [home/ec2-user/liquid-cache/benchmark/clickbench/data/hits.parquet:4618742640..5542491168], [home/ec2-user/liquid-cache/benchmark/clickbench/data/hits.parquet:5542491168..6466239696], [home/ec2-user/liquid-cache/benchmark/clickbench/data/hits.parquet:6466239696..7389988224], [home/ec2-user/liquid-cache/benchmark/clickbench/data/hits.parquet:7389988224..8313736752], [home/ec2-user/liquid-cache/benchmark/clickbench/data/hits.parquet:8313736752..9237485280], [home/ec2-user/liquid-cache/benchmark/clickbench/data/hits.parquet:9237485280..10161233808], [home/ec2-user/liquid-cache/benchmark/clickbench/data/hits.parquet:10161233808..11084982336], [home/ec2-user/liquid-cache/benchmark/clickbench/data/hits.parquet:11084982336..12008730864], [home/ec2-user/liquid-cache/benchmark/clickbench/data/hits.parquet:12008730864..12932479392], [home/ec2-user/liquid-cache/benchmark/clickbench/data/hits.parquet:12932479392..13856227920], [home/ec2-user/liquid-cache/benchmark/clickbench/data/hits.parquet:13856227920..14779976446]]}, projection=[WindowClientWidth, WindowClientHeight], file_type=parquet, predicate=CounterID@6 = 62 AND CAST(CAST(EventDate@5 AS Int32) AS Date32) >= 2013-07-01 AND CAST(CAST(EventDate@5 AS Int32) AS Date32) <= 2013-07-31 AND IsRefresh@15 = 0 AND DontCountHits@61 = 0 AND URLHash@103 = 2868770270353813622, pruning_predicate=CounterID_null_count@2 != row_count@3 AND CounterID_min@0 <= 62 AND 62 <= CounterID_max@1 AND EventDate_null_count@5 != row_count@3 AND CAST(CAST(EventDate_max@4 AS Int32) AS Date32) >= 2013-07-01 AND EventDate_null_count@5 != row_count@3 AND CAST(CAST(EventDate_min@6 AS Int32) AS Date32) <= 2013-07-31 AND IsRefresh_null_count@9 != row_count@3 AND IsRefresh_min@7 <= 0 AND 0 <= IsRefresh_max@8 AND DontCountHits_null_count@12 != row_count@3 AND DontCountHits_min@10 <= 0 AND 0 <= DontCountHits_max@11 AND URLHash_null_count@15 != row_count@3 AND URLHash_min@13 <= 2868770270353813622 AND 2868770270353813622 <= URLHash_max@14, required_guarantees=[CounterID in (62), DontCountHits in (0), IsRefresh in (0), URLHash in (2868770270353813622)], metrics=[output_rows=102.7 K, elapsed_compute=16ns, output_bytes=401.1 KB, output_batches=15, files_ranges_pruned_statistics=16 total → 16 matched, row_groups_pruned_statistics=226 total → 3 matched, row_groups_pruned_bloom_filter=3 total → 3 matched, page_index_pages_pruned=0 total → 0 matched, page_index_rows_pruned=0 total → 0 matched, limit_pruned_row_groups=0 total → 0 matched, batches_split=0, bytes_scanned=9.85 M, file_open_errors=0, file_scan_errors=0, num_predicate_creation_errors=0, predicate_evaluation_errors=0, pushdown_rows_matched=102.7 K, pushdown_rows_pruned=1.30 M, predicate_cache_inner_records=0, predicate_cache_records=0, bloom_filter_eval_time=341.76µs, metadata_load_time=135.98ms, page_index_eval_time=7.49µs, row_pushdown_eval_time=3.90ms, statistics_eval_time=1.76ms, time_elapsed_opening=143.43ms, time_elapsed_processing=224.12ms, time_elapsed_scanning_total=85.83ms, time_elapsed_scanning_until_data=75.39ms, scan_efficiency_ratio=0.067% (9.85 M/14.78 B)]

Time: 38ms

+-------------------+--------------------+-----------+
| WindowClientWidth | WindowClientHeight | pageviews |
+-------------------+--------------------+-----------+
| 1033              | 384                | 1         |
| 1408              | 844                | 1         |
| 1705              | 532                | 1         |
| 1232              | 893                | 1         |
| 1638              | 809                | 1         |
| 746               | 296                | 1         |
| 1668              | 611                | 1         |
| 1285              | 787                | 1         |
| 2004              | 617                | 1         |
| 1201              | 926                | 1         |
+-------------------+--------------------+-----------+

=== EXPLAIN ANALYZE (Query 41, Iteration 4) ===
GlobalLimitExec: skip=10000, fetch=10, metrics=[output_rows=10, elapsed_compute=7.42µs, output_bytes=21.3 KB, output_batches=1]
  SortPreservingMergeExec: [pageviews@2 DESC], fetch=10010, metrics=[output_rows=10.01 K, elapsed_compute=379.30µs, output_bytes=117.3 KB, output_batches=2]
    SortExec: TopK(fetch=10010), expr=[pageviews@2 DESC], preserve_partitioning=[true], metrics=[output_rows=10.95 K, elapsed_compute=2.81ms, output_bytes=128.3 KB, output_batches=16, row_replacements=10.95 K]
      ProjectionExec: expr=[WindowClientWidth@0 as WindowClientWidth, WindowClientHeight@1 as WindowClientHeight, count(Int64(1))@2 as pageviews], metrics=[output_rows=10.95 K, elapsed_compute=20.71µs, output_bytes=149.5 KB, output_batches=16, expr_0_eval_time=2.86µs, expr_1_eval_time=1.44µs, expr_2_eval_time=1.40µs]
        AggregateExec: mode=FinalPartitioned, gby=[WindowClientWidth@0 as WindowClientWidth, WindowClientHeight@1 as WindowClientHeight], aggr=[count(Int64(1))], metrics=[output_rows=10.95 K, elapsed_compute=909.94µs, output_bytes=149.5 KB, output_batches=16, spill_count=0, spilled_bytes=0.0 B, spilled_rows=0, peak_mem_used=1.06 M, aggregate_arguments_time=13.57µs, aggregation_time=31.64µs, emitting_time=21.03µs, time_calculating_group_ids=733.41µs]
          RepartitionExec: partitioning=Hash([WindowClientWidth@0, WindowClientHeight@1], 16), input_partitions=16, metrics=[output_rows=12.33 K, elapsed_compute=172.84µs, output_bytes=1536.0 KB, output_batches=16, spill_count=0, spilled_bytes=0.0 B, spilled_rows=0, fetch_time=240.61ms, repartition_time=168.31µs, send_time=35.51µs]
            AggregateExec: mode=Partial, gby=[WindowClientWidth@0 as WindowClientWidth, WindowClientHeight@1 as WindowClientHeight], aggr=[count(Int64(1))], metrics=[output_rows=12.33 K, elapsed_compute=1.64ms, output_bytes=368.3 KB, output_batches=3, spill_count=0, spilled_bytes=0.0 B, spilled_rows=0, skipped_aggregation_rows=0, peak_mem_used=758.3 K, aggregate_arguments_time=26.04µs, aggregation_time=86.51µs, emitting_time=5.94µs, time_calculating_group_ids=1.45ms, reduction_factor=12% (12.33 K/102.7 K)]
              DataSourceExec: file_groups={16 groups: [[home/ec2-user/liquid-cache/benchmark/clickbench/data/hits.parquet:0..923748528], [home/ec2-user/liquid-cache/benchmark/clickbench/data/hits.parquet:923748528..1847497056], [home/ec2-user/liquid-cache/benchmark/clickbench/data/hits.parquet:1847497056..2771245584], [home/ec2-user/liquid-cache/benchmark/clickbench/data/hits.parquet:2771245584..3694994112], [home/ec2-user/liquid-cache/benchmark/clickbench/data/hits.parquet:3694994112..4618742640], [home/ec2-user/liquid-cache/benchmark/clickbench/data/hits.parquet:4618742640..5542491168], [home/ec2-user/liquid-cache/benchmark/clickbench/data/hits.parquet:5542491168..6466239696], [home/ec2-user/liquid-cache/benchmark/clickbench/data/hits.parquet:6466239696..7389988224], [home/ec2-user/liquid-cache/benchmark/clickbench/data/hits.parquet:7389988224..8313736752], [home/ec2-user/liquid-cache/benchmark/clickbench/data/hits.parquet:8313736752..9237485280], [home/ec2-user/liquid-cache/benchmark/clickbench/data/hits.parquet:9237485280..10161233808], [home/ec2-user/liquid-cache/benchmark/clickbench/data/hits.parquet:10161233808..11084982336], [home/ec2-user/liquid-cache/benchmark/clickbench/data/hits.parquet:11084982336..12008730864], [home/ec2-user/liquid-cache/benchmark/clickbench/data/hits.parquet:12008730864..12932479392], [home/ec2-user/liquid-cache/benchmark/clickbench/data/hits.parquet:12932479392..13856227920], [home/ec2-user/liquid-cache/benchmark/clickbench/data/hits.parquet:13856227920..14779976446]]}, projection=[WindowClientWidth, WindowClientHeight], file_type=parquet, predicate=CounterID@6 = 62 AND CAST(CAST(EventDate@5 AS Int32) AS Date32) >= 2013-07-01 AND CAST(CAST(EventDate@5 AS Int32) AS Date32) <= 2013-07-31 AND IsRefresh@15 = 0 AND DontCountHits@61 = 0 AND URLHash@103 = 2868770270353813622, pruning_predicate=CounterID_null_count@2 != row_count@3 AND CounterID_min@0 <= 62 AND 62 <= CounterID_max@1 AND EventDate_null_count@5 != row_count@3 AND CAST(CAST(EventDate_max@4 AS Int32) AS Date32) >= 2013-07-01 AND EventDate_null_count@5 != row_count@3 AND CAST(CAST(EventDate_min@6 AS Int32) AS Date32) <= 2013-07-31 AND IsRefresh_null_count@9 != row_count@3 AND IsRefresh_min@7 <= 0 AND 0 <= IsRefresh_max@8 AND DontCountHits_null_count@12 != row_count@3 AND DontCountHits_min@10 <= 0 AND 0 <= DontCountHits_max@11 AND URLHash_null_count@15 != row_count@3 AND URLHash_min@13 <= 2868770270353813622 AND 2868770270353813622 <= URLHash_max@14, required_guarantees=[CounterID in (62), DontCountHits in (0), IsRefresh in (0), URLHash in (2868770270353813622)], metrics=[output_rows=102.7 K, elapsed_compute=16ns, output_bytes=401.1 KB, output_batches=15, files_ranges_pruned_statistics=16 total → 16 matched, row_groups_pruned_statistics=226 total → 3 matched, row_groups_pruned_bloom_filter=3 total → 3 matched, page_index_pages_pruned=0 total → 0 matched, page_index_rows_pruned=0 total → 0 matched, limit_pruned_row_groups=0 total → 0 matched, batches_split=0, bytes_scanned=9.85 M, file_open_errors=0, file_scan_errors=0, num_predicate_creation_errors=0, predicate_evaluation_errors=0, pushdown_rows_matched=102.7 K, pushdown_rows_pruned=1.30 M, predicate_cache_inner_records=0, predicate_cache_records=0, bloom_filter_eval_time=277.60µs, metadata_load_time=153.31ms, page_index_eval_time=5.48µs, row_pushdown_eval_time=3.50ms, statistics_eval_time=1.57ms, time_elapsed_opening=160.44ms, time_elapsed_processing=236.65ms, time_elapsed_scanning_total=79.92ms, time_elapsed_scanning_until_data=70.54ms, scan_efficiency_ratio=0.067% (9.85 M/14.78 B)]

Time: 36ms

+-------------------+--------------------+-----------+
| WindowClientWidth | WindowClientHeight | pageviews |
+-------------------+--------------------+-----------+
| 1033              | 384                | 1         |
| 1408              | 844                | 1         |
| 1705              | 532                | 1         |
| 1232              | 893                | 1         |
| 1638              | 809                | 1         |
| 746               | 296                | 1         |
| 1668              | 611                | 1         |
| 1285              | 787                | 1         |
| 2004              | 617                | 1         |
| 1201              | 926                | 1         |
+-------------------+--------------------+-----------+
