
=== EXPLAIN ANALYZE (Query 41, Iteration 0) ===
GlobalLimitExec: skip=10000, fetch=10, metrics=[output_rows=10, elapsed_compute=6.63µs, output_bytes=21.3 KB, output_batches=1]
  SortPreservingMergeExec: [pageviews@2 DESC], fetch=10010, metrics=[output_rows=10.01 K, elapsed_compute=309.44µs, output_bytes=117.3 KB, output_batches=2]
    SortExec: TopK(fetch=10010), expr=[pageviews@2 DESC], preserve_partitioning=[true], metrics=[output_rows=10.95 K, elapsed_compute=3.58ms, output_bytes=128.3 KB, output_batches=16, row_replacements=10.95 K]
      ProjectionExec: expr=[WindowClientWidth@0 as WindowClientWidth, WindowClientHeight@1 as WindowClientHeight, count(Int64(1))@2 as pageviews], metrics=[output_rows=10.95 K, elapsed_compute=23.67µs, output_bytes=149.5 KB, output_batches=16, expr_0_eval_time=3.14µs, expr_1_eval_time=1.57µs, expr_2_eval_time=1.39µs]
        AggregateExec: mode=FinalPartitioned, gby=[WindowClientWidth@0 as WindowClientWidth, WindowClientHeight@1 as WindowClientHeight], aggr=[count(Int64(1))], metrics=[output_rows=10.95 K, elapsed_compute=965.03µs, output_bytes=149.5 KB, output_batches=16, spill_count=0, spilled_bytes=0.0 B, spilled_rows=0, peak_mem_used=1.06 M, aggregate_arguments_time=12.21µs, aggregation_time=33.55µs, emitting_time=23.02µs, time_calculating_group_ids=746.80µs]
          RepartitionExec: partitioning=Hash([WindowClientWidth@0, WindowClientHeight@1], 16), input_partitions=16, metrics=[output_rows=12.33 K, elapsed_compute=201.35µs, output_bytes=1536.0 KB, output_batches=16, spill_count=0, spilled_bytes=0.0 B, spilled_rows=0, fetch_time=691.39ms, repartition_time=230.20µs, send_time=38.95µs]
            AggregateExec: mode=Partial, gby=[WindowClientWidth@0 as WindowClientWidth, WindowClientHeight@1 as WindowClientHeight], aggr=[count(Int64(1))], metrics=[output_rows=12.33 K, elapsed_compute=13.31ms, output_bytes=386.2 KB, output_batches=3, spill_count=0, spilled_bytes=0.0 B, spilled_rows=0, skipped_aggregation_rows=0, peak_mem_used=583.4 K, aggregate_arguments_time=170.19µs, aggregation_time=138.30µs, emitting_time=17.97µs, time_calculating_group_ids=1.67ms, reduction_factor=12% (12.33 K/102.7 K)]
              DataSourceExec: file_groups={16 groups: [[home/ec2-user/liquid-cache/benchmark/clickbench/data/hits.parquet:0..923748528], [home/ec2-user/liquid-cache/benchmark/clickbench/data/hits.parquet:923748528..1847497056], [home/ec2-user/liquid-cache/benchmark/clickbench/data/hits.parquet:1847497056..2771245584], [home/ec2-user/liquid-cache/benchmark/clickbench/data/hits.parquet:2771245584..3694994112], [home/ec2-user/liquid-cache/benchmark/clickbench/data/hits.parquet:3694994112..4618742640], [home/ec2-user/liquid-cache/benchmark/clickbench/data/hits.parquet:4618742640..5542491168], [home/ec2-user/liquid-cache/benchmark/clickbench/data/hits.parquet:5542491168..6466239696], [home/ec2-user/liquid-cache/benchmark/clickbench/data/hits.parquet:6466239696..7389988224], [home/ec2-user/liquid-cache/benchmark/clickbench/data/hits.parquet:7389988224..8313736752], [home/ec2-user/liquid-cache/benchmark/clickbench/data/hits.parquet:8313736752..9237485280], [home/ec2-user/liquid-cache/benchmark/clickbench/data/hits.parquet:9237485280..10161233808], [home/ec2-user/liquid-cache/benchmark/clickbench/data/hits.parquet:10161233808..11084982336], [home/ec2-user/liquid-cache/benchmark/clickbench/data/hits.parquet:11084982336..12008730864], [home/ec2-user/liquid-cache/benchmark/clickbench/data/hits.parquet:12008730864..12932479392], [home/ec2-user/liquid-cache/benchmark/clickbench/data/hits.parquet:12932479392..13856227920], [home/ec2-user/liquid-cache/benchmark/clickbench/data/hits.parquet:13856227920..14779976446]]}, projection=[WindowClientWidth, WindowClientHeight], file_type=liquid_parquet, metrics=[output_rows=102.7 K, elapsed_compute=16ns, output_bytes=406.5 KB, output_batches=92, files_ranges_pruned_statistics=16 total → 16 matched, row_groups_pruned_statistics=226 total → 3 matched, row_groups_pruned_bloom_filter=0 total → 0 matched, page_index_pages_pruned=0 total → 0 matched, page_index_rows_pruned=0 total → 0 matched, limit_pruned_row_groups=0 total → 0 matched, batches_split=0, bytes_scanned=9.85 M, file_open_errors=0, file_scan_errors=0, num_predicate_creation_errors=0, predicate_evaluation_errors=0, pushdown_rows_matched=0, pushdown_rows_pruned=0, predicate_cache_inner_records=0, predicate_cache_records=0, bloom_filter_eval_time=156.23µs, metadata_load_time=149.40ms, page_index_eval_time=4.30µs, row_pushdown_eval_time=32ns, statistics_eval_time=683.52µs, time_elapsed_opening=186.51ms, time_elapsed_processing=99.99ms, time_elapsed_scanning_total=492.85ms, time_elapsed_scanning_until_data=34.44ms, scan_efficiency_ratio=N/A (0/0)]

Cache: entries=860, mem=9MB, disk=3MB
  Hits: cache_hit=0, eval_predicate=804
  Misses: cache_miss=172
  IO: read=0, write=237
  Squeeze: squeezed_success=0, squeezed_needs_io=0
Time: 502ms

+-------------------+--------------------+-----------+
| WindowClientWidth | WindowClientHeight | pageviews |
+-------------------+--------------------+-----------+
| 1033              | 384                | 1         |
| 1408              | 844                | 1         |
| 1705              | 532                | 1         |
| 1232              | 893                | 1         |
| 1638              | 809                | 1         |
| 746               | 296                | 1         |
| 1668              | 611                | 1         |
| 1285              | 787                | 1         |
| 2004              | 617                | 1         |
| 1201              | 926                | 1         |
+-------------------+--------------------+-----------+

=== EXPLAIN ANALYZE (Query 41, Iteration 1) ===
GlobalLimitExec: skip=10000, fetch=10, metrics=[output_rows=10, elapsed_compute=7.46µs, output_bytes=21.3 KB, output_batches=1]
  SortPreservingMergeExec: [pageviews@2 DESC], fetch=10010, metrics=[output_rows=10.01 K, elapsed_compute=406.46µs, output_bytes=117.3 KB, output_batches=2]
    SortExec: TopK(fetch=10010), expr=[pageviews@2 DESC], preserve_partitioning=[true], metrics=[output_rows=10.95 K, elapsed_compute=2.69ms, output_bytes=128.3 KB, output_batches=16, row_replacements=10.95 K]
      ProjectionExec: expr=[WindowClientWidth@0 as WindowClientWidth, WindowClientHeight@1 as WindowClientHeight, count(Int64(1))@2 as pageviews], metrics=[output_rows=10.95 K, elapsed_compute=21.57µs, output_bytes=149.5 KB, output_batches=16, expr_0_eval_time=2.86µs, expr_1_eval_time=1.37µs, expr_2_eval_time=1.32µs]
        AggregateExec: mode=FinalPartitioned, gby=[WindowClientWidth@0 as WindowClientWidth, WindowClientHeight@1 as WindowClientHeight], aggr=[count(Int64(1))], metrics=[output_rows=10.95 K, elapsed_compute=801.77µs, output_bytes=149.5 KB, output_batches=16, spill_count=0, spilled_bytes=0.0 B, spilled_rows=0, peak_mem_used=1.06 M, aggregate_arguments_time=12.12µs, aggregation_time=27.86µs, emitting_time=20.83µs, time_calculating_group_ids=647.18µs]
          RepartitionExec: partitioning=Hash([WindowClientWidth@0, WindowClientHeight@1], 16), input_partitions=16, metrics=[output_rows=12.33 K, elapsed_compute=156.98µs, output_bytes=1536.0 KB, output_batches=16, spill_count=0, spilled_bytes=0.0 B, spilled_rows=0, fetch_time=113.11ms, repartition_time=180.67µs, send_time=25.64µs]
            AggregateExec: mode=Partial, gby=[WindowClientWidth@0 as WindowClientWidth, WindowClientHeight@1 as WindowClientHeight], aggr=[count(Int64(1))], metrics=[output_rows=12.33 K, elapsed_compute=2.03ms, output_bytes=386.2 KB, output_batches=3, spill_count=0, spilled_bytes=0.0 B, spilled_rows=0, skipped_aggregation_rows=0, peak_mem_used=583.4 K, aggregate_arguments_time=71.92µs, aggregation_time=128.62µs, emitting_time=4.41µs, time_calculating_group_ids=1.70ms, reduction_factor=12% (12.33 K/102.7 K)]
              DataSourceExec: file_groups={16 groups: [[home/ec2-user/liquid-cache/benchmark/clickbench/data/hits.parquet:0..923748528], [home/ec2-user/liquid-cache/benchmark/clickbench/data/hits.parquet:923748528..1847497056], [home/ec2-user/liquid-cache/benchmark/clickbench/data/hits.parquet:1847497056..2771245584], [home/ec2-user/liquid-cache/benchmark/clickbench/data/hits.parquet:2771245584..3694994112], [home/ec2-user/liquid-cache/benchmark/clickbench/data/hits.parquet:3694994112..4618742640], [home/ec2-user/liquid-cache/benchmark/clickbench/data/hits.parquet:4618742640..5542491168], [home/ec2-user/liquid-cache/benchmark/clickbench/data/hits.parquet:5542491168..6466239696], [home/ec2-user/liquid-cache/benchmark/clickbench/data/hits.parquet:6466239696..7389988224], [home/ec2-user/liquid-cache/benchmark/clickbench/data/hits.parquet:7389988224..8313736752], [home/ec2-user/liquid-cache/benchmark/clickbench/data/hits.parquet:8313736752..9237485280], [home/ec2-user/liquid-cache/benchmark/clickbench/data/hits.parquet:9237485280..10161233808], [home/ec2-user/liquid-cache/benchmark/clickbench/data/hits.parquet:10161233808..11084982336], [home/ec2-user/liquid-cache/benchmark/clickbench/data/hits.parquet:11084982336..12008730864], [home/ec2-user/liquid-cache/benchmark/clickbench/data/hits.parquet:12008730864..12932479392], [home/ec2-user/liquid-cache/benchmark/clickbench/data/hits.parquet:12932479392..13856227920], [home/ec2-user/liquid-cache/benchmark/clickbench/data/hits.parquet:13856227920..14779976446]]}, projection=[WindowClientWidth, WindowClientHeight], file_type=liquid_parquet, metrics=[output_rows=102.7 K, elapsed_compute=16ns, output_bytes=406.5 KB, output_batches=92, files_ranges_pruned_statistics=16 total → 16 matched, row_groups_pruned_statistics=226 total → 3 matched, row_groups_pruned_bloom_filter=0 total → 0 matched, page_index_pages_pruned=0 total → 0 matched, page_index_rows_pruned=0 total → 0 matched, limit_pruned_row_groups=0 total → 0 matched, batches_split=0, bytes_scanned=9.85 M, file_open_errors=0, file_scan_errors=0, num_predicate_creation_errors=0, predicate_evaluation_errors=0, pushdown_rows_matched=0, pushdown_rows_pruned=0, predicate_cache_inner_records=0, predicate_cache_records=0, bloom_filter_eval_time=195.29µs, metadata_load_time=3.42ms, page_index_eval_time=5.64µs, row_pushdown_eval_time=32ns, statistics_eval_time=806.53µs, time_elapsed_opening=8.35ms, time_elapsed_processing=29.77ms, time_elapsed_scanning_total=104.60ms, time_elapsed_scanning_until_data=19.20ms, scan_efficiency_ratio=N/A (0/0)]

Cache: entries=860, mem=9MB, disk=3MB
  Hits: cache_hit=0, eval_predicate=632
  Misses: cache_miss=0
  IO: read=133, write=0
  Squeeze: squeezed_success=0, squeezed_needs_io=18
Time: 77ms

+-------------------+--------------------+-----------+
| WindowClientWidth | WindowClientHeight | pageviews |
+-------------------+--------------------+-----------+
| 1629              | 604                | 1         |
| 1014              | 622                | 1         |
| 1267              | 589                | 1         |
| 878               | 348                | 1         |
| 1910              | 820                | 1         |
| 1416              | 774                | 1         |
| 1203              | 821                | 1         |
| 893               | 588                | 1         |
| 1798              | 911                | 1         |
| 679               | 525                | 1         |
+-------------------+--------------------+-----------+

=== EXPLAIN ANALYZE (Query 41, Iteration 2) ===
GlobalLimitExec: skip=10000, fetch=10, metrics=[output_rows=10, elapsed_compute=7.66µs, output_bytes=21.3 KB, output_batches=1]
  SortPreservingMergeExec: [pageviews@2 DESC], fetch=10010, metrics=[output_rows=10.01 K, elapsed_compute=533.33µs, output_bytes=117.3 KB, output_batches=2]
    SortExec: TopK(fetch=10010), expr=[pageviews@2 DESC], preserve_partitioning=[true], metrics=[output_rows=10.95 K, elapsed_compute=2.62ms, output_bytes=128.3 KB, output_batches=16, row_replacements=10.95 K]
      ProjectionExec: expr=[WindowClientWidth@0 as WindowClientWidth, WindowClientHeight@1 as WindowClientHeight, count(Int64(1))@2 as pageviews], metrics=[output_rows=10.95 K, elapsed_compute=19.46µs, output_bytes=149.5 KB, output_batches=16, expr_0_eval_time=2.64µs, expr_1_eval_time=1.29µs, expr_2_eval_time=1.27µs]
        AggregateExec: mode=FinalPartitioned, gby=[WindowClientWidth@0 as WindowClientWidth, WindowClientHeight@1 as WindowClientHeight], aggr=[count(Int64(1))], metrics=[output_rows=10.95 K, elapsed_compute=785.79µs, output_bytes=149.5 KB, output_batches=16, spill_count=0, spilled_bytes=0.0 B, spilled_rows=0, peak_mem_used=1.06 M, aggregate_arguments_time=11.18µs, aggregation_time=26.85µs, emitting_time=22.28µs, time_calculating_group_ids=625.73µs]
          RepartitionExec: partitioning=Hash([WindowClientWidth@0, WindowClientHeight@1], 16), input_partitions=16, metrics=[output_rows=12.33 K, elapsed_compute=140.32µs, output_bytes=1536.0 KB, output_batches=16, spill_count=0, spilled_bytes=0.0 B, spilled_rows=0, fetch_time=113.53ms, repartition_time=159.54µs, send_time=27.55µs]
            AggregateExec: mode=Partial, gby=[WindowClientWidth@0 as WindowClientWidth, WindowClientHeight@1 as WindowClientHeight], aggr=[count(Int64(1))], metrics=[output_rows=12.33 K, elapsed_compute=2.01ms, output_bytes=386.2 KB, output_batches=3, spill_count=0, spilled_bytes=0.0 B, spilled_rows=0, skipped_aggregation_rows=0, peak_mem_used=583.4 K, aggregate_arguments_time=72.37µs, aggregation_time=126.41µs, emitting_time=4.16µs, time_calculating_group_ids=1.66ms, reduction_factor=12% (12.33 K/102.7 K)]
              DataSourceExec: file_groups={16 groups: [[home/ec2-user/liquid-cache/benchmark/clickbench/data/hits.parquet:0..923748528], [home/ec2-user/liquid-cache/benchmark/clickbench/data/hits.parquet:923748528..1847497056], [home/ec2-user/liquid-cache/benchmark/clickbench/data/hits.parquet:1847497056..2771245584], [home/ec2-user/liquid-cache/benchmark/clickbench/data/hits.parquet:2771245584..3694994112], [home/ec2-user/liquid-cache/benchmark/clickbench/data/hits.parquet:3694994112..4618742640], [home/ec2-user/liquid-cache/benchmark/clickbench/data/hits.parquet:4618742640..5542491168], [home/ec2-user/liquid-cache/benchmark/clickbench/data/hits.parquet:5542491168..6466239696], [home/ec2-user/liquid-cache/benchmark/clickbench/data/hits.parquet:6466239696..7389988224], [home/ec2-user/liquid-cache/benchmark/clickbench/data/hits.parquet:7389988224..8313736752], [home/ec2-user/liquid-cache/benchmark/clickbench/data/hits.parquet:8313736752..9237485280], [home/ec2-user/liquid-cache/benchmark/clickbench/data/hits.parquet:9237485280..10161233808], [home/ec2-user/liquid-cache/benchmark/clickbench/data/hits.parquet:10161233808..11084982336], [home/ec2-user/liquid-cache/benchmark/clickbench/data/hits.parquet:11084982336..12008730864], [home/ec2-user/liquid-cache/benchmark/clickbench/data/hits.parquet:12008730864..12932479392], [home/ec2-user/liquid-cache/benchmark/clickbench/data/hits.parquet:12932479392..13856227920], [home/ec2-user/liquid-cache/benchmark/clickbench/data/hits.parquet:13856227920..14779976446]]}, projection=[WindowClientWidth, WindowClientHeight], file_type=liquid_parquet, metrics=[output_rows=102.7 K, elapsed_compute=16ns, output_bytes=406.5 KB, output_batches=92, files_ranges_pruned_statistics=16 total → 16 matched, row_groups_pruned_statistics=226 total → 3 matched, row_groups_pruned_bloom_filter=0 total → 0 matched, page_index_pages_pruned=0 total → 0 matched, page_index_rows_pruned=0 total → 0 matched, limit_pruned_row_groups=0 total → 0 matched, batches_split=0, bytes_scanned=9.85 M, file_open_errors=0, file_scan_errors=0, num_predicate_creation_errors=0, predicate_evaluation_errors=0, pushdown_rows_matched=0, pushdown_rows_pruned=0, predicate_cache_inner_records=0, predicate_cache_records=0, bloom_filter_eval_time=213.14µs, metadata_load_time=3.46ms, page_index_eval_time=4.42µs, row_pushdown_eval_time=32ns, statistics_eval_time=750.91µs, time_elapsed_opening=8.12ms, time_elapsed_processing=26.54ms, time_elapsed_scanning_total=105.22ms, time_elapsed_scanning_until_data=20.85ms, scan_efficiency_ratio=N/A (0/0)]

Cache: entries=860, mem=9MB, disk=3MB
  Hits: cache_hit=0, eval_predicate=632
  Misses: cache_miss=0
  IO: read=133, write=0
  Squeeze: squeezed_success=0, squeezed_needs_io=18
Time: 81ms

+-------------------+--------------------+-----------+
| WindowClientWidth | WindowClientHeight | pageviews |
+-------------------+--------------------+-----------+
| 1629              | 604                | 1         |
| 1014              | 622                | 1         |
| 1267              | 589                | 1         |
| 878               | 348                | 1         |
| 1910              | 820                | 1         |
| 1416              | 774                | 1         |
| 1203              | 821                | 1         |
| 893               | 588                | 1         |
| 1798              | 911                | 1         |
| 679               | 525                | 1         |
+-------------------+--------------------+-----------+

=== EXPLAIN ANALYZE (Query 41, Iteration 3) ===
GlobalLimitExec: skip=10000, fetch=10, metrics=[output_rows=10, elapsed_compute=6.76µs, output_bytes=21.3 KB, output_batches=1]
  SortPreservingMergeExec: [pageviews@2 DESC], fetch=10010, metrics=[output_rows=10.01 K, elapsed_compute=311.52µs, output_bytes=117.3 KB, output_batches=2]
    SortExec: TopK(fetch=10010), expr=[pageviews@2 DESC], preserve_partitioning=[true], metrics=[output_rows=10.95 K, elapsed_compute=2.74ms, output_bytes=128.3 KB, output_batches=16, row_replacements=10.95 K]
      ProjectionExec: expr=[WindowClientWidth@0 as WindowClientWidth, WindowClientHeight@1 as WindowClientHeight, count(Int64(1))@2 as pageviews], metrics=[output_rows=10.95 K, elapsed_compute=21.30µs, output_bytes=149.5 KB, output_batches=16, expr_0_eval_time=2.84µs, expr_1_eval_time=1.62µs, expr_2_eval_time=1.57µs]
        AggregateExec: mode=FinalPartitioned, gby=[WindowClientWidth@0 as WindowClientWidth, WindowClientHeight@1 as WindowClientHeight], aggr=[count(Int64(1))], metrics=[output_rows=10.95 K, elapsed_compute=806.70µs, output_bytes=149.5 KB, output_batches=16, spill_count=0, spilled_bytes=0.0 B, spilled_rows=0, peak_mem_used=1.06 M, aggregate_arguments_time=11.12µs, aggregation_time=28.96µs, emitting_time=20.34µs, time_calculating_group_ids=640.97µs]
          RepartitionExec: partitioning=Hash([WindowClientWidth@0, WindowClientHeight@1], 16), input_partitions=16, metrics=[output_rows=12.33 K, elapsed_compute=146.01µs, output_bytes=1536.0 KB, output_batches=16, spill_count=0, spilled_bytes=0.0 B, spilled_rows=0, fetch_time=117.87ms, repartition_time=162.02µs, send_time=36.36µs]
            AggregateExec: mode=Partial, gby=[WindowClientWidth@0 as WindowClientWidth, WindowClientHeight@1 as WindowClientHeight], aggr=[count(Int64(1))], metrics=[output_rows=12.33 K, elapsed_compute=2.07ms, output_bytes=386.2 KB, output_batches=3, spill_count=0, spilled_bytes=0.0 B, spilled_rows=0, skipped_aggregation_rows=0, peak_mem_used=583.4 K, aggregate_arguments_time=74.40µs, aggregation_time=134.80µs, emitting_time=4.34µs, time_calculating_group_ids=1.71ms, reduction_factor=12% (12.33 K/102.7 K)]
              DataSourceExec: file_groups={16 groups: [[home/ec2-user/liquid-cache/benchmark/clickbench/data/hits.parquet:0..923748528], [home/ec2-user/liquid-cache/benchmark/clickbench/data/hits.parquet:923748528..1847497056], [home/ec2-user/liquid-cache/benchmark/clickbench/data/hits.parquet:1847497056..2771245584], [home/ec2-user/liquid-cache/benchmark/clickbench/data/hits.parquet:2771245584..3694994112], [home/ec2-user/liquid-cache/benchmark/clickbench/data/hits.parquet:3694994112..4618742640], [home/ec2-user/liquid-cache/benchmark/clickbench/data/hits.parquet:4618742640..5542491168], [home/ec2-user/liquid-cache/benchmark/clickbench/data/hits.parquet:5542491168..6466239696], [home/ec2-user/liquid-cache/benchmark/clickbench/data/hits.parquet:6466239696..7389988224], [home/ec2-user/liquid-cache/benchmark/clickbench/data/hits.parquet:7389988224..8313736752], [home/ec2-user/liquid-cache/benchmark/clickbench/data/hits.parquet:8313736752..9237485280], [home/ec2-user/liquid-cache/benchmark/clickbench/data/hits.parquet:9237485280..10161233808], [home/ec2-user/liquid-cache/benchmark/clickbench/data/hits.parquet:10161233808..11084982336], [home/ec2-user/liquid-cache/benchmark/clickbench/data/hits.parquet:11084982336..12008730864], [home/ec2-user/liquid-cache/benchmark/clickbench/data/hits.parquet:12008730864..12932479392], [home/ec2-user/liquid-cache/benchmark/clickbench/data/hits.parquet:12932479392..13856227920], [home/ec2-user/liquid-cache/benchmark/clickbench/data/hits.parquet:13856227920..14779976446]]}, projection=[WindowClientWidth, WindowClientHeight], file_type=liquid_parquet, metrics=[output_rows=102.7 K, elapsed_compute=16ns, output_bytes=406.5 KB, output_batches=92, files_ranges_pruned_statistics=16 total → 16 matched, row_groups_pruned_statistics=226 total → 3 matched, row_groups_pruned_bloom_filter=0 total → 0 matched, page_index_pages_pruned=0 total → 0 matched, page_index_rows_pruned=0 total → 0 matched, limit_pruned_row_groups=0 total → 0 matched, batches_split=0, bytes_scanned=9.85 M, file_open_errors=0, file_scan_errors=0, num_predicate_creation_errors=0, predicate_evaluation_errors=0, pushdown_rows_matched=0, pushdown_rows_pruned=0, predicate_cache_inner_records=0, predicate_cache_records=0, bloom_filter_eval_time=208.90µs, metadata_load_time=3.55ms, page_index_eval_time=4.33µs, row_pushdown_eval_time=32ns, statistics_eval_time=766.32µs, time_elapsed_opening=8.19ms, time_elapsed_processing=28.20ms, time_elapsed_scanning_total=109.50ms, time_elapsed_scanning_until_data=20.41ms, scan_efficiency_ratio=N/A (0/0)]

Cache: entries=860, mem=9MB, disk=3MB
  Hits: cache_hit=0, eval_predicate=632
  Misses: cache_miss=0
  IO: read=133, write=0
  Squeeze: squeezed_success=0, squeezed_needs_io=18
Time: 84ms

+-------------------+--------------------+-----------+
| WindowClientWidth | WindowClientHeight | pageviews |
+-------------------+--------------------+-----------+
| 1629              | 604                | 1         |
| 1014              | 622                | 1         |
| 1267              | 589                | 1         |
| 878               | 348                | 1         |
| 1910              | 820                | 1         |
| 1416              | 774                | 1         |
| 1203              | 821                | 1         |
| 893               | 588                | 1         |
| 1798              | 911                | 1         |
| 679               | 525                | 1         |
+-------------------+--------------------+-----------+

=== EXPLAIN ANALYZE (Query 41, Iteration 4) ===
GlobalLimitExec: skip=10000, fetch=10, metrics=[output_rows=10, elapsed_compute=6.66µs, output_bytes=21.3 KB, output_batches=1]
  SortPreservingMergeExec: [pageviews@2 DESC], fetch=10010, metrics=[output_rows=10.01 K, elapsed_compute=362.03µs, output_bytes=117.3 KB, output_batches=2]
    SortExec: TopK(fetch=10010), expr=[pageviews@2 DESC], preserve_partitioning=[true], metrics=[output_rows=10.95 K, elapsed_compute=2.69ms, output_bytes=128.3 KB, output_batches=16, row_replacements=10.95 K]
      ProjectionExec: expr=[WindowClientWidth@0 as WindowClientWidth, WindowClientHeight@1 as WindowClientHeight, count(Int64(1))@2 as pageviews], metrics=[output_rows=10.95 K, elapsed_compute=22.56µs, output_bytes=149.5 KB, output_batches=16, expr_0_eval_time=3.39µs, expr_1_eval_time=1.50µs, expr_2_eval_time=1.41µs]
        AggregateExec: mode=FinalPartitioned, gby=[WindowClientWidth@0 as WindowClientWidth, WindowClientHeight@1 as WindowClientHeight], aggr=[count(Int64(1))], metrics=[output_rows=10.95 K, elapsed_compute=833.85µs, output_bytes=149.5 KB, output_batches=16, spill_count=0, spilled_bytes=0.0 B, spilled_rows=0, peak_mem_used=1.06 M, aggregate_arguments_time=12.56µs, aggregation_time=27.80µs, emitting_time=21.70µs, time_calculating_group_ids=658.65µs]
          RepartitionExec: partitioning=Hash([WindowClientWidth@0, WindowClientHeight@1], 16), input_partitions=16, metrics=[output_rows=12.33 K, elapsed_compute=179.77µs, output_bytes=1536.0 KB, output_batches=16, spill_count=0, spilled_bytes=0.0 B, spilled_rows=0, fetch_time=116.27ms, repartition_time=201.70µs, send_time=36.23µs]
            AggregateExec: mode=Partial, gby=[WindowClientWidth@0 as WindowClientWidth, WindowClientHeight@1 as WindowClientHeight], aggr=[count(Int64(1))], metrics=[output_rows=12.33 K, elapsed_compute=2.56ms, output_bytes=386.2 KB, output_batches=3, spill_count=0, spilled_bytes=0.0 B, spilled_rows=0, skipped_aggregation_rows=0, peak_mem_used=583.4 K, aggregate_arguments_time=233.74µs, aggregation_time=276.03µs, emitting_time=4.98µs, time_calculating_group_ids=1.91ms, reduction_factor=12% (12.33 K/102.7 K)]
              DataSourceExec: file_groups={16 groups: [[home/ec2-user/liquid-cache/benchmark/clickbench/data/hits.parquet:0..923748528], [home/ec2-user/liquid-cache/benchmark/clickbench/data/hits.parquet:923748528..1847497056], [home/ec2-user/liquid-cache/benchmark/clickbench/data/hits.parquet:1847497056..2771245584], [home/ec2-user/liquid-cache/benchmark/clickbench/data/hits.parquet:2771245584..3694994112], [home/ec2-user/liquid-cache/benchmark/clickbench/data/hits.parquet:3694994112..4618742640], [home/ec2-user/liquid-cache/benchmark/clickbench/data/hits.parquet:4618742640..5542491168], [home/ec2-user/liquid-cache/benchmark/clickbench/data/hits.parquet:5542491168..6466239696], [home/ec2-user/liquid-cache/benchmark/clickbench/data/hits.parquet:6466239696..7389988224], [home/ec2-user/liquid-cache/benchmark/clickbench/data/hits.parquet:7389988224..8313736752], [home/ec2-user/liquid-cache/benchmark/clickbench/data/hits.parquet:8313736752..9237485280], [home/ec2-user/liquid-cache/benchmark/clickbench/data/hits.parquet:9237485280..10161233808], [home/ec2-user/liquid-cache/benchmark/clickbench/data/hits.parquet:10161233808..11084982336], [home/ec2-user/liquid-cache/benchmark/clickbench/data/hits.parquet:11084982336..12008730864], [home/ec2-user/liquid-cache/benchmark/clickbench/data/hits.parquet:12008730864..12932479392], [home/ec2-user/liquid-cache/benchmark/clickbench/data/hits.parquet:12932479392..13856227920], [home/ec2-user/liquid-cache/benchmark/clickbench/data/hits.parquet:13856227920..14779976446]]}, projection=[WindowClientWidth, WindowClientHeight], file_type=liquid_parquet, metrics=[output_rows=102.7 K, elapsed_compute=16ns, output_bytes=406.5 KB, output_batches=92, files_ranges_pruned_statistics=16 total → 16 matched, row_groups_pruned_statistics=226 total → 3 matched, row_groups_pruned_bloom_filter=0 total → 0 matched, page_index_pages_pruned=0 total → 0 matched, page_index_rows_pruned=0 total → 0 matched, limit_pruned_row_groups=0 total → 0 matched, batches_split=0, bytes_scanned=9.85 M, file_open_errors=0, file_scan_errors=0, num_predicate_creation_errors=0, predicate_evaluation_errors=0, pushdown_rows_matched=0, pushdown_rows_pruned=0, predicate_cache_inner_records=0, predicate_cache_records=0, bloom_filter_eval_time=199.74µs, metadata_load_time=3.71ms, page_index_eval_time=4.47µs, row_pushdown_eval_time=32ns, statistics_eval_time=814.56µs, time_elapsed_opening=8.80ms, time_elapsed_processing=29.10ms, time_elapsed_scanning_total=107.30ms, time_elapsed_scanning_until_data=22.95ms, scan_efficiency_ratio=N/A (0/0)]

Cache: entries=860, mem=9MB, disk=3MB
  Hits: cache_hit=0, eval_predicate=632
  Misses: cache_miss=0
  IO: read=133, write=0
  Squeeze: squeezed_success=0, squeezed_needs_io=18
Time: 78ms

+-------------------+--------------------+-----------+
| WindowClientWidth | WindowClientHeight | pageviews |
+-------------------+--------------------+-----------+
| 1629              | 604                | 1         |
| 1014              | 622                | 1         |
| 1267              | 589                | 1         |
| 878               | 348                | 1         |
| 1910              | 820                | 1         |
| 1416              | 774                | 1         |
| 1203              | 821                | 1         |
| 893               | 588                | 1         |
| 1798              | 911                | 1         |
| 679               | 525                | 1         |
+-------------------+--------------------+-----------+
