
=== EXPLAIN ANALYZE (Query 9, Iteration 0) ===
ProjectionExec: expr=[RegionID@0 as RegionID, count(*)@1 as count(*), avg(hits.ResolutionWidth)@2 as avg(hits.ResolutionWidth), sum(hits.AdvEngineID)@3 as sum(hits.AdvEngineID)], metrics=[output_rows=20, elapsed_compute=2.32µs, output_bytes=560.0 B, output_batches=1, expr_0_eval_time=210ns, expr_1_eval_time=150ns, expr_2_eval_time=150ns, expr_3_eval_time=140ns]
  SortPreservingMergeExec: [count(Int64(1))@4 DESC], fetch=20, metrics=[output_rows=20, elapsed_compute=8.61µs, output_bytes=720.0 B, output_batches=1]
    SortExec: TopK(fetch=20), expr=[count(*)@1 DESC], preserve_partitioning=[true], filter=[count(*)@1 IS NULL OR count(*)@1 > 36573], metrics=[output_rows=320, elapsed_compute=57.53ms, output_bytes=11.2 KB, output_batches=16, row_replacements=446]
      ProjectionExec: expr=[RegionID@0 as RegionID, count(Int64(1))@1 as count(*), avg(hits.ResolutionWidth)@2 as avg(hits.ResolutionWidth), sum(hits.AdvEngineID)@3 as sum(hits.AdvEngineID), count(Int64(1))@1 as count(Int64(1))], metrics=[output_rows=9.04 K, elapsed_compute=43.34µs, output_bytes=275.9 KB, output_batches=16, expr_0_eval_time=4.97µs, expr_1_eval_time=1.84µs, expr_2_eval_time=1.31µs, expr_3_eval_time=1.73µs, expr_4_eval_time=1.20µs]
        AggregateExec: mode=FinalPartitioned, gby=[RegionID@0 as RegionID], aggr=[count(Int64(1)), avg(hits.ResolutionWidth), sum(hits.AdvEngineID)], metrics=[output_rows=9.04 K, elapsed_compute=2.14ms, output_bytes=275.9 KB, output_batches=16, spill_count=0, spilled_bytes=0.0 B, spilled_rows=0, peak_mem_used=1.98 M, aggregate_arguments_time=53.37µs, aggregation_time=948.47µs, emitting_time=92.15µs, time_calculating_group_ids=1.22ms]
          RepartitionExec: partitioning=Hash([RegionID@0], 16), input_partitions=16, metrics=[output_rows=68.25 K, elapsed_compute=11.77ms, output_bytes=4.5 MB, output_batches=16, spill_count=0, spilled_bytes=0.0 B, spilled_rows=0, fetch_time=5.21s, repartition_time=7.09ms, send_time=260.30µs]
            AggregateExec: mode=Partial, gby=[RegionID@0 as RegionID], aggr=[count(Int64(1)), avg(hits.ResolutionWidth), sum(hits.AdvEngineID)], metrics=[output_rows=68.25 K, elapsed_compute=1.45s, output_bytes=3.5 MB, output_batches=16, spill_count=0, spilled_bytes=0.0 B, spilled_rows=0, skipped_aggregation_rows=0, peak_mem_used=5.56 M, aggregate_arguments_time=151.84ms, aggregation_time=1.02s, emitting_time=100.57µs, time_calculating_group_ids=747.11ms, reduction_factor=0.073% (68.25 K/93.33 M)]
              DataSourceExec: file_groups={16 groups: [[home/ec2-user/liquid-cache/benchmark/clickbench/data/hits.parquet:0..923748528], [home/ec2-user/liquid-cache/benchmark/clickbench/data/hits.parquet:923748528..1847497056], [home/ec2-user/liquid-cache/benchmark/clickbench/data/hits.parquet:1847497056..2771245584], [home/ec2-user/liquid-cache/benchmark/clickbench/data/hits.parquet:2771245584..3694994112], [home/ec2-user/liquid-cache/benchmark/clickbench/data/hits.parquet:3694994112..4618742640], [home/ec2-user/liquid-cache/benchmark/clickbench/data/hits.parquet:4618742640..5542491168], [home/ec2-user/liquid-cache/benchmark/clickbench/data/hits.parquet:5542491168..6466239696], [home/ec2-user/liquid-cache/benchmark/clickbench/data/hits.parquet:6466239696..7389988224], [home/ec2-user/liquid-cache/benchmark/clickbench/data/hits.parquet:7389988224..8313736752], [home/ec2-user/liquid-cache/benchmark/clickbench/data/hits.parquet:8313736752..9237485280], [home/ec2-user/liquid-cache/benchmark/clickbench/data/hits.parquet:9237485280..10161233808], [home/ec2-user/liquid-cache/benchmark/clickbench/data/hits.parquet:10161233808..11084982336], [home/ec2-user/liquid-cache/benchmark/clickbench/data/hits.parquet:11084982336..12008730864], [home/ec2-user/liquid-cache/benchmark/clickbench/data/hits.parquet:12008730864..12932479392], [home/ec2-user/liquid-cache/benchmark/clickbench/data/hits.parquet:12932479392..13856227920], [home/ec2-user/liquid-cache/benchmark/clickbench/data/hits.parquet:13856227920..14779976446]]}, projection=[RegionID, ResolutionWidth, AdvEngineID], file_type=liquid_parquet, metrics=[output_rows=93.33 M, elapsed_compute=16ns, output_bytes=712.2 MB, output_batches=12.22 K, files_ranges_pruned_statistics=16 total → 16 matched, row_groups_pruned_statistics=226 total → 226 matched, row_groups_pruned_bloom_filter=0 total → 0 matched, page_index_pages_pruned=0 total → 0 matched, page_index_rows_pruned=0 total → 0 matched, limit_pruned_row_groups=0 total → 0 matched, batches_split=0, bytes_scanned=105.6 M, file_open_errors=0, file_scan_errors=0, num_predicate_creation_errors=0, predicate_evaluation_errors=0, pushdown_rows_matched=0, pushdown_rows_pruned=0, predicate_cache_inner_records=0, predicate_cache_records=0, bloom_filter_eval_time=16.11ms, metadata_load_time=405.81ms, page_index_eval_time=3.29µs, row_pushdown_eval_time=32ns, statistics_eval_time=11.51ms, time_elapsed_opening=544.83ms, time_elapsed_processing=2.08s, time_elapsed_scanning_total=4.66s, time_elapsed_scanning_until_data=265.74ms, scan_efficiency_ratio=N/A (0/0)]

Cache: entries=24436, mem=199MB, disk=0MB
  Hits: cache_hit=0, eval_predicate=48872
  Misses: cache_miss=12218
  IO: read=0, write=0
  Squeeze: squeezed_success=0, squeezed_needs_io=0
Time: 650ms

+----------+----------+---------------------------+-----------------------+
| RegionID | count(*) | avg(hits.ResolutionWidth) | sum(hits.AdvEngineID) |
+----------+----------+---------------------------+-----------------------+
| 229      | 17254222 | 1504.2990938681558        | 1950235               |
| 2        | 6225040  | 1475.6193153778931        | 419434                |
| 208      | 3960620  | 1277.8638839373634        | 271651                |
| 169      | 3243973  | 1466.207533478238         | 92281                 |
| 32       | 1737289  | 1536.7963954183788        | 77420                 |
| 184      | 1703139  | 1505.9871067481868        | 51597                 |
| 34       | 1676456  | 1548.607822096136         | 155185                |
| 107      | 1404458  | 1546.4320221751025        | 114311                |
| 42       | 1388679  | 1587.0068626370817        | 103226                |
| 51       | 1343769  | 1579.896836435429         | 93740                 |
| 55       | 1284963  | 1330.0709973750218        | 98242                 |
| 106      | 1267662  | 1584.543973866851         | 57252                 |
| 158      | 1255159  | 1376.8860016938092        | 34525                 |
| 1        | 1235341  | 1553.8996252856498        | 140041                |
| 36       | 1031435  | 1577.6725784950095        | 75753                 |
| 44       | 915228   | 1300.7587355281962        | 73702                 |
| 23       | 907962   | 1206.0484392518629        | 67434                 |
| 139      | 884645   | 1556.1782002950335        | 61824                 |
| 226      | 884270   | 1578.6935404344827        | 69961                 |
| 38       | 846261   | 1582.1406469162587        | 59022                 |
+----------+----------+---------------------------+-----------------------+

=== EXPLAIN ANALYZE (Query 9, Iteration 1) ===
ProjectionExec: expr=[RegionID@0 as RegionID, count(*)@1 as count(*), avg(hits.ResolutionWidth)@2 as avg(hits.ResolutionWidth), sum(hits.AdvEngineID)@3 as sum(hits.AdvEngineID)], metrics=[output_rows=20, elapsed_compute=1.52µs, output_bytes=560.0 B, output_batches=1, expr_0_eval_time=280ns, expr_1_eval_time=70ns, expr_2_eval_time=70ns, expr_3_eval_time=60ns]
  SortPreservingMergeExec: [count(Int64(1))@4 DESC], fetch=20, metrics=[output_rows=20, elapsed_compute=9.20µs, output_bytes=720.0 B, output_batches=1]
    SortExec: TopK(fetch=20), expr=[count(*)@1 DESC], preserve_partitioning=[true], filter=[count(*)@1 IS NULL OR count(*)@1 > 36573], metrics=[output_rows=241, elapsed_compute=446.22µs, output_bytes=8.5 KB, output_batches=16, row_replacements=274]
      ProjectionExec: expr=[RegionID@0 as RegionID, count(Int64(1))@1 as count(*), avg(hits.ResolutionWidth)@2 as avg(hits.ResolutionWidth), sum(hits.AdvEngineID)@3 as sum(hits.AdvEngineID), count(Int64(1))@1 as count(Int64(1))], metrics=[output_rows=9.04 K, elapsed_compute=29.49µs, output_bytes=275.9 KB, output_batches=16, expr_0_eval_time=3.45µs, expr_1_eval_time=1.28µs, expr_2_eval_time=1.28µs, expr_3_eval_time=1.38µs, expr_4_eval_time=1.08µs]
        AggregateExec: mode=FinalPartitioned, gby=[RegionID@0 as RegionID], aggr=[count(Int64(1)), avg(hits.ResolutionWidth), sum(hits.AdvEngineID)], metrics=[output_rows=9.04 K, elapsed_compute=1.46ms, output_bytes=275.9 KB, output_batches=16, spill_count=0, spilled_bytes=0.0 B, spilled_rows=0, peak_mem_used=1.98 M, aggregate_arguments_time=22.23µs, aggregation_time=577.63µs, emitting_time=48.51µs, time_calculating_group_ids=962.90µs]
          RepartitionExec: partitioning=Hash([RegionID@0], 16), input_partitions=16, metrics=[output_rows=68.25 K, elapsed_compute=709.14µs, output_bytes=4.5 MB, output_batches=16, spill_count=0, spilled_bytes=0.0 B, spilled_rows=0, fetch_time=3.48s, repartition_time=1.48ms, send_time=242.61µs]
            AggregateExec: mode=Partial, gby=[RegionID@0 as RegionID], aggr=[count(Int64(1)), avg(hits.ResolutionWidth), sum(hits.AdvEngineID)], metrics=[output_rows=68.25 K, elapsed_compute=1.46s, output_bytes=3.5 MB, output_batches=16, spill_count=0, spilled_bytes=0.0 B, spilled_rows=0, skipped_aggregation_rows=0, peak_mem_used=5.56 M, aggregate_arguments_time=145.68ms, aggregation_time=1.02s, emitting_time=66.78µs, time_calculating_group_ids=795.65ms, reduction_factor=0.073% (68.25 K/93.33 M)]
              DataSourceExec: file_groups={16 groups: [[home/ec2-user/liquid-cache/benchmark/clickbench/data/hits.parquet:0..923748528], [home/ec2-user/liquid-cache/benchmark/clickbench/data/hits.parquet:923748528..1847497056], [home/ec2-user/liquid-cache/benchmark/clickbench/data/hits.parquet:1847497056..2771245584], [home/ec2-user/liquid-cache/benchmark/clickbench/data/hits.parquet:2771245584..3694994112], [home/ec2-user/liquid-cache/benchmark/clickbench/data/hits.parquet:3694994112..4618742640], [home/ec2-user/liquid-cache/benchmark/clickbench/data/hits.parquet:4618742640..5542491168], [home/ec2-user/liquid-cache/benchmark/clickbench/data/hits.parquet:5542491168..6466239696], [home/ec2-user/liquid-cache/benchmark/clickbench/data/hits.parquet:6466239696..7389988224], [home/ec2-user/liquid-cache/benchmark/clickbench/data/hits.parquet:7389988224..8313736752], [home/ec2-user/liquid-cache/benchmark/clickbench/data/hits.parquet:8313736752..9237485280], [home/ec2-user/liquid-cache/benchmark/clickbench/data/hits.parquet:9237485280..10161233808], [home/ec2-user/liquid-cache/benchmark/clickbench/data/hits.parquet:10161233808..11084982336], [home/ec2-user/liquid-cache/benchmark/clickbench/data/hits.parquet:11084982336..12008730864], [home/ec2-user/liquid-cache/benchmark/clickbench/data/hits.parquet:12008730864..12932479392], [home/ec2-user/liquid-cache/benchmark/clickbench/data/hits.parquet:12932479392..13856227920], [home/ec2-user/liquid-cache/benchmark/clickbench/data/hits.parquet:13856227920..14779976446]]}, projection=[RegionID, ResolutionWidth, AdvEngineID], file_type=liquid_parquet, metrics=[output_rows=93.33 M, elapsed_compute=16ns, output_bytes=712.2 MB, output_batches=12.22 K, files_ranges_pruned_statistics=16 total → 16 matched, row_groups_pruned_statistics=226 total → 226 matched, row_groups_pruned_bloom_filter=0 total → 0 matched, page_index_pages_pruned=0 total → 0 matched, page_index_rows_pruned=0 total → 0 matched, limit_pruned_row_groups=0 total → 0 matched, batches_split=0, bytes_scanned=105.6 M, file_open_errors=0, file_scan_errors=0, num_predicate_creation_errors=0, predicate_evaluation_errors=0, pushdown_rows_matched=0, pushdown_rows_pruned=0, predicate_cache_inner_records=0, predicate_cache_records=0, bloom_filter_eval_time=4.66ms, metadata_load_time=3.13ms, page_index_eval_time=3.68µs, row_pushdown_eval_time=32ns, statistics_eval_time=494.13µs, time_elapsed_opening=10.95ms, time_elapsed_processing=1.70s, time_elapsed_scanning_total=3.47s, time_elapsed_scanning_until_data=42.17ms, scan_efficiency_ratio=N/A (0/0)]

Cache: entries=24436, mem=199MB, disk=0MB
  Hits: cache_hit=0, eval_predicate=36654
  Misses: cache_miss=0
  IO: read=0, write=0
  Squeeze: squeezed_success=0, squeezed_needs_io=0
Time: 260ms

+----------+----------+---------------------------+-----------------------+
| RegionID | count(*) | avg(hits.ResolutionWidth) | sum(hits.AdvEngineID) |
+----------+----------+---------------------------+-----------------------+
| 229      | 17254222 | 1504.2990938681558        | 1950235               |
| 2        | 6225040  | 1475.6193153778931        | 419434                |
| 208      | 3960620  | 1277.8638839373634        | 271651                |
| 169      | 3243973  | 1466.207533478238         | 92281                 |
| 32       | 1737289  | 1536.7963954183788        | 77420                 |
| 184      | 1703139  | 1505.9871067481868        | 51597                 |
| 34       | 1676456  | 1548.607822096136         | 155185                |
| 107      | 1404458  | 1546.4320221751025        | 114311                |
| 42       | 1388679  | 1587.0068626370817        | 103226                |
| 51       | 1343769  | 1579.896836435429         | 93740                 |
| 55       | 1284963  | 1330.0709973750218        | 98242                 |
| 106      | 1267662  | 1584.543973866851         | 57252                 |
| 158      | 1255159  | 1376.8860016938092        | 34525                 |
| 1        | 1235341  | 1553.8996252856498        | 140041                |
| 36       | 1031435  | 1577.6725784950095        | 75753                 |
| 44       | 915228   | 1300.7587355281962        | 73702                 |
| 23       | 907962   | 1206.0484392518629        | 67434                 |
| 139      | 884645   | 1556.1782002950335        | 61824                 |
| 226      | 884270   | 1578.6935404344827        | 69961                 |
| 38       | 846261   | 1582.1406469162587        | 59022                 |
+----------+----------+---------------------------+-----------------------+

=== EXPLAIN ANALYZE (Query 9, Iteration 2) ===
ProjectionExec: expr=[RegionID@0 as RegionID, count(*)@1 as count(*), avg(hits.ResolutionWidth)@2 as avg(hits.ResolutionWidth), sum(hits.AdvEngineID)@3 as sum(hits.AdvEngineID)], metrics=[output_rows=20, elapsed_compute=1.57µs, output_bytes=560.0 B, output_batches=1, expr_0_eval_time=209ns, expr_1_eval_time=60ns, expr_2_eval_time=149ns, expr_3_eval_time=60ns]
  SortPreservingMergeExec: [count(Int64(1))@4 DESC], fetch=20, metrics=[output_rows=20, elapsed_compute=7.96µs, output_bytes=720.0 B, output_batches=1]
    SortExec: TopK(fetch=20), expr=[count(*)@1 DESC], preserve_partitioning=[true], filter=[count(*)@1 IS NULL OR count(*)@1 > 36573], metrics=[output_rows=246, elapsed_compute=447.01µs, output_bytes=8.6 KB, output_batches=16, row_replacements=279]
      ProjectionExec: expr=[RegionID@0 as RegionID, count(Int64(1))@1 as count(*), avg(hits.ResolutionWidth)@2 as avg(hits.ResolutionWidth), sum(hits.AdvEngineID)@3 as sum(hits.AdvEngineID), count(Int64(1))@1 as count(Int64(1))], metrics=[output_rows=9.04 K, elapsed_compute=32.17µs, output_bytes=275.9 KB, output_batches=16, expr_0_eval_time=3.68µs, expr_1_eval_time=1.52µs, expr_2_eval_time=1.30µs, expr_3_eval_time=1.45µs, expr_4_eval_time=1.31µs]
        AggregateExec: mode=FinalPartitioned, gby=[RegionID@0 as RegionID], aggr=[count(Int64(1)), avg(hits.ResolutionWidth), sum(hits.AdvEngineID)], metrics=[output_rows=9.04 K, elapsed_compute=1.49ms, output_bytes=275.9 KB, output_batches=16, spill_count=0, spilled_bytes=0.0 B, spilled_rows=0, peak_mem_used=1.98 M, aggregate_arguments_time=25.53µs, aggregation_time=575.53µs, emitting_time=50.45µs, time_calculating_group_ids=978.27µs]
          RepartitionExec: partitioning=Hash([RegionID@0], 16), input_partitions=16, metrics=[output_rows=68.25 K, elapsed_compute=765.10µs, output_bytes=4.5 MB, output_batches=16, spill_count=0, spilled_bytes=0.0 B, spilled_rows=0, fetch_time=3.36s, repartition_time=1.49ms, send_time=271.09µs]
            AggregateExec: mode=Partial, gby=[RegionID@0 as RegionID], aggr=[count(Int64(1)), avg(hits.ResolutionWidth), sum(hits.AdvEngineID)], metrics=[output_rows=68.25 K, elapsed_compute=1.45s, output_bytes=3.5 MB, output_batches=16, spill_count=0, spilled_bytes=0.0 B, spilled_rows=0, skipped_aggregation_rows=0, peak_mem_used=5.56 M, aggregate_arguments_time=144.05ms, aggregation_time=983.03ms, emitting_time=70.71µs, time_calculating_group_ids=800.66ms, reduction_factor=0.073% (68.25 K/93.33 M)]
              DataSourceExec: file_groups={16 groups: [[home/ec2-user/liquid-cache/benchmark/clickbench/data/hits.parquet:0..923748528], [home/ec2-user/liquid-cache/benchmark/clickbench/data/hits.parquet:923748528..1847497056], [home/ec2-user/liquid-cache/benchmark/clickbench/data/hits.parquet:1847497056..2771245584], [home/ec2-user/liquid-cache/benchmark/clickbench/data/hits.parquet:2771245584..3694994112], [home/ec2-user/liquid-cache/benchmark/clickbench/data/hits.parquet:3694994112..4618742640], [home/ec2-user/liquid-cache/benchmark/clickbench/data/hits.parquet:4618742640..5542491168], [home/ec2-user/liquid-cache/benchmark/clickbench/data/hits.parquet:5542491168..6466239696], [home/ec2-user/liquid-cache/benchmark/clickbench/data/hits.parquet:6466239696..7389988224], [home/ec2-user/liquid-cache/benchmark/clickbench/data/hits.parquet:7389988224..8313736752], [home/ec2-user/liquid-cache/benchmark/clickbench/data/hits.parquet:8313736752..9237485280], [home/ec2-user/liquid-cache/benchmark/clickbench/data/hits.parquet:9237485280..10161233808], [home/ec2-user/liquid-cache/benchmark/clickbench/data/hits.parquet:10161233808..11084982336], [home/ec2-user/liquid-cache/benchmark/clickbench/data/hits.parquet:11084982336..12008730864], [home/ec2-user/liquid-cache/benchmark/clickbench/data/hits.parquet:12008730864..12932479392], [home/ec2-user/liquid-cache/benchmark/clickbench/data/hits.parquet:12932479392..13856227920], [home/ec2-user/liquid-cache/benchmark/clickbench/data/hits.parquet:13856227920..14779976446]]}, projection=[RegionID, ResolutionWidth, AdvEngineID], file_type=liquid_parquet, metrics=[output_rows=93.33 M, elapsed_compute=16ns, output_bytes=712.2 MB, output_batches=12.22 K, files_ranges_pruned_statistics=16 total → 16 matched, row_groups_pruned_statistics=226 total → 226 matched, row_groups_pruned_bloom_filter=0 total → 0 matched, page_index_pages_pruned=0 total → 0 matched, page_index_rows_pruned=0 total → 0 matched, limit_pruned_row_groups=0 total → 0 matched, batches_split=0, bytes_scanned=105.6 M, file_open_errors=0, file_scan_errors=0, num_predicate_creation_errors=0, predicate_evaluation_errors=0, pushdown_rows_matched=0, pushdown_rows_pruned=0, predicate_cache_inner_records=0, predicate_cache_records=0, bloom_filter_eval_time=4.89ms, metadata_load_time=2.97ms, page_index_eval_time=4.22µs, row_pushdown_eval_time=32ns, statistics_eval_time=464.27µs, time_elapsed_opening=11.05ms, time_elapsed_processing=1.68s, time_elapsed_scanning_total=3.35s, time_elapsed_scanning_until_data=35.70ms, scan_efficiency_ratio=N/A (0/0)]

Cache: entries=24436, mem=199MB, disk=0MB
  Hits: cache_hit=0, eval_predicate=36654
  Misses: cache_miss=0
  IO: read=0, write=0
  Squeeze: squeezed_success=0, squeezed_needs_io=0
Time: 253ms

+----------+----------+---------------------------+-----------------------+
| RegionID | count(*) | avg(hits.ResolutionWidth) | sum(hits.AdvEngineID) |
+----------+----------+---------------------------+-----------------------+
| 229      | 17254222 | 1504.2990938681558        | 1950235               |
| 2        | 6225040  | 1475.6193153778931        | 419434                |
| 208      | 3960620  | 1277.8638839373634        | 271651                |
| 169      | 3243973  | 1466.207533478238         | 92281                 |
| 32       | 1737289  | 1536.7963954183788        | 77420                 |
| 184      | 1703139  | 1505.9871067481868        | 51597                 |
| 34       | 1676456  | 1548.607822096136         | 155185                |
| 107      | 1404458  | 1546.4320221751025        | 114311                |
| 42       | 1388679  | 1587.0068626370817        | 103226                |
| 51       | 1343769  | 1579.896836435429         | 93740                 |
| 55       | 1284963  | 1330.0709973750218        | 98242                 |
| 106      | 1267662  | 1584.543973866851         | 57252                 |
| 158      | 1255159  | 1376.8860016938092        | 34525                 |
| 1        | 1235341  | 1553.8996252856498        | 140041                |
| 36       | 1031435  | 1577.6725784950095        | 75753                 |
| 44       | 915228   | 1300.7587355281962        | 73702                 |
| 23       | 907962   | 1206.0484392518629        | 67434                 |
| 139      | 884645   | 1556.1782002950335        | 61824                 |
| 226      | 884270   | 1578.6935404344827        | 69961                 |
| 38       | 846261   | 1582.1406469162587        | 59022                 |
+----------+----------+---------------------------+-----------------------+

=== EXPLAIN ANALYZE (Query 9, Iteration 3) ===
ProjectionExec: expr=[RegionID@0 as RegionID, count(*)@1 as count(*), avg(hits.ResolutionWidth)@2 as avg(hits.ResolutionWidth), sum(hits.AdvEngineID)@3 as sum(hits.AdvEngineID)], metrics=[output_rows=20, elapsed_compute=1.77µs, output_bytes=560.0 B, output_batches=1, expr_0_eval_time=280ns, expr_1_eval_time=80ns, expr_2_eval_time=60ns, expr_3_eval_time=140ns]
  SortPreservingMergeExec: [count(Int64(1))@4 DESC], fetch=20, metrics=[output_rows=20, elapsed_compute=8.36µs, output_bytes=720.0 B, output_batches=1]
    SortExec: TopK(fetch=20), expr=[count(*)@1 DESC], preserve_partitioning=[true], filter=[count(*)@1 IS NULL OR count(*)@1 > 36573], metrics=[output_rows=230, elapsed_compute=406.60µs, output_bytes=8.1 KB, output_batches=16, row_replacements=249]
      ProjectionExec: expr=[RegionID@0 as RegionID, count(Int64(1))@1 as count(*), avg(hits.ResolutionWidth)@2 as avg(hits.ResolutionWidth), sum(hits.AdvEngineID)@3 as sum(hits.AdvEngineID), count(Int64(1))@1 as count(Int64(1))], metrics=[output_rows=9.04 K, elapsed_compute=32.86µs, output_bytes=275.9 KB, output_batches=16, expr_0_eval_time=3.95µs, expr_1_eval_time=1.40µs, expr_2_eval_time=1.36µs, expr_3_eval_time=1.20µs, expr_4_eval_time=1.12µs]
        AggregateExec: mode=FinalPartitioned, gby=[RegionID@0 as RegionID], aggr=[count(Int64(1)), avg(hits.ResolutionWidth), sum(hits.AdvEngineID)], metrics=[output_rows=9.04 K, elapsed_compute=1.47ms, output_bytes=275.9 KB, output_batches=16, spill_count=0, spilled_bytes=0.0 B, spilled_rows=0, peak_mem_used=1.98 M, aggregate_arguments_time=24.60µs, aggregation_time=607.30µs, emitting_time=49.80µs, time_calculating_group_ids=977.00µs]
          RepartitionExec: partitioning=Hash([RegionID@0], 16), input_partitions=16, metrics=[output_rows=68.25 K, elapsed_compute=1.03ms, output_bytes=4.5 MB, output_batches=16, spill_count=0, spilled_bytes=0.0 B, spilled_rows=0, fetch_time=3.38s, repartition_time=1.48ms, send_time=970.93µs]
            AggregateExec: mode=Partial, gby=[RegionID@0 as RegionID], aggr=[count(Int64(1)), avg(hits.ResolutionWidth), sum(hits.AdvEngineID)], metrics=[output_rows=68.25 K, elapsed_compute=1.48s, output_bytes=3.5 MB, output_batches=16, spill_count=0, spilled_bytes=0.0 B, spilled_rows=0, skipped_aggregation_rows=0, peak_mem_used=5.56 M, aggregate_arguments_time=146.60ms, aggregation_time=1.00s, emitting_time=74.35µs, time_calculating_group_ids=815.96ms, reduction_factor=0.073% (68.25 K/93.33 M)]
              DataSourceExec: file_groups={16 groups: [[home/ec2-user/liquid-cache/benchmark/clickbench/data/hits.parquet:0..923748528], [home/ec2-user/liquid-cache/benchmark/clickbench/data/hits.parquet:923748528..1847497056], [home/ec2-user/liquid-cache/benchmark/clickbench/data/hits.parquet:1847497056..2771245584], [home/ec2-user/liquid-cache/benchmark/clickbench/data/hits.parquet:2771245584..3694994112], [home/ec2-user/liquid-cache/benchmark/clickbench/data/hits.parquet:3694994112..4618742640], [home/ec2-user/liquid-cache/benchmark/clickbench/data/hits.parquet:4618742640..5542491168], [home/ec2-user/liquid-cache/benchmark/clickbench/data/hits.parquet:5542491168..6466239696], [home/ec2-user/liquid-cache/benchmark/clickbench/data/hits.parquet:6466239696..7389988224], [home/ec2-user/liquid-cache/benchmark/clickbench/data/hits.parquet:7389988224..8313736752], [home/ec2-user/liquid-cache/benchmark/clickbench/data/hits.parquet:8313736752..9237485280], [home/ec2-user/liquid-cache/benchmark/clickbench/data/hits.parquet:9237485280..10161233808], [home/ec2-user/liquid-cache/benchmark/clickbench/data/hits.parquet:10161233808..11084982336], [home/ec2-user/liquid-cache/benchmark/clickbench/data/hits.parquet:11084982336..12008730864], [home/ec2-user/liquid-cache/benchmark/clickbench/data/hits.parquet:12008730864..12932479392], [home/ec2-user/liquid-cache/benchmark/clickbench/data/hits.parquet:12932479392..13856227920], [home/ec2-user/liquid-cache/benchmark/clickbench/data/hits.parquet:13856227920..14779976446]]}, projection=[RegionID, ResolutionWidth, AdvEngineID], file_type=liquid_parquet, metrics=[output_rows=93.33 M, elapsed_compute=16ns, output_bytes=712.2 MB, output_batches=12.22 K, files_ranges_pruned_statistics=16 total → 16 matched, row_groups_pruned_statistics=226 total → 226 matched, row_groups_pruned_bloom_filter=0 total → 0 matched, page_index_pages_pruned=0 total → 0 matched, page_index_rows_pruned=0 total → 0 matched, limit_pruned_row_groups=0 total → 0 matched, batches_split=0, bytes_scanned=105.6 M, file_open_errors=0, file_scan_errors=0, num_predicate_creation_errors=0, predicate_evaluation_errors=0, pushdown_rows_matched=0, pushdown_rows_pruned=0, predicate_cache_inner_records=0, predicate_cache_records=0, bloom_filter_eval_time=4.79ms, metadata_load_time=3.75ms, page_index_eval_time=3.10µs, row_pushdown_eval_time=32ns, statistics_eval_time=473.99µs, time_elapsed_opening=11.62ms, time_elapsed_processing=1.70s, time_elapsed_scanning_total=3.37s, time_elapsed_scanning_until_data=37.80ms, scan_efficiency_ratio=N/A (0/0)]

Cache: entries=24436, mem=199MB, disk=0MB
  Hits: cache_hit=0, eval_predicate=36654
  Misses: cache_miss=0
  IO: read=0, write=0
  Squeeze: squeezed_success=0, squeezed_needs_io=0
Time: 260ms

+----------+----------+---------------------------+-----------------------+
| RegionID | count(*) | avg(hits.ResolutionWidth) | sum(hits.AdvEngineID) |
+----------+----------+---------------------------+-----------------------+
| 229      | 17254222 | 1504.2990938681558        | 1950235               |
| 2        | 6225040  | 1475.6193153778931        | 419434                |
| 208      | 3960620  | 1277.8638839373634        | 271651                |
| 169      | 3243973  | 1466.207533478238         | 92281                 |
| 32       | 1737289  | 1536.7963954183788        | 77420                 |
| 184      | 1703139  | 1505.9871067481868        | 51597                 |
| 34       | 1676456  | 1548.607822096136         | 155185                |
| 107      | 1404458  | 1546.4320221751025        | 114311                |
| 42       | 1388679  | 1587.0068626370817        | 103226                |
| 51       | 1343769  | 1579.896836435429         | 93740                 |
| 55       | 1284963  | 1330.0709973750218        | 98242                 |
| 106      | 1267662  | 1584.543973866851         | 57252                 |
| 158      | 1255159  | 1376.8860016938092        | 34525                 |
| 1        | 1235341  | 1553.8996252856498        | 140041                |
| 36       | 1031435  | 1577.6725784950095        | 75753                 |
| 44       | 915228   | 1300.7587355281962        | 73702                 |
| 23       | 907962   | 1206.0484392518629        | 67434                 |
| 139      | 884645   | 1556.1782002950335        | 61824                 |
| 226      | 884270   | 1578.6935404344827        | 69961                 |
| 38       | 846261   | 1582.1406469162587        | 59022                 |
+----------+----------+---------------------------+-----------------------+

=== EXPLAIN ANALYZE (Query 9, Iteration 4) ===
ProjectionExec: expr=[RegionID@0 as RegionID, count(*)@1 as count(*), avg(hits.ResolutionWidth)@2 as avg(hits.ResolutionWidth), sum(hits.AdvEngineID)@3 as sum(hits.AdvEngineID)], metrics=[output_rows=20, elapsed_compute=1.98µs, output_bytes=560.0 B, output_batches=1, expr_0_eval_time=230ns, expr_1_eval_time=60ns, expr_2_eval_time=80ns, expr_3_eval_time=150ns]
  SortPreservingMergeExec: [count(Int64(1))@4 DESC], fetch=20, metrics=[output_rows=20, elapsed_compute=8.75µs, output_bytes=720.0 B, output_batches=1]
    SortExec: TopK(fetch=20), expr=[count(*)@1 DESC], preserve_partitioning=[true], filter=[count(*)@1 IS NULL OR count(*)@1 > 36573], metrics=[output_rows=264, elapsed_compute=456.81µs, output_bytes=9.3 KB, output_batches=16, row_replacements=307]
      ProjectionExec: expr=[RegionID@0 as RegionID, count(Int64(1))@1 as count(*), avg(hits.ResolutionWidth)@2 as avg(hits.ResolutionWidth), sum(hits.AdvEngineID)@3 as sum(hits.AdvEngineID), count(Int64(1))@1 as count(Int64(1))], metrics=[output_rows=9.04 K, elapsed_compute=32.19µs, output_bytes=275.9 KB, output_batches=16, expr_0_eval_time=3.68µs, expr_1_eval_time=1.98µs, expr_2_eval_time=1.49µs, expr_3_eval_time=1.43µs, expr_4_eval_time=1.36µs]
        AggregateExec: mode=FinalPartitioned, gby=[RegionID@0 as RegionID], aggr=[count(Int64(1)), avg(hits.ResolutionWidth), sum(hits.AdvEngineID)], metrics=[output_rows=9.04 K, elapsed_compute=1.49ms, output_bytes=275.9 KB, output_batches=16, spill_count=0, spilled_bytes=0.0 B, spilled_rows=0, peak_mem_used=1.98 M, aggregate_arguments_time=22.47µs, aggregation_time=588.12µs, emitting_time=49.25µs, time_calculating_group_ids=976.45µs]
          RepartitionExec: partitioning=Hash([RegionID@0], 16), input_partitions=16, metrics=[output_rows=68.25 K, elapsed_compute=752.76µs, output_bytes=4.5 MB, output_batches=16, spill_count=0, spilled_bytes=0.0 B, spilled_rows=0, fetch_time=3.37s, repartition_time=1.53ms, send_time=256.97µs]
            AggregateExec: mode=Partial, gby=[RegionID@0 as RegionID], aggr=[count(Int64(1)), avg(hits.ResolutionWidth), sum(hits.AdvEngineID)], metrics=[output_rows=68.25 K, elapsed_compute=1.45s, output_bytes=3.5 MB, output_batches=16, spill_count=0, spilled_bytes=0.0 B, spilled_rows=0, skipped_aggregation_rows=0, peak_mem_used=5.56 M, aggregate_arguments_time=144.82ms, aggregation_time=984.15ms, emitting_time=73.27µs, time_calculating_group_ids=796.96ms, reduction_factor=0.073% (68.25 K/93.33 M)]
              DataSourceExec: file_groups={16 groups: [[home/ec2-user/liquid-cache/benchmark/clickbench/data/hits.parquet:0..923748528], [home/ec2-user/liquid-cache/benchmark/clickbench/data/hits.parquet:923748528..1847497056], [home/ec2-user/liquid-cache/benchmark/clickbench/data/hits.parquet:1847497056..2771245584], [home/ec2-user/liquid-cache/benchmark/clickbench/data/hits.parquet:2771245584..3694994112], [home/ec2-user/liquid-cache/benchmark/clickbench/data/hits.parquet:3694994112..4618742640], [home/ec2-user/liquid-cache/benchmark/clickbench/data/hits.parquet:4618742640..5542491168], [home/ec2-user/liquid-cache/benchmark/clickbench/data/hits.parquet:5542491168..6466239696], [home/ec2-user/liquid-cache/benchmark/clickbench/data/hits.parquet:6466239696..7389988224], [home/ec2-user/liquid-cache/benchmark/clickbench/data/hits.parquet:7389988224..8313736752], [home/ec2-user/liquid-cache/benchmark/clickbench/data/hits.parquet:8313736752..9237485280], [home/ec2-user/liquid-cache/benchmark/clickbench/data/hits.parquet:9237485280..10161233808], [home/ec2-user/liquid-cache/benchmark/clickbench/data/hits.parquet:10161233808..11084982336], [home/ec2-user/liquid-cache/benchmark/clickbench/data/hits.parquet:11084982336..12008730864], [home/ec2-user/liquid-cache/benchmark/clickbench/data/hits.parquet:12008730864..12932479392], [home/ec2-user/liquid-cache/benchmark/clickbench/data/hits.parquet:12932479392..13856227920], [home/ec2-user/liquid-cache/benchmark/clickbench/data/hits.parquet:13856227920..14779976446]]}, projection=[RegionID, ResolutionWidth, AdvEngineID], file_type=liquid_parquet, metrics=[output_rows=93.33 M, elapsed_compute=16ns, output_bytes=712.2 MB, output_batches=12.22 K, files_ranges_pruned_statistics=16 total → 16 matched, row_groups_pruned_statistics=226 total → 226 matched, row_groups_pruned_bloom_filter=0 total → 0 matched, page_index_pages_pruned=0 total → 0 matched, page_index_rows_pruned=0 total → 0 matched, limit_pruned_row_groups=0 total → 0 matched, batches_split=0, bytes_scanned=105.6 M, file_open_errors=0, file_scan_errors=0, num_predicate_creation_errors=0, predicate_evaluation_errors=0, pushdown_rows_matched=0, pushdown_rows_pruned=0, predicate_cache_inner_records=0, predicate_cache_records=0, bloom_filter_eval_time=4.72ms, metadata_load_time=3.33ms, page_index_eval_time=3.62µs, row_pushdown_eval_time=32ns, statistics_eval_time=434.86µs, time_elapsed_opening=11.13ms, time_elapsed_processing=1.67s, time_elapsed_scanning_total=3.36s, time_elapsed_scanning_until_data=37.25ms, scan_efficiency_ratio=N/A (0/0)]

Cache: entries=24436, mem=199MB, disk=0MB
  Hits: cache_hit=0, eval_predicate=36654
  Misses: cache_miss=0
  IO: read=0, write=0
  Squeeze: squeezed_success=0, squeezed_needs_io=0
Time: 258ms

+----------+----------+---------------------------+-----------------------+
| RegionID | count(*) | avg(hits.ResolutionWidth) | sum(hits.AdvEngineID) |
+----------+----------+---------------------------+-----------------------+
| 229      | 17254222 | 1504.2990938681558        | 1950235               |
| 2        | 6225040  | 1475.6193153778931        | 419434                |
| 208      | 3960620  | 1277.8638839373634        | 271651                |
| 169      | 3243973  | 1466.207533478238         | 92281                 |
| 32       | 1737289  | 1536.7963954183788        | 77420                 |
| 184      | 1703139  | 1505.9871067481868        | 51597                 |
| 34       | 1676456  | 1548.607822096136         | 155185                |
| 107      | 1404458  | 1546.4320221751025        | 114311                |
| 42       | 1388679  | 1587.0068626370817        | 103226                |
| 51       | 1343769  | 1579.896836435429         | 93740                 |
| 55       | 1284963  | 1330.0709973750218        | 98242                 |
| 106      | 1267662  | 1584.543973866851         | 57252                 |
| 158      | 1255159  | 1376.8860016938092        | 34525                 |
| 1        | 1235341  | 1553.8996252856498        | 140041                |
| 36       | 1031435  | 1577.6725784950095        | 75753                 |
| 44       | 915228   | 1300.7587355281962        | 73702                 |
| 23       | 907962   | 1206.0484392518629        | 67434                 |
| 139      | 884645   | 1556.1782002950335        | 61824                 |
| 226      | 884270   | 1578.6935404344827        | 69961                 |
| 38       | 846261   | 1582.1406469162587        | 59022                 |
+----------+----------+---------------------------+-----------------------+
