
=== EXPLAIN ANALYZE (Query 4, Iteration 0) ===
SortPreservingMergeExec: [sum(hits.AdvEngineID)@1 DESC], fetch=20, metrics=[output_rows=20, elapsed_compute=6.77µs, output_bytes=480.0 B, output_batches=1]
  SortExec: TopK(fetch=20), expr=[sum(hits.AdvEngineID)@1 DESC], preserve_partitioning=[true], filter=[sum(hits.AdvEngineID)@1 IS NULL OR sum(hits.AdvEngineID)@1 > 648], metrics=[output_rows=320, elapsed_compute=49.75ms, output_bytes=7.5 KB, output_batches=16, row_replacements=1.42 K]
    ProjectionExec: expr=[UserID@0 as UserID, sum(hits.AdvEngineID)@1 as sum(hits.AdvEngineID), count(Int64(1))@2 as count(*)], metrics=[output_rows=10.90 K, elapsed_compute=37.46µs, output_bytes=3.0 MB, output_batches=16, expr_0_eval_time=4.73µs, expr_1_eval_time=2.14µs, expr_2_eval_time=1.05µs]
      FilterExec: count(Int64(1))@2 > 5, metrics=[output_rows=10.90 K, elapsed_compute=903.71µs, output_bytes=3.0 MB, output_batches=16, selectivity=3.8% (10.90 K/289.5 K)]
        AggregateExec: mode=FinalPartitioned, gby=[UserID@0 as UserID], aggr=[sum(hits.AdvEngineID), count(Int64(1))], metrics=[output_rows=289.5 K, elapsed_compute=44.55ms, output_bytes=35.9 MB, output_batches=48, spill_count=0, spilled_bytes=0.0 B, spilled_rows=0, peak_mem_used=40.80 M, aggregate_arguments_time=66.93µs, aggregation_time=5.48ms, emitting_time=91.84µs, time_calculating_group_ids=39.77ms]
          RepartitionExec: partitioning=Hash([UserID@0], 16), input_partitions=16, metrics=[output_rows=295.2 K, elapsed_compute=14.38ms, output_bytes=9.0 MB, output_batches=48, spill_count=0, spilled_bytes=0.0 B, spilled_rows=0, fetch_time=3.17s, repartition_time=8.92ms, send_time=1.56ms]
            AggregateExec: mode=Partial, gby=[UserID@0 as UserID], aggr=[sum(hits.AdvEngineID), count(Int64(1))], metrics=[output_rows=295.2 K, elapsed_compute=124.07ms, output_bytes=41.3 MB, output_batches=43, spill_count=0, spilled_bytes=0.0 B, spilled_rows=0, skipped_aggregation_rows=0, peak_mem_used=17.15 M, aggregate_arguments_time=39.06ms, aggregation_time=75.50ms, emitting_time=110.73µs, time_calculating_group_ids=35.72ms, reduction_factor=50% (295.2 K/585.4 K)]
              DataSourceExec: file_groups={16 groups: [[home/ec2-user/liquid-cache/benchmark/clickbench/data/hits.parquet:0..923748528], [home/ec2-user/liquid-cache/benchmark/clickbench/data/hits.parquet:923748528..1847497056], [home/ec2-user/liquid-cache/benchmark/clickbench/data/hits.parquet:1847497056..2771245584], [home/ec2-user/liquid-cache/benchmark/clickbench/data/hits.parquet:2771245584..3694994112], [home/ec2-user/liquid-cache/benchmark/clickbench/data/hits.parquet:3694994112..4618742640], [home/ec2-user/liquid-cache/benchmark/clickbench/data/hits.parquet:4618742640..5542491168], [home/ec2-user/liquid-cache/benchmark/clickbench/data/hits.parquet:5542491168..6466239696], [home/ec2-user/liquid-cache/benchmark/clickbench/data/hits.parquet:6466239696..7389988224], [home/ec2-user/liquid-cache/benchmark/clickbench/data/hits.parquet:7389988224..8313736752], [home/ec2-user/liquid-cache/benchmark/clickbench/data/hits.parquet:8313736752..9237485280], [home/ec2-user/liquid-cache/benchmark/clickbench/data/hits.parquet:9237485280..10161233808], [home/ec2-user/liquid-cache/benchmark/clickbench/data/hits.parquet:10161233808..11084982336], [home/ec2-user/liquid-cache/benchmark/clickbench/data/hits.parquet:11084982336..12008730864], [home/ec2-user/liquid-cache/benchmark/clickbench/data/hits.parquet:12008730864..12932479392], [home/ec2-user/liquid-cache/benchmark/clickbench/data/hits.parquet:12932479392..13856227920], [home/ec2-user/liquid-cache/benchmark/clickbench/data/hits.parquet:13856227920..14779976446]]}, projection=[UserID, AdvEngineID], file_type=liquid_parquet, metrics=[output_rows=585.4 K, elapsed_compute=16ns, output_bytes=6.0 MB, output_batches=5.86 K, files_ranges_pruned_statistics=16 total → 16 matched, row_groups_pruned_statistics=226 total → 212 matched, row_groups_pruned_bloom_filter=0 total → 0 matched, page_index_pages_pruned=0 total → 0 matched, page_index_rows_pruned=0 total → 0 matched, limit_pruned_row_groups=0 total → 0 matched, batches_split=0, bytes_scanned=266.2 M, file_open_errors=0, file_scan_errors=0, num_predicate_creation_errors=0, predicate_evaluation_errors=0, pushdown_rows_matched=0, pushdown_rows_pruned=0, predicate_cache_inner_records=0, predicate_cache_records=0, bloom_filter_eval_time=15.24ms, metadata_load_time=298.09ms, page_index_eval_time=3.31µs, row_pushdown_eval_time=32ns, statistics_eval_time=11.42ms, time_elapsed_opening=437.40ms, time_elapsed_processing=1.31s, time_elapsed_scanning_total=2.73s, time_elapsed_scanning_until_data=314.58ms, scan_efficiency_ratio=N/A (0/0)]

Cache: entries=23080, mem=362MB, disk=0MB
  Hits: cache_hit=5863, eval_predicate=34620
  Misses: cache_miss=11540
  IO: read=0, write=0
  Squeeze: squeezed_success=0, squeezed_needs_io=0
Time: 506ms

+---------------------+-----------------------+----------+
| UserID              | sum(hits.AdvEngineID) | count(*) |
+---------------------+-----------------------+----------+
| 6633110708571282873 | 33795                 | 751      |
| 676898532028024278  | 15435                 | 343      |
| 5457897098908086495 | 13860                 | 308      |
| 8008572587867360228 | 9072                  | 336      |
| 1544469731638950014 | 7740                  | 172      |
| 8768960450893390239 | 7216                  | 164      |
| 1127059842652487906 | 6700                  | 250      |
| 856554938168046448  | 5580                  | 124      |
| 1513249874811480107 | 5175                  | 115      |
| 2248194691272070395 | 4995                  | 111      |
| 1872136309756956747 | 4905                  | 109      |
| 8354740469573631583 | 4680                  | 104      |
| 904113750968610629  | 4563                  | 169      |
| -586124104038634272 | 4545                  | 101      |
| 3118603857296071504 | 4185                  | 93       |
| 8195113043319508788 | 4140                  | 92       |
| 2488847899270810992 | 3870                  | 86       |
| 8021977471746812316 | 3870                  | 86       |
| 1830000062854702362 | 3726                  | 138      |
| 897564624383262355  | 3690                  | 82       |
+---------------------+-----------------------+----------+

=== EXPLAIN ANALYZE (Query 4, Iteration 1) ===
SortPreservingMergeExec: [sum(hits.AdvEngineID)@1 DESC], fetch=20, metrics=[output_rows=20, elapsed_compute=5.27µs, output_bytes=480.0 B, output_batches=1]
  SortExec: TopK(fetch=20), expr=[sum(hits.AdvEngineID)@1 DESC], preserve_partitioning=[true], filter=[sum(hits.AdvEngineID)@1 IS NULL OR sum(hits.AdvEngineID)@1 > 648], metrics=[output_rows=267, elapsed_compute=914.22µs, output_bytes=6.3 KB, output_batches=16, row_replacements=685]
    ProjectionExec: expr=[UserID@0 as UserID, sum(hits.AdvEngineID)@1 as sum(hits.AdvEngineID), count(Int64(1))@2 as count(*)], metrics=[output_rows=10.90 K, elapsed_compute=36.46µs, output_bytes=3.0 MB, output_batches=16, expr_0_eval_time=4.81µs, expr_1_eval_time=2.03µs, expr_2_eval_time=1.49µs]
      FilterExec: count(Int64(1))@2 > 5, metrics=[output_rows=10.90 K, elapsed_compute=965.97µs, output_bytes=3.0 MB, output_batches=16, selectivity=3.8% (10.90 K/289.5 K)]
        AggregateExec: mode=FinalPartitioned, gby=[UserID@0 as UserID], aggr=[sum(hits.AdvEngineID), count(Int64(1))], metrics=[output_rows=289.5 K, elapsed_compute=22.23ms, output_bytes=35.9 MB, output_batches=48, spill_count=0, spilled_bytes=0.0 B, spilled_rows=0, peak_mem_used=40.82 M, aggregate_arguments_time=76.33µs, aggregation_time=4.87ms, emitting_time=92.23µs, time_calculating_group_ids=18.58ms]
          RepartitionExec: partitioning=Hash([UserID@0], 16), input_partitions=16, metrics=[output_rows=295.2 K, elapsed_compute=2.66ms, output_bytes=9.0 MB, output_batches=48, spill_count=0, spilled_bytes=0.0 B, spilled_rows=0, fetch_time=2.87s, repartition_time=7.64ms, send_time=1.79ms]
            AggregateExec: mode=Partial, gby=[UserID@0 as UserID], aggr=[sum(hits.AdvEngineID), count(Int64(1))], metrics=[output_rows=295.2 K, elapsed_compute=120.86ms, output_bytes=41.3 MB, output_batches=43, spill_count=0, spilled_bytes=0.0 B, spilled_rows=0, skipped_aggregation_rows=0, peak_mem_used=17.15 M, aggregate_arguments_time=23.06ms, aggregation_time=20.99ms, emitting_time=157.28µs, time_calculating_group_ids=67.05ms, reduction_factor=50% (295.2 K/585.4 K)]
              DataSourceExec: file_groups={16 groups: [[home/ec2-user/liquid-cache/benchmark/clickbench/data/hits.parquet:0..923748528], [home/ec2-user/liquid-cache/benchmark/clickbench/data/hits.parquet:923748528..1847497056], [home/ec2-user/liquid-cache/benchmark/clickbench/data/hits.parquet:1847497056..2771245584], [home/ec2-user/liquid-cache/benchmark/clickbench/data/hits.parquet:2771245584..3694994112], [home/ec2-user/liquid-cache/benchmark/clickbench/data/hits.parquet:3694994112..4618742640], [home/ec2-user/liquid-cache/benchmark/clickbench/data/hits.parquet:4618742640..5542491168], [home/ec2-user/liquid-cache/benchmark/clickbench/data/hits.parquet:5542491168..6466239696], [home/ec2-user/liquid-cache/benchmark/clickbench/data/hits.parquet:6466239696..7389988224], [home/ec2-user/liquid-cache/benchmark/clickbench/data/hits.parquet:7389988224..8313736752], [home/ec2-user/liquid-cache/benchmark/clickbench/data/hits.parquet:8313736752..9237485280], [home/ec2-user/liquid-cache/benchmark/clickbench/data/hits.parquet:9237485280..10161233808], [home/ec2-user/liquid-cache/benchmark/clickbench/data/hits.parquet:10161233808..11084982336], [home/ec2-user/liquid-cache/benchmark/clickbench/data/hits.parquet:11084982336..12008730864], [home/ec2-user/liquid-cache/benchmark/clickbench/data/hits.parquet:12008730864..12932479392], [home/ec2-user/liquid-cache/benchmark/clickbench/data/hits.parquet:12932479392..13856227920], [home/ec2-user/liquid-cache/benchmark/clickbench/data/hits.parquet:13856227920..14779976446]]}, projection=[UserID, AdvEngineID], file_type=liquid_parquet, metrics=[output_rows=585.4 K, elapsed_compute=16ns, output_bytes=6.0 MB, output_batches=5.86 K, files_ranges_pruned_statistics=16 total → 16 matched, row_groups_pruned_statistics=226 total → 212 matched, row_groups_pruned_bloom_filter=0 total → 0 matched, page_index_pages_pruned=0 total → 0 matched, page_index_rows_pruned=0 total → 0 matched, limit_pruned_row_groups=0 total → 0 matched, batches_split=0, bytes_scanned=1.48 B, file_open_errors=0, file_scan_errors=0, num_predicate_creation_errors=0, predicate_evaluation_errors=0, pushdown_rows_matched=0, pushdown_rows_pruned=0, predicate_cache_inner_records=0, predicate_cache_records=0, bloom_filter_eval_time=3.32ms, metadata_load_time=2.35ms, page_index_eval_time=4.34µs, row_pushdown_eval_time=32ns, statistics_eval_time=442.41µs, time_elapsed_opening=8.47ms, time_elapsed_processing=2.02s, time_elapsed_scanning_total=2.86s, time_elapsed_scanning_until_data=59.83ms, scan_efficiency_ratio=N/A (0/0)]

Cache: entries=23080, mem=362MB, disk=0MB
  Hits: cache_hit=5863, eval_predicate=23080
  Misses: cache_miss=0
  IO: read=0, write=0
  Squeeze: squeezed_success=0, squeezed_needs_io=0
Time: 233ms

+---------------------+-----------------------+----------+
| UserID              | sum(hits.AdvEngineID) | count(*) |
+---------------------+-----------------------+----------+
| 6633110708571282873 | 33795                 | 751      |
| 676898532028024278  | 15435                 | 343      |
| 5457897098908086495 | 13860                 | 308      |
| 8008572587867360228 | 9072                  | 336      |
| 1544469731638950014 | 7740                  | 172      |
| 8768960450893390239 | 7216                  | 164      |
| 1127059842652487906 | 6700                  | 250      |
| 856554938168046448  | 5580                  | 124      |
| 1513249874811480107 | 5175                  | 115      |
| 2248194691272070395 | 4995                  | 111      |
| 1872136309756956747 | 4905                  | 109      |
| 8354740469573631583 | 4680                  | 104      |
| 904113750968610629  | 4563                  | 169      |
| -586124104038634272 | 4545                  | 101      |
| 3118603857296071504 | 4185                  | 93       |
| 8195113043319508788 | 4140                  | 92       |
| 2488847899270810992 | 3870                  | 86       |
| 8021977471746812316 | 3870                  | 86       |
| 1830000062854702362 | 3726                  | 138      |
| 897564624383262355  | 3690                  | 82       |
+---------------------+-----------------------+----------+

=== EXPLAIN ANALYZE (Query 4, Iteration 2) ===
SortPreservingMergeExec: [sum(hits.AdvEngineID)@1 DESC], fetch=20, metrics=[output_rows=20, elapsed_compute=5.35µs, output_bytes=480.0 B, output_batches=1]
  SortExec: TopK(fetch=20), expr=[sum(hits.AdvEngineID)@1 DESC], preserve_partitioning=[true], filter=[sum(hits.AdvEngineID)@1 IS NULL OR sum(hits.AdvEngineID)@1 > 648], metrics=[output_rows=255, elapsed_compute=539.51µs, output_bytes=6.0 KB, output_batches=16, row_replacements=471]
    ProjectionExec: expr=[UserID@0 as UserID, sum(hits.AdvEngineID)@1 as sum(hits.AdvEngineID), count(Int64(1))@2 as count(*)], metrics=[output_rows=10.90 K, elapsed_compute=32.47µs, output_bytes=3.0 MB, output_batches=16, expr_0_eval_time=5.18µs, expr_1_eval_time=1.55µs, expr_2_eval_time=1.15µs]
      FilterExec: count(Int64(1))@2 > 5, metrics=[output_rows=10.90 K, elapsed_compute=902.00µs, output_bytes=3.0 MB, output_batches=16, selectivity=3.8% (10.90 K/289.5 K)]
        AggregateExec: mode=FinalPartitioned, gby=[UserID@0 as UserID], aggr=[sum(hits.AdvEngineID), count(Int64(1))], metrics=[output_rows=289.5 K, elapsed_compute=23.90ms, output_bytes=35.9 MB, output_batches=48, spill_count=0, spilled_bytes=0.0 B, spilled_rows=0, peak_mem_used=40.81 M, aggregate_arguments_time=112.03µs, aggregation_time=4.68ms, emitting_time=78.86µs, time_calculating_group_ids=20.31ms]
          RepartitionExec: partitioning=Hash([UserID@0], 16), input_partitions=16, metrics=[output_rows=295.2 K, elapsed_compute=3.14ms, output_bytes=9.0 MB, output_batches=48, spill_count=0, spilled_bytes=0.0 B, spilled_rows=0, fetch_time=2.92s, repartition_time=9.08ms, send_time=2.53ms]
            AggregateExec: mode=Partial, gby=[UserID@0 as UserID], aggr=[sum(hits.AdvEngineID), count(Int64(1))], metrics=[output_rows=295.2 K, elapsed_compute=123.50ms, output_bytes=41.3 MB, output_batches=43, spill_count=0, spilled_bytes=0.0 B, spilled_rows=0, skipped_aggregation_rows=0, peak_mem_used=17.15 M, aggregate_arguments_time=24.92ms, aggregation_time=22.25ms, emitting_time=176.16µs, time_calculating_group_ids=67.48ms, reduction_factor=50% (295.2 K/585.4 K)]
              DataSourceExec: file_groups={16 groups: [[home/ec2-user/liquid-cache/benchmark/clickbench/data/hits.parquet:0..923748528], [home/ec2-user/liquid-cache/benchmark/clickbench/data/hits.parquet:923748528..1847497056], [home/ec2-user/liquid-cache/benchmark/clickbench/data/hits.parquet:1847497056..2771245584], [home/ec2-user/liquid-cache/benchmark/clickbench/data/hits.parquet:2771245584..3694994112], [home/ec2-user/liquid-cache/benchmark/clickbench/data/hits.parquet:3694994112..4618742640], [home/ec2-user/liquid-cache/benchmark/clickbench/data/hits.parquet:4618742640..5542491168], [home/ec2-user/liquid-cache/benchmark/clickbench/data/hits.parquet:5542491168..6466239696], [home/ec2-user/liquid-cache/benchmark/clickbench/data/hits.parquet:6466239696..7389988224], [home/ec2-user/liquid-cache/benchmark/clickbench/data/hits.parquet:7389988224..8313736752], [home/ec2-user/liquid-cache/benchmark/clickbench/data/hits.parquet:8313736752..9237485280], [home/ec2-user/liquid-cache/benchmark/clickbench/data/hits.parquet:9237485280..10161233808], [home/ec2-user/liquid-cache/benchmark/clickbench/data/hits.parquet:10161233808..11084982336], [home/ec2-user/liquid-cache/benchmark/clickbench/data/hits.parquet:11084982336..12008730864], [home/ec2-user/liquid-cache/benchmark/clickbench/data/hits.parquet:12008730864..12932479392], [home/ec2-user/liquid-cache/benchmark/clickbench/data/hits.parquet:12932479392..13856227920], [home/ec2-user/liquid-cache/benchmark/clickbench/data/hits.parquet:13856227920..14779976446]]}, projection=[UserID, AdvEngineID], file_type=liquid_parquet, metrics=[output_rows=585.4 K, elapsed_compute=16ns, output_bytes=6.0 MB, output_batches=5.86 K, files_ranges_pruned_statistics=16 total → 16 matched, row_groups_pruned_statistics=226 total → 212 matched, row_groups_pruned_bloom_filter=0 total → 0 matched, page_index_pages_pruned=0 total → 0 matched, page_index_rows_pruned=0 total → 0 matched, limit_pruned_row_groups=0 total → 0 matched, batches_split=0, bytes_scanned=1.48 B, file_open_errors=0, file_scan_errors=0, num_predicate_creation_errors=0, predicate_evaluation_errors=0, pushdown_rows_matched=0, pushdown_rows_pruned=0, predicate_cache_inner_records=0, predicate_cache_records=0, bloom_filter_eval_time=3.88ms, metadata_load_time=2.60ms, page_index_eval_time=3.89µs, row_pushdown_eval_time=32ns, statistics_eval_time=394.21µs, time_elapsed_opening=9.19ms, time_elapsed_processing=2.05s, time_elapsed_scanning_total=2.91s, time_elapsed_scanning_until_data=43.88ms, scan_efficiency_ratio=N/A (0/0)]

Cache: entries=23080, mem=362MB, disk=0MB
  Hits: cache_hit=5863, eval_predicate=23080
  Misses: cache_miss=0
  IO: read=0, write=0
  Squeeze: squeezed_success=0, squeezed_needs_io=0
Time: 237ms

+---------------------+-----------------------+----------+
| UserID              | sum(hits.AdvEngineID) | count(*) |
+---------------------+-----------------------+----------+
| 6633110708571282873 | 33795                 | 751      |
| 676898532028024278  | 15435                 | 343      |
| 5457897098908086495 | 13860                 | 308      |
| 8008572587867360228 | 9072                  | 336      |
| 1544469731638950014 | 7740                  | 172      |
| 8768960450893390239 | 7216                  | 164      |
| 1127059842652487906 | 6700                  | 250      |
| 856554938168046448  | 5580                  | 124      |
| 1513249874811480107 | 5175                  | 115      |
| 2248194691272070395 | 4995                  | 111      |
| 1872136309756956747 | 4905                  | 109      |
| 8354740469573631583 | 4680                  | 104      |
| 904113750968610629  | 4563                  | 169      |
| -586124104038634272 | 4545                  | 101      |
| 3118603857296071504 | 4185                  | 93       |
| 8195113043319508788 | 4140                  | 92       |
| 8021977471746812316 | 3870                  | 86       |
| 2488847899270810992 | 3870                  | 86       |
| 1830000062854702362 | 3726                  | 138      |
| 897564624383262355  | 3690                  | 82       |
+---------------------+-----------------------+----------+

=== EXPLAIN ANALYZE (Query 4, Iteration 3) ===
SortPreservingMergeExec: [sum(hits.AdvEngineID)@1 DESC], fetch=20, metrics=[output_rows=20, elapsed_compute=5.25µs, output_bytes=480.0 B, output_batches=1]
  SortExec: TopK(fetch=20), expr=[sum(hits.AdvEngineID)@1 DESC], preserve_partitioning=[true], filter=[sum(hits.AdvEngineID)@1 IS NULL OR sum(hits.AdvEngineID)@1 > 648], metrics=[output_rows=231, elapsed_compute=590.14µs, output_bytes=5.4 KB, output_batches=16, row_replacements=298]
    ProjectionExec: expr=[UserID@0 as UserID, sum(hits.AdvEngineID)@1 as sum(hits.AdvEngineID), count(Int64(1))@2 as count(*)], metrics=[output_rows=10.90 K, elapsed_compute=37.58µs, output_bytes=3.0 MB, output_batches=16, expr_0_eval_time=5.37µs, expr_1_eval_time=1.70µs, expr_2_eval_time=1.99µs]
      FilterExec: count(Int64(1))@2 > 5, metrics=[output_rows=10.90 K, elapsed_compute=1.11ms, output_bytes=3.0 MB, output_batches=16, selectivity=3.8% (10.90 K/289.5 K)]
        AggregateExec: mode=FinalPartitioned, gby=[UserID@0 as UserID], aggr=[sum(hits.AdvEngineID), count(Int64(1))], metrics=[output_rows=289.5 K, elapsed_compute=26.03ms, output_bytes=35.9 MB, output_batches=48, spill_count=0, spilled_bytes=0.0 B, spilled_rows=0, peak_mem_used=40.81 M, aggregate_arguments_time=87.18µs, aggregation_time=5.48ms, emitting_time=115.75µs, time_calculating_group_ids=21.88ms]
          RepartitionExec: partitioning=Hash([UserID@0], 16), input_partitions=16, metrics=[output_rows=295.2 K, elapsed_compute=2.90ms, output_bytes=9.0 MB, output_batches=48, spill_count=0, spilled_bytes=0.0 B, spilled_rows=0, fetch_time=2.88s, repartition_time=7.44ms, send_time=4.64ms]
            AggregateExec: mode=Partial, gby=[UserID@0 as UserID], aggr=[sum(hits.AdvEngineID), count(Int64(1))], metrics=[output_rows=295.2 K, elapsed_compute=119.69ms, output_bytes=41.3 MB, output_batches=43, spill_count=0, spilled_bytes=0.0 B, spilled_rows=0, skipped_aggregation_rows=0, peak_mem_used=17.15 M, aggregate_arguments_time=23.14ms, aggregation_time=19.69ms, emitting_time=159.49µs, time_calculating_group_ids=66.30ms, reduction_factor=50% (295.2 K/585.4 K)]
              DataSourceExec: file_groups={16 groups: [[home/ec2-user/liquid-cache/benchmark/clickbench/data/hits.parquet:0..923748528], [home/ec2-user/liquid-cache/benchmark/clickbench/data/hits.parquet:923748528..1847497056], [home/ec2-user/liquid-cache/benchmark/clickbench/data/hits.parquet:1847497056..2771245584], [home/ec2-user/liquid-cache/benchmark/clickbench/data/hits.parquet:2771245584..3694994112], [home/ec2-user/liquid-cache/benchmark/clickbench/data/hits.parquet:3694994112..4618742640], [home/ec2-user/liquid-cache/benchmark/clickbench/data/hits.parquet:4618742640..5542491168], [home/ec2-user/liquid-cache/benchmark/clickbench/data/hits.parquet:5542491168..6466239696], [home/ec2-user/liquid-cache/benchmark/clickbench/data/hits.parquet:6466239696..7389988224], [home/ec2-user/liquid-cache/benchmark/clickbench/data/hits.parquet:7389988224..8313736752], [home/ec2-user/liquid-cache/benchmark/clickbench/data/hits.parquet:8313736752..9237485280], [home/ec2-user/liquid-cache/benchmark/clickbench/data/hits.parquet:9237485280..10161233808], [home/ec2-user/liquid-cache/benchmark/clickbench/data/hits.parquet:10161233808..11084982336], [home/ec2-user/liquid-cache/benchmark/clickbench/data/hits.parquet:11084982336..12008730864], [home/ec2-user/liquid-cache/benchmark/clickbench/data/hits.parquet:12008730864..12932479392], [home/ec2-user/liquid-cache/benchmark/clickbench/data/hits.parquet:12932479392..13856227920], [home/ec2-user/liquid-cache/benchmark/clickbench/data/hits.parquet:13856227920..14779976446]]}, projection=[UserID, AdvEngineID], file_type=liquid_parquet, metrics=[output_rows=585.4 K, elapsed_compute=16ns, output_bytes=6.0 MB, output_batches=5.86 K, files_ranges_pruned_statistics=16 total → 16 matched, row_groups_pruned_statistics=226 total → 212 matched, row_groups_pruned_bloom_filter=0 total → 0 matched, page_index_pages_pruned=0 total → 0 matched, page_index_rows_pruned=0 total → 0 matched, limit_pruned_row_groups=0 total → 0 matched, batches_split=0, bytes_scanned=1.48 B, file_open_errors=0, file_scan_errors=0, num_predicate_creation_errors=0, predicate_evaluation_errors=0, pushdown_rows_matched=0, pushdown_rows_pruned=0, predicate_cache_inner_records=0, predicate_cache_records=0, bloom_filter_eval_time=3.19ms, metadata_load_time=2.84ms, page_index_eval_time=4.11µs, row_pushdown_eval_time=32ns, statistics_eval_time=461.07µs, time_elapsed_opening=8.89ms, time_elapsed_processing=2.04s, time_elapsed_scanning_total=2.87s, time_elapsed_scanning_until_data=41.48ms, scan_efficiency_ratio=N/A (0/0)]

Cache: entries=23080, mem=362MB, disk=0MB
  Hits: cache_hit=5863, eval_predicate=23080
  Misses: cache_miss=0
  IO: read=0, write=0
  Squeeze: squeezed_success=0, squeezed_needs_io=0
Time: 242ms

+---------------------+-----------------------+----------+
| UserID              | sum(hits.AdvEngineID) | count(*) |
+---------------------+-----------------------+----------+
| 6633110708571282873 | 33795                 | 751      |
| 676898532028024278  | 15435                 | 343      |
| 5457897098908086495 | 13860                 | 308      |
| 8008572587867360228 | 9072                  | 336      |
| 1544469731638950014 | 7740                  | 172      |
| 8768960450893390239 | 7216                  | 164      |
| 1127059842652487906 | 6700                  | 250      |
| 856554938168046448  | 5580                  | 124      |
| 1513249874811480107 | 5175                  | 115      |
| 2248194691272070395 | 4995                  | 111      |
| 1872136309756956747 | 4905                  | 109      |
| 8354740469573631583 | 4680                  | 104      |
| 904113750968610629  | 4563                  | 169      |
| -586124104038634272 | 4545                  | 101      |
| 3118603857296071504 | 4185                  | 93       |
| 8195113043319508788 | 4140                  | 92       |
| 8021977471746812316 | 3870                  | 86       |
| 2488847899270810992 | 3870                  | 86       |
| 1830000062854702362 | 3726                  | 138      |
| 897564624383262355  | 3690                  | 82       |
+---------------------+-----------------------+----------+

=== EXPLAIN ANALYZE (Query 4, Iteration 4) ===
SortPreservingMergeExec: [sum(hits.AdvEngineID)@1 DESC], fetch=20, metrics=[output_rows=20, elapsed_compute=5.53µs, output_bytes=480.0 B, output_batches=1]
  SortExec: TopK(fetch=20), expr=[sum(hits.AdvEngineID)@1 DESC], preserve_partitioning=[true], filter=[sum(hits.AdvEngineID)@1 IS NULL OR sum(hits.AdvEngineID)@1 > 648], metrics=[output_rows=225, elapsed_compute=516.27µs, output_bytes=5.3 KB, output_batches=16, row_replacements=293]
    ProjectionExec: expr=[UserID@0 as UserID, sum(hits.AdvEngineID)@1 as sum(hits.AdvEngineID), count(Int64(1))@2 as count(*)], metrics=[output_rows=10.90 K, elapsed_compute=38.90µs, output_bytes=3.0 MB, output_batches=16, expr_0_eval_time=4.10µs, expr_1_eval_time=1.63µs, expr_2_eval_time=1.72µs]
      FilterExec: count(Int64(1))@2 > 5, metrics=[output_rows=10.90 K, elapsed_compute=971.51µs, output_bytes=3.0 MB, output_batches=16, selectivity=3.8% (10.90 K/289.5 K)]
        AggregateExec: mode=FinalPartitioned, gby=[UserID@0 as UserID], aggr=[sum(hits.AdvEngineID), count(Int64(1))], metrics=[output_rows=289.5 K, elapsed_compute=23.32ms, output_bytes=35.9 MB, output_batches=48, spill_count=0, spilled_bytes=0.0 B, spilled_rows=0, peak_mem_used=40.81 M, aggregate_arguments_time=100.24µs, aggregation_time=6.15ms, emitting_time=96.23µs, time_calculating_group_ids=18.93ms]
          RepartitionExec: partitioning=Hash([UserID@0], 16), input_partitions=16, metrics=[output_rows=295.2 K, elapsed_compute=2.98ms, output_bytes=9.0 MB, output_batches=48, spill_count=0, spilled_bytes=0.0 B, spilled_rows=0, fetch_time=2.83s, repartition_time=9.20ms, send_time=2.90ms]
            AggregateExec: mode=Partial, gby=[UserID@0 as UserID], aggr=[sum(hits.AdvEngineID), count(Int64(1))], metrics=[output_rows=295.2 K, elapsed_compute=122.42ms, output_bytes=41.3 MB, output_batches=43, spill_count=0, spilled_bytes=0.0 B, spilled_rows=0, skipped_aggregation_rows=0, peak_mem_used=17.15 M, aggregate_arguments_time=24.77ms, aggregation_time=22.60ms, emitting_time=163.68µs, time_calculating_group_ids=67.15ms, reduction_factor=50% (295.2 K/585.4 K)]
              DataSourceExec: file_groups={16 groups: [[home/ec2-user/liquid-cache/benchmark/clickbench/data/hits.parquet:0..923748528], [home/ec2-user/liquid-cache/benchmark/clickbench/data/hits.parquet:923748528..1847497056], [home/ec2-user/liquid-cache/benchmark/clickbench/data/hits.parquet:1847497056..2771245584], [home/ec2-user/liquid-cache/benchmark/clickbench/data/hits.parquet:2771245584..3694994112], [home/ec2-user/liquid-cache/benchmark/clickbench/data/hits.parquet:3694994112..4618742640], [home/ec2-user/liquid-cache/benchmark/clickbench/data/hits.parquet:4618742640..5542491168], [home/ec2-user/liquid-cache/benchmark/clickbench/data/hits.parquet:5542491168..6466239696], [home/ec2-user/liquid-cache/benchmark/clickbench/data/hits.parquet:6466239696..7389988224], [home/ec2-user/liquid-cache/benchmark/clickbench/data/hits.parquet:7389988224..8313736752], [home/ec2-user/liquid-cache/benchmark/clickbench/data/hits.parquet:8313736752..9237485280], [home/ec2-user/liquid-cache/benchmark/clickbench/data/hits.parquet:9237485280..10161233808], [home/ec2-user/liquid-cache/benchmark/clickbench/data/hits.parquet:10161233808..11084982336], [home/ec2-user/liquid-cache/benchmark/clickbench/data/hits.parquet:11084982336..12008730864], [home/ec2-user/liquid-cache/benchmark/clickbench/data/hits.parquet:12008730864..12932479392], [home/ec2-user/liquid-cache/benchmark/clickbench/data/hits.parquet:12932479392..13856227920], [home/ec2-user/liquid-cache/benchmark/clickbench/data/hits.parquet:13856227920..14779976446]]}, projection=[UserID, AdvEngineID], file_type=liquid_parquet, metrics=[output_rows=585.4 K, elapsed_compute=16ns, output_bytes=6.0 MB, output_batches=5.86 K, files_ranges_pruned_statistics=16 total → 16 matched, row_groups_pruned_statistics=226 total → 212 matched, row_groups_pruned_bloom_filter=0 total → 0 matched, page_index_pages_pruned=0 total → 0 matched, page_index_rows_pruned=0 total → 0 matched, limit_pruned_row_groups=0 total → 0 matched, batches_split=0, bytes_scanned=1.48 B, file_open_errors=0, file_scan_errors=0, num_predicate_creation_errors=0, predicate_evaluation_errors=0, pushdown_rows_matched=0, pushdown_rows_pruned=0, predicate_cache_inner_records=0, predicate_cache_records=0, bloom_filter_eval_time=2.97ms, metadata_load_time=2.73ms, page_index_eval_time=3.30µs, row_pushdown_eval_time=32ns, statistics_eval_time=368.36µs, time_elapsed_opening=8.30ms, time_elapsed_processing=2.02s, time_elapsed_scanning_total=2.82s, time_elapsed_scanning_until_data=44.91ms, scan_efficiency_ratio=N/A (0/0)]

Cache: entries=23080, mem=362MB, disk=0MB
  Hits: cache_hit=5863, eval_predicate=23080
  Misses: cache_miss=0
  IO: read=0, write=0
  Squeeze: squeezed_success=0, squeezed_needs_io=0
Time: 232ms

+---------------------+-----------------------+----------+
| UserID              | sum(hits.AdvEngineID) | count(*) |
+---------------------+-----------------------+----------+
| 6633110708571282873 | 33795                 | 751      |
| 676898532028024278  | 15435                 | 343      |
| 5457897098908086495 | 13860                 | 308      |
| 8008572587867360228 | 9072                  | 336      |
| 1544469731638950014 | 7740                  | 172      |
| 8768960450893390239 | 7216                  | 164      |
| 1127059842652487906 | 6700                  | 250      |
| 856554938168046448  | 5580                  | 124      |
| 1513249874811480107 | 5175                  | 115      |
| 2248194691272070395 | 4995                  | 111      |
| 1872136309756956747 | 4905                  | 109      |
| 8354740469573631583 | 4680                  | 104      |
| 904113750968610629  | 4563                  | 169      |
| -586124104038634272 | 4545                  | 101      |
| 3118603857296071504 | 4185                  | 93       |
| 8195113043319508788 | 4140                  | 92       |
| 2488847899270810992 | 3870                  | 86       |
| 8021977471746812316 | 3870                  | 86       |
| 1830000062854702362 | 3726                  | 138      |
| 897564624383262355  | 3690                  | 82       |
+---------------------+-----------------------+----------+
