
=== EXPLAIN ANALYZE (Query 1, Iteration 0) ===
ProjectionExec: expr=[RegionID@0 as RegionID, count(*)@1 as count(*), sum(hits.AdvEngineID)@2 as sum(hits.AdvEngineID), avg(hits.ResolutionWidth)@3 as avg(hits.ResolutionWidth), count(DISTINCT hits.UserID)@4 as count(DISTINCT hits.UserID)], metrics=[output_rows=20, elapsed_compute=2.74µs, output_bytes=720.0 B, output_batches=1, expr_0_eval_time=350ns, expr_1_eval_time=160ns, expr_2_eval_time=160ns, expr_3_eval_time=171ns, expr_4_eval_time=80ns]
  SortPreservingMergeExec: [count(Int64(1))@5 DESC], fetch=20, metrics=[output_rows=20, elapsed_compute=14.38µs, output_bytes=880.0 B, output_batches=1]
    SortExec: TopK(fetch=20), expr=[count(*)@1 DESC], preserve_partitioning=[true], filter=[count(*)@1 IS NULL OR count(*)@1 > 36573], metrics=[output_rows=262, elapsed_compute=5.16ms, output_bytes=11.3 KB, output_batches=16, row_replacements=277]
      ProjectionExec: expr=[RegionID@0 as RegionID, count(Int64(1))@1 as count(*), sum(hits.AdvEngineID)@2 as sum(hits.AdvEngineID), avg(hits.ResolutionWidth)@3 as avg(hits.ResolutionWidth), count(DISTINCT hits.UserID)@4 as count(DISTINCT hits.UserID), count(Int64(1))@1 as count(Int64(1))], metrics=[output_rows=9.04 K, elapsed_compute=122.31µs, output_bytes=403.9 KB, output_batches=16, expr_0_eval_time=22.00µs, expr_1_eval_time=3.01µs, expr_2_eval_time=3.12µs, expr_3_eval_time=2.12µs, expr_4_eval_time=2.79µs, expr_5_eval_time=2.84µs]
        AggregateExec: mode=FinalPartitioned, gby=[RegionID@0 as RegionID], aggr=[count(Int64(1)), sum(hits.AdvEngineID), avg(hits.ResolutionWidth), count(DISTINCT hits.UserID)], metrics=[output_rows=9.04 K, elapsed_compute=1.15s, output_bytes=403.9 KB, output_batches=16, spill_count=0, spilled_bytes=0.0 B, spilled_rows=0, peak_mem_used=541.4 M, aggregate_arguments_time=215.23µs, aggregation_time=1.14s, emitting_time=2.57ms, time_calculating_group_ids=2.86ms]
          RepartitionExec: partitioning=Hash([RegionID@0], 16), input_partitions=16, metrics=[output_rows=68.25 K, elapsed_compute=195.32ms, output_bytes=167.6 MB, output_batches=16, spill_count=0, spilled_bytes=0.0 B, spilled_rows=0, fetch_time=11.77s, repartition_time=46.34ms, send_time=388.35µs]
            AggregateExec: mode=Partial, gby=[RegionID@0 as RegionID], aggr=[count(Int64(1)), sum(hits.AdvEngineID), avg(hits.ResolutionWidth), count(DISTINCT hits.UserID)], metrics=[output_rows=68.25 K, elapsed_compute=6.72s, output_bytes=166.4 MB, output_batches=16, spill_count=0, spilled_bytes=0.0 B, spilled_rows=0, skipped_aggregation_rows=0, peak_mem_used=335.5 M, aggregate_arguments_time=174.88ms, aggregation_time=6.61s, emitting_time=132.26ms, time_calculating_group_ids=811.95ms, reduction_factor=0.073% (68.25 K/93.33 M)]
              DataSourceExec: file_groups={16 groups: [[home/ec2-user/liquid-cache/benchmark/clickbench/data/hits.parquet:0..923748528], [home/ec2-user/liquid-cache/benchmark/clickbench/data/hits.parquet:923748528..1847497056], [home/ec2-user/liquid-cache/benchmark/clickbench/data/hits.parquet:1847497056..2771245584], [home/ec2-user/liquid-cache/benchmark/clickbench/data/hits.parquet:2771245584..3694994112], [home/ec2-user/liquid-cache/benchmark/clickbench/data/hits.parquet:3694994112..4618742640], [home/ec2-user/liquid-cache/benchmark/clickbench/data/hits.parquet:4618742640..5542491168], [home/ec2-user/liquid-cache/benchmark/clickbench/data/hits.parquet:5542491168..6466239696], [home/ec2-user/liquid-cache/benchmark/clickbench/data/hits.parquet:6466239696..7389988224], [home/ec2-user/liquid-cache/benchmark/clickbench/data/hits.parquet:7389988224..8313736752], [home/ec2-user/liquid-cache/benchmark/clickbench/data/hits.parquet:8313736752..9237485280], [home/ec2-user/liquid-cache/benchmark/clickbench/data/hits.parquet:9237485280..10161233808], [home/ec2-user/liquid-cache/benchmark/clickbench/data/hits.parquet:10161233808..11084982336], [home/ec2-user/liquid-cache/benchmark/clickbench/data/hits.parquet:11084982336..12008730864], [home/ec2-user/liquid-cache/benchmark/clickbench/data/hits.parquet:12008730864..12932479392], [home/ec2-user/liquid-cache/benchmark/clickbench/data/hits.parquet:12932479392..13856227920], [home/ec2-user/liquid-cache/benchmark/clickbench/data/hits.parquet:13856227920..14779976446]]}, projection=[RegionID, UserID, ResolutionWidth, AdvEngineID], file_type=parquet, predicate=IsRefresh@15 = 0, pruning_predicate=IsRefresh_null_count@2 != row_count@3 AND IsRefresh_min@0 <= 0 AND 0 <= IsRefresh_max@1, required_guarantees=[IsRefresh in (0)], metrics=[output_rows=93.33 M, elapsed_compute=16ns, output_bytes=1612.1 MB, output_batches=11.50 K, files_ranges_pruned_statistics=16 total → 16 matched, row_groups_pruned_statistics=226 total → 226 matched, row_groups_pruned_bloom_filter=226 total → 226 matched, page_index_pages_pruned=0 total → 0 matched, page_index_rows_pruned=0 total → 0 matched, limit_pruned_row_groups=0 total → 0 matched, batches_split=0, bytes_scanned=375.6 M, file_open_errors=0, file_scan_errors=0, num_predicate_creation_errors=0, predicate_evaluation_errors=0, pushdown_rows_matched=93.33 M, pushdown_rows_pruned=6.67 M, predicate_cache_inner_records=0, predicate_cache_records=0, bloom_filter_eval_time=2.62ms, metadata_load_time=428.74ms, page_index_eval_time=3.68µs, row_pushdown_eval_time=66.56ms, statistics_eval_time=5.16ms, time_elapsed_opening=538.42ms, time_elapsed_processing=2.86s, time_elapsed_scanning_total=11.10s, time_elapsed_scanning_until_data=421.23ms, scan_efficiency_ratio=2.5% (375.6 M/14.78 B)]

Time: 1437ms

+----------+----------+-----------------------+---------------------------+-----------------------------+
| RegionID | count(*) | sum(hits.AdvEngineID) | avg(hits.ResolutionWidth) | count(DISTINCT hits.UserID) |
+----------+----------+-----------------------+---------------------------+-----------------------------+
| 229      | 17254222 | 1950235               | 1504.2990938681558        | 2845664                     |
| 2        | 6225040  | 419434                | 1475.6193153778931        | 1081009                     |
| 208      | 3960620  | 271651                | 1277.8638839373634        | 831654                      |
| 169      | 3243973  | 92281                 | 1466.207533478238         | 604575                      |
| 32       | 1737289  | 77420                 | 1536.7963954183788        | 216009                      |
| 184      | 1703139  | 51597                 | 1505.9871067481868        | 322661                      |
| 34       | 1676456  | 155185                | 1548.607822096136         | 299477                      |
| 107      | 1404458  | 114311                | 1546.4320221751025        | 272447                      |
| 42       | 1388679  | 103226                | 1587.0068626370817        | 243178                      |
| 51       | 1343769  | 93740                 | 1579.896836435429         | 211502                      |
| 55       | 1284963  | 98242                 | 1330.0709973750218        | 286524                      |
| 106      | 1267662  | 57252                 | 1584.543973866851         | 161078                      |
| 158      | 1255159  | 34525                 | 1376.8860016938092        | 307150                      |
| 1        | 1235341  | 140041                | 1553.8996252856498        | 239380                      |
| 36       | 1031435  | 75753                 | 1577.6725784950095        | 194682                      |
| 44       | 915228   | 73702                 | 1300.7587355281962        | 203195                      |
| 23       | 907962   | 67434                 | 1206.0484392518629        | 193824                      |
| 139      | 884645   | 61824                 | 1556.1782002950335        | 169868                      |
| 226      | 884270   | 69961                 | 1578.6935404344827        | 165745                      |
| 38       | 846261   | 59022                 | 1582.1406469162587        | 170806                      |
+----------+----------+-----------------------+---------------------------+-----------------------------+

=== EXPLAIN ANALYZE (Query 1, Iteration 1) ===
ProjectionExec: expr=[RegionID@0 as RegionID, count(*)@1 as count(*), sum(hits.AdvEngineID)@2 as sum(hits.AdvEngineID), avg(hits.ResolutionWidth)@3 as avg(hits.ResolutionWidth), count(DISTINCT hits.UserID)@4 as count(DISTINCT hits.UserID)], metrics=[output_rows=20, elapsed_compute=2.71µs, output_bytes=720.0 B, output_batches=1, expr_0_eval_time=310ns, expr_1_eval_time=171ns, expr_2_eval_time=169ns, expr_3_eval_time=149ns, expr_4_eval_time=151ns]
  SortPreservingMergeExec: [count(Int64(1))@5 DESC], fetch=20, metrics=[output_rows=20, elapsed_compute=14.31µs, output_bytes=880.0 B, output_batches=1]
    SortExec: TopK(fetch=20), expr=[count(*)@1 DESC], preserve_partitioning=[true], filter=[count(*)@1 IS NULL OR count(*)@1 > 36573], metrics=[output_rows=270, elapsed_compute=920.54µs, output_bytes=11.6 KB, output_batches=16, row_replacements=284]
      ProjectionExec: expr=[RegionID@0 as RegionID, count(Int64(1))@1 as count(*), sum(hits.AdvEngineID)@2 as sum(hits.AdvEngineID), avg(hits.ResolutionWidth)@3 as avg(hits.ResolutionWidth), count(DISTINCT hits.UserID)@4 as count(DISTINCT hits.UserID), count(Int64(1))@1 as count(Int64(1))], metrics=[output_rows=9.04 K, elapsed_compute=81.87µs, output_bytes=403.9 KB, output_batches=16, expr_0_eval_time=20.68µs, expr_1_eval_time=1.96µs, expr_2_eval_time=2.56µs, expr_3_eval_time=2.14µs, expr_4_eval_time=5.90µs, expr_5_eval_time=1.78µs]
        AggregateExec: mode=FinalPartitioned, gby=[RegionID@0 as RegionID], aggr=[count(Int64(1)), sum(hits.AdvEngineID), avg(hits.ResolutionWidth), count(DISTINCT hits.UserID)], metrics=[output_rows=9.04 K, elapsed_compute=1.14s, output_bytes=403.9 KB, output_batches=16, spill_count=0, spilled_bytes=0.0 B, spilled_rows=0, peak_mem_used=541.4 M, aggregate_arguments_time=224.38µs, aggregation_time=1.14s, emitting_time=2.04ms, time_calculating_group_ids=3.75ms]
          RepartitionExec: partitioning=Hash([RegionID@0], 16), input_partitions=16, metrics=[output_rows=68.25 K, elapsed_compute=201.64ms, output_bytes=167.6 MB, output_batches=16, spill_count=0, spilled_bytes=0.0 B, spilled_rows=0, fetch_time=9.91s, repartition_time=45.83ms, send_time=465.54µs]
            AggregateExec: mode=Partial, gby=[RegionID@0 as RegionID], aggr=[count(Int64(1)), sum(hits.AdvEngineID), avg(hits.ResolutionWidth), count(DISTINCT hits.UserID)], metrics=[output_rows=68.25 K, elapsed_compute=7.31s, output_bytes=166.4 MB, output_batches=16, spill_count=0, spilled_bytes=0.0 B, spilled_rows=0, skipped_aggregation_rows=0, peak_mem_used=335.5 M, aggregate_arguments_time=175.64ms, aggregation_time=7.12s, emitting_time=132.18ms, time_calculating_group_ids=886.01ms, reduction_factor=0.073% (68.25 K/93.33 M)]
              DataSourceExec: file_groups={16 groups: [[home/ec2-user/liquid-cache/benchmark/clickbench/data/hits.parquet:0..923748528], [home/ec2-user/liquid-cache/benchmark/clickbench/data/hits.parquet:923748528..1847497056], [home/ec2-user/liquid-cache/benchmark/clickbench/data/hits.parquet:1847497056..2771245584], [home/ec2-user/liquid-cache/benchmark/clickbench/data/hits.parquet:2771245584..3694994112], [home/ec2-user/liquid-cache/benchmark/clickbench/data/hits.parquet:3694994112..4618742640], [home/ec2-user/liquid-cache/benchmark/clickbench/data/hits.parquet:4618742640..5542491168], [home/ec2-user/liquid-cache/benchmark/clickbench/data/hits.parquet:5542491168..6466239696], [home/ec2-user/liquid-cache/benchmark/clickbench/data/hits.parquet:6466239696..7389988224], [home/ec2-user/liquid-cache/benchmark/clickbench/data/hits.parquet:7389988224..8313736752], [home/ec2-user/liquid-cache/benchmark/clickbench/data/hits.parquet:8313736752..9237485280], [home/ec2-user/liquid-cache/benchmark/clickbench/data/hits.parquet:9237485280..10161233808], [home/ec2-user/liquid-cache/benchmark/clickbench/data/hits.parquet:10161233808..11084982336], [home/ec2-user/liquid-cache/benchmark/clickbench/data/hits.parquet:11084982336..12008730864], [home/ec2-user/liquid-cache/benchmark/clickbench/data/hits.parquet:12008730864..12932479392], [home/ec2-user/liquid-cache/benchmark/clickbench/data/hits.parquet:12932479392..13856227920], [home/ec2-user/liquid-cache/benchmark/clickbench/data/hits.parquet:13856227920..14779976446]]}, projection=[RegionID, UserID, ResolutionWidth, AdvEngineID], file_type=parquet, predicate=IsRefresh@15 = 0, pruning_predicate=IsRefresh_null_count@2 != row_count@3 AND IsRefresh_min@0 <= 0 AND 0 <= IsRefresh_max@1, required_guarantees=[IsRefresh in (0)], metrics=[output_rows=93.33 M, elapsed_compute=16ns, output_bytes=1612.1 MB, output_batches=11.50 K, files_ranges_pruned_statistics=16 total → 16 matched, row_groups_pruned_statistics=226 total → 226 matched, row_groups_pruned_bloom_filter=226 total → 226 matched, page_index_pages_pruned=0 total → 0 matched, page_index_rows_pruned=0 total → 0 matched, limit_pruned_row_groups=0 total → 0 matched, batches_split=0, bytes_scanned=375.6 M, file_open_errors=0, file_scan_errors=0, num_predicate_creation_errors=0, predicate_evaluation_errors=0, pushdown_rows_matched=93.33 M, pushdown_rows_pruned=6.67 M, predicate_cache_inner_records=0, predicate_cache_records=0, bloom_filter_eval_time=5.34ms, metadata_load_time=154.53ms, page_index_eval_time=9.29µs, row_pushdown_eval_time=71.80ms, statistics_eval_time=3.00ms, time_elapsed_opening=167.90ms, time_elapsed_processing=2.52s, time_elapsed_scanning_total=9.61s, time_elapsed_scanning_until_data=131.88ms, scan_efficiency_ratio=2.5% (375.6 M/14.78 B)]

Time: 1033ms

+----------+----------+-----------------------+---------------------------+-----------------------------+
| RegionID | count(*) | sum(hits.AdvEngineID) | avg(hits.ResolutionWidth) | count(DISTINCT hits.UserID) |
+----------+----------+-----------------------+---------------------------+-----------------------------+
| 229      | 17254222 | 1950235               | 1504.2990938681558        | 2845664                     |
| 2        | 6225040  | 419434                | 1475.6193153778931        | 1081009                     |
| 208      | 3960620  | 271651                | 1277.8638839373634        | 831654                      |
| 169      | 3243973  | 92281                 | 1466.207533478238         | 604575                      |
| 32       | 1737289  | 77420                 | 1536.7963954183788        | 216009                      |
| 184      | 1703139  | 51597                 | 1505.9871067481868        | 322661                      |
| 34       | 1676456  | 155185                | 1548.607822096136         | 299477                      |
| 107      | 1404458  | 114311                | 1546.4320221751025        | 272447                      |
| 42       | 1388679  | 103226                | 1587.0068626370817        | 243178                      |
| 51       | 1343769  | 93740                 | 1579.896836435429         | 211502                      |
| 55       | 1284963  | 98242                 | 1330.0709973750218        | 286524                      |
| 106      | 1267662  | 57252                 | 1584.543973866851         | 161078                      |
| 158      | 1255159  | 34525                 | 1376.8860016938092        | 307150                      |
| 1        | 1235341  | 140041                | 1553.8996252856498        | 239380                      |
| 36       | 1031435  | 75753                 | 1577.6725784950095        | 194682                      |
| 44       | 915228   | 73702                 | 1300.7587355281962        | 203195                      |
| 23       | 907962   | 67434                 | 1206.0484392518629        | 193824                      |
| 139      | 884645   | 61824                 | 1556.1782002950335        | 169868                      |
| 226      | 884270   | 69961                 | 1578.6935404344827        | 165745                      |
| 38       | 846261   | 59022                 | 1582.1406469162587        | 170806                      |
+----------+----------+-----------------------+---------------------------+-----------------------------+

=== EXPLAIN ANALYZE (Query 1, Iteration 2) ===
ProjectionExec: expr=[RegionID@0 as RegionID, count(*)@1 as count(*), sum(hits.AdvEngineID)@2 as sum(hits.AdvEngineID), avg(hits.ResolutionWidth)@3 as avg(hits.ResolutionWidth), count(DISTINCT hits.UserID)@4 as count(DISTINCT hits.UserID)], metrics=[output_rows=20, elapsed_compute=2.64µs, output_bytes=720.0 B, output_batches=1, expr_0_eval_time=340ns, expr_1_eval_time=150ns, expr_2_eval_time=140ns, expr_3_eval_time=50ns, expr_4_eval_time=150ns]
  SortPreservingMergeExec: [count(Int64(1))@5 DESC], fetch=20, metrics=[output_rows=20, elapsed_compute=13.58µs, output_bytes=880.0 B, output_batches=1]
    SortExec: TopK(fetch=20), expr=[count(*)@1 DESC], preserve_partitioning=[true], filter=[count(*)@1 IS NULL OR count(*)@1 > 36573], metrics=[output_rows=270, elapsed_compute=914.07µs, output_bytes=11.6 KB, output_batches=16, row_replacements=284]
      ProjectionExec: expr=[RegionID@0 as RegionID, count(Int64(1))@1 as count(*), sum(hits.AdvEngineID)@2 as sum(hits.AdvEngineID), avg(hits.ResolutionWidth)@3 as avg(hits.ResolutionWidth), count(DISTINCT hits.UserID)@4 as count(DISTINCT hits.UserID), count(Int64(1))@1 as count(Int64(1))], metrics=[output_rows=9.04 K, elapsed_compute=84.47µs, output_bytes=403.9 KB, output_batches=16, expr_0_eval_time=21.81µs, expr_1_eval_time=3.08µs, expr_2_eval_time=3.26µs, expr_3_eval_time=2.89µs, expr_4_eval_time=2.31µs, expr_5_eval_time=1.87µs]
        AggregateExec: mode=FinalPartitioned, gby=[RegionID@0 as RegionID], aggr=[count(Int64(1)), sum(hits.AdvEngineID), avg(hits.ResolutionWidth), count(DISTINCT hits.UserID)], metrics=[output_rows=9.04 K, elapsed_compute=1.14s, output_bytes=403.9 KB, output_batches=16, spill_count=0, spilled_bytes=0.0 B, spilled_rows=0, peak_mem_used=541.4 M, aggregate_arguments_time=173.88µs, aggregation_time=1.14s, emitting_time=1.86ms, time_calculating_group_ids=2.75ms]
          RepartitionExec: partitioning=Hash([RegionID@0], 16), input_partitions=16, metrics=[output_rows=68.25 K, elapsed_compute=202.43ms, output_bytes=167.6 MB, output_batches=16, spill_count=0, spilled_bytes=0.0 B, spilled_rows=0, fetch_time=9.99s, repartition_time=50.46ms, send_time=436.64µs]
            AggregateExec: mode=Partial, gby=[RegionID@0 as RegionID], aggr=[count(Int64(1)), sum(hits.AdvEngineID), avg(hits.ResolutionWidth), count(DISTINCT hits.UserID)], metrics=[output_rows=68.25 K, elapsed_compute=7.41s, output_bytes=166.4 MB, output_batches=16, spill_count=0, spilled_bytes=0.0 B, spilled_rows=0, skipped_aggregation_rows=0, peak_mem_used=335.5 M, aggregate_arguments_time=179.56ms, aggregation_time=7.22s, emitting_time=140.75ms, time_calculating_group_ids=887.41ms, reduction_factor=0.073% (68.25 K/93.33 M)]
              DataSourceExec: file_groups={16 groups: [[home/ec2-user/liquid-cache/benchmark/clickbench/data/hits.parquet:0..923748528], [home/ec2-user/liquid-cache/benchmark/clickbench/data/hits.parquet:923748528..1847497056], [home/ec2-user/liquid-cache/benchmark/clickbench/data/hits.parquet:1847497056..2771245584], [home/ec2-user/liquid-cache/benchmark/clickbench/data/hits.parquet:2771245584..3694994112], [home/ec2-user/liquid-cache/benchmark/clickbench/data/hits.parquet:3694994112..4618742640], [home/ec2-user/liquid-cache/benchmark/clickbench/data/hits.parquet:4618742640..5542491168], [home/ec2-user/liquid-cache/benchmark/clickbench/data/hits.parquet:5542491168..6466239696], [home/ec2-user/liquid-cache/benchmark/clickbench/data/hits.parquet:6466239696..7389988224], [home/ec2-user/liquid-cache/benchmark/clickbench/data/hits.parquet:7389988224..8313736752], [home/ec2-user/liquid-cache/benchmark/clickbench/data/hits.parquet:8313736752..9237485280], [home/ec2-user/liquid-cache/benchmark/clickbench/data/hits.parquet:9237485280..10161233808], [home/ec2-user/liquid-cache/benchmark/clickbench/data/hits.parquet:10161233808..11084982336], [home/ec2-user/liquid-cache/benchmark/clickbench/data/hits.parquet:11084982336..12008730864], [home/ec2-user/liquid-cache/benchmark/clickbench/data/hits.parquet:12008730864..12932479392], [home/ec2-user/liquid-cache/benchmark/clickbench/data/hits.parquet:12932479392..13856227920], [home/ec2-user/liquid-cache/benchmark/clickbench/data/hits.parquet:13856227920..14779976446]]}, projection=[RegionID, UserID, ResolutionWidth, AdvEngineID], file_type=parquet, predicate=IsRefresh@15 = 0, pruning_predicate=IsRefresh_null_count@2 != row_count@3 AND IsRefresh_min@0 <= 0 AND 0 <= IsRefresh_max@1, required_guarantees=[IsRefresh in (0)], metrics=[output_rows=93.33 M, elapsed_compute=16ns, output_bytes=1612.1 MB, output_batches=11.50 K, files_ranges_pruned_statistics=16 total → 16 matched, row_groups_pruned_statistics=226 total → 226 matched, row_groups_pruned_bloom_filter=226 total → 226 matched, page_index_pages_pruned=0 total → 0 matched, page_index_rows_pruned=0 total → 0 matched, limit_pruned_row_groups=0 total → 0 matched, batches_split=0, bytes_scanned=375.6 M, file_open_errors=0, file_scan_errors=0, num_predicate_creation_errors=0, predicate_evaluation_errors=0, pushdown_rows_matched=93.33 M, pushdown_rows_pruned=6.67 M, predicate_cache_inner_records=0, predicate_cache_records=0, bloom_filter_eval_time=3.19ms, metadata_load_time=127.99ms, page_index_eval_time=3.98µs, row_pushdown_eval_time=70.54ms, statistics_eval_time=1.49ms, time_elapsed_opening=135.48ms, time_elapsed_processing=2.49s, time_elapsed_scanning_total=9.71s, time_elapsed_scanning_until_data=124.40ms, scan_efficiency_ratio=2.5% (375.6 M/14.78 B)]

Time: 1054ms

+----------+----------+-----------------------+---------------------------+-----------------------------+
| RegionID | count(*) | sum(hits.AdvEngineID) | avg(hits.ResolutionWidth) | count(DISTINCT hits.UserID) |
+----------+----------+-----------------------+---------------------------+-----------------------------+
| 229      | 17254222 | 1950235               | 1504.2990938681558        | 2845664                     |
| 2        | 6225040  | 419434                | 1475.6193153778931        | 1081009                     |
| 208      | 3960620  | 271651                | 1277.8638839373634        | 831654                      |
| 169      | 3243973  | 92281                 | 1466.207533478238         | 604575                      |
| 32       | 1737289  | 77420                 | 1536.7963954183788        | 216009                      |
| 184      | 1703139  | 51597                 | 1505.9871067481868        | 322661                      |
| 34       | 1676456  | 155185                | 1548.607822096136         | 299477                      |
| 107      | 1404458  | 114311                | 1546.4320221751025        | 272447                      |
| 42       | 1388679  | 103226                | 1587.0068626370817        | 243178                      |
| 51       | 1343769  | 93740                 | 1579.896836435429         | 211502                      |
| 55       | 1284963  | 98242                 | 1330.0709973750218        | 286524                      |
| 106      | 1267662  | 57252                 | 1584.543973866851         | 161078                      |
| 158      | 1255159  | 34525                 | 1376.8860016938092        | 307150                      |
| 1        | 1235341  | 140041                | 1553.8996252856498        | 239380                      |
| 36       | 1031435  | 75753                 | 1577.6725784950095        | 194682                      |
| 44       | 915228   | 73702                 | 1300.7587355281962        | 203195                      |
| 23       | 907962   | 67434                 | 1206.0484392518629        | 193824                      |
| 139      | 884645   | 61824                 | 1556.1782002950335        | 169868                      |
| 226      | 884270   | 69961                 | 1578.6935404344827        | 165745                      |
| 38       | 846261   | 59022                 | 1582.1406469162587        | 170806                      |
+----------+----------+-----------------------+---------------------------+-----------------------------+

=== EXPLAIN ANALYZE (Query 1, Iteration 3) ===
ProjectionExec: expr=[RegionID@0 as RegionID, count(*)@1 as count(*), sum(hits.AdvEngineID)@2 as sum(hits.AdvEngineID), avg(hits.ResolutionWidth)@3 as avg(hits.ResolutionWidth), count(DISTINCT hits.UserID)@4 as count(DISTINCT hits.UserID)], metrics=[output_rows=20, elapsed_compute=2.62µs, output_bytes=720.0 B, output_batches=1, expr_0_eval_time=310ns, expr_1_eval_time=150ns, expr_2_eval_time=150ns, expr_3_eval_time=140ns, expr_4_eval_time=50ns]
  SortPreservingMergeExec: [count(Int64(1))@5 DESC], fetch=20, metrics=[output_rows=20, elapsed_compute=14.48µs, output_bytes=880.0 B, output_batches=1]
    SortExec: TopK(fetch=20), expr=[count(*)@1 DESC], preserve_partitioning=[true], filter=[count(*)@1 IS NULL OR count(*)@1 > 36573], metrics=[output_rows=275, elapsed_compute=1.11ms, output_bytes=11.8 KB, output_batches=16, row_replacements=290]
      ProjectionExec: expr=[RegionID@0 as RegionID, count(Int64(1))@1 as count(*), sum(hits.AdvEngineID)@2 as sum(hits.AdvEngineID), avg(hits.ResolutionWidth)@3 as avg(hits.ResolutionWidth), count(DISTINCT hits.UserID)@4 as count(DISTINCT hits.UserID), count(Int64(1))@1 as count(Int64(1))], metrics=[output_rows=9.04 K, elapsed_compute=105.44µs, output_bytes=403.9 KB, output_batches=16, expr_0_eval_time=22.43µs, expr_1_eval_time=3.46µs, expr_2_eval_time=3.35µs, expr_3_eval_time=3.04µs, expr_4_eval_time=2.38µs, expr_5_eval_time=2.33µs]
        AggregateExec: mode=FinalPartitioned, gby=[RegionID@0 as RegionID], aggr=[count(Int64(1)), sum(hits.AdvEngineID), avg(hits.ResolutionWidth), count(DISTINCT hits.UserID)], metrics=[output_rows=9.04 K, elapsed_compute=1.14s, output_bytes=403.9 KB, output_batches=16, spill_count=0, spilled_bytes=0.0 B, spilled_rows=0, peak_mem_used=541.4 M, aggregate_arguments_time=228.44µs, aggregation_time=1.13s, emitting_time=2.45ms, time_calculating_group_ids=3.19ms]
          RepartitionExec: partitioning=Hash([RegionID@0], 16), input_partitions=16, metrics=[output_rows=68.25 K, elapsed_compute=197.10ms, output_bytes=167.6 MB, output_batches=16, spill_count=0, spilled_bytes=0.0 B, spilled_rows=0, fetch_time=9.92s, repartition_time=52.66ms, send_time=494.73µs]
            AggregateExec: mode=Partial, gby=[RegionID@0 as RegionID], aggr=[count(Int64(1)), sum(hits.AdvEngineID), avg(hits.ResolutionWidth), count(DISTINCT hits.UserID)], metrics=[output_rows=68.25 K, elapsed_compute=7.34s, output_bytes=166.4 MB, output_batches=16, spill_count=0, spilled_bytes=0.0 B, spilled_rows=0, skipped_aggregation_rows=0, peak_mem_used=335.5 M, aggregate_arguments_time=190.98ms, aggregation_time=7.13s, emitting_time=130.46ms, time_calculating_group_ids=879.02ms, reduction_factor=0.073% (68.25 K/93.33 M)]
              DataSourceExec: file_groups={16 groups: [[home/ec2-user/liquid-cache/benchmark/clickbench/data/hits.parquet:0..923748528], [home/ec2-user/liquid-cache/benchmark/clickbench/data/hits.parquet:923748528..1847497056], [home/ec2-user/liquid-cache/benchmark/clickbench/data/hits.parquet:1847497056..2771245584], [home/ec2-user/liquid-cache/benchmark/clickbench/data/hits.parquet:2771245584..3694994112], [home/ec2-user/liquid-cache/benchmark/clickbench/data/hits.parquet:3694994112..4618742640], [home/ec2-user/liquid-cache/benchmark/clickbench/data/hits.parquet:4618742640..5542491168], [home/ec2-user/liquid-cache/benchmark/clickbench/data/hits.parquet:5542491168..6466239696], [home/ec2-user/liquid-cache/benchmark/clickbench/data/hits.parquet:6466239696..7389988224], [home/ec2-user/liquid-cache/benchmark/clickbench/data/hits.parquet:7389988224..8313736752], [home/ec2-user/liquid-cache/benchmark/clickbench/data/hits.parquet:8313736752..9237485280], [home/ec2-user/liquid-cache/benchmark/clickbench/data/hits.parquet:9237485280..10161233808], [home/ec2-user/liquid-cache/benchmark/clickbench/data/hits.parquet:10161233808..11084982336], [home/ec2-user/liquid-cache/benchmark/clickbench/data/hits.parquet:11084982336..12008730864], [home/ec2-user/liquid-cache/benchmark/clickbench/data/hits.parquet:12008730864..12932479392], [home/ec2-user/liquid-cache/benchmark/clickbench/data/hits.parquet:12932479392..13856227920], [home/ec2-user/liquid-cache/benchmark/clickbench/data/hits.parquet:13856227920..14779976446]]}, projection=[RegionID, UserID, ResolutionWidth, AdvEngineID], file_type=parquet, predicate=IsRefresh@15 = 0, pruning_predicate=IsRefresh_null_count@2 != row_count@3 AND IsRefresh_min@0 <= 0 AND 0 <= IsRefresh_max@1, required_guarantees=[IsRefresh in (0)], metrics=[output_rows=93.33 M, elapsed_compute=16ns, output_bytes=1612.1 MB, output_batches=11.50 K, files_ranges_pruned_statistics=16 total → 16 matched, row_groups_pruned_statistics=226 total → 226 matched, row_groups_pruned_bloom_filter=226 total → 226 matched, page_index_pages_pruned=0 total → 0 matched, page_index_rows_pruned=0 total → 0 matched, limit_pruned_row_groups=0 total → 0 matched, batches_split=0, bytes_scanned=375.6 M, file_open_errors=0, file_scan_errors=0, num_predicate_creation_errors=0, predicate_evaluation_errors=0, pushdown_rows_matched=93.33 M, pushdown_rows_pruned=6.67 M, predicate_cache_inner_records=0, predicate_cache_records=0, bloom_filter_eval_time=4.06ms, metadata_load_time=140.17ms, page_index_eval_time=4.37µs, row_pushdown_eval_time=70.32ms, statistics_eval_time=1.88ms, time_elapsed_opening=149.64ms, time_elapsed_processing=2.50s, time_elapsed_scanning_total=9.64s, time_elapsed_scanning_until_data=134.15ms, scan_efficiency_ratio=2.5% (375.6 M/14.78 B)]

Time: 1061ms

+----------+----------+-----------------------+---------------------------+-----------------------------+
| RegionID | count(*) | sum(hits.AdvEngineID) | avg(hits.ResolutionWidth) | count(DISTINCT hits.UserID) |
+----------+----------+-----------------------+---------------------------+-----------------------------+
| 229      | 17254222 | 1950235               | 1504.2990938681558        | 2845664                     |
| 2        | 6225040  | 419434                | 1475.6193153778931        | 1081009                     |
| 208      | 3960620  | 271651                | 1277.8638839373634        | 831654                      |
| 169      | 3243973  | 92281                 | 1466.207533478238         | 604575                      |
| 32       | 1737289  | 77420                 | 1536.7963954183788        | 216009                      |
| 184      | 1703139  | 51597                 | 1505.9871067481868        | 322661                      |
| 34       | 1676456  | 155185                | 1548.607822096136         | 299477                      |
| 107      | 1404458  | 114311                | 1546.4320221751025        | 272447                      |
| 42       | 1388679  | 103226                | 1587.0068626370817        | 243178                      |
| 51       | 1343769  | 93740                 | 1579.896836435429         | 211502                      |
| 55       | 1284963  | 98242                 | 1330.0709973750218        | 286524                      |
| 106      | 1267662  | 57252                 | 1584.543973866851         | 161078                      |
| 158      | 1255159  | 34525                 | 1376.8860016938092        | 307150                      |
| 1        | 1235341  | 140041                | 1553.8996252856498        | 239380                      |
| 36       | 1031435  | 75753                 | 1577.6725784950095        | 194682                      |
| 44       | 915228   | 73702                 | 1300.7587355281962        | 203195                      |
| 23       | 907962   | 67434                 | 1206.0484392518629        | 193824                      |
| 139      | 884645   | 61824                 | 1556.1782002950335        | 169868                      |
| 226      | 884270   | 69961                 | 1578.6935404344827        | 165745                      |
| 38       | 846261   | 59022                 | 1582.1406469162587        | 170806                      |
+----------+----------+-----------------------+---------------------------+-----------------------------+

=== EXPLAIN ANALYZE (Query 1, Iteration 4) ===
ProjectionExec: expr=[RegionID@0 as RegionID, count(*)@1 as count(*), sum(hits.AdvEngineID)@2 as sum(hits.AdvEngineID), avg(hits.ResolutionWidth)@3 as avg(hits.ResolutionWidth), count(DISTINCT hits.UserID)@4 as count(DISTINCT hits.UserID)], metrics=[output_rows=20, elapsed_compute=2.73µs, output_bytes=720.0 B, output_batches=1, expr_0_eval_time=330ns, expr_1_eval_time=150ns, expr_2_eval_time=160ns, expr_3_eval_time=150ns, expr_4_eval_time=140ns]
  SortPreservingMergeExec: [count(Int64(1))@5 DESC], fetch=20, metrics=[output_rows=20, elapsed_compute=14.59µs, output_bytes=880.0 B, output_batches=1]
    SortExec: TopK(fetch=20), expr=[count(*)@1 DESC], preserve_partitioning=[true], filter=[count(*)@1 IS NULL OR count(*)@1 > 36573], metrics=[output_rows=257, elapsed_compute=979.34µs, output_bytes=11.0 KB, output_batches=16, row_replacements=272]
      ProjectionExec: expr=[RegionID@0 as RegionID, count(Int64(1))@1 as count(*), sum(hits.AdvEngineID)@2 as sum(hits.AdvEngineID), avg(hits.ResolutionWidth)@3 as avg(hits.ResolutionWidth), count(DISTINCT hits.UserID)@4 as count(DISTINCT hits.UserID), count(Int64(1))@1 as count(Int64(1))], metrics=[output_rows=9.04 K, elapsed_compute=84.98µs, output_bytes=403.9 KB, output_batches=16, expr_0_eval_time=18.92µs, expr_1_eval_time=2.41µs, expr_2_eval_time=2.97µs, expr_3_eval_time=2.46µs, expr_4_eval_time=921ns, expr_5_eval_time=2.53µs]
        AggregateExec: mode=FinalPartitioned, gby=[RegionID@0 as RegionID], aggr=[count(Int64(1)), sum(hits.AdvEngineID), avg(hits.ResolutionWidth), count(DISTINCT hits.UserID)], metrics=[output_rows=9.04 K, elapsed_compute=1.16s, output_bytes=403.9 KB, output_batches=16, spill_count=0, spilled_bytes=0.0 B, spilled_rows=0, peak_mem_used=541.4 M, aggregate_arguments_time=243.21µs, aggregation_time=1.16s, emitting_time=2.22ms, time_calculating_group_ids=2.89ms]
          RepartitionExec: partitioning=Hash([RegionID@0], 16), input_partitions=16, metrics=[output_rows=68.25 K, elapsed_compute=206.79ms, output_bytes=167.6 MB, output_batches=16, spill_count=0, spilled_bytes=0.0 B, spilled_rows=0, fetch_time=9.90s, repartition_time=50.66ms, send_time=525.59µs]
            AggregateExec: mode=Partial, gby=[RegionID@0 as RegionID], aggr=[count(Int64(1)), sum(hits.AdvEngineID), avg(hits.ResolutionWidth), count(DISTINCT hits.UserID)], metrics=[output_rows=68.25 K, elapsed_compute=7.35s, output_bytes=166.4 MB, output_batches=16, spill_count=0, spilled_bytes=0.0 B, spilled_rows=0, skipped_aggregation_rows=0, peak_mem_used=335.5 M, aggregate_arguments_time=190.83ms, aggregation_time=7.13s, emitting_time=145.98ms, time_calculating_group_ids=871.97ms, reduction_factor=0.073% (68.25 K/93.33 M)]
              DataSourceExec: file_groups={16 groups: [[home/ec2-user/liquid-cache/benchmark/clickbench/data/hits.parquet:0..923748528], [home/ec2-user/liquid-cache/benchmark/clickbench/data/hits.parquet:923748528..1847497056], [home/ec2-user/liquid-cache/benchmark/clickbench/data/hits.parquet:1847497056..2771245584], [home/ec2-user/liquid-cache/benchmark/clickbench/data/hits.parquet:2771245584..3694994112], [home/ec2-user/liquid-cache/benchmark/clickbench/data/hits.parquet:3694994112..4618742640], [home/ec2-user/liquid-cache/benchmark/clickbench/data/hits.parquet:4618742640..5542491168], [home/ec2-user/liquid-cache/benchmark/clickbench/data/hits.parquet:5542491168..6466239696], [home/ec2-user/liquid-cache/benchmark/clickbench/data/hits.parquet:6466239696..7389988224], [home/ec2-user/liquid-cache/benchmark/clickbench/data/hits.parquet:7389988224..8313736752], [home/ec2-user/liquid-cache/benchmark/clickbench/data/hits.parquet:8313736752..9237485280], [home/ec2-user/liquid-cache/benchmark/clickbench/data/hits.parquet:9237485280..10161233808], [home/ec2-user/liquid-cache/benchmark/clickbench/data/hits.parquet:10161233808..11084982336], [home/ec2-user/liquid-cache/benchmark/clickbench/data/hits.parquet:11084982336..12008730864], [home/ec2-user/liquid-cache/benchmark/clickbench/data/hits.parquet:12008730864..12932479392], [home/ec2-user/liquid-cache/benchmark/clickbench/data/hits.parquet:12932479392..13856227920], [home/ec2-user/liquid-cache/benchmark/clickbench/data/hits.parquet:13856227920..14779976446]]}, projection=[RegionID, UserID, ResolutionWidth, AdvEngineID], file_type=parquet, predicate=IsRefresh@15 = 0, pruning_predicate=IsRefresh_null_count@2 != row_count@3 AND IsRefresh_min@0 <= 0 AND 0 <= IsRefresh_max@1, required_guarantees=[IsRefresh in (0)], metrics=[output_rows=93.33 M, elapsed_compute=16ns, output_bytes=1612.1 MB, output_batches=11.50 K, files_ranges_pruned_statistics=16 total → 16 matched, row_groups_pruned_statistics=226 total → 226 matched, row_groups_pruned_bloom_filter=226 total → 226 matched, page_index_pages_pruned=0 total → 0 matched, page_index_rows_pruned=0 total → 0 matched, limit_pruned_row_groups=0 total → 0 matched, batches_split=0, bytes_scanned=375.6 M, file_open_errors=0, file_scan_errors=0, num_predicate_creation_errors=0, predicate_evaluation_errors=0, pushdown_rows_matched=93.33 M, pushdown_rows_pruned=6.67 M, predicate_cache_inner_records=0, predicate_cache_records=0, bloom_filter_eval_time=3.10ms, metadata_load_time=131.44ms, page_index_eval_time=4.10µs, row_pushdown_eval_time=71.06ms, statistics_eval_time=1.51ms, time_elapsed_opening=138.99ms, time_elapsed_processing=2.47s, time_elapsed_scanning_total=9.61s, time_elapsed_scanning_until_data=125.93ms, scan_efficiency_ratio=2.5% (375.6 M/14.78 B)]

Time: 1016ms

+----------+----------+-----------------------+---------------------------+-----------------------------+
| RegionID | count(*) | sum(hits.AdvEngineID) | avg(hits.ResolutionWidth) | count(DISTINCT hits.UserID) |
+----------+----------+-----------------------+---------------------------+-----------------------------+
| 229      | 17254222 | 1950235               | 1504.2990938681558        | 2845664                     |
| 2        | 6225040  | 419434                | 1475.6193153778931        | 1081009                     |
| 208      | 3960620  | 271651                | 1277.8638839373634        | 831654                      |
| 169      | 3243973  | 92281                 | 1466.207533478238         | 604575                      |
| 32       | 1737289  | 77420                 | 1536.7963954183788        | 216009                      |
| 184      | 1703139  | 51597                 | 1505.9871067481868        | 322661                      |
| 34       | 1676456  | 155185                | 1548.607822096136         | 299477                      |
| 107      | 1404458  | 114311                | 1546.4320221751025        | 272447                      |
| 42       | 1388679  | 103226                | 1587.0068626370817        | 243178                      |
| 51       | 1343769  | 93740                 | 1579.896836435429         | 211502                      |
| 55       | 1284963  | 98242                 | 1330.0709973750218        | 286524                      |
| 106      | 1267662  | 57252                 | 1584.543973866851         | 161078                      |
| 158      | 1255159  | 34525                 | 1376.8860016938092        | 307150                      |
| 1        | 1235341  | 140041                | 1553.8996252856498        | 239380                      |
| 36       | 1031435  | 75753                 | 1577.6725784950095        | 194682                      |
| 44       | 915228   | 73702                 | 1300.7587355281962        | 203195                      |
| 23       | 907962   | 67434                 | 1206.0484392518629        | 193824                      |
| 139      | 884645   | 61824                 | 1556.1782002950335        | 169868                      |
| 226      | 884270   | 69961                 | 1578.6935404344827        | 165745                      |
| 38       | 846261   | 59022                 | 1582.1406469162587        | 170806                      |
+----------+----------+-----------------------+---------------------------+-----------------------------+
