
=== EXPLAIN ANALYZE (Query 4, Iteration 0) ===
SortPreservingMergeExec: [sum(hits.AdvEngineID)@1 DESC], fetch=20, metrics=[output_rows=20, elapsed_compute=5.94µs, output_bytes=480.0 B, output_batches=1]
  SortExec: TopK(fetch=20), expr=[sum(hits.AdvEngineID)@1 DESC], preserve_partitioning=[true], filter=[sum(hits.AdvEngineID)@1 IS NULL OR sum(hits.AdvEngineID)@1 > 648], metrics=[output_rows=320, elapsed_compute=50.01ms, output_bytes=7.5 KB, output_batches=16, row_replacements=1.40 K]
    ProjectionExec: expr=[UserID@0 as UserID, sum(hits.AdvEngineID)@1 as sum(hits.AdvEngineID), count(Int64(1))@2 as count(*)], metrics=[output_rows=10.90 K, elapsed_compute=32.05µs, output_bytes=3.0 MB, output_batches=16, expr_0_eval_time=4.83µs, expr_1_eval_time=1.36µs, expr_2_eval_time=1.04µs]
      FilterExec: count(Int64(1))@2 > 5, metrics=[output_rows=10.90 K, elapsed_compute=893.85µs, output_bytes=3.0 MB, output_batches=16, selectivity=3.8% (10.90 K/289.5 K)]
        AggregateExec: mode=FinalPartitioned, gby=[UserID@0 as UserID], aggr=[sum(hits.AdvEngineID), count(Int64(1))], metrics=[output_rows=289.5 K, elapsed_compute=29.02ms, output_bytes=35.9 MB, output_batches=48, spill_count=0, spilled_bytes=0.0 B, spilled_rows=0, peak_mem_used=40.80 M, aggregate_arguments_time=70.89µs, aggregation_time=3.99ms, emitting_time=76.83µs, time_calculating_group_ids=24.78ms]
          RepartitionExec: partitioning=Hash([UserID@0], 16), input_partitions=16, metrics=[output_rows=295.2 K, elapsed_compute=6.92ms, output_bytes=9.0 MB, output_batches=48, spill_count=0, spilled_bytes=0.0 B, spilled_rows=0, fetch_time=3.15s, repartition_time=8.72ms, send_time=1.44ms]
            AggregateExec: mode=Partial, gby=[UserID@0 as UserID], aggr=[sum(hits.AdvEngineID), count(Int64(1))], metrics=[output_rows=295.2 K, elapsed_compute=126.47ms, output_bytes=41.3 MB, output_batches=43, spill_count=0, spilled_bytes=0.0 B, spilled_rows=0, skipped_aggregation_rows=0, peak_mem_used=17.15 M, aggregate_arguments_time=46.64ms, aggregation_time=70.32ms, emitting_time=101.00µs, time_calculating_group_ids=34.17ms, reduction_factor=50% (295.2 K/585.4 K)]
              DataSourceExec: file_groups={16 groups: [[home/ec2-user/liquid-cache/benchmark/clickbench/data/hits.parquet:0..923748528], [home/ec2-user/liquid-cache/benchmark/clickbench/data/hits.parquet:923748528..1847497056], [home/ec2-user/liquid-cache/benchmark/clickbench/data/hits.parquet:1847497056..2771245584], [home/ec2-user/liquid-cache/benchmark/clickbench/data/hits.parquet:2771245584..3694994112], [home/ec2-user/liquid-cache/benchmark/clickbench/data/hits.parquet:3694994112..4618742640], [home/ec2-user/liquid-cache/benchmark/clickbench/data/hits.parquet:4618742640..5542491168], [home/ec2-user/liquid-cache/benchmark/clickbench/data/hits.parquet:5542491168..6466239696], [home/ec2-user/liquid-cache/benchmark/clickbench/data/hits.parquet:6466239696..7389988224], [home/ec2-user/liquid-cache/benchmark/clickbench/data/hits.parquet:7389988224..8313736752], [home/ec2-user/liquid-cache/benchmark/clickbench/data/hits.parquet:8313736752..9237485280], [home/ec2-user/liquid-cache/benchmark/clickbench/data/hits.parquet:9237485280..10161233808], [home/ec2-user/liquid-cache/benchmark/clickbench/data/hits.parquet:10161233808..11084982336], [home/ec2-user/liquid-cache/benchmark/clickbench/data/hits.parquet:11084982336..12008730864], [home/ec2-user/liquid-cache/benchmark/clickbench/data/hits.parquet:12008730864..12932479392], [home/ec2-user/liquid-cache/benchmark/clickbench/data/hits.parquet:12932479392..13856227920], [home/ec2-user/liquid-cache/benchmark/clickbench/data/hits.parquet:13856227920..14779976446]]}, projection=[UserID, AdvEngineID], file_type=liquid_parquet, metrics=[output_rows=585.4 K, elapsed_compute=16ns, output_bytes=6.0 MB, output_batches=5.86 K, files_ranges_pruned_statistics=16 total → 16 matched, row_groups_pruned_statistics=226 total → 212 matched, row_groups_pruned_bloom_filter=0 total → 0 matched, page_index_pages_pruned=0 total → 0 matched, page_index_rows_pruned=0 total → 0 matched, limit_pruned_row_groups=0 total → 0 matched, batches_split=0, bytes_scanned=266.2 M, file_open_errors=0, file_scan_errors=0, num_predicate_creation_errors=0, predicate_evaluation_errors=0, pushdown_rows_matched=0, pushdown_rows_pruned=0, predicate_cache_inner_records=0, predicate_cache_records=0, bloom_filter_eval_time=33.03ms, metadata_load_time=226.72ms, page_index_eval_time=3.68µs, row_pushdown_eval_time=32ns, statistics_eval_time=8.02ms, time_elapsed_opening=375.56ms, time_elapsed_processing=1.34s, time_elapsed_scanning_total=2.76s, time_elapsed_scanning_until_data=276.80ms, scan_efficiency_ratio=N/A (0/0)]

Cache: entries=23080, mem=199MB, disk=0MB
  Hits: cache_hit=5863, eval_predicate=34620
  Misses: cache_miss=11540
  IO: read=0, write=0
  Squeeze: squeezed_success=0, squeezed_needs_io=0
Time: 512ms

+---------------------+-----------------------+----------+
| UserID              | sum(hits.AdvEngineID) | count(*) |
+---------------------+-----------------------+----------+
| 6633110708571282873 | 33795                 | 751      |
| 676898532028024278  | 15435                 | 343      |
| 5457897098908086495 | 13860                 | 308      |
| 8008572587867360228 | 9072                  | 336      |
| 1544469731638950014 | 7740                  | 172      |
| 8768960450893390239 | 7216                  | 164      |
| 1127059842652487906 | 6700                  | 250      |
| 856554938168046448  | 5580                  | 124      |
| 1513249874811480107 | 5175                  | 115      |
| 2248194691272070395 | 4995                  | 111      |
| 1872136309756956747 | 4905                  | 109      |
| 8354740469573631583 | 4680                  | 104      |
| 904113750968610629  | 4563                  | 169      |
| -586124104038634272 | 4545                  | 101      |
| 3118603857296071504 | 4185                  | 93       |
| 8195113043319508788 | 4140                  | 92       |
| 2488847899270810992 | 3870                  | 86       |
| 8021977471746812316 | 3870                  | 86       |
| 1830000062854702362 | 3726                  | 138      |
| 897564624383262355  | 3690                  | 82       |
+---------------------+-----------------------+----------+

=== EXPLAIN ANALYZE (Query 4, Iteration 1) ===
SortPreservingMergeExec: [sum(hits.AdvEngineID)@1 DESC], fetch=20, metrics=[output_rows=20, elapsed_compute=7.73µs, output_bytes=480.0 B, output_batches=1]
  SortExec: TopK(fetch=20), expr=[sum(hits.AdvEngineID)@1 DESC], preserve_partitioning=[true], filter=[sum(hits.AdvEngineID)@1 IS NULL OR sum(hits.AdvEngineID)@1 > 648], metrics=[output_rows=261, elapsed_compute=614.29µs, output_bytes=6.1 KB, output_batches=16, row_replacements=542]
    ProjectionExec: expr=[UserID@0 as UserID, sum(hits.AdvEngineID)@1 as sum(hits.AdvEngineID), count(Int64(1))@2 as count(*)], metrics=[output_rows=10.90 K, elapsed_compute=49.05µs, output_bytes=3.0 MB, output_batches=16, expr_0_eval_time=6.89µs, expr_1_eval_time=1.99µs, expr_2_eval_time=2.50µs]
      FilterExec: count(Int64(1))@2 > 5, metrics=[output_rows=10.90 K, elapsed_compute=957.01µs, output_bytes=3.0 MB, output_batches=16, selectivity=3.8% (10.90 K/289.5 K)]
        AggregateExec: mode=FinalPartitioned, gby=[UserID@0 as UserID], aggr=[sum(hits.AdvEngineID), count(Int64(1))], metrics=[output_rows=289.5 K, elapsed_compute=21.63ms, output_bytes=35.9 MB, output_batches=48, spill_count=0, spilled_bytes=0.0 B, spilled_rows=0, peak_mem_used=40.80 M, aggregate_arguments_time=78.78µs, aggregation_time=4.53ms, emitting_time=100.11µs, time_calculating_group_ids=18.21ms]
          RepartitionExec: partitioning=Hash([UserID@0], 16), input_partitions=16, metrics=[output_rows=295.2 K, elapsed_compute=2.97ms, output_bytes=9.0 MB, output_batches=48, spill_count=0, spilled_bytes=0.0 B, spilled_rows=0, fetch_time=2.90s, repartition_time=8.22ms, send_time=3.37ms]
            AggregateExec: mode=Partial, gby=[UserID@0 as UserID], aggr=[sum(hits.AdvEngineID), count(Int64(1))], metrics=[output_rows=295.2 K, elapsed_compute=122.55ms, output_bytes=41.3 MB, output_batches=43, spill_count=0, spilled_bytes=0.0 B, spilled_rows=0, skipped_aggregation_rows=0, peak_mem_used=17.15 M, aggregate_arguments_time=26.53ms, aggregation_time=19.73ms, emitting_time=186.17µs, time_calculating_group_ids=65.45ms, reduction_factor=50% (295.2 K/585.4 K)]
              DataSourceExec: file_groups={16 groups: [[home/ec2-user/liquid-cache/benchmark/clickbench/data/hits.parquet:0..923748528], [home/ec2-user/liquid-cache/benchmark/clickbench/data/hits.parquet:923748528..1847497056], [home/ec2-user/liquid-cache/benchmark/clickbench/data/hits.parquet:1847497056..2771245584], [home/ec2-user/liquid-cache/benchmark/clickbench/data/hits.parquet:2771245584..3694994112], [home/ec2-user/liquid-cache/benchmark/clickbench/data/hits.parquet:3694994112..4618742640], [home/ec2-user/liquid-cache/benchmark/clickbench/data/hits.parquet:4618742640..5542491168], [home/ec2-user/liquid-cache/benchmark/clickbench/data/hits.parquet:5542491168..6466239696], [home/ec2-user/liquid-cache/benchmark/clickbench/data/hits.parquet:6466239696..7389988224], [home/ec2-user/liquid-cache/benchmark/clickbench/data/hits.parquet:7389988224..8313736752], [home/ec2-user/liquid-cache/benchmark/clickbench/data/hits.parquet:8313736752..9237485280], [home/ec2-user/liquid-cache/benchmark/clickbench/data/hits.parquet:9237485280..10161233808], [home/ec2-user/liquid-cache/benchmark/clickbench/data/hits.parquet:10161233808..11084982336], [home/ec2-user/liquid-cache/benchmark/clickbench/data/hits.parquet:11084982336..12008730864], [home/ec2-user/liquid-cache/benchmark/clickbench/data/hits.parquet:12008730864..12932479392], [home/ec2-user/liquid-cache/benchmark/clickbench/data/hits.parquet:12932479392..13856227920], [home/ec2-user/liquid-cache/benchmark/clickbench/data/hits.parquet:13856227920..14779976446]]}, projection=[UserID, AdvEngineID], file_type=liquid_parquet, metrics=[output_rows=585.4 K, elapsed_compute=16ns, output_bytes=6.0 MB, output_batches=5.86 K, files_ranges_pruned_statistics=16 total → 16 matched, row_groups_pruned_statistics=226 total → 212 matched, row_groups_pruned_bloom_filter=0 total → 0 matched, page_index_pages_pruned=0 total → 0 matched, page_index_rows_pruned=0 total → 0 matched, limit_pruned_row_groups=0 total → 0 matched, batches_split=0, bytes_scanned=1.48 B, file_open_errors=0, file_scan_errors=0, num_predicate_creation_errors=0, predicate_evaluation_errors=0, pushdown_rows_matched=0, pushdown_rows_pruned=0, predicate_cache_inner_records=0, predicate_cache_records=0, bloom_filter_eval_time=3.02ms, metadata_load_time=2.54ms, page_index_eval_time=4.61µs, row_pushdown_eval_time=32ns, statistics_eval_time=408.32µs, time_elapsed_opening=8.34ms, time_elapsed_processing=2.01s, time_elapsed_scanning_total=2.89s, time_elapsed_scanning_until_data=45.52ms, scan_efficiency_ratio=N/A (0/0)]

Cache: entries=23080, mem=199MB, disk=0MB
  Hits: cache_hit=5863, eval_predicate=23080
  Misses: cache_miss=0
  IO: read=0, write=0
  Squeeze: squeezed_success=0, squeezed_needs_io=0
Time: 230ms

+---------------------+-----------------------+----------+
| UserID              | sum(hits.AdvEngineID) | count(*) |
+---------------------+-----------------------+----------+
| 6633110708571282873 | 33795                 | 751      |
| 676898532028024278  | 15435                 | 343      |
| 5457897098908086495 | 13860                 | 308      |
| 8008572587867360228 | 9072                  | 336      |
| 1544469731638950014 | 7740                  | 172      |
| 8768960450893390239 | 7216                  | 164      |
| 1127059842652487906 | 6700                  | 250      |
| 856554938168046448  | 5580                  | 124      |
| 1513249874811480107 | 5175                  | 115      |
| 2248194691272070395 | 4995                  | 111      |
| 1872136309756956747 | 4905                  | 109      |
| 8354740469573631583 | 4680                  | 104      |
| 904113750968610629  | 4563                  | 169      |
| -586124104038634272 | 4545                  | 101      |
| 3118603857296071504 | 4185                  | 93       |
| 8195113043319508788 | 4140                  | 92       |
| 2488847899270810992 | 3870                  | 86       |
| 8021977471746812316 | 3870                  | 86       |
| 1830000062854702362 | 3726                  | 138      |
| 897564624383262355  | 3690                  | 82       |
+---------------------+-----------------------+----------+

=== EXPLAIN ANALYZE (Query 4, Iteration 2) ===
SortPreservingMergeExec: [sum(hits.AdvEngineID)@1 DESC], fetch=20, metrics=[output_rows=20, elapsed_compute=6.34µs, output_bytes=480.0 B, output_batches=1]
  SortExec: TopK(fetch=20), expr=[sum(hits.AdvEngineID)@1 DESC], preserve_partitioning=[true], filter=[sum(hits.AdvEngineID)@1 IS NULL OR sum(hits.AdvEngineID)@1 > 648], metrics=[output_rows=237, elapsed_compute=527.95µs, output_bytes=5.6 KB, output_batches=16, row_replacements=380]
    ProjectionExec: expr=[UserID@0 as UserID, sum(hits.AdvEngineID)@1 as sum(hits.AdvEngineID), count(Int64(1))@2 as count(*)], metrics=[output_rows=10.90 K, elapsed_compute=30.51µs, output_bytes=3.0 MB, output_batches=16, expr_0_eval_time=4.41µs, expr_1_eval_time=1.35µs, expr_2_eval_time=1.22µs]
      FilterExec: count(Int64(1))@2 > 5, metrics=[output_rows=10.90 K, elapsed_compute=973.34µs, output_bytes=3.0 MB, output_batches=16, selectivity=3.8% (10.90 K/289.5 K)]
        AggregateExec: mode=FinalPartitioned, gby=[UserID@0 as UserID], aggr=[sum(hits.AdvEngineID), count(Int64(1))], metrics=[output_rows=289.5 K, elapsed_compute=23.26ms, output_bytes=35.9 MB, output_batches=48, spill_count=0, spilled_bytes=0.0 B, spilled_rows=0, peak_mem_used=40.80 M, aggregate_arguments_time=91.44µs, aggregation_time=5.60ms, emitting_time=82.16µs, time_calculating_group_ids=19.10ms]
          RepartitionExec: partitioning=Hash([UserID@0], 16), input_partitions=16, metrics=[output_rows=295.2 K, elapsed_compute=2.95ms, output_bytes=9.0 MB, output_batches=48, spill_count=0, spilled_bytes=0.0 B, spilled_rows=0, fetch_time=2.76s, repartition_time=8.28ms, send_time=1.88ms]
            AggregateExec: mode=Partial, gby=[UserID@0 as UserID], aggr=[sum(hits.AdvEngineID), count(Int64(1))], metrics=[output_rows=295.2 K, elapsed_compute=116.87ms, output_bytes=41.3 MB, output_batches=43, spill_count=0, spilled_bytes=0.0 B, spilled_rows=0, skipped_aggregation_rows=0, peak_mem_used=17.15 M, aggregate_arguments_time=23.62ms, aggregation_time=24.17ms, emitting_time=181.27µs, time_calculating_group_ids=63.27ms, reduction_factor=50% (295.2 K/585.4 K)]
              DataSourceExec: file_groups={16 groups: [[home/ec2-user/liquid-cache/benchmark/clickbench/data/hits.parquet:0..923748528], [home/ec2-user/liquid-cache/benchmark/clickbench/data/hits.parquet:923748528..1847497056], [home/ec2-user/liquid-cache/benchmark/clickbench/data/hits.parquet:1847497056..2771245584], [home/ec2-user/liquid-cache/benchmark/clickbench/data/hits.parquet:2771245584..3694994112], [home/ec2-user/liquid-cache/benchmark/clickbench/data/hits.parquet:3694994112..4618742640], [home/ec2-user/liquid-cache/benchmark/clickbench/data/hits.parquet:4618742640..5542491168], [home/ec2-user/liquid-cache/benchmark/clickbench/data/hits.parquet:5542491168..6466239696], [home/ec2-user/liquid-cache/benchmark/clickbench/data/hits.parquet:6466239696..7389988224], [home/ec2-user/liquid-cache/benchmark/clickbench/data/hits.parquet:7389988224..8313736752], [home/ec2-user/liquid-cache/benchmark/clickbench/data/hits.parquet:8313736752..9237485280], [home/ec2-user/liquid-cache/benchmark/clickbench/data/hits.parquet:9237485280..10161233808], [home/ec2-user/liquid-cache/benchmark/clickbench/data/hits.parquet:10161233808..11084982336], [home/ec2-user/liquid-cache/benchmark/clickbench/data/hits.parquet:11084982336..12008730864], [home/ec2-user/liquid-cache/benchmark/clickbench/data/hits.parquet:12008730864..12932479392], [home/ec2-user/liquid-cache/benchmark/clickbench/data/hits.parquet:12932479392..13856227920], [home/ec2-user/liquid-cache/benchmark/clickbench/data/hits.parquet:13856227920..14779976446]]}, projection=[UserID, AdvEngineID], file_type=liquid_parquet, metrics=[output_rows=585.4 K, elapsed_compute=16ns, output_bytes=6.0 MB, output_batches=5.86 K, files_ranges_pruned_statistics=16 total → 16 matched, row_groups_pruned_statistics=226 total → 212 matched, row_groups_pruned_bloom_filter=0 total → 0 matched, page_index_pages_pruned=0 total → 0 matched, page_index_rows_pruned=0 total → 0 matched, limit_pruned_row_groups=0 total → 0 matched, batches_split=0, bytes_scanned=1.48 B, file_open_errors=0, file_scan_errors=0, num_predicate_creation_errors=0, predicate_evaluation_errors=0, pushdown_rows_matched=0, pushdown_rows_pruned=0, predicate_cache_inner_records=0, predicate_cache_records=0, bloom_filter_eval_time=3.42ms, metadata_load_time=2.82ms, page_index_eval_time=3.41µs, row_pushdown_eval_time=32ns, statistics_eval_time=423.51µs, time_elapsed_opening=9.11ms, time_elapsed_processing=1.94s, time_elapsed_scanning_total=2.75s, time_elapsed_scanning_until_data=43.58ms, scan_efficiency_ratio=N/A (0/0)]

Cache: entries=23080, mem=199MB, disk=0MB
  Hits: cache_hit=5863, eval_predicate=23080
  Misses: cache_miss=0
  IO: read=0, write=0
  Squeeze: squeezed_success=0, squeezed_needs_io=0
Time: 228ms

+---------------------+-----------------------+----------+
| UserID              | sum(hits.AdvEngineID) | count(*) |
+---------------------+-----------------------+----------+
| 6633110708571282873 | 33795                 | 751      |
| 676898532028024278  | 15435                 | 343      |
| 5457897098908086495 | 13860                 | 308      |
| 8008572587867360228 | 9072                  | 336      |
| 1544469731638950014 | 7740                  | 172      |
| 8768960450893390239 | 7216                  | 164      |
| 1127059842652487906 | 6700                  | 250      |
| 856554938168046448  | 5580                  | 124      |
| 1513249874811480107 | 5175                  | 115      |
| 2248194691272070395 | 4995                  | 111      |
| 1872136309756956747 | 4905                  | 109      |
| 8354740469573631583 | 4680                  | 104      |
| 904113750968610629  | 4563                  | 169      |
| -586124104038634272 | 4545                  | 101      |
| 3118603857296071504 | 4185                  | 93       |
| 8195113043319508788 | 4140                  | 92       |
| 8021977471746812316 | 3870                  | 86       |
| 2488847899270810992 | 3870                  | 86       |
| 1830000062854702362 | 3726                  | 138      |
| 897564624383262355  | 3690                  | 82       |
+---------------------+-----------------------+----------+

=== EXPLAIN ANALYZE (Query 4, Iteration 3) ===
SortPreservingMergeExec: [sum(hits.AdvEngineID)@1 DESC], fetch=20, metrics=[output_rows=20, elapsed_compute=5.21µs, output_bytes=480.0 B, output_batches=1]
  SortExec: TopK(fetch=20), expr=[sum(hits.AdvEngineID)@1 DESC], preserve_partitioning=[true], filter=[sum(hits.AdvEngineID)@1 IS NULL OR sum(hits.AdvEngineID)@1 > 648], metrics=[output_rows=242, elapsed_compute=618.20µs, output_bytes=5.7 KB, output_batches=16, row_replacements=512]
    ProjectionExec: expr=[UserID@0 as UserID, sum(hits.AdvEngineID)@1 as sum(hits.AdvEngineID), count(Int64(1))@2 as count(*)], metrics=[output_rows=10.90 K, elapsed_compute=42.31µs, output_bytes=3.0 MB, output_batches=16, expr_0_eval_time=6.91µs, expr_1_eval_time=2.09µs, expr_2_eval_time=1.87µs]
      FilterExec: count(Int64(1))@2 > 5, metrics=[output_rows=10.90 K, elapsed_compute=1.06ms, output_bytes=3.0 MB, output_batches=16, selectivity=3.8% (10.90 K/289.5 K)]
        AggregateExec: mode=FinalPartitioned, gby=[UserID@0 as UserID], aggr=[sum(hits.AdvEngineID), count(Int64(1))], metrics=[output_rows=289.5 K, elapsed_compute=23.59ms, output_bytes=35.9 MB, output_batches=48, spill_count=0, spilled_bytes=0.0 B, spilled_rows=0, peak_mem_used=40.82 M, aggregate_arguments_time=90.53µs, aggregation_time=5.15ms, emitting_time=100.36µs, time_calculating_group_ids=19.72ms]
          RepartitionExec: partitioning=Hash([UserID@0], 16), input_partitions=16, metrics=[output_rows=295.2 K, elapsed_compute=4.38ms, output_bytes=9.0 MB, output_batches=48, spill_count=0, spilled_bytes=0.0 B, spilled_rows=0, fetch_time=2.82s, repartition_time=8.45ms, send_time=3.00ms]
            AggregateExec: mode=Partial, gby=[UserID@0 as UserID], aggr=[sum(hits.AdvEngineID), count(Int64(1))], metrics=[output_rows=295.2 K, elapsed_compute=113.21ms, output_bytes=41.3 MB, output_batches=43, spill_count=0, spilled_bytes=0.0 B, spilled_rows=0, skipped_aggregation_rows=0, peak_mem_used=17.15 M, aggregate_arguments_time=22.38ms, aggregation_time=17.45ms, emitting_time=161.43µs, time_calculating_group_ids=63.84ms, reduction_factor=50% (295.2 K/585.4 K)]
              DataSourceExec: file_groups={16 groups: [[home/ec2-user/liquid-cache/benchmark/clickbench/data/hits.parquet:0..923748528], [home/ec2-user/liquid-cache/benchmark/clickbench/data/hits.parquet:923748528..1847497056], [home/ec2-user/liquid-cache/benchmark/clickbench/data/hits.parquet:1847497056..2771245584], [home/ec2-user/liquid-cache/benchmark/clickbench/data/hits.parquet:2771245584..3694994112], [home/ec2-user/liquid-cache/benchmark/clickbench/data/hits.parquet:3694994112..4618742640], [home/ec2-user/liquid-cache/benchmark/clickbench/data/hits.parquet:4618742640..5542491168], [home/ec2-user/liquid-cache/benchmark/clickbench/data/hits.parquet:5542491168..6466239696], [home/ec2-user/liquid-cache/benchmark/clickbench/data/hits.parquet:6466239696..7389988224], [home/ec2-user/liquid-cache/benchmark/clickbench/data/hits.parquet:7389988224..8313736752], [home/ec2-user/liquid-cache/benchmark/clickbench/data/hits.parquet:8313736752..9237485280], [home/ec2-user/liquid-cache/benchmark/clickbench/data/hits.parquet:9237485280..10161233808], [home/ec2-user/liquid-cache/benchmark/clickbench/data/hits.parquet:10161233808..11084982336], [home/ec2-user/liquid-cache/benchmark/clickbench/data/hits.parquet:11084982336..12008730864], [home/ec2-user/liquid-cache/benchmark/clickbench/data/hits.parquet:12008730864..12932479392], [home/ec2-user/liquid-cache/benchmark/clickbench/data/hits.parquet:12932479392..13856227920], [home/ec2-user/liquid-cache/benchmark/clickbench/data/hits.parquet:13856227920..14779976446]]}, projection=[UserID, AdvEngineID], file_type=liquid_parquet, metrics=[output_rows=585.4 K, elapsed_compute=16ns, output_bytes=6.0 MB, output_batches=5.86 K, files_ranges_pruned_statistics=16 total → 16 matched, row_groups_pruned_statistics=226 total → 212 matched, row_groups_pruned_bloom_filter=0 total → 0 matched, page_index_pages_pruned=0 total → 0 matched, page_index_rows_pruned=0 total → 0 matched, limit_pruned_row_groups=0 total → 0 matched, batches_split=0, bytes_scanned=1.48 B, file_open_errors=0, file_scan_errors=0, num_predicate_creation_errors=0, predicate_evaluation_errors=0, pushdown_rows_matched=0, pushdown_rows_pruned=0, predicate_cache_inner_records=0, predicate_cache_records=0, bloom_filter_eval_time=4.01ms, metadata_load_time=3.25ms, page_index_eval_time=4.26µs, row_pushdown_eval_time=32ns, statistics_eval_time=466.14µs, time_elapsed_opening=10.39ms, time_elapsed_processing=2.05s, time_elapsed_scanning_total=2.81s, time_elapsed_scanning_until_data=43.85ms, scan_efficiency_ratio=N/A (0/0)]

Cache: entries=23080, mem=199MB, disk=0MB
  Hits: cache_hit=5863, eval_predicate=23080
  Misses: cache_miss=0
  IO: read=0, write=0
  Squeeze: squeezed_success=0, squeezed_needs_io=0
Time: 230ms

+---------------------+-----------------------+----------+
| UserID              | sum(hits.AdvEngineID) | count(*) |
+---------------------+-----------------------+----------+
| 6633110708571282873 | 33795                 | 751      |
| 676898532028024278  | 15435                 | 343      |
| 5457897098908086495 | 13860                 | 308      |
| 8008572587867360228 | 9072                  | 336      |
| 1544469731638950014 | 7740                  | 172      |
| 8768960450893390239 | 7216                  | 164      |
| 1127059842652487906 | 6700                  | 250      |
| 856554938168046448  | 5580                  | 124      |
| 1513249874811480107 | 5175                  | 115      |
| 2248194691272070395 | 4995                  | 111      |
| 1872136309756956747 | 4905                  | 109      |
| 8354740469573631583 | 4680                  | 104      |
| 904113750968610629  | 4563                  | 169      |
| -586124104038634272 | 4545                  | 101      |
| 3118603857296071504 | 4185                  | 93       |
| 8195113043319508788 | 4140                  | 92       |
| 8021977471746812316 | 3870                  | 86       |
| 2488847899270810992 | 3870                  | 86       |
| 1830000062854702362 | 3726                  | 138      |
| 897564624383262355  | 3690                  | 82       |
+---------------------+-----------------------+----------+

=== EXPLAIN ANALYZE (Query 4, Iteration 4) ===
SortPreservingMergeExec: [sum(hits.AdvEngineID)@1 DESC], fetch=20, metrics=[output_rows=20, elapsed_compute=5.47µs, output_bytes=480.0 B, output_batches=1]
  SortExec: TopK(fetch=20), expr=[sum(hits.AdvEngineID)@1 DESC], preserve_partitioning=[true], filter=[sum(hits.AdvEngineID)@1 IS NULL OR sum(hits.AdvEngineID)@1 > 648], metrics=[output_rows=225, elapsed_compute=503.52µs, output_bytes=5.3 KB, output_batches=16, row_replacements=298]
    ProjectionExec: expr=[UserID@0 as UserID, sum(hits.AdvEngineID)@1 as sum(hits.AdvEngineID), count(Int64(1))@2 as count(*)], metrics=[output_rows=10.90 K, elapsed_compute=40.65µs, output_bytes=3.0 MB, output_batches=16, expr_0_eval_time=5.55µs, expr_1_eval_time=2.21µs, expr_2_eval_time=1.49µs]
      FilterExec: count(Int64(1))@2 > 5, metrics=[output_rows=10.90 K, elapsed_compute=914.87µs, output_bytes=3.0 MB, output_batches=16, selectivity=3.8% (10.90 K/289.5 K)]
        AggregateExec: mode=FinalPartitioned, gby=[UserID@0 as UserID], aggr=[sum(hits.AdvEngineID), count(Int64(1))], metrics=[output_rows=289.5 K, elapsed_compute=23.48ms, output_bytes=35.9 MB, output_batches=48, spill_count=0, spilled_bytes=0.0 B, spilled_rows=0, peak_mem_used=40.81 M, aggregate_arguments_time=83.92µs, aggregation_time=5.05ms, emitting_time=75.63µs, time_calculating_group_ids=19.74ms]
          RepartitionExec: partitioning=Hash([UserID@0], 16), input_partitions=16, metrics=[output_rows=295.2 K, elapsed_compute=3.65ms, output_bytes=9.0 MB, output_batches=48, spill_count=0, spilled_bytes=0.0 B, spilled_rows=0, fetch_time=2.74s, repartition_time=8.01ms, send_time=1.30ms]
            AggregateExec: mode=Partial, gby=[UserID@0 as UserID], aggr=[sum(hits.AdvEngineID), count(Int64(1))], metrics=[output_rows=295.2 K, elapsed_compute=114.78ms, output_bytes=41.3 MB, output_batches=43, spill_count=0, spilled_bytes=0.0 B, spilled_rows=0, skipped_aggregation_rows=0, peak_mem_used=17.15 M, aggregate_arguments_time=23.02ms, aggregation_time=17.80ms, emitting_time=193.21µs, time_calculating_group_ids=63.16ms, reduction_factor=50% (295.2 K/585.4 K)]
              DataSourceExec: file_groups={16 groups: [[home/ec2-user/liquid-cache/benchmark/clickbench/data/hits.parquet:0..923748528], [home/ec2-user/liquid-cache/benchmark/clickbench/data/hits.parquet:923748528..1847497056], [home/ec2-user/liquid-cache/benchmark/clickbench/data/hits.parquet:1847497056..2771245584], [home/ec2-user/liquid-cache/benchmark/clickbench/data/hits.parquet:2771245584..3694994112], [home/ec2-user/liquid-cache/benchmark/clickbench/data/hits.parquet:3694994112..4618742640], [home/ec2-user/liquid-cache/benchmark/clickbench/data/hits.parquet:4618742640..5542491168], [home/ec2-user/liquid-cache/benchmark/clickbench/data/hits.parquet:5542491168..6466239696], [home/ec2-user/liquid-cache/benchmark/clickbench/data/hits.parquet:6466239696..7389988224], [home/ec2-user/liquid-cache/benchmark/clickbench/data/hits.parquet:7389988224..8313736752], [home/ec2-user/liquid-cache/benchmark/clickbench/data/hits.parquet:8313736752..9237485280], [home/ec2-user/liquid-cache/benchmark/clickbench/data/hits.parquet:9237485280..10161233808], [home/ec2-user/liquid-cache/benchmark/clickbench/data/hits.parquet:10161233808..11084982336], [home/ec2-user/liquid-cache/benchmark/clickbench/data/hits.parquet:11084982336..12008730864], [home/ec2-user/liquid-cache/benchmark/clickbench/data/hits.parquet:12008730864..12932479392], [home/ec2-user/liquid-cache/benchmark/clickbench/data/hits.parquet:12932479392..13856227920], [home/ec2-user/liquid-cache/benchmark/clickbench/data/hits.parquet:13856227920..14779976446]]}, projection=[UserID, AdvEngineID], file_type=liquid_parquet, metrics=[output_rows=585.4 K, elapsed_compute=16ns, output_bytes=6.0 MB, output_batches=5.86 K, files_ranges_pruned_statistics=16 total → 16 matched, row_groups_pruned_statistics=226 total → 212 matched, row_groups_pruned_bloom_filter=0 total → 0 matched, page_index_pages_pruned=0 total → 0 matched, page_index_rows_pruned=0 total → 0 matched, limit_pruned_row_groups=0 total → 0 matched, batches_split=0, bytes_scanned=1.48 B, file_open_errors=0, file_scan_errors=0, num_predicate_creation_errors=0, predicate_evaluation_errors=0, pushdown_rows_matched=0, pushdown_rows_pruned=0, predicate_cache_inner_records=0, predicate_cache_records=0, bloom_filter_eval_time=3.33ms, metadata_load_time=2.93ms, page_index_eval_time=3.12µs, row_pushdown_eval_time=32ns, statistics_eval_time=449.87µs, time_elapsed_opening=9.09ms, time_elapsed_processing=1.99s, time_elapsed_scanning_total=2.73s, time_elapsed_scanning_until_data=40.32ms, scan_efficiency_ratio=N/A (0/0)]

Cache: entries=23080, mem=199MB, disk=0MB
  Hits: cache_hit=5863, eval_predicate=23080
  Misses: cache_miss=0
  IO: read=0, write=0
  Squeeze: squeezed_success=0, squeezed_needs_io=0
Time: 221ms

+---------------------+-----------------------+----------+
| UserID              | sum(hits.AdvEngineID) | count(*) |
+---------------------+-----------------------+----------+
| 6633110708571282873 | 33795                 | 751      |
| 676898532028024278  | 15435                 | 343      |
| 5457897098908086495 | 13860                 | 308      |
| 8008572587867360228 | 9072                  | 336      |
| 1544469731638950014 | 7740                  | 172      |
| 8768960450893390239 | 7216                  | 164      |
| 1127059842652487906 | 6700                  | 250      |
| 856554938168046448  | 5580                  | 124      |
| 1513249874811480107 | 5175                  | 115      |
| 2248194691272070395 | 4995                  | 111      |
| 1872136309756956747 | 4905                  | 109      |
| 8354740469573631583 | 4680                  | 104      |
| 904113750968610629  | 4563                  | 169      |
| -586124104038634272 | 4545                  | 101      |
| 3118603857296071504 | 4185                  | 93       |
| 8195113043319508788 | 4140                  | 92       |
| 8021977471746812316 | 3870                  | 86       |
| 2488847899270810992 | 3870                  | 86       |
| 1830000062854702362 | 3726                  | 138      |
| 897564624383262355  | 3690                  | 82       |
+---------------------+-----------------------+----------+
