
=== EXPLAIN ANALYZE (Query 15, Iteration 0) ===
ProjectionExec: expr=[UserID@0 as UserID, count(*)@1 as count(*)], metrics=[output_rows=10, elapsed_compute=1.38µs, output_bytes=160.0 B, output_batches=1, expr_0_eval_time=290ns, expr_1_eval_time=50ns]
  SortPreservingMergeExec: [count(Int64(1))@2 DESC], fetch=10, metrics=[output_rows=10, elapsed_compute=4.80µs, output_bytes=240.0 B, output_batches=1]
    SortExec: TopK(fetch=10), expr=[count(*)@1 DESC], preserve_partitioning=[true], filter=[count(*)@1 IS NULL OR count(*)@1 > 1983], metrics=[output_rows=160, elapsed_compute=148.46ms, output_bytes=3.8 KB, output_batches=16, row_replacements=1.35 K]
      ProjectionExec: expr=[UserID@0 as UserID, count(Int64(1))@1 as count(*), count(Int64(1))@1 as count(Int64(1))], metrics=[output_rows=17.63 M, elapsed_compute=2.17ms, output_bytes=67.5 GB, output_batches=2.16 K, expr_0_eval_time=334.58µs, expr_1_eval_time=252.17µs, expr_2_eval_time=176.01µs]
        AggregateExec: mode=FinalPartitioned, gby=[UserID@0 as UserID], aggr=[count(Int64(1))], metrics=[output_rows=17.63 M, elapsed_compute=3.78s, output_bytes=67.5 GB, output_batches=2.16 K, spill_count=0, spilled_bytes=0.0 B, spilled_rows=0, peak_mem_used=2.01 B, aggregate_arguments_time=2.08ms, aggregation_time=288.69ms, emitting_time=3.30ms, time_calculating_group_ids=3.48s]
          RepartitionExec: partitioning=Hash([UserID@0], 16), input_partitions=16, metrics=[output_rows=21.16 M, elapsed_compute=94.94ms, output_bytes=324.0 MB, output_batches=2.59 K, spill_count=0, spilled_bytes=0.0 B, spilled_rows=0, fetch_time=7.30s, repartition_time=366.67ms, send_time=877.75ms]
            AggregateExec: mode=Partial, gby=[UserID@0 as UserID], aggr=[count(Int64(1))], metrics=[output_rows=21.16 M, elapsed_compute=5.11s, output_bytes=82.6 GB, output_batches=2.59 K, spill_count=0, spilled_bytes=0.0 B, spilled_rows=0, skipped_aggregation_rows=0, peak_mem_used=982.2 M, aggregate_arguments_time=56.79ms, aggregation_time=249.93ms, emitting_time=3.51ms, time_calculating_group_ids=4.78s, reduction_factor=21% (21.16 M/100.00 M)]
              DataSourceExec: file_groups={16 groups: [[home/ec2-user/liquid-cache/benchmark/clickbench/data/hits.parquet:0..923748528], [home/ec2-user/liquid-cache/benchmark/clickbench/data/hits.parquet:923748528..1847497056], [home/ec2-user/liquid-cache/benchmark/clickbench/data/hits.parquet:1847497056..2771245584], [home/ec2-user/liquid-cache/benchmark/clickbench/data/hits.parquet:2771245584..3694994112], [home/ec2-user/liquid-cache/benchmark/clickbench/data/hits.parquet:3694994112..4618742640], [home/ec2-user/liquid-cache/benchmark/clickbench/data/hits.parquet:4618742640..5542491168], [home/ec2-user/liquid-cache/benchmark/clickbench/data/hits.parquet:5542491168..6466239696], [home/ec2-user/liquid-cache/benchmark/clickbench/data/hits.parquet:6466239696..7389988224], [home/ec2-user/liquid-cache/benchmark/clickbench/data/hits.parquet:7389988224..8313736752], [home/ec2-user/liquid-cache/benchmark/clickbench/data/hits.parquet:8313736752..9237485280], [home/ec2-user/liquid-cache/benchmark/clickbench/data/hits.parquet:9237485280..10161233808], [home/ec2-user/liquid-cache/benchmark/clickbench/data/hits.parquet:10161233808..11084982336], [home/ec2-user/liquid-cache/benchmark/clickbench/data/hits.parquet:11084982336..12008730864], [home/ec2-user/liquid-cache/benchmark/clickbench/data/hits.parquet:12008730864..12932479392], [home/ec2-user/liquid-cache/benchmark/clickbench/data/hits.parquet:12932479392..13856227920], [home/ec2-user/liquid-cache/benchmark/clickbench/data/hits.parquet:13856227920..14779976446]]}, projection=[UserID], file_type=liquid_parquet, metrics=[output_rows=100.00 M, elapsed_compute=16ns, output_bytes=764.8 MB, output_batches=12.22 K, files_ranges_pruned_statistics=16 total → 16 matched, row_groups_pruned_statistics=0 total → 0 matched, row_groups_pruned_bloom_filter=0 total → 0 matched, page_index_pages_pruned=0 total → 0 matched, page_index_rows_pruned=0 total → 0 matched, limit_pruned_row_groups=0 total → 0 matched, batches_split=0, bytes_scanned=270.1 M, file_open_errors=0, file_scan_errors=0, num_predicate_creation_errors=0, predicate_evaluation_errors=0, pushdown_rows_matched=0, pushdown_rows_pruned=0, predicate_cache_inner_records=0, predicate_cache_records=0, bloom_filter_eval_time=32ns, metadata_load_time=250.91ms, page_index_eval_time=32ns, row_pushdown_eval_time=32ns, statistics_eval_time=32ns, time_elapsed_opening=273.30ms, time_elapsed_processing=692.74ms, time_elapsed_scanning_total=7.01s, time_elapsed_scanning_until_data=190.43ms, scan_efficiency_ratio=N/A (0/0)]

Cache: entries=0, mem=0MB, disk=0MB
  Hits: cache_hit=0, eval_predicate=0
  Misses: cache_miss=0
  IO: read=0, write=0
  Squeeze: squeezed_success=0, squeezed_needs_io=0
Time: 1041ms

+---------------------+----------+
| UserID              | count(*) |
+---------------------+----------+
| 1313338681122956954 | 29097    |
| 1907779576417363396 | 25333    |
| 2305303682471783379 | 10597    |
| 7982623143712728547 | 7584     |
| 6018350421959114808 | 6678     |
| 7280399273658728997 | 6411     |
| 1090981537032625727 | 6197     |
| 5730251990344211405 | 6019     |
| 835157184735512989  | 5211     |
| 770542365400669095  | 4906     |
+---------------------+----------+

=== EXPLAIN ANALYZE (Query 15, Iteration 1) ===
ProjectionExec: expr=[UserID@0 as UserID, count(*)@1 as count(*)], metrics=[output_rows=10, elapsed_compute=1.26µs, output_bytes=160.0 B, output_batches=1, expr_0_eval_time=220ns, expr_1_eval_time=80ns]
  SortPreservingMergeExec: [count(Int64(1))@2 DESC], fetch=10, metrics=[output_rows=10, elapsed_compute=5.33µs, output_bytes=240.0 B, output_batches=1]
    SortExec: TopK(fetch=10), expr=[count(*)@1 DESC], preserve_partitioning=[true], filter=[count(*)@1 IS NULL OR count(*)@1 > 1983], metrics=[output_rows=122, elapsed_compute=42.68ms, output_bytes=2.9 KB, output_batches=16, row_replacements=448]
      ProjectionExec: expr=[UserID@0 as UserID, count(Int64(1))@1 as count(*), count(Int64(1))@1 as count(Int64(1))], metrics=[output_rows=17.63 M, elapsed_compute=2.07ms, output_bytes=67.5 GB, output_batches=2.16 K, expr_0_eval_time=298.31µs, expr_1_eval_time=214.83µs, expr_2_eval_time=165.17µs]
        AggregateExec: mode=FinalPartitioned, gby=[UserID@0 as UserID], aggr=[count(Int64(1))], metrics=[output_rows=17.63 M, elapsed_compute=3.79s, output_bytes=67.5 GB, output_batches=2.16 K, spill_count=0, spilled_bytes=0.0 B, spilled_rows=0, peak_mem_used=2.01 B, aggregate_arguments_time=1.93ms, aggregation_time=296.03ms, emitting_time=6.00ms, time_calculating_group_ids=3.48s]
          RepartitionExec: partitioning=Hash([UserID@0], 16), input_partitions=16, metrics=[output_rows=21.16 M, elapsed_compute=107.08ms, output_bytes=324.0 MB, output_batches=2.59 K, spill_count=0, spilled_bytes=0.0 B, spilled_rows=0, fetch_time=6.17s, repartition_time=316.12ms, send_time=895.45ms]
            AggregateExec: mode=Partial, gby=[UserID@0 as UserID], aggr=[count(Int64(1))], metrics=[output_rows=21.16 M, elapsed_compute=4.97s, output_bytes=82.6 GB, output_batches=2.59 K, spill_count=0, spilled_bytes=0.0 B, spilled_rows=0, skipped_aggregation_rows=0, peak_mem_used=982.2 M, aggregate_arguments_time=54.56ms, aggregation_time=260.46ms, emitting_time=2.66ms, time_calculating_group_ids=4.63s, reduction_factor=21% (21.16 M/100.00 M)]
              DataSourceExec: file_groups={16 groups: [[home/ec2-user/liquid-cache/benchmark/clickbench/data/hits.parquet:0..923748528], [home/ec2-user/liquid-cache/benchmark/clickbench/data/hits.parquet:923748528..1847497056], [home/ec2-user/liquid-cache/benchmark/clickbench/data/hits.parquet:1847497056..2771245584], [home/ec2-user/liquid-cache/benchmark/clickbench/data/hits.parquet:2771245584..3694994112], [home/ec2-user/liquid-cache/benchmark/clickbench/data/hits.parquet:3694994112..4618742640], [home/ec2-user/liquid-cache/benchmark/clickbench/data/hits.parquet:4618742640..5542491168], [home/ec2-user/liquid-cache/benchmark/clickbench/data/hits.parquet:5542491168..6466239696], [home/ec2-user/liquid-cache/benchmark/clickbench/data/hits.parquet:6466239696..7389988224], [home/ec2-user/liquid-cache/benchmark/clickbench/data/hits.parquet:7389988224..8313736752], [home/ec2-user/liquid-cache/benchmark/clickbench/data/hits.parquet:8313736752..9237485280], [home/ec2-user/liquid-cache/benchmark/clickbench/data/hits.parquet:9237485280..10161233808], [home/ec2-user/liquid-cache/benchmark/clickbench/data/hits.parquet:10161233808..11084982336], [home/ec2-user/liquid-cache/benchmark/clickbench/data/hits.parquet:11084982336..12008730864], [home/ec2-user/liquid-cache/benchmark/clickbench/data/hits.parquet:12008730864..12932479392], [home/ec2-user/liquid-cache/benchmark/clickbench/data/hits.parquet:12932479392..13856227920], [home/ec2-user/liquid-cache/benchmark/clickbench/data/hits.parquet:13856227920..14779976446]]}, projection=[UserID], file_type=liquid_parquet, metrics=[output_rows=100.00 M, elapsed_compute=16ns, output_bytes=764.8 MB, output_batches=12.22 K, files_ranges_pruned_statistics=16 total → 16 matched, row_groups_pruned_statistics=0 total → 0 matched, row_groups_pruned_bloom_filter=0 total → 0 matched, page_index_pages_pruned=0 total → 0 matched, page_index_rows_pruned=0 total → 0 matched, limit_pruned_row_groups=0 total → 0 matched, batches_split=0, bytes_scanned=270.1 M, file_open_errors=0, file_scan_errors=0, num_predicate_creation_errors=0, predicate_evaluation_errors=0, pushdown_rows_matched=0, pushdown_rows_pruned=0, predicate_cache_inner_records=0, predicate_cache_records=0, bloom_filter_eval_time=32ns, metadata_load_time=2.27ms, page_index_eval_time=32ns, row_pushdown_eval_time=32ns, statistics_eval_time=32ns, time_elapsed_opening=3.33ms, time_elapsed_processing=621.14ms, time_elapsed_scanning_total=6.16s, time_elapsed_scanning_until_data=69.67ms, scan_efficiency_ratio=N/A (0/0)]

Cache: entries=0, mem=0MB, disk=0MB
  Hits: cache_hit=0, eval_predicate=0
  Misses: cache_miss=0
  IO: read=0, write=0
  Squeeze: squeezed_success=0, squeezed_needs_io=0
Time: 706ms

+---------------------+----------+
| UserID              | count(*) |
+---------------------+----------+
| 1313338681122956954 | 29097    |
| 1907779576417363396 | 25333    |
| 2305303682471783379 | 10597    |
| 7982623143712728547 | 7584     |
| 6018350421959114808 | 6678     |
| 7280399273658728997 | 6411     |
| 1090981537032625727 | 6197     |
| 5730251990344211405 | 6019     |
| 835157184735512989  | 5211     |
| 770542365400669095  | 4906     |
+---------------------+----------+

=== EXPLAIN ANALYZE (Query 15, Iteration 2) ===
ProjectionExec: expr=[UserID@0 as UserID, count(*)@1 as count(*)], metrics=[output_rows=10, elapsed_compute=749ns, output_bytes=160.0 B, output_batches=1, expr_0_eval_time=89ns, expr_1_eval_time=140ns]
  SortPreservingMergeExec: [count(Int64(1))@2 DESC], fetch=10, metrics=[output_rows=10, elapsed_compute=4.52µs, output_bytes=240.0 B, output_batches=1]
    SortExec: TopK(fetch=10), expr=[count(*)@1 DESC], preserve_partitioning=[true], filter=[count(*)@1 IS NULL OR count(*)@1 > 1983], metrics=[output_rows=125, elapsed_compute=46.27ms, output_bytes=2.9 KB, output_batches=16, row_replacements=437]
      ProjectionExec: expr=[UserID@0 as UserID, count(Int64(1))@1 as count(*), count(Int64(1))@1 as count(Int64(1))], metrics=[output_rows=17.63 M, elapsed_compute=2.04ms, output_bytes=67.5 GB, output_batches=2.16 K, expr_0_eval_time=319.54µs, expr_1_eval_time=230.29µs, expr_2_eval_time=160.39µs]
        AggregateExec: mode=FinalPartitioned, gby=[UserID@0 as UserID], aggr=[count(Int64(1))], metrics=[output_rows=17.63 M, elapsed_compute=3.75s, output_bytes=67.5 GB, output_batches=2.16 K, spill_count=0, spilled_bytes=0.0 B, spilled_rows=0, peak_mem_used=2.01 B, aggregate_arguments_time=2.15ms, aggregation_time=296.33ms, emitting_time=5.65ms, time_calculating_group_ids=3.44s]
          RepartitionExec: partitioning=Hash([UserID@0], 16), input_partitions=16, metrics=[output_rows=21.16 M, elapsed_compute=84.71ms, output_bytes=324.0 MB, output_batches=2.59 K, spill_count=0, spilled_bytes=0.0 B, spilled_rows=0, fetch_time=6.18s, repartition_time=339.90ms, send_time=840.02ms]
            AggregateExec: mode=Partial, gby=[UserID@0 as UserID], aggr=[count(Int64(1))], metrics=[output_rows=21.16 M, elapsed_compute=5.01s, output_bytes=82.6 GB, output_batches=2.59 K, spill_count=0, spilled_bytes=0.0 B, spilled_rows=0, skipped_aggregation_rows=0, peak_mem_used=982.2 M, aggregate_arguments_time=50.53ms, aggregation_time=253.13ms, emitting_time=3.74ms, time_calculating_group_ids=4.68s, reduction_factor=21% (21.16 M/100.00 M)]
              DataSourceExec: file_groups={16 groups: [[home/ec2-user/liquid-cache/benchmark/clickbench/data/hits.parquet:0..923748528], [home/ec2-user/liquid-cache/benchmark/clickbench/data/hits.parquet:923748528..1847497056], [home/ec2-user/liquid-cache/benchmark/clickbench/data/hits.parquet:1847497056..2771245584], [home/ec2-user/liquid-cache/benchmark/clickbench/data/hits.parquet:2771245584..3694994112], [home/ec2-user/liquid-cache/benchmark/clickbench/data/hits.parquet:3694994112..4618742640], [home/ec2-user/liquid-cache/benchmark/clickbench/data/hits.parquet:4618742640..5542491168], [home/ec2-user/liquid-cache/benchmark/clickbench/data/hits.parquet:5542491168..6466239696], [home/ec2-user/liquid-cache/benchmark/clickbench/data/hits.parquet:6466239696..7389988224], [home/ec2-user/liquid-cache/benchmark/clickbench/data/hits.parquet:7389988224..8313736752], [home/ec2-user/liquid-cache/benchmark/clickbench/data/hits.parquet:8313736752..9237485280], [home/ec2-user/liquid-cache/benchmark/clickbench/data/hits.parquet:9237485280..10161233808], [home/ec2-user/liquid-cache/benchmark/clickbench/data/hits.parquet:10161233808..11084982336], [home/ec2-user/liquid-cache/benchmark/clickbench/data/hits.parquet:11084982336..12008730864], [home/ec2-user/liquid-cache/benchmark/clickbench/data/hits.parquet:12008730864..12932479392], [home/ec2-user/liquid-cache/benchmark/clickbench/data/hits.parquet:12932479392..13856227920], [home/ec2-user/liquid-cache/benchmark/clickbench/data/hits.parquet:13856227920..14779976446]]}, projection=[UserID], file_type=liquid_parquet, metrics=[output_rows=100.00 M, elapsed_compute=16ns, output_bytes=764.8 MB, output_batches=12.22 K, files_ranges_pruned_statistics=16 total → 16 matched, row_groups_pruned_statistics=0 total → 0 matched, row_groups_pruned_bloom_filter=0 total → 0 matched, page_index_pages_pruned=0 total → 0 matched, page_index_rows_pruned=0 total → 0 matched, limit_pruned_row_groups=0 total → 0 matched, batches_split=0, bytes_scanned=270.1 M, file_open_errors=0, file_scan_errors=0, num_predicate_creation_errors=0, predicate_evaluation_errors=0, pushdown_rows_matched=0, pushdown_rows_pruned=0, predicate_cache_inner_records=0, predicate_cache_records=0, bloom_filter_eval_time=32ns, metadata_load_time=2.05ms, page_index_eval_time=32ns, row_pushdown_eval_time=32ns, statistics_eval_time=32ns, time_elapsed_opening=2.81ms, time_elapsed_processing=639.18ms, time_elapsed_scanning_total=6.16s, time_elapsed_scanning_until_data=52.10ms, scan_efficiency_ratio=N/A (0/0)]

Cache: entries=0, mem=0MB, disk=0MB
  Hits: cache_hit=0, eval_predicate=0
  Misses: cache_miss=0
  IO: read=0, write=0
  Squeeze: squeezed_success=0, squeezed_needs_io=0
Time: 701ms

+---------------------+----------+
| UserID              | count(*) |
+---------------------+----------+
| 1313338681122956954 | 29097    |
| 1907779576417363396 | 25333    |
| 2305303682471783379 | 10597    |
| 7982623143712728547 | 7584     |
| 6018350421959114808 | 6678     |
| 7280399273658728997 | 6411     |
| 1090981537032625727 | 6197     |
| 5730251990344211405 | 6019     |
| 835157184735512989  | 5211     |
| 770542365400669095  | 4906     |
+---------------------+----------+

=== EXPLAIN ANALYZE (Query 15, Iteration 3) ===
ProjectionExec: expr=[UserID@0 as UserID, count(*)@1 as count(*)], metrics=[output_rows=10, elapsed_compute=1.48µs, output_bytes=160.0 B, output_batches=1, expr_0_eval_time=220ns, expr_1_eval_time=150ns]
  SortPreservingMergeExec: [count(Int64(1))@2 DESC], fetch=10, metrics=[output_rows=10, elapsed_compute=5.50µs, output_bytes=240.0 B, output_batches=1]
    SortExec: TopK(fetch=10), expr=[count(*)@1 DESC], preserve_partitioning=[true], filter=[count(*)@1 IS NULL OR count(*)@1 > 1983], metrics=[output_rows=125, elapsed_compute=46.95ms, output_bytes=2.9 KB, output_batches=16, row_replacements=330]
      ProjectionExec: expr=[UserID@0 as UserID, count(Int64(1))@1 as count(*), count(Int64(1))@1 as count(Int64(1))], metrics=[output_rows=17.63 M, elapsed_compute=2.28ms, output_bytes=67.5 GB, output_batches=2.16 K, expr_0_eval_time=404.40µs, expr_1_eval_time=266.62µs, expr_2_eval_time=186.79µs]
        AggregateExec: mode=FinalPartitioned, gby=[UserID@0 as UserID], aggr=[count(Int64(1))], metrics=[output_rows=17.63 M, elapsed_compute=3.61s, output_bytes=67.5 GB, output_batches=2.16 K, spill_count=0, spilled_bytes=0.0 B, spilled_rows=0, peak_mem_used=2.01 B, aggregate_arguments_time=2.17ms, aggregation_time=301.28ms, emitting_time=5.20ms, time_calculating_group_ids=3.30s]
          RepartitionExec: partitioning=Hash([UserID@0], 16), input_partitions=16, metrics=[output_rows=21.16 M, elapsed_compute=83.69ms, output_bytes=324.0 MB, output_batches=2.59 K, spill_count=0, spilled_bytes=0.0 B, spilled_rows=0, fetch_time=6.29s, repartition_time=309.91ms, send_time=757.90ms]
            AggregateExec: mode=Partial, gby=[UserID@0 as UserID], aggr=[count(Int64(1))], metrics=[output_rows=21.16 M, elapsed_compute=5.08s, output_bytes=82.6 GB, output_batches=2.59 K, spill_count=0, spilled_bytes=0.0 B, spilled_rows=0, skipped_aggregation_rows=0, peak_mem_used=982.2 M, aggregate_arguments_time=54.64ms, aggregation_time=243.31ms, emitting_time=3.14ms, time_calculating_group_ids=4.76s, reduction_factor=21% (21.16 M/100.00 M)]
              DataSourceExec: file_groups={16 groups: [[home/ec2-user/liquid-cache/benchmark/clickbench/data/hits.parquet:0..923748528], [home/ec2-user/liquid-cache/benchmark/clickbench/data/hits.parquet:923748528..1847497056], [home/ec2-user/liquid-cache/benchmark/clickbench/data/hits.parquet:1847497056..2771245584], [home/ec2-user/liquid-cache/benchmark/clickbench/data/hits.parquet:2771245584..3694994112], [home/ec2-user/liquid-cache/benchmark/clickbench/data/hits.parquet:3694994112..4618742640], [home/ec2-user/liquid-cache/benchmark/clickbench/data/hits.parquet:4618742640..5542491168], [home/ec2-user/liquid-cache/benchmark/clickbench/data/hits.parquet:5542491168..6466239696], [home/ec2-user/liquid-cache/benchmark/clickbench/data/hits.parquet:6466239696..7389988224], [home/ec2-user/liquid-cache/benchmark/clickbench/data/hits.parquet:7389988224..8313736752], [home/ec2-user/liquid-cache/benchmark/clickbench/data/hits.parquet:8313736752..9237485280], [home/ec2-user/liquid-cache/benchmark/clickbench/data/hits.parquet:9237485280..10161233808], [home/ec2-user/liquid-cache/benchmark/clickbench/data/hits.parquet:10161233808..11084982336], [home/ec2-user/liquid-cache/benchmark/clickbench/data/hits.parquet:11084982336..12008730864], [home/ec2-user/liquid-cache/benchmark/clickbench/data/hits.parquet:12008730864..12932479392], [home/ec2-user/liquid-cache/benchmark/clickbench/data/hits.parquet:12932479392..13856227920], [home/ec2-user/liquid-cache/benchmark/clickbench/data/hits.parquet:13856227920..14779976446]]}, projection=[UserID], file_type=liquid_parquet, metrics=[output_rows=100.00 M, elapsed_compute=16ns, output_bytes=764.8 MB, output_batches=12.22 K, files_ranges_pruned_statistics=16 total → 16 matched, row_groups_pruned_statistics=0 total → 0 matched, row_groups_pruned_bloom_filter=0 total → 0 matched, page_index_pages_pruned=0 total → 0 matched, page_index_rows_pruned=0 total → 0 matched, limit_pruned_row_groups=0 total → 0 matched, batches_split=0, bytes_scanned=270.1 M, file_open_errors=0, file_scan_errors=0, num_predicate_creation_errors=0, predicate_evaluation_errors=0, pushdown_rows_matched=0, pushdown_rows_pruned=0, predicate_cache_inner_records=0, predicate_cache_records=0, bloom_filter_eval_time=32ns, metadata_load_time=2.23ms, page_index_eval_time=32ns, row_pushdown_eval_time=32ns, statistics_eval_time=32ns, time_elapsed_opening=3.22ms, time_elapsed_processing=656.12ms, time_elapsed_scanning_total=6.27s, time_elapsed_scanning_until_data=62.82ms, scan_efficiency_ratio=N/A (0/0)]

Cache: entries=0, mem=0MB, disk=0MB
  Hits: cache_hit=0, eval_predicate=0
  Misses: cache_miss=0
  IO: read=0, write=0
  Squeeze: squeezed_success=0, squeezed_needs_io=0
Time: 716ms

+---------------------+----------+
| UserID              | count(*) |
+---------------------+----------+
| 1313338681122956954 | 29097    |
| 1907779576417363396 | 25333    |
| 2305303682471783379 | 10597    |
| 7982623143712728547 | 7584     |
| 6018350421959114808 | 6678     |
| 7280399273658728997 | 6411     |
| 1090981537032625727 | 6197     |
| 5730251990344211405 | 6019     |
| 835157184735512989  | 5211     |
| 770542365400669095  | 4906     |
+---------------------+----------+

=== EXPLAIN ANALYZE (Query 15, Iteration 4) ===
ProjectionExec: expr=[UserID@0 as UserID, count(*)@1 as count(*)], metrics=[output_rows=10, elapsed_compute=1.00µs, output_bytes=160.0 B, output_batches=1, expr_0_eval_time=110ns, expr_1_eval_time=70ns]
  SortPreservingMergeExec: [count(Int64(1))@2 DESC], fetch=10, metrics=[output_rows=10, elapsed_compute=5.02µs, output_bytes=240.0 B, output_batches=1]
    SortExec: TopK(fetch=10), expr=[count(*)@1 DESC], preserve_partitioning=[true], filter=[count(*)@1 IS NULL OR count(*)@1 > 1983], metrics=[output_rows=127, elapsed_compute=44.98ms, output_bytes=3.0 KB, output_batches=16, row_replacements=288]
      ProjectionExec: expr=[UserID@0 as UserID, count(Int64(1))@1 as count(*), count(Int64(1))@1 as count(Int64(1))], metrics=[output_rows=17.63 M, elapsed_compute=2.09ms, output_bytes=67.5 GB, output_batches=2.16 K, expr_0_eval_time=311.27µs, expr_1_eval_time=234.80µs, expr_2_eval_time=158.16µs]
        AggregateExec: mode=FinalPartitioned, gby=[UserID@0 as UserID], aggr=[count(Int64(1))], metrics=[output_rows=17.63 M, elapsed_compute=3.77s, output_bytes=67.5 GB, output_batches=2.16 K, spill_count=0, spilled_bytes=0.0 B, spilled_rows=0, peak_mem_used=2.01 B, aggregate_arguments_time=2.32ms, aggregation_time=319.68ms, emitting_time=5.27ms, time_calculating_group_ids=3.44s]
          RepartitionExec: partitioning=Hash([UserID@0], 16), input_partitions=16, metrics=[output_rows=21.16 M, elapsed_compute=114.22ms, output_bytes=324.0 MB, output_batches=2.59 K, spill_count=0, spilled_bytes=0.0 B, spilled_rows=0, fetch_time=6.17s, repartition_time=326.89ms, send_time=792.82ms]
            AggregateExec: mode=Partial, gby=[UserID@0 as UserID], aggr=[count(Int64(1))], metrics=[output_rows=21.16 M, elapsed_compute=4.94s, output_bytes=82.6 GB, output_batches=2.59 K, spill_count=0, spilled_bytes=0.0 B, spilled_rows=0, skipped_aggregation_rows=0, peak_mem_used=982.2 M, aggregate_arguments_time=52.09ms, aggregation_time=230.46ms, emitting_time=3.86ms, time_calculating_group_ids=4.64s, reduction_factor=21% (21.16 M/100.00 M)]
              DataSourceExec: file_groups={16 groups: [[home/ec2-user/liquid-cache/benchmark/clickbench/data/hits.parquet:0..923748528], [home/ec2-user/liquid-cache/benchmark/clickbench/data/hits.parquet:923748528..1847497056], [home/ec2-user/liquid-cache/benchmark/clickbench/data/hits.parquet:1847497056..2771245584], [home/ec2-user/liquid-cache/benchmark/clickbench/data/hits.parquet:2771245584..3694994112], [home/ec2-user/liquid-cache/benchmark/clickbench/data/hits.parquet:3694994112..4618742640], [home/ec2-user/liquid-cache/benchmark/clickbench/data/hits.parquet:4618742640..5542491168], [home/ec2-user/liquid-cache/benchmark/clickbench/data/hits.parquet:5542491168..6466239696], [home/ec2-user/liquid-cache/benchmark/clickbench/data/hits.parquet:6466239696..7389988224], [home/ec2-user/liquid-cache/benchmark/clickbench/data/hits.parquet:7389988224..8313736752], [home/ec2-user/liquid-cache/benchmark/clickbench/data/hits.parquet:8313736752..9237485280], [home/ec2-user/liquid-cache/benchmark/clickbench/data/hits.parquet:9237485280..10161233808], [home/ec2-user/liquid-cache/benchmark/clickbench/data/hits.parquet:10161233808..11084982336], [home/ec2-user/liquid-cache/benchmark/clickbench/data/hits.parquet:11084982336..12008730864], [home/ec2-user/liquid-cache/benchmark/clickbench/data/hits.parquet:12008730864..12932479392], [home/ec2-user/liquid-cache/benchmark/clickbench/data/hits.parquet:12932479392..13856227920], [home/ec2-user/liquid-cache/benchmark/clickbench/data/hits.parquet:13856227920..14779976446]]}, projection=[UserID], file_type=liquid_parquet, metrics=[output_rows=100.00 M, elapsed_compute=16ns, output_bytes=764.8 MB, output_batches=12.22 K, files_ranges_pruned_statistics=16 total → 16 matched, row_groups_pruned_statistics=0 total → 0 matched, row_groups_pruned_bloom_filter=0 total → 0 matched, page_index_pages_pruned=0 total → 0 matched, page_index_rows_pruned=0 total → 0 matched, limit_pruned_row_groups=0 total → 0 matched, batches_split=0, bytes_scanned=270.1 M, file_open_errors=0, file_scan_errors=0, num_predicate_creation_errors=0, predicate_evaluation_errors=0, pushdown_rows_matched=0, pushdown_rows_pruned=0, predicate_cache_inner_records=0, predicate_cache_records=0, bloom_filter_eval_time=32ns, metadata_load_time=2.17ms, page_index_eval_time=32ns, row_pushdown_eval_time=32ns, statistics_eval_time=32ns, time_elapsed_opening=3.18ms, time_elapsed_processing=611.36ms, time_elapsed_scanning_total=6.16s, time_elapsed_scanning_until_data=42.23ms, scan_efficiency_ratio=N/A (0/0)]

Cache: entries=0, mem=0MB, disk=0MB
  Hits: cache_hit=0, eval_predicate=0
  Misses: cache_miss=0
  IO: read=0, write=0
  Squeeze: squeezed_success=0, squeezed_needs_io=0
Time: 699ms

+---------------------+----------+
| UserID              | count(*) |
+---------------------+----------+
| 1313338681122956954 | 29097    |
| 1907779576417363396 | 25333    |
| 2305303682471783379 | 10597    |
| 7982623143712728547 | 7584     |
| 6018350421959114808 | 6678     |
| 7280399273658728997 | 6411     |
| 1090981537032625727 | 6197     |
| 5730251990344211405 | 6019     |
| 835157184735512989  | 5211     |
| 770542365400669095  | 4906     |
+---------------------+----------+
