
=== EXPLAIN ANALYZE (Query 8, Iteration 0) ===
SortPreservingMergeExec: [u@1 DESC], fetch=10, metrics=[output_rows=10, elapsed_compute=8.38µs, output_bytes=120.0 B, output_batches=1]
  SortExec: TopK(fetch=10), expr=[u@1 DESC], preserve_partitioning=[true], filter=[u@1 IS NULL OR u@1 > 32992], metrics=[output_rows=160, elapsed_compute=93.77ms, output_bytes=1920.0 B, output_batches=16, row_replacements=233]
    ProjectionExec: expr=[RegionID@0 as RegionID, count(alias1)@1 as u], metrics=[output_rows=9.04 K, elapsed_compute=20.12µs, output_bytes=134.6 KB, output_batches=16, expr_0_eval_time=2.87µs, expr_1_eval_time=1.52µs]
      AggregateExec: mode=FinalPartitioned, gby=[RegionID@0 as RegionID], aggr=[count(alias1)], metrics=[output_rows=9.04 K, elapsed_compute=1.00ms, output_bytes=134.6 KB, output_batches=16, spill_count=0, spilled_bytes=0.0 B, spilled_rows=0, peak_mem_used=1.75 M, aggregate_arguments_time=13.38µs, aggregation_time=64.16µs, emitting_time=13.21µs, time_calculating_group_ids=804.13µs]
        RepartitionExec: partitioning=Hash([RegionID@0], 16), input_partitions=16, metrics=[output_rows=69.75 K, elapsed_compute=4.47ms, output_bytes=1536.0 KB, output_batches=16, spill_count=0, spilled_bytes=0.0 B, spilled_rows=0, fetch_time=13.31s, repartition_time=1.89ms, send_time=388.78µs]
          AggregateExec: mode=Partial, gby=[RegionID@0 as RegionID], aggr=[count(alias1)], metrics=[output_rows=69.75 K, elapsed_compute=195.19ms, output_bytes=1193.8 KB, output_batches=16, spill_count=0, spilled_bytes=0.0 B, spilled_rows=0, skipped_aggregation_rows=0, peak_mem_used=4.11 M, aggregate_arguments_time=587.03µs, aggregation_time=32.70ms, emitting_time=107.56µs, time_calculating_group_ids=159.22ms, reduction_factor=0.39% (69.75 K/18.00 M)]
            AggregateExec: mode=FinalPartitioned, gby=[RegionID@0 as RegionID, alias1@1 as alias1], aggr=[], metrics=[output_rows=18.00 M, elapsed_compute=3.73s, output_bytes=51.8 GB, output_batches=2.21 K, spill_count=0, spilled_bytes=0.0 B, spilled_rows=0, peak_mem_used=1.75 B, aggregate_arguments_time=16ns, aggregation_time=16ns, emitting_time=32.80µs, time_calculating_group_ids=3.72s]
              RepartitionExec: partitioning=Hash([RegionID@0, alias1@1], 16), input_partitions=16, metrics=[output_rows=21.32 M, elapsed_compute=120.15ms, output_bytes=244.5 MB, output_batches=2.61 K, spill_count=0, spilled_bytes=0.0 B, spilled_rows=0, fetch_time=7.99s, repartition_time=319.90ms, send_time=716.10ms]
                AggregateExec: mode=Partial, gby=[RegionID@0 as RegionID, UserID@1 as alias1], aggr=[], metrics=[output_rows=21.32 M, elapsed_compute=5.54s, output_bytes=63.7 GB, output_batches=2.61 K, spill_count=0, spilled_bytes=0.0 B, spilled_rows=0, skipped_aggregation_rows=0, peak_mem_used=861.9 M, aggregate_arguments_time=16ns, aggregation_time=16ns, emitting_time=122.77µs, time_calculating_group_ids=5.52s, reduction_factor=21% (21.32 M/100.00 M)]
                  DataSourceExec: file_groups={16 groups: [[home/ec2-user/liquid-cache/benchmark/clickbench/data/hits.parquet:0..923748528], [home/ec2-user/liquid-cache/benchmark/clickbench/data/hits.parquet:923748528..1847497056], [home/ec2-user/liquid-cache/benchmark/clickbench/data/hits.parquet:1847497056..2771245584], [home/ec2-user/liquid-cache/benchmark/clickbench/data/hits.parquet:2771245584..3694994112], [home/ec2-user/liquid-cache/benchmark/clickbench/data/hits.parquet:3694994112..4618742640], [home/ec2-user/liquid-cache/benchmark/clickbench/data/hits.parquet:4618742640..5542491168], [home/ec2-user/liquid-cache/benchmark/clickbench/data/hits.parquet:5542491168..6466239696], [home/ec2-user/liquid-cache/benchmark/clickbench/data/hits.parquet:6466239696..7389988224], [home/ec2-user/liquid-cache/benchmark/clickbench/data/hits.parquet:7389988224..8313736752], [home/ec2-user/liquid-cache/benchmark/clickbench/data/hits.parquet:8313736752..9237485280], [home/ec2-user/liquid-cache/benchmark/clickbench/data/hits.parquet:9237485280..10161233808], [home/ec2-user/liquid-cache/benchmark/clickbench/data/hits.parquet:10161233808..11084982336], [home/ec2-user/liquid-cache/benchmark/clickbench/data/hits.parquet:11084982336..12008730864], [home/ec2-user/liquid-cache/benchmark/clickbench/data/hits.parquet:12008730864..12932479392], [home/ec2-user/liquid-cache/benchmark/clickbench/data/hits.parquet:12932479392..13856227920], [home/ec2-user/liquid-cache/benchmark/clickbench/data/hits.parquet:13856227920..14779976446]]}, projection=[RegionID, UserID], file_type=parquet, metrics=[output_rows=100.00 M, elapsed_compute=16ns, output_bytes=1146.4 MB, output_batches=12.22 K, files_ranges_pruned_statistics=16 total → 16 matched, row_groups_pruned_statistics=226 total → 226 matched, row_groups_pruned_bloom_filter=226 total → 226 matched, page_index_pages_pruned=0 total → 0 matched, page_index_rows_pruned=0 total → 0 matched, limit_pruned_row_groups=0 total → 0 matched, batches_split=0, bytes_scanned=328.6 M, file_open_errors=0, file_scan_errors=0, num_predicate_creation_errors=0, predicate_evaluation_errors=0, pushdown_rows_matched=0, pushdown_rows_pruned=0, predicate_cache_inner_records=0, predicate_cache_records=0, bloom_filter_eval_time=32ns, metadata_load_time=3.34ms, page_index_eval_time=32ns, row_pushdown_eval_time=32ns, statistics_eval_time=32ns, time_elapsed_opening=28.02ms, time_elapsed_processing=911.52ms, time_elapsed_scanning_total=7.95s, time_elapsed_scanning_until_data=231.45ms, scan_efficiency_ratio=2.2% (328.6 M/14.78 B)]

Time: 1072ms

+----------+---------+
| RegionID | u       |
+----------+---------+
| 229      | 2845673 |
| 2        | 1081016 |
| 208      | 831676  |
| 169      | 604583  |
| 184      | 322661  |
| 158      | 307152  |
| 34       | 299479  |
| 55       | 286525  |
| 107      | 272448  |
| 42       | 243181  |
+----------+---------+

=== EXPLAIN ANALYZE (Query 8, Iteration 1) ===
SortPreservingMergeExec: [u@1 DESC], fetch=10, metrics=[output_rows=10, elapsed_compute=5.69µs, output_bytes=120.0 B, output_batches=1]
  SortExec: TopK(fetch=10), expr=[u@1 DESC], preserve_partitioning=[true], filter=[u@1 IS NULL OR u@1 > 32992], metrics=[output_rows=122, elapsed_compute=38.21ms, output_bytes=1464.0 B, output_batches=16, row_replacements=139]
    ProjectionExec: expr=[RegionID@0 as RegionID, count(alias1)@1 as u], metrics=[output_rows=9.04 K, elapsed_compute=21.01µs, output_bytes=134.6 KB, output_batches=16, expr_0_eval_time=3.45µs, expr_1_eval_time=1.42µs]
      AggregateExec: mode=FinalPartitioned, gby=[RegionID@0 as RegionID], aggr=[count(alias1)], metrics=[output_rows=9.04 K, elapsed_compute=989.46µs, output_bytes=134.6 KB, output_batches=16, spill_count=0, spilled_bytes=0.0 B, spilled_rows=0, peak_mem_used=1.75 M, aggregate_arguments_time=11.08µs, aggregation_time=67.48µs, emitting_time=16.30µs, time_calculating_group_ids=806.40µs]
        RepartitionExec: partitioning=Hash([RegionID@0], 16), input_partitions=16, metrics=[output_rows=69.75 K, elapsed_compute=836.02µs, output_bytes=1536.0 KB, output_batches=16, spill_count=0, spilled_bytes=0.0 B, spilled_rows=0, fetch_time=11.72s, repartition_time=2.87ms, send_time=522.76µs]
          AggregateExec: mode=Partial, gby=[RegionID@0 as RegionID], aggr=[count(alias1)], metrics=[output_rows=69.75 K, elapsed_compute=172.06ms, output_bytes=1193.8 KB, output_batches=16, spill_count=0, spilled_bytes=0.0 B, spilled_rows=0, skipped_aggregation_rows=0, peak_mem_used=4.11 M, aggregate_arguments_time=587.22µs, aggregation_time=12.59ms, emitting_time=81.99µs, time_calculating_group_ids=157.09ms, reduction_factor=0.39% (69.75 K/18.00 M)]
            AggregateExec: mode=FinalPartitioned, gby=[RegionID@0 as RegionID, alias1@1 as alias1], aggr=[], metrics=[output_rows=18.00 M, elapsed_compute=3.69s, output_bytes=51.8 GB, output_batches=2.21 K, spill_count=0, spilled_bytes=0.0 B, spilled_rows=0, peak_mem_used=1.75 B, aggregate_arguments_time=16ns, aggregation_time=16ns, emitting_time=32.89µs, time_calculating_group_ids=3.69s]
              RepartitionExec: partitioning=Hash([RegionID@0, alias1@1], 16), input_partitions=16, metrics=[output_rows=21.32 M, elapsed_compute=76.50ms, output_bytes=244.5 MB, output_batches=2.61 K, spill_count=0, spilled_bytes=0.0 B, spilled_rows=0, fetch_time=7.01s, repartition_time=324.36ms, send_time=708.57ms]
                AggregateExec: mode=Partial, gby=[RegionID@0 as RegionID, UserID@1 as alias1], aggr=[], metrics=[output_rows=21.32 M, elapsed_compute=5.61s, output_bytes=63.7 GB, output_batches=2.61 K, spill_count=0, spilled_bytes=0.0 B, spilled_rows=0, skipped_aggregation_rows=0, peak_mem_used=861.9 M, aggregate_arguments_time=16ns, aggregation_time=16ns, emitting_time=90.53µs, time_calculating_group_ids=5.60s, reduction_factor=21% (21.32 M/100.00 M)]
                  DataSourceExec: file_groups={16 groups: [[home/ec2-user/liquid-cache/benchmark/clickbench/data/hits.parquet:0..923748528], [home/ec2-user/liquid-cache/benchmark/clickbench/data/hits.parquet:923748528..1847497056], [home/ec2-user/liquid-cache/benchmark/clickbench/data/hits.parquet:1847497056..2771245584], [home/ec2-user/liquid-cache/benchmark/clickbench/data/hits.parquet:2771245584..3694994112], [home/ec2-user/liquid-cache/benchmark/clickbench/data/hits.parquet:3694994112..4618742640], [home/ec2-user/liquid-cache/benchmark/clickbench/data/hits.parquet:4618742640..5542491168], [home/ec2-user/liquid-cache/benchmark/clickbench/data/hits.parquet:5542491168..6466239696], [home/ec2-user/liquid-cache/benchmark/clickbench/data/hits.parquet:6466239696..7389988224], [home/ec2-user/liquid-cache/benchmark/clickbench/data/hits.parquet:7389988224..8313736752], [home/ec2-user/liquid-cache/benchmark/clickbench/data/hits.parquet:8313736752..9237485280], [home/ec2-user/liquid-cache/benchmark/clickbench/data/hits.parquet:9237485280..10161233808], [home/ec2-user/liquid-cache/benchmark/clickbench/data/hits.parquet:10161233808..11084982336], [home/ec2-user/liquid-cache/benchmark/clickbench/data/hits.parquet:11084982336..12008730864], [home/ec2-user/liquid-cache/benchmark/clickbench/data/hits.parquet:12008730864..12932479392], [home/ec2-user/liquid-cache/benchmark/clickbench/data/hits.parquet:12932479392..13856227920], [home/ec2-user/liquid-cache/benchmark/clickbench/data/hits.parquet:13856227920..14779976446]]}, projection=[RegionID, UserID], file_type=parquet, metrics=[output_rows=100.00 M, elapsed_compute=16ns, output_bytes=1146.4 MB, output_batches=12.22 K, files_ranges_pruned_statistics=16 total → 16 matched, row_groups_pruned_statistics=226 total → 226 matched, row_groups_pruned_bloom_filter=226 total → 226 matched, page_index_pages_pruned=0 total → 0 matched, page_index_rows_pruned=0 total → 0 matched, limit_pruned_row_groups=0 total → 0 matched, batches_split=0, bytes_scanned=328.6 M, file_open_errors=0, file_scan_errors=0, num_predicate_creation_errors=0, predicate_evaluation_errors=0, pushdown_rows_matched=0, pushdown_rows_pruned=0, predicate_cache_inner_records=0, predicate_cache_records=0, bloom_filter_eval_time=32ns, metadata_load_time=1.42ms, page_index_eval_time=32ns, row_pushdown_eval_time=32ns, statistics_eval_time=32ns, time_elapsed_opening=2.30ms, time_elapsed_processing=947.06ms, time_elapsed_scanning_total=7.00s, time_elapsed_scanning_until_data=61.29ms, scan_efficiency_ratio=2.2% (328.6 M/14.78 B)]

Time: 738ms

+----------+---------+
| RegionID | u       |
+----------+---------+
| 229      | 2845673 |
| 2        | 1081016 |
| 208      | 831676  |
| 169      | 604583  |
| 184      | 322661  |
| 158      | 307152  |
| 34       | 299479  |
| 55       | 286525  |
| 107      | 272448  |
| 42       | 243181  |
+----------+---------+

=== EXPLAIN ANALYZE (Query 8, Iteration 2) ===
SortPreservingMergeExec: [u@1 DESC], fetch=10, metrics=[output_rows=10, elapsed_compute=4.37µs, output_bytes=120.0 B, output_batches=1]
  SortExec: TopK(fetch=10), expr=[u@1 DESC], preserve_partitioning=[true], filter=[u@1 IS NULL OR u@1 > 32992], metrics=[output_rows=134, elapsed_compute=526.18µs, output_bytes=1608.0 B, output_batches=16, row_replacements=164]
    ProjectionExec: expr=[RegionID@0 as RegionID, count(alias1)@1 as u], metrics=[output_rows=9.04 K, elapsed_compute=18.72µs, output_bytes=134.6 KB, output_batches=16, expr_0_eval_time=3.25µs, expr_1_eval_time=1.34µs]
      AggregateExec: mode=FinalPartitioned, gby=[RegionID@0 as RegionID], aggr=[count(alias1)], metrics=[output_rows=9.04 K, elapsed_compute=1.24ms, output_bytes=134.6 KB, output_batches=16, spill_count=0, spilled_bytes=0.0 B, spilled_rows=0, peak_mem_used=1.75 M, aggregate_arguments_time=8.83µs, aggregation_time=94.84µs, emitting_time=15.27µs, time_calculating_group_ids=971.59µs]
        RepartitionExec: partitioning=Hash([RegionID@0], 16), input_partitions=16, metrics=[output_rows=69.75 K, elapsed_compute=602.51µs, output_bytes=1536.0 KB, output_batches=16, spill_count=0, spilled_bytes=0.0 B, spilled_rows=0, fetch_time=12.43s, repartition_time=2.10ms, send_time=456.69µs]
          AggregateExec: mode=Partial, gby=[RegionID@0 as RegionID], aggr=[count(alias1)], metrics=[output_rows=69.75 K, elapsed_compute=172.69ms, output_bytes=1193.8 KB, output_batches=16, spill_count=0, spilled_bytes=0.0 B, spilled_rows=0, skipped_aggregation_rows=0, peak_mem_used=4.11 M, aggregate_arguments_time=600.14µs, aggregation_time=12.75ms, emitting_time=71.24µs, time_calculating_group_ids=157.50ms, reduction_factor=0.39% (69.75 K/18.00 M)]
            AggregateExec: mode=FinalPartitioned, gby=[RegionID@0 as RegionID, alias1@1 as alias1], aggr=[], metrics=[output_rows=18.00 M, elapsed_compute=3.80s, output_bytes=51.8 GB, output_batches=2.21 K, spill_count=0, spilled_bytes=0.0 B, spilled_rows=0, peak_mem_used=1.75 B, aggregate_arguments_time=16ns, aggregation_time=16ns, emitting_time=28.83µs, time_calculating_group_ids=3.80s]
              RepartitionExec: partitioning=Hash([RegionID@0, alias1@1], 16), input_partitions=16, metrics=[output_rows=21.32 M, elapsed_compute=88.24ms, output_bytes=244.5 MB, output_batches=2.61 K, spill_count=0, spilled_bytes=0.0 B, spilled_rows=0, fetch_time=6.83s, repartition_time=323.40ms, send_time=745.05ms]
                AggregateExec: mode=Partial, gby=[RegionID@0 as RegionID, UserID@1 as alias1], aggr=[], metrics=[output_rows=21.32 M, elapsed_compute=5.52s, output_bytes=63.7 GB, output_batches=2.61 K, spill_count=0, spilled_bytes=0.0 B, spilled_rows=0, skipped_aggregation_rows=0, peak_mem_used=861.9 M, aggregate_arguments_time=16ns, aggregation_time=16ns, emitting_time=96.07µs, time_calculating_group_ids=5.51s, reduction_factor=21% (21.32 M/100.00 M)]
                  DataSourceExec: file_groups={16 groups: [[home/ec2-user/liquid-cache/benchmark/clickbench/data/hits.parquet:0..923748528], [home/ec2-user/liquid-cache/benchmark/clickbench/data/hits.parquet:923748528..1847497056], [home/ec2-user/liquid-cache/benchmark/clickbench/data/hits.parquet:1847497056..2771245584], [home/ec2-user/liquid-cache/benchmark/clickbench/data/hits.parquet:2771245584..3694994112], [home/ec2-user/liquid-cache/benchmark/clickbench/data/hits.parquet:3694994112..4618742640], [home/ec2-user/liquid-cache/benchmark/clickbench/data/hits.parquet:4618742640..5542491168], [home/ec2-user/liquid-cache/benchmark/clickbench/data/hits.parquet:5542491168..6466239696], [home/ec2-user/liquid-cache/benchmark/clickbench/data/hits.parquet:6466239696..7389988224], [home/ec2-user/liquid-cache/benchmark/clickbench/data/hits.parquet:7389988224..8313736752], [home/ec2-user/liquid-cache/benchmark/clickbench/data/hits.parquet:8313736752..9237485280], [home/ec2-user/liquid-cache/benchmark/clickbench/data/hits.parquet:9237485280..10161233808], [home/ec2-user/liquid-cache/benchmark/clickbench/data/hits.parquet:10161233808..11084982336], [home/ec2-user/liquid-cache/benchmark/clickbench/data/hits.parquet:11084982336..12008730864], [home/ec2-user/liquid-cache/benchmark/clickbench/data/hits.parquet:12008730864..12932479392], [home/ec2-user/liquid-cache/benchmark/clickbench/data/hits.parquet:12932479392..13856227920], [home/ec2-user/liquid-cache/benchmark/clickbench/data/hits.parquet:13856227920..14779976446]]}, projection=[RegionID, UserID], file_type=parquet, metrics=[output_rows=100.00 M, elapsed_compute=16ns, output_bytes=1146.4 MB, output_batches=12.22 K, files_ranges_pruned_statistics=16 total → 16 matched, row_groups_pruned_statistics=226 total → 226 matched, row_groups_pruned_bloom_filter=226 total → 226 matched, page_index_pages_pruned=0 total → 0 matched, page_index_rows_pruned=0 total → 0 matched, limit_pruned_row_groups=0 total → 0 matched, batches_split=0, bytes_scanned=328.6 M, file_open_errors=0, file_scan_errors=0, num_predicate_creation_errors=0, predicate_evaluation_errors=0, pushdown_rows_matched=0, pushdown_rows_pruned=0, predicate_cache_inner_records=0, predicate_cache_records=0, bloom_filter_eval_time=32ns, metadata_load_time=1.87ms, page_index_eval_time=32ns, row_pushdown_eval_time=32ns, statistics_eval_time=32ns, time_elapsed_opening=2.77ms, time_elapsed_processing=914.89ms, time_elapsed_scanning_total=6.82s, time_elapsed_scanning_until_data=67.28ms, scan_efficiency_ratio=2.2% (328.6 M/14.78 B)]

Time: 780ms

+----------+---------+
| RegionID | u       |
+----------+---------+
| 229      | 2845673 |
| 2        | 1081016 |
| 208      | 831676  |
| 169      | 604583  |
| 184      | 322661  |
| 158      | 307152  |
| 34       | 299479  |
| 55       | 286525  |
| 107      | 272448  |
| 42       | 243181  |
+----------+---------+

=== EXPLAIN ANALYZE (Query 8, Iteration 3) ===
SortPreservingMergeExec: [u@1 DESC], fetch=10, metrics=[output_rows=10, elapsed_compute=5.24µs, output_bytes=120.0 B, output_batches=1]
  SortExec: TopK(fetch=10), expr=[u@1 DESC], preserve_partitioning=[true], filter=[u@1 IS NULL OR u@1 > 32992], metrics=[output_rows=126, elapsed_compute=526.46µs, output_bytes=1512.0 B, output_batches=16, row_replacements=146]
    ProjectionExec: expr=[RegionID@0 as RegionID, count(alias1)@1 as u], metrics=[output_rows=9.04 K, elapsed_compute=25.65µs, output_bytes=134.6 KB, output_batches=16, expr_0_eval_time=4.54µs, expr_1_eval_time=1.97µs]
      AggregateExec: mode=FinalPartitioned, gby=[RegionID@0 as RegionID], aggr=[count(alias1)], metrics=[output_rows=9.04 K, elapsed_compute=1.14ms, output_bytes=134.6 KB, output_batches=16, spill_count=0, spilled_bytes=0.0 B, spilled_rows=0, peak_mem_used=1.75 M, aggregate_arguments_time=11.46µs, aggregation_time=84.20µs, emitting_time=20.22µs, time_calculating_group_ids=921.90µs]
        RepartitionExec: partitioning=Hash([RegionID@0], 16), input_partitions=16, metrics=[output_rows=69.75 K, elapsed_compute=532.91µs, output_bytes=1536.0 KB, output_batches=16, spill_count=0, spilled_bytes=0.0 B, spilled_rows=0, fetch_time=12.09s, repartition_time=1.56ms, send_time=411.92µs]
          AggregateExec: mode=Partial, gby=[RegionID@0 as RegionID], aggr=[count(alias1)], metrics=[output_rows=69.75 K, elapsed_compute=174.23ms, output_bytes=1193.8 KB, output_batches=16, spill_count=0, spilled_bytes=0.0 B, spilled_rows=0, skipped_aggregation_rows=0, peak_mem_used=4.11 M, aggregate_arguments_time=579.87µs, aggregation_time=12.59ms, emitting_time=47.24µs, time_calculating_group_ids=159.33ms, reduction_factor=0.39% (69.75 K/18.00 M)]
            AggregateExec: mode=FinalPartitioned, gby=[RegionID@0 as RegionID, alias1@1 as alias1], aggr=[], metrics=[output_rows=18.00 M, elapsed_compute=3.69s, output_bytes=51.8 GB, output_batches=2.21 K, spill_count=0, spilled_bytes=0.0 B, spilled_rows=0, peak_mem_used=1.75 B, aggregate_arguments_time=16ns, aggregation_time=16ns, emitting_time=31.29µs, time_calculating_group_ids=3.68s]
              RepartitionExec: partitioning=Hash([RegionID@0, alias1@1], 16), input_partitions=16, metrics=[output_rows=21.32 M, elapsed_compute=90.88ms, output_bytes=244.5 MB, output_batches=2.61 K, spill_count=0, spilled_bytes=0.0 B, spilled_rows=0, fetch_time=6.89s, repartition_time=316.69ms, send_time=832.46ms]
                AggregateExec: mode=Partial, gby=[RegionID@0 as RegionID, UserID@1 as alias1], aggr=[], metrics=[output_rows=21.32 M, elapsed_compute=5.58s, output_bytes=63.7 GB, output_batches=2.61 K, spill_count=0, spilled_bytes=0.0 B, spilled_rows=0, skipped_aggregation_rows=0, peak_mem_used=861.9 M, aggregate_arguments_time=16ns, aggregation_time=16ns, emitting_time=67.35µs, time_calculating_group_ids=5.56s, reduction_factor=21% (21.32 M/100.00 M)]
                  DataSourceExec: file_groups={16 groups: [[home/ec2-user/liquid-cache/benchmark/clickbench/data/hits.parquet:0..923748528], [home/ec2-user/liquid-cache/benchmark/clickbench/data/hits.parquet:923748528..1847497056], [home/ec2-user/liquid-cache/benchmark/clickbench/data/hits.parquet:1847497056..2771245584], [home/ec2-user/liquid-cache/benchmark/clickbench/data/hits.parquet:2771245584..3694994112], [home/ec2-user/liquid-cache/benchmark/clickbench/data/hits.parquet:3694994112..4618742640], [home/ec2-user/liquid-cache/benchmark/clickbench/data/hits.parquet:4618742640..5542491168], [home/ec2-user/liquid-cache/benchmark/clickbench/data/hits.parquet:5542491168..6466239696], [home/ec2-user/liquid-cache/benchmark/clickbench/data/hits.parquet:6466239696..7389988224], [home/ec2-user/liquid-cache/benchmark/clickbench/data/hits.parquet:7389988224..8313736752], [home/ec2-user/liquid-cache/benchmark/clickbench/data/hits.parquet:8313736752..9237485280], [home/ec2-user/liquid-cache/benchmark/clickbench/data/hits.parquet:9237485280..10161233808], [home/ec2-user/liquid-cache/benchmark/clickbench/data/hits.parquet:10161233808..11084982336], [home/ec2-user/liquid-cache/benchmark/clickbench/data/hits.parquet:11084982336..12008730864], [home/ec2-user/liquid-cache/benchmark/clickbench/data/hits.parquet:12008730864..12932479392], [home/ec2-user/liquid-cache/benchmark/clickbench/data/hits.parquet:12932479392..13856227920], [home/ec2-user/liquid-cache/benchmark/clickbench/data/hits.parquet:13856227920..14779976446]]}, projection=[RegionID, UserID], file_type=parquet, metrics=[output_rows=100.00 M, elapsed_compute=16ns, output_bytes=1146.4 MB, output_batches=12.22 K, files_ranges_pruned_statistics=16 total → 16 matched, row_groups_pruned_statistics=226 total → 226 matched, row_groups_pruned_bloom_filter=226 total → 226 matched, page_index_pages_pruned=0 total → 0 matched, page_index_rows_pruned=0 total → 0 matched, limit_pruned_row_groups=0 total → 0 matched, batches_split=0, bytes_scanned=328.6 M, file_open_errors=0, file_scan_errors=0, num_predicate_creation_errors=0, predicate_evaluation_errors=0, pushdown_rows_matched=0, pushdown_rows_pruned=0, predicate_cache_inner_records=0, predicate_cache_records=0, bloom_filter_eval_time=32ns, metadata_load_time=1.74ms, page_index_eval_time=32ns, row_pushdown_eval_time=32ns, statistics_eval_time=32ns, time_elapsed_opening=3.63ms, time_elapsed_processing=933.13ms, time_elapsed_scanning_total=6.88s, time_elapsed_scanning_until_data=63.26ms, scan_efficiency_ratio=2.2% (328.6 M/14.78 B)]

Time: 764ms

+----------+---------+
| RegionID | u       |
+----------+---------+
| 229      | 2845673 |
| 2        | 1081016 |
| 208      | 831676  |
| 169      | 604583  |
| 184      | 322661  |
| 158      | 307152  |
| 34       | 299479  |
| 55       | 286525  |
| 107      | 272448  |
| 42       | 243181  |
+----------+---------+

=== EXPLAIN ANALYZE (Query 8, Iteration 4) ===
SortPreservingMergeExec: [u@1 DESC], fetch=10, metrics=[output_rows=10, elapsed_compute=4.29µs, output_bytes=120.0 B, output_batches=1]
  SortExec: TopK(fetch=10), expr=[u@1 DESC], preserve_partitioning=[true], filter=[u@1 IS NULL OR u@1 > 32992], metrics=[output_rows=126, elapsed_compute=429.55µs, output_bytes=1512.0 B, output_batches=16, row_replacements=143]
    ProjectionExec: expr=[RegionID@0 as RegionID, count(alias1)@1 as u], metrics=[output_rows=9.04 K, elapsed_compute=18.50µs, output_bytes=134.6 KB, output_batches=16, expr_0_eval_time=3.17µs, expr_1_eval_time=1.35µs]
      AggregateExec: mode=FinalPartitioned, gby=[RegionID@0 as RegionID], aggr=[count(alias1)], metrics=[output_rows=9.04 K, elapsed_compute=1.07ms, output_bytes=134.6 KB, output_batches=16, spill_count=0, spilled_bytes=0.0 B, spilled_rows=0, peak_mem_used=1.75 M, aggregate_arguments_time=11.13µs, aggregation_time=74.26µs, emitting_time=14.55µs, time_calculating_group_ids=871.21µs]
        RepartitionExec: partitioning=Hash([RegionID@0], 16), input_partitions=16, metrics=[output_rows=69.75 K, elapsed_compute=771.91µs, output_bytes=1536.0 KB, output_batches=16, spill_count=0, spilled_bytes=0.0 B, spilled_rows=0, fetch_time=11.70s, repartition_time=2.91ms, send_time=519.95µs]
          AggregateExec: mode=Partial, gby=[RegionID@0 as RegionID], aggr=[count(alias1)], metrics=[output_rows=69.75 K, elapsed_compute=172.15ms, output_bytes=1193.8 KB, output_batches=16, spill_count=0, spilled_bytes=0.0 B, spilled_rows=0, skipped_aggregation_rows=0, peak_mem_used=4.11 M, aggregate_arguments_time=579.17µs, aggregation_time=12.31ms, emitting_time=107.24µs, time_calculating_group_ids=157.47ms, reduction_factor=0.39% (69.75 K/18.00 M)]
            AggregateExec: mode=FinalPartitioned, gby=[RegionID@0 as RegionID, alias1@1 as alias1], aggr=[], metrics=[output_rows=18.00 M, elapsed_compute=3.83s, output_bytes=51.8 GB, output_batches=2.21 K, spill_count=0, spilled_bytes=0.0 B, spilled_rows=0, peak_mem_used=1.75 B, aggregate_arguments_time=16ns, aggregation_time=16ns, emitting_time=30.63µs, time_calculating_group_ids=3.82s]
              RepartitionExec: partitioning=Hash([RegionID@0, alias1@1], 16), input_partitions=16, metrics=[output_rows=21.32 M, elapsed_compute=77.82ms, output_bytes=244.5 MB, output_batches=2.61 K, spill_count=0, spilled_bytes=0.0 B, spilled_rows=0, fetch_time=6.78s, repartition_time=318.28ms, send_time=869.57ms]
                AggregateExec: mode=Partial, gby=[RegionID@0 as RegionID, UserID@1 as alias1], aggr=[], metrics=[output_rows=21.32 M, elapsed_compute=5.55s, output_bytes=63.7 GB, output_batches=2.61 K, spill_count=0, spilled_bytes=0.0 B, spilled_rows=0, skipped_aggregation_rows=0, peak_mem_used=861.9 M, aggregate_arguments_time=16ns, aggregation_time=16ns, emitting_time=72.74µs, time_calculating_group_ids=5.54s, reduction_factor=21% (21.32 M/100.00 M)]
                  DataSourceExec: file_groups={16 groups: [[home/ec2-user/liquid-cache/benchmark/clickbench/data/hits.parquet:0..923748528], [home/ec2-user/liquid-cache/benchmark/clickbench/data/hits.parquet:923748528..1847497056], [home/ec2-user/liquid-cache/benchmark/clickbench/data/hits.parquet:1847497056..2771245584], [home/ec2-user/liquid-cache/benchmark/clickbench/data/hits.parquet:2771245584..3694994112], [home/ec2-user/liquid-cache/benchmark/clickbench/data/hits.parquet:3694994112..4618742640], [home/ec2-user/liquid-cache/benchmark/clickbench/data/hits.parquet:4618742640..5542491168], [home/ec2-user/liquid-cache/benchmark/clickbench/data/hits.parquet:5542491168..6466239696], [home/ec2-user/liquid-cache/benchmark/clickbench/data/hits.parquet:6466239696..7389988224], [home/ec2-user/liquid-cache/benchmark/clickbench/data/hits.parquet:7389988224..8313736752], [home/ec2-user/liquid-cache/benchmark/clickbench/data/hits.parquet:8313736752..9237485280], [home/ec2-user/liquid-cache/benchmark/clickbench/data/hits.parquet:9237485280..10161233808], [home/ec2-user/liquid-cache/benchmark/clickbench/data/hits.parquet:10161233808..11084982336], [home/ec2-user/liquid-cache/benchmark/clickbench/data/hits.parquet:11084982336..12008730864], [home/ec2-user/liquid-cache/benchmark/clickbench/data/hits.parquet:12008730864..12932479392], [home/ec2-user/liquid-cache/benchmark/clickbench/data/hits.parquet:12932479392..13856227920], [home/ec2-user/liquid-cache/benchmark/clickbench/data/hits.parquet:13856227920..14779976446]]}, projection=[RegionID, UserID], file_type=parquet, metrics=[output_rows=100.00 M, elapsed_compute=16ns, output_bytes=1146.4 MB, output_batches=12.22 K, files_ranges_pruned_statistics=16 total → 16 matched, row_groups_pruned_statistics=226 total → 226 matched, row_groups_pruned_bloom_filter=226 total → 226 matched, page_index_pages_pruned=0 total → 0 matched, page_index_rows_pruned=0 total → 0 matched, limit_pruned_row_groups=0 total → 0 matched, batches_split=0, bytes_scanned=328.6 M, file_open_errors=0, file_scan_errors=0, num_predicate_creation_errors=0, predicate_evaluation_errors=0, pushdown_rows_matched=0, pushdown_rows_pruned=0, predicate_cache_inner_records=0, predicate_cache_records=0, bloom_filter_eval_time=32ns, metadata_load_time=1.42ms, page_index_eval_time=32ns, row_pushdown_eval_time=32ns, statistics_eval_time=32ns, time_elapsed_opening=2.20ms, time_elapsed_processing=933.90ms, time_elapsed_scanning_total=6.76s, time_elapsed_scanning_until_data=53.19ms, scan_efficiency_ratio=2.2% (328.6 M/14.78 B)]

Time: 734ms

+----------+---------+
| RegionID | u       |
+----------+---------+
| 229      | 2845673 |
| 2        | 1081016 |
| 208      | 831676  |
| 169      | 604583  |
| 184      | 322661  |
| 158      | 307152  |
| 34       | 299479  |
| 55       | 286525  |
| 107      | 272448  |
| 42       | 243181  |
+----------+---------+
