
=== EXPLAIN ANALYZE (Query 8, Iteration 0) ===
ProjectionExec: expr=[WatchID@0 as WatchID, ClientIP@1 as ClientIP, count(*)@2 as count(*), sum(hits.IsRefresh)@3 as sum(hits.IsRefresh), avg(hits.ResolutionWidth)@4 as avg(hits.ResolutionWidth)], metrics=[output_rows=10, elapsed_compute=2.51µs, output_bytes=360.0 B, output_batches=1, expr_0_eval_time=320ns, expr_1_eval_time=80ns, expr_2_eval_time=150ns, expr_3_eval_time=150ns, expr_4_eval_time=150ns]
  SortPreservingMergeExec: [count(Int64(1))@5 DESC], fetch=10, metrics=[output_rows=10, elapsed_compute=8.65µs, output_bytes=440.0 B, output_batches=1]
    SortExec: TopK(fetch=10), expr=[count(*)@2 DESC], preserve_partitioning=[true], filter=[count(*)@2 IS NULL OR count(*)@2 > 1], metrics=[output_rows=14, elapsed_compute=273.89ms, output_bytes=616.0 B, output_batches=4, row_replacements=14]
      ProjectionExec: expr=[WatchID@0 as WatchID, ClientIP@1 as ClientIP, count(Int64(1))@2 as count(*), sum(hits.IsRefresh)@3 as sum(hits.IsRefresh), avg(hits.ResolutionWidth)@4 as avg(hits.ResolutionWidth), count(Int64(1))@2 as count(Int64(1))], metrics=[output_rows=93.33 M, elapsed_compute=24.91ms, output_bytes=3.1 TB, output_batches=11.40 K, expr_0_eval_time=2.44ms, expr_1_eval_time=1.16ms, expr_2_eval_time=1.17ms, expr_3_eval_time=2.41ms, expr_4_eval_time=1.11ms, expr_5_eval_time=1.55ms]
        AggregateExec: mode=FinalPartitioned, gby=[WatchID@0 as WatchID, ClientIP@1 as ClientIP], aggr=[count(Int64(1)), sum(hits.IsRefresh), avg(hits.ResolutionWidth)], metrics=[output_rows=93.33 M, elapsed_compute=33.25s, output_bytes=3.1 TB, output_batches=11.40 K, spill_count=0, spilled_bytes=0.0 B, spilled_rows=0, peak_mem_used=13.42 B, aggregate_arguments_time=26.96ms, aggregation_time=11.91s, emitting_time=692.41ms, time_calculating_group_ids=26.09s]
          RepartitionExec: partitioning=Hash([WatchID@0, ClientIP@1], 16), input_partitions=16, metrics=[output_rows=93.33 M, elapsed_compute=1.45s, output_bytes=3.8 GB, output_batches=11.40 K, spill_count=0, spilled_bytes=0.0 B, spilled_rows=0, fetch_time=8.98s, repartition_time=3.65s, send_time=14.73s]
            AggregateExec: mode=Partial, gby=[WatchID@0 as WatchID, ClientIP@1 as ClientIP], aggr=[count(Int64(1)), sum(hits.IsRefresh), avg(hits.ResolutionWidth)], metrics=[output_rows=93.33 M, elapsed_compute=1.16s, output_bytes=4.9 GB, output_batches=12.18 K, spill_count=0, spilled_bytes=0.0 B, spilled_rows=0, skipped_aggregation_rows=91.67 M, peak_mem_used=108.9 M, aggregate_arguments_time=11.84ms, aggregation_time=171.76ms, emitting_time=352.13µs, time_calculating_group_ids=368.95ms, reduction_factor=100% (1.66 M/1.66 M)]
              DataSourceExec: file_groups={16 groups: [[home/ec2-user/liquid-cache/benchmark/clickbench/data/hits.parquet:0..923748528], [home/ec2-user/liquid-cache/benchmark/clickbench/data/hits.parquet:923748528..1847497056], [home/ec2-user/liquid-cache/benchmark/clickbench/data/hits.parquet:1847497056..2771245584], [home/ec2-user/liquid-cache/benchmark/clickbench/data/hits.parquet:2771245584..3694994112], [home/ec2-user/liquid-cache/benchmark/clickbench/data/hits.parquet:3694994112..4618742640], [home/ec2-user/liquid-cache/benchmark/clickbench/data/hits.parquet:4618742640..5542491168], [home/ec2-user/liquid-cache/benchmark/clickbench/data/hits.parquet:5542491168..6466239696], [home/ec2-user/liquid-cache/benchmark/clickbench/data/hits.parquet:6466239696..7389988224], [home/ec2-user/liquid-cache/benchmark/clickbench/data/hits.parquet:7389988224..8313736752], [home/ec2-user/liquid-cache/benchmark/clickbench/data/hits.parquet:8313736752..9237485280], [home/ec2-user/liquid-cache/benchmark/clickbench/data/hits.parquet:9237485280..10161233808], [home/ec2-user/liquid-cache/benchmark/clickbench/data/hits.parquet:10161233808..11084982336], [home/ec2-user/liquid-cache/benchmark/clickbench/data/hits.parquet:11084982336..12008730864], [home/ec2-user/liquid-cache/benchmark/clickbench/data/hits.parquet:12008730864..12932479392], [home/ec2-user/liquid-cache/benchmark/clickbench/data/hits.parquet:12932479392..13856227920], [home/ec2-user/liquid-cache/benchmark/clickbench/data/hits.parquet:13856227920..14779976446]]}, projection=[WatchID, ClientIP, IsRefresh, ResolutionWidth], file_type=liquid_parquet, metrics=[output_rows=93.33 M, elapsed_compute=16ns, output_bytes=1424.3 MB, output_batches=12.22 K, files_ranges_pruned_statistics=16 total → 16 matched, row_groups_pruned_statistics=226 total → 226 matched, row_groups_pruned_bloom_filter=0 total → 0 matched, page_index_pages_pruned=0 total → 0 matched, page_index_rows_pruned=0 total → 0 matched, limit_pruned_row_groups=0 total → 0 matched, batches_split=0, bytes_scanned=1.10 B, file_open_errors=0, file_scan_errors=0, num_predicate_creation_errors=0, predicate_evaluation_errors=0, pushdown_rows_matched=0, pushdown_rows_pruned=0, predicate_cache_inner_records=0, predicate_cache_records=0, bloom_filter_eval_time=3.27ms, metadata_load_time=145.59ms, page_index_eval_time=3.04µs, row_pushdown_eval_time=32ns, statistics_eval_time=371.92µs, time_elapsed_opening=177.71ms, time_elapsed_processing=4.24s, time_elapsed_scanning_total=42.92s, time_elapsed_scanning_until_data=454.81ms, scan_efficiency_ratio=N/A (0/0)]

Cache: entries=24436, mem=199MB, disk=0MB
  Hits: cache_hit=12218, eval_predicate=36654
  Misses: cache_miss=12218
  IO: read=0, write=0
  Squeeze: squeezed_success=0, squeezed_needs_io=0
Time: 3016ms

+---------------------+-------------+----------+---------------------+---------------------------+
| WatchID             | ClientIP    | count(*) | sum(hits.IsRefresh) | avg(hits.ResolutionWidth) |
+---------------------+-------------+----------+---------------------+---------------------------+
| 8566928176839891583 | -1402644643 | 2        | 0                   | 1368.0                    |
| 7904046282518428963 | 1509330109  | 2        | 0                   | 1368.0                    |
| 6655575552203051303 | 1611957945  | 2        | 0                   | 1638.0                    |
| 7224410078130478461 | -776509581  | 2        | 0                   | 1368.0                    |
| 5160785815151670933 | 357457738   | 1        | 0                   | 1638.0                    |
| 8597911995886074524 | 1826295534  | 1        | 0                   | 1996.0                    |
| 7411139389514309208 | 1435108205  | 1        | 0                   | 1917.0                    |
| 7487575460772605966 | 2058136515  | 1        | 0                   | 1368.0                    |
| 5871106852382793777 | 2105785583  | 1        | 0                   | 797.0                     |
| 8742503332826611709 | -590597877  | 1        | 0                   | 1638.0                    |
+---------------------+-------------+----------+---------------------+---------------------------+

=== EXPLAIN ANALYZE (Query 8, Iteration 1) ===
ProjectionExec: expr=[WatchID@0 as WatchID, ClientIP@1 as ClientIP, count(*)@2 as count(*), sum(hits.IsRefresh)@3 as sum(hits.IsRefresh), avg(hits.ResolutionWidth)@4 as avg(hits.ResolutionWidth)], metrics=[output_rows=10, elapsed_compute=2.38µs, output_bytes=360.0 B, output_batches=1, expr_0_eval_time=270ns, expr_1_eval_time=160ns, expr_2_eval_time=150ns, expr_3_eval_time=60ns, expr_4_eval_time=151ns]
  SortPreservingMergeExec: [count(Int64(1))@5 DESC], fetch=10, metrics=[output_rows=10, elapsed_compute=11.50µs, output_bytes=440.0 B, output_batches=1]
    SortExec: TopK(fetch=10), expr=[count(*)@2 DESC], preserve_partitioning=[true], filter=[count(*)@2 IS NULL OR count(*)@2 > 1], metrics=[output_rows=24, elapsed_compute=265.27ms, output_bytes=1056.0 B, output_batches=5, row_replacements=24]
      ProjectionExec: expr=[WatchID@0 as WatchID, ClientIP@1 as ClientIP, count(Int64(1))@2 as count(*), sum(hits.IsRefresh)@3 as sum(hits.IsRefresh), avg(hits.ResolutionWidth)@4 as avg(hits.ResolutionWidth), count(Int64(1))@2 as count(Int64(1))], metrics=[output_rows=93.33 M, elapsed_compute=34.76ms, output_bytes=3.1 TB, output_batches=11.40 K, expr_0_eval_time=2.40ms, expr_1_eval_time=1.21ms, expr_2_eval_time=1.18ms, expr_3_eval_time=1.15ms, expr_4_eval_time=1.08ms, expr_5_eval_time=1.88ms]
        AggregateExec: mode=FinalPartitioned, gby=[WatchID@0 as WatchID, ClientIP@1 as ClientIP], aggr=[count(Int64(1)), sum(hits.IsRefresh), avg(hits.ResolutionWidth)], metrics=[output_rows=93.33 M, elapsed_compute=32.12s, output_bytes=3.1 TB, output_batches=11.40 K, spill_count=0, spilled_bytes=0.0 B, spilled_rows=0, peak_mem_used=13.42 B, aggregate_arguments_time=32.63ms, aggregation_time=11.62s, emitting_time=694.20ms, time_calculating_group_ids=25.14s]
          RepartitionExec: partitioning=Hash([WatchID@0, ClientIP@1], 16), input_partitions=16, metrics=[output_rows=93.33 M, elapsed_compute=1.47s, output_bytes=3.8 GB, output_batches=11.40 K, spill_count=0, spilled_bytes=0.0 B, spilled_rows=0, fetch_time=5.38s, repartition_time=3.70s, send_time=14.87s]
            AggregateExec: mode=Partial, gby=[WatchID@0 as WatchID, ClientIP@1 as ClientIP], aggr=[count(Int64(1)), sum(hits.IsRefresh), avg(hits.ResolutionWidth)], metrics=[output_rows=93.33 M, elapsed_compute=1.08s, output_bytes=4.9 GB, output_batches=12.18 K, spill_count=0, spilled_bytes=0.0 B, spilled_rows=0, skipped_aggregation_rows=91.67 M, peak_mem_used=108.9 M, aggregate_arguments_time=9.68ms, aggregation_time=116.43ms, emitting_time=195.06µs, time_calculating_group_ids=296.36ms, reduction_factor=100% (1.66 M/1.66 M)]
              DataSourceExec: file_groups={16 groups: [[home/ec2-user/liquid-cache/benchmark/clickbench/data/hits.parquet:0..923748528], [home/ec2-user/liquid-cache/benchmark/clickbench/data/hits.parquet:923748528..1847497056], [home/ec2-user/liquid-cache/benchmark/clickbench/data/hits.parquet:1847497056..2771245584], [home/ec2-user/liquid-cache/benchmark/clickbench/data/hits.parquet:2771245584..3694994112], [home/ec2-user/liquid-cache/benchmark/clickbench/data/hits.parquet:3694994112..4618742640], [home/ec2-user/liquid-cache/benchmark/clickbench/data/hits.parquet:4618742640..5542491168], [home/ec2-user/liquid-cache/benchmark/clickbench/data/hits.parquet:5542491168..6466239696], [home/ec2-user/liquid-cache/benchmark/clickbench/data/hits.parquet:6466239696..7389988224], [home/ec2-user/liquid-cache/benchmark/clickbench/data/hits.parquet:7389988224..8313736752], [home/ec2-user/liquid-cache/benchmark/clickbench/data/hits.parquet:8313736752..9237485280], [home/ec2-user/liquid-cache/benchmark/clickbench/data/hits.parquet:9237485280..10161233808], [home/ec2-user/liquid-cache/benchmark/clickbench/data/hits.parquet:10161233808..11084982336], [home/ec2-user/liquid-cache/benchmark/clickbench/data/hits.parquet:11084982336..12008730864], [home/ec2-user/liquid-cache/benchmark/clickbench/data/hits.parquet:12008730864..12932479392], [home/ec2-user/liquid-cache/benchmark/clickbench/data/hits.parquet:12932479392..13856227920], [home/ec2-user/liquid-cache/benchmark/clickbench/data/hits.parquet:13856227920..14779976446]]}, projection=[WatchID, ClientIP, IsRefresh, ResolutionWidth], file_type=liquid_parquet, metrics=[output_rows=93.33 M, elapsed_compute=16ns, output_bytes=1424.3 MB, output_batches=12.22 K, files_ranges_pruned_statistics=16 total → 16 matched, row_groups_pruned_statistics=226 total → 226 matched, row_groups_pruned_bloom_filter=0 total → 0 matched, page_index_pages_pruned=0 total → 0 matched, page_index_rows_pruned=0 total → 0 matched, limit_pruned_row_groups=0 total → 0 matched, batches_split=0, bytes_scanned=1.10 B, file_open_errors=0, file_scan_errors=0, num_predicate_creation_errors=0, predicate_evaluation_errors=0, pushdown_rows_matched=0, pushdown_rows_pruned=0, predicate_cache_inner_records=0, predicate_cache_records=0, bloom_filter_eval_time=3.52ms, metadata_load_time=3.04ms, page_index_eval_time=25.88µs, row_pushdown_eval_time=32ns, statistics_eval_time=460.06µs, time_elapsed_opening=9.69ms, time_elapsed_processing=3.86s, time_elapsed_scanning_total=41.77s, time_elapsed_scanning_until_data=290.28ms, scan_efficiency_ratio=N/A (0/0)]

Cache: entries=24436, mem=199MB, disk=0MB
  Hits: cache_hit=12218, eval_predicate=24436
  Misses: cache_miss=0
  IO: read=0, write=0
  Squeeze: squeezed_success=0, squeezed_needs_io=0
Time: 2911ms

+---------------------+-------------+----------+---------------------+---------------------------+
| WatchID             | ClientIP    | count(*) | sum(hits.IsRefresh) | avg(hits.ResolutionWidth) |
+---------------------+-------------+----------+---------------------+---------------------------+
| 8566928176839891583 | -1402644643 | 2        | 0                   | 1368.0                    |
| 7904046282518428963 | 1509330109  | 2        | 0                   | 1368.0                    |
| 6655575552203051303 | 1611957945  | 2        | 0                   | 1638.0                    |
| 7224410078130478461 | -776509581  | 2        | 0                   | 1368.0                    |
| 7053910859415023029 | 463873870   | 1        | 0                   | 1368.0                    |
| 6329019591661543417 | 1815121031  | 1        | 0                   | 1638.0                    |
| 5053788266266062917 | -1335042888 | 1        | 0                   | 1638.0                    |
| 8911677370090483374 | 1815121031  | 1        | 0                   | 1638.0                    |
| 5352135472234549368 | -1692182111 | 1        | 0                   | 1996.0                    |
| 5393370482680660257 | -1511669831 | 1        | 0                   | 1368.0                    |
+---------------------+-------------+----------+---------------------+---------------------------+

=== EXPLAIN ANALYZE (Query 8, Iteration 2) ===
ProjectionExec: expr=[WatchID@0 as WatchID, ClientIP@1 as ClientIP, count(*)@2 as count(*), sum(hits.IsRefresh)@3 as sum(hits.IsRefresh), avg(hits.ResolutionWidth)@4 as avg(hits.ResolutionWidth)], metrics=[output_rows=10, elapsed_compute=2.82µs, output_bytes=360.0 B, output_batches=1, expr_0_eval_time=270ns, expr_1_eval_time=170ns, expr_2_eval_time=150ns, expr_3_eval_time=60ns, expr_4_eval_time=150ns]
  SortPreservingMergeExec: [count(Int64(1))@5 DESC], fetch=10, metrics=[output_rows=10, elapsed_compute=10.99µs, output_bytes=440.0 B, output_batches=1]
    SortExec: TopK(fetch=10), expr=[count(*)@2 DESC], preserve_partitioning=[true], filter=[count(*)@2 IS NULL OR count(*)@2 > 1], metrics=[output_rows=14, elapsed_compute=258.51ms, output_bytes=616.0 B, output_batches=4, row_replacements=14]
      ProjectionExec: expr=[WatchID@0 as WatchID, ClientIP@1 as ClientIP, count(Int64(1))@2 as count(*), sum(hits.IsRefresh)@3 as sum(hits.IsRefresh), avg(hits.ResolutionWidth)@4 as avg(hits.ResolutionWidth), count(Int64(1))@2 as count(Int64(1))], metrics=[output_rows=93.33 M, elapsed_compute=19.46ms, output_bytes=3.1 TB, output_batches=11.40 K, expr_0_eval_time=2.28ms, expr_1_eval_time=1.08ms, expr_2_eval_time=1.11ms, expr_3_eval_time=978.53µs, expr_4_eval_time=998.84µs, expr_5_eval_time=1.32ms]
        AggregateExec: mode=FinalPartitioned, gby=[WatchID@0 as WatchID, ClientIP@1 as ClientIP], aggr=[count(Int64(1)), sum(hits.IsRefresh), avg(hits.ResolutionWidth)], metrics=[output_rows=93.33 M, elapsed_compute=31.69s, output_bytes=3.1 TB, output_batches=11.40 K, spill_count=0, spilled_bytes=0.0 B, spilled_rows=0, peak_mem_used=13.42 B, aggregate_arguments_time=33.77ms, aggregation_time=11.07s, emitting_time=702.96ms, time_calculating_group_ids=24.97s]
          RepartitionExec: partitioning=Hash([WatchID@0, ClientIP@1], 16), input_partitions=16, metrics=[output_rows=93.33 M, elapsed_compute=1.55s, output_bytes=3.8 GB, output_batches=11.40 K, spill_count=0, spilled_bytes=0.0 B, spilled_rows=0, fetch_time=5.34s, repartition_time=3.68s, send_time=13.66s]
            AggregateExec: mode=Partial, gby=[WatchID@0 as WatchID, ClientIP@1 as ClientIP], aggr=[count(Int64(1)), sum(hits.IsRefresh), avg(hits.ResolutionWidth)], metrics=[output_rows=93.33 M, elapsed_compute=1.02s, output_bytes=4.9 GB, output_batches=12.18 K, spill_count=0, spilled_bytes=0.0 B, spilled_rows=0, skipped_aggregation_rows=91.67 M, peak_mem_used=108.9 M, aggregate_arguments_time=18.18ms, aggregation_time=100.24ms, emitting_time=233.29µs, time_calculating_group_ids=233.96ms, reduction_factor=100% (1.66 M/1.66 M)]
              DataSourceExec: file_groups={16 groups: [[home/ec2-user/liquid-cache/benchmark/clickbench/data/hits.parquet:0..923748528], [home/ec2-user/liquid-cache/benchmark/clickbench/data/hits.parquet:923748528..1847497056], [home/ec2-user/liquid-cache/benchmark/clickbench/data/hits.parquet:1847497056..2771245584], [home/ec2-user/liquid-cache/benchmark/clickbench/data/hits.parquet:2771245584..3694994112], [home/ec2-user/liquid-cache/benchmark/clickbench/data/hits.parquet:3694994112..4618742640], [home/ec2-user/liquid-cache/benchmark/clickbench/data/hits.parquet:4618742640..5542491168], [home/ec2-user/liquid-cache/benchmark/clickbench/data/hits.parquet:5542491168..6466239696], [home/ec2-user/liquid-cache/benchmark/clickbench/data/hits.parquet:6466239696..7389988224], [home/ec2-user/liquid-cache/benchmark/clickbench/data/hits.parquet:7389988224..8313736752], [home/ec2-user/liquid-cache/benchmark/clickbench/data/hits.parquet:8313736752..9237485280], [home/ec2-user/liquid-cache/benchmark/clickbench/data/hits.parquet:9237485280..10161233808], [home/ec2-user/liquid-cache/benchmark/clickbench/data/hits.parquet:10161233808..11084982336], [home/ec2-user/liquid-cache/benchmark/clickbench/data/hits.parquet:11084982336..12008730864], [home/ec2-user/liquid-cache/benchmark/clickbench/data/hits.parquet:12008730864..12932479392], [home/ec2-user/liquid-cache/benchmark/clickbench/data/hits.parquet:12932479392..13856227920], [home/ec2-user/liquid-cache/benchmark/clickbench/data/hits.parquet:13856227920..14779976446]]}, projection=[WatchID, ClientIP, IsRefresh, ResolutionWidth], file_type=liquid_parquet, metrics=[output_rows=93.33 M, elapsed_compute=16ns, output_bytes=1424.3 MB, output_batches=12.22 K, files_ranges_pruned_statistics=16 total → 16 matched, row_groups_pruned_statistics=226 total → 226 matched, row_groups_pruned_bloom_filter=0 total → 0 matched, page_index_pages_pruned=0 total → 0 matched, page_index_rows_pruned=0 total → 0 matched, limit_pruned_row_groups=0 total → 0 matched, batches_split=0, bytes_scanned=1.10 B, file_open_errors=0, file_scan_errors=0, num_predicate_creation_errors=0, predicate_evaluation_errors=0, pushdown_rows_matched=0, pushdown_rows_pruned=0, predicate_cache_inner_records=0, predicate_cache_records=0, bloom_filter_eval_time=6.41ms, metadata_load_time=2.90ms, page_index_eval_time=7.28µs, row_pushdown_eval_time=32ns, statistics_eval_time=457.06µs, time_elapsed_opening=12.96ms, time_elapsed_processing=3.91s, time_elapsed_scanning_total=40.25s, time_elapsed_scanning_until_data=233.01ms, scan_efficiency_ratio=N/A (0/0)]

Cache: entries=24436, mem=199MB, disk=0MB
  Hits: cache_hit=12218, eval_predicate=24436
  Misses: cache_miss=0
  IO: read=0, write=0
  Squeeze: squeezed_success=0, squeezed_needs_io=0
Time: 2872ms

+---------------------+-------------+----------+---------------------+---------------------------+
| WatchID             | ClientIP    | count(*) | sum(hits.IsRefresh) | avg(hits.ResolutionWidth) |
+---------------------+-------------+----------+---------------------+---------------------------+
| 8566928176839891583 | -1402644643 | 2        | 0                   | 1368.0                    |
| 7904046282518428963 | 1509330109  | 2        | 0                   | 1368.0                    |
| 6655575552203051303 | 1611957945  | 2        | 0                   | 1638.0                    |
| 7224410078130478461 | -776509581  | 2        | 0                   | 1368.0                    |
| 6676230879155791167 | 1896125518  | 1        | 0                   | 1368.0                    |
| 7334829217915799758 | 1896125518  | 1        | 0                   | 1368.0                    |
| 4643281160224792610 | 1085699450  | 1        | 0                   | 1368.0                    |
| 5922230630966799626 | 1085699450  | 1        | 0                   | 1368.0                    |
| 5119699764265156007 | 1085699450  | 1        | 0                   | 1368.0                    |
| 6386892023171170407 | 1085699450  | 1        | 0                   | 1368.0                    |
+---------------------+-------------+----------+---------------------+---------------------------+

=== EXPLAIN ANALYZE (Query 8, Iteration 3) ===
ProjectionExec: expr=[WatchID@0 as WatchID, ClientIP@1 as ClientIP, count(*)@2 as count(*), sum(hits.IsRefresh)@3 as sum(hits.IsRefresh), avg(hits.ResolutionWidth)@4 as avg(hits.ResolutionWidth)], metrics=[output_rows=10, elapsed_compute=2.18µs, output_bytes=360.0 B, output_batches=1, expr_0_eval_time=280ns, expr_1_eval_time=150ns, expr_2_eval_time=60ns, expr_3_eval_time=160ns, expr_4_eval_time=80ns]
  SortPreservingMergeExec: [count(Int64(1))@5 DESC], fetch=10, metrics=[output_rows=10, elapsed_compute=10.48µs, output_bytes=440.0 B, output_batches=1]
    SortExec: TopK(fetch=10), expr=[count(*)@2 DESC], preserve_partitioning=[true], filter=[count(*)@2 IS NULL OR count(*)@2 > 1], metrics=[output_rows=14, elapsed_compute=264.67ms, output_bytes=616.0 B, output_batches=4, row_replacements=14]
      ProjectionExec: expr=[WatchID@0 as WatchID, ClientIP@1 as ClientIP, count(Int64(1))@2 as count(*), sum(hits.IsRefresh)@3 as sum(hits.IsRefresh), avg(hits.ResolutionWidth)@4 as avg(hits.ResolutionWidth), count(Int64(1))@2 as count(Int64(1))], metrics=[output_rows=93.33 M, elapsed_compute=23.16ms, output_bytes=3.1 TB, output_batches=11.40 K, expr_0_eval_time=2.83ms, expr_1_eval_time=1.38ms, expr_2_eval_time=1.30ms, expr_3_eval_time=1.11ms, expr_4_eval_time=1.12ms, expr_5_eval_time=1.62ms]
        AggregateExec: mode=FinalPartitioned, gby=[WatchID@0 as WatchID, ClientIP@1 as ClientIP], aggr=[count(Int64(1)), sum(hits.IsRefresh), avg(hits.ResolutionWidth)], metrics=[output_rows=93.33 M, elapsed_compute=31.66s, output_bytes=3.1 TB, output_batches=11.40 K, spill_count=0, spilled_bytes=0.0 B, spilled_rows=0, peak_mem_used=13.42 B, aggregate_arguments_time=35.12ms, aggregation_time=11.38s, emitting_time=676.00ms, time_calculating_group_ids=24.84s]
          RepartitionExec: partitioning=Hash([WatchID@0, ClientIP@1], 16), input_partitions=16, metrics=[output_rows=93.33 M, elapsed_compute=1.53s, output_bytes=3.8 GB, output_batches=11.40 K, spill_count=0, spilled_bytes=0.0 B, spilled_rows=0, fetch_time=5.24s, repartition_time=3.66s, send_time=16.28s]
            AggregateExec: mode=Partial, gby=[WatchID@0 as WatchID, ClientIP@1 as ClientIP], aggr=[count(Int64(1)), sum(hits.IsRefresh), avg(hits.ResolutionWidth)], metrics=[output_rows=93.33 M, elapsed_compute=1.01s, output_bytes=4.9 GB, output_batches=12.18 K, spill_count=0, spilled_bytes=0.0 B, spilled_rows=0, skipped_aggregation_rows=91.67 M, peak_mem_used=108.9 M, aggregate_arguments_time=9.04ms, aggregation_time=88.91ms, emitting_time=194.67µs, time_calculating_group_ids=219.03ms, reduction_factor=100% (1.66 M/1.66 M)]
              DataSourceExec: file_groups={16 groups: [[home/ec2-user/liquid-cache/benchmark/clickbench/data/hits.parquet:0..923748528], [home/ec2-user/liquid-cache/benchmark/clickbench/data/hits.parquet:923748528..1847497056], [home/ec2-user/liquid-cache/benchmark/clickbench/data/hits.parquet:1847497056..2771245584], [home/ec2-user/liquid-cache/benchmark/clickbench/data/hits.parquet:2771245584..3694994112], [home/ec2-user/liquid-cache/benchmark/clickbench/data/hits.parquet:3694994112..4618742640], [home/ec2-user/liquid-cache/benchmark/clickbench/data/hits.parquet:4618742640..5542491168], [home/ec2-user/liquid-cache/benchmark/clickbench/data/hits.parquet:5542491168..6466239696], [home/ec2-user/liquid-cache/benchmark/clickbench/data/hits.parquet:6466239696..7389988224], [home/ec2-user/liquid-cache/benchmark/clickbench/data/hits.parquet:7389988224..8313736752], [home/ec2-user/liquid-cache/benchmark/clickbench/data/hits.parquet:8313736752..9237485280], [home/ec2-user/liquid-cache/benchmark/clickbench/data/hits.parquet:9237485280..10161233808], [home/ec2-user/liquid-cache/benchmark/clickbench/data/hits.parquet:10161233808..11084982336], [home/ec2-user/liquid-cache/benchmark/clickbench/data/hits.parquet:11084982336..12008730864], [home/ec2-user/liquid-cache/benchmark/clickbench/data/hits.parquet:12008730864..12932479392], [home/ec2-user/liquid-cache/benchmark/clickbench/data/hits.parquet:12932479392..13856227920], [home/ec2-user/liquid-cache/benchmark/clickbench/data/hits.parquet:13856227920..14779976446]]}, projection=[WatchID, ClientIP, IsRefresh, ResolutionWidth], file_type=liquid_parquet, metrics=[output_rows=93.33 M, elapsed_compute=16ns, output_bytes=1424.3 MB, output_batches=12.22 K, files_ranges_pruned_statistics=16 total → 16 matched, row_groups_pruned_statistics=226 total → 226 matched, row_groups_pruned_bloom_filter=0 total → 0 matched, page_index_pages_pruned=0 total → 0 matched, page_index_rows_pruned=0 total → 0 matched, limit_pruned_row_groups=0 total → 0 matched, batches_split=0, bytes_scanned=1.10 B, file_open_errors=0, file_scan_errors=0, num_predicate_creation_errors=0, predicate_evaluation_errors=0, pushdown_rows_matched=0, pushdown_rows_pruned=0, predicate_cache_inner_records=0, predicate_cache_records=0, bloom_filter_eval_time=4.80ms, metadata_load_time=3.10ms, page_index_eval_time=4.97µs, row_pushdown_eval_time=32ns, statistics_eval_time=1.08ms, time_elapsed_opening=11.98ms, time_elapsed_processing=3.80s, time_elapsed_scanning_total=40.52s, time_elapsed_scanning_until_data=239.12ms, scan_efficiency_ratio=N/A (0/0)]

Cache: entries=24436, mem=199MB, disk=0MB
  Hits: cache_hit=12218, eval_predicate=24436
  Misses: cache_miss=0
  IO: read=0, write=0
  Squeeze: squeezed_success=0, squeezed_needs_io=0
Time: 2869ms

+---------------------+-------------+----------+---------------------+---------------------------+
| WatchID             | ClientIP    | count(*) | sum(hits.IsRefresh) | avg(hits.ResolutionWidth) |
+---------------------+-------------+----------+---------------------+---------------------------+
| 8566928176839891583 | -1402644643 | 2        | 0                   | 1368.0                    |
| 7904046282518428963 | 1509330109  | 2        | 0                   | 1368.0                    |
| 6655575552203051303 | 1611957945  | 2        | 0                   | 1638.0                    |
| 7224410078130478461 | -776509581  | 2        | 0                   | 1368.0                    |
| 6413622444921377852 | 1275179873  | 1        | 0                   | 1750.0                    |
| 5043476870432919701 | -2066462580 | 1        | 0                   | 1638.0                    |
| 6646659356048663675 | -1856049503 | 1        | 0                   | 1368.0                    |
| 7656953354234434355 | 1288555900  | 1        | 0                   | 1917.0                    |
| 6407102047474038354 | 1402754806  | 1        | 0                   | 1828.0                    |
| 8795446210239577081 | 464079643   | 1        | 0                   | 1368.0                    |
+---------------------+-------------+----------+---------------------+---------------------------+

=== EXPLAIN ANALYZE (Query 8, Iteration 4) ===
ProjectionExec: expr=[WatchID@0 as WatchID, ClientIP@1 as ClientIP, count(*)@2 as count(*), sum(hits.IsRefresh)@3 as sum(hits.IsRefresh), avg(hits.ResolutionWidth)@4 as avg(hits.ResolutionWidth)], metrics=[output_rows=10, elapsed_compute=2.67µs, output_bytes=360.0 B, output_batches=1, expr_0_eval_time=350ns, expr_1_eval_time=180ns, expr_2_eval_time=160ns, expr_3_eval_time=150ns, expr_4_eval_time=150ns]
  SortPreservingMergeExec: [count(Int64(1))@5 DESC], fetch=10, metrics=[output_rows=10, elapsed_compute=10.80µs, output_bytes=440.0 B, output_batches=1]
    SortExec: TopK(fetch=10), expr=[count(*)@2 DESC], preserve_partitioning=[true], filter=[count(*)@2 IS NULL OR count(*)@2 > 1], metrics=[output_rows=14, elapsed_compute=259.72ms, output_bytes=616.0 B, output_batches=4, row_replacements=14]
      ProjectionExec: expr=[WatchID@0 as WatchID, ClientIP@1 as ClientIP, count(Int64(1))@2 as count(*), sum(hits.IsRefresh)@3 as sum(hits.IsRefresh), avg(hits.ResolutionWidth)@4 as avg(hits.ResolutionWidth), count(Int64(1))@2 as count(Int64(1))], metrics=[output_rows=93.33 M, elapsed_compute=21.69ms, output_bytes=3.1 TB, output_batches=11.40 K, expr_0_eval_time=2.12ms, expr_1_eval_time=1.01ms, expr_2_eval_time=1.03ms, expr_3_eval_time=906.54µs, expr_4_eval_time=927.25µs, expr_5_eval_time=1.27ms]
        AggregateExec: mode=FinalPartitioned, gby=[WatchID@0 as WatchID, ClientIP@1 as ClientIP], aggr=[count(Int64(1)), sum(hits.IsRefresh), avg(hits.ResolutionWidth)], metrics=[output_rows=93.33 M, elapsed_compute=31.81s, output_bytes=3.1 TB, output_batches=11.40 K, spill_count=0, spilled_bytes=0.0 B, spilled_rows=0, peak_mem_used=13.42 B, aggregate_arguments_time=35.86ms, aggregation_time=11.24s, emitting_time=685.76ms, time_calculating_group_ids=24.98s]
          RepartitionExec: partitioning=Hash([WatchID@0, ClientIP@1], 16), input_partitions=16, metrics=[output_rows=93.33 M, elapsed_compute=1.53s, output_bytes=3.8 GB, output_batches=11.40 K, spill_count=0, spilled_bytes=0.0 B, spilled_rows=0, fetch_time=5.23s, repartition_time=3.72s, send_time=14.71s]
            AggregateExec: mode=Partial, gby=[WatchID@0 as WatchID, ClientIP@1 as ClientIP], aggr=[count(Int64(1)), sum(hits.IsRefresh), avg(hits.ResolutionWidth)], metrics=[output_rows=93.33 M, elapsed_compute=1.01s, output_bytes=4.9 GB, output_batches=12.18 K, spill_count=0, spilled_bytes=0.0 B, spilled_rows=0, skipped_aggregation_rows=91.67 M, peak_mem_used=108.9 M, aggregate_arguments_time=7.77ms, aggregation_time=88.42ms, emitting_time=146.70µs, time_calculating_group_ids=251.69ms, reduction_factor=100% (1.66 M/1.66 M)]
              DataSourceExec: file_groups={16 groups: [[home/ec2-user/liquid-cache/benchmark/clickbench/data/hits.parquet:0..923748528], [home/ec2-user/liquid-cache/benchmark/clickbench/data/hits.parquet:923748528..1847497056], [home/ec2-user/liquid-cache/benchmark/clickbench/data/hits.parquet:1847497056..2771245584], [home/ec2-user/liquid-cache/benchmark/clickbench/data/hits.parquet:2771245584..3694994112], [home/ec2-user/liquid-cache/benchmark/clickbench/data/hits.parquet:3694994112..4618742640], [home/ec2-user/liquid-cache/benchmark/clickbench/data/hits.parquet:4618742640..5542491168], [home/ec2-user/liquid-cache/benchmark/clickbench/data/hits.parquet:5542491168..6466239696], [home/ec2-user/liquid-cache/benchmark/clickbench/data/hits.parquet:6466239696..7389988224], [home/ec2-user/liquid-cache/benchmark/clickbench/data/hits.parquet:7389988224..8313736752], [home/ec2-user/liquid-cache/benchmark/clickbench/data/hits.parquet:8313736752..9237485280], [home/ec2-user/liquid-cache/benchmark/clickbench/data/hits.parquet:9237485280..10161233808], [home/ec2-user/liquid-cache/benchmark/clickbench/data/hits.parquet:10161233808..11084982336], [home/ec2-user/liquid-cache/benchmark/clickbench/data/hits.parquet:11084982336..12008730864], [home/ec2-user/liquid-cache/benchmark/clickbench/data/hits.parquet:12008730864..12932479392], [home/ec2-user/liquid-cache/benchmark/clickbench/data/hits.parquet:12932479392..13856227920], [home/ec2-user/liquid-cache/benchmark/clickbench/data/hits.parquet:13856227920..14779976446]]}, projection=[WatchID, ClientIP, IsRefresh, ResolutionWidth], file_type=liquid_parquet, metrics=[output_rows=93.33 M, elapsed_compute=16ns, output_bytes=1424.3 MB, output_batches=12.22 K, files_ranges_pruned_statistics=16 total → 16 matched, row_groups_pruned_statistics=226 total → 226 matched, row_groups_pruned_bloom_filter=0 total → 0 matched, page_index_pages_pruned=0 total → 0 matched, page_index_rows_pruned=0 total → 0 matched, limit_pruned_row_groups=0 total → 0 matched, batches_split=0, bytes_scanned=1.10 B, file_open_errors=0, file_scan_errors=0, num_predicate_creation_errors=0, predicate_evaluation_errors=0, pushdown_rows_matched=0, pushdown_rows_pruned=0, predicate_cache_inner_records=0, predicate_cache_records=0, bloom_filter_eval_time=3.72ms, metadata_load_time=2.92ms, page_index_eval_time=5.09µs, row_pushdown_eval_time=32ns, statistics_eval_time=964.41µs, time_elapsed_opening=10.40ms, time_elapsed_processing=3.84s, time_elapsed_scanning_total=41.21s, time_elapsed_scanning_until_data=222.04ms, scan_efficiency_ratio=N/A (0/0)]

Cache: entries=24436, mem=199MB, disk=0MB
  Hits: cache_hit=12218, eval_predicate=24436
  Misses: cache_miss=0
  IO: read=0, write=0
  Squeeze: squeezed_success=0, squeezed_needs_io=0
Time: 2865ms

+---------------------+-------------+----------+---------------------+---------------------------+
| WatchID             | ClientIP    | count(*) | sum(hits.IsRefresh) | avg(hits.ResolutionWidth) |
+---------------------+-------------+----------+---------------------+---------------------------+
| 8566928176839891583 | -1402644643 | 2        | 0                   | 1368.0                    |
| 7904046282518428963 | 1509330109  | 2        | 0                   | 1368.0                    |
| 6655575552203051303 | 1611957945  | 2        | 0                   | 1638.0                    |
| 7224410078130478461 | -776509581  | 2        | 0                   | 1368.0                    |
| 5723320427834816164 | -108121784  | 1        | 0                   | 582.0                     |
| 5821324196664572167 | -1029777150 | 1        | 0                   | 1087.0                    |
| 5266930951252020338 | -970360055  | 1        | 0                   | 1828.0                    |
| 8672701098104983126 | 1877472440  | 1        | 0                   | 508.0                     |
| 7929310684273294662 | 1464573722  | 1        | 0                   | 1638.0                    |
| 7350227600025724911 | 1979182515  | 1        | 0                   | 1638.0                    |
+---------------------+-------------+----------+---------------------+---------------------------+
