
=== EXPLAIN ANALYZE (Query 8, Iteration 0) ===
ProjectionExec: expr=[WatchID@0 as WatchID, ClientIP@1 as ClientIP, count(*)@2 as count(*), sum(hits.IsRefresh)@3 as sum(hits.IsRefresh), avg(hits.ResolutionWidth)@4 as avg(hits.ResolutionWidth)], metrics=[output_rows=10, elapsed_compute=2.68µs, output_bytes=360.0 B, output_batches=1, expr_0_eval_time=310ns, expr_1_eval_time=160ns, expr_2_eval_time=150ns, expr_3_eval_time=140ns, expr_4_eval_time=151ns]
  SortPreservingMergeExec: [count(Int64(1))@5 DESC], fetch=10, metrics=[output_rows=10, elapsed_compute=8.86µs, output_bytes=440.0 B, output_batches=1]
    SortExec: TopK(fetch=10), expr=[count(*)@2 DESC], preserve_partitioning=[true], filter=[count(*)@2 IS NULL OR count(*)@2 > 1], metrics=[output_rows=14, elapsed_compute=277.53ms, output_bytes=616.0 B, output_batches=4, row_replacements=14]
      ProjectionExec: expr=[WatchID@0 as WatchID, ClientIP@1 as ClientIP, count(Int64(1))@2 as count(*), sum(hits.IsRefresh)@3 as sum(hits.IsRefresh), avg(hits.ResolutionWidth)@4 as avg(hits.ResolutionWidth), count(Int64(1))@2 as count(Int64(1))], metrics=[output_rows=93.33 M, elapsed_compute=22.48ms, output_bytes=3.1 TB, output_batches=11.40 K, expr_0_eval_time=2.26ms, expr_1_eval_time=1.12ms, expr_2_eval_time=1.23ms, expr_3_eval_time=1.02ms, expr_4_eval_time=889.29µs, expr_5_eval_time=1.46ms]
        AggregateExec: mode=FinalPartitioned, gby=[WatchID@0 as WatchID, ClientIP@1 as ClientIP], aggr=[count(Int64(1)), sum(hits.IsRefresh), avg(hits.ResolutionWidth)], metrics=[output_rows=93.33 M, elapsed_compute=33.28s, output_bytes=3.1 TB, output_batches=11.40 K, spill_count=0, spilled_bytes=0.0 B, spilled_rows=0, peak_mem_used=13.42 B, aggregate_arguments_time=27.11ms, aggregation_time=12.64s, emitting_time=723.98ms, time_calculating_group_ids=25.76s]
          RepartitionExec: partitioning=Hash([WatchID@0, ClientIP@1], 16), input_partitions=16, metrics=[output_rows=93.33 M, elapsed_compute=1.20s, output_bytes=3.8 GB, output_batches=11.40 K, spill_count=0, spilled_bytes=0.0 B, spilled_rows=0, fetch_time=9.83s, repartition_time=3.63s, send_time=15.03s]
            AggregateExec: mode=Partial, gby=[WatchID@0 as WatchID, ClientIP@1 as ClientIP], aggr=[count(Int64(1)), sum(hits.IsRefresh), avg(hits.ResolutionWidth)], metrics=[output_rows=93.33 M, elapsed_compute=1.09s, output_bytes=5.1 GB, output_batches=11.50 K, spill_count=0, spilled_bytes=0.0 B, spilled_rows=0, skipped_aggregation_rows=91.62 M, peak_mem_used=107.0 M, aggregate_arguments_time=8.24ms, aggregation_time=123.62ms, emitting_time=319.65µs, time_calculating_group_ids=288.47ms, reduction_factor=100% (1.70 M/1.70 M)]
              DataSourceExec: file_groups={16 groups: [[home/ec2-user/liquid-cache/benchmark/clickbench/data/hits.parquet:0..923748528], [home/ec2-user/liquid-cache/benchmark/clickbench/data/hits.parquet:923748528..1847497056], [home/ec2-user/liquid-cache/benchmark/clickbench/data/hits.parquet:1847497056..2771245584], [home/ec2-user/liquid-cache/benchmark/clickbench/data/hits.parquet:2771245584..3694994112], [home/ec2-user/liquid-cache/benchmark/clickbench/data/hits.parquet:3694994112..4618742640], [home/ec2-user/liquid-cache/benchmark/clickbench/data/hits.parquet:4618742640..5542491168], [home/ec2-user/liquid-cache/benchmark/clickbench/data/hits.parquet:5542491168..6466239696], [home/ec2-user/liquid-cache/benchmark/clickbench/data/hits.parquet:6466239696..7389988224], [home/ec2-user/liquid-cache/benchmark/clickbench/data/hits.parquet:7389988224..8313736752], [home/ec2-user/liquid-cache/benchmark/clickbench/data/hits.parquet:8313736752..9237485280], [home/ec2-user/liquid-cache/benchmark/clickbench/data/hits.parquet:9237485280..10161233808], [home/ec2-user/liquid-cache/benchmark/clickbench/data/hits.parquet:10161233808..11084982336], [home/ec2-user/liquid-cache/benchmark/clickbench/data/hits.parquet:11084982336..12008730864], [home/ec2-user/liquid-cache/benchmark/clickbench/data/hits.parquet:12008730864..12932479392], [home/ec2-user/liquid-cache/benchmark/clickbench/data/hits.parquet:12932479392..13856227920], [home/ec2-user/liquid-cache/benchmark/clickbench/data/hits.parquet:13856227920..14779976446]]}, projection=[WatchID, ClientIP, IsRefresh, ResolutionWidth], file_type=parquet, predicate=CounterID@6 > 0 AND IsRefresh@15 = 0, pruning_predicate=CounterID_null_count@1 != row_count@2 AND CounterID_max@0 > 0 AND IsRefresh_null_count@5 != row_count@2 AND IsRefresh_min@3 <= 0 AND 0 <= IsRefresh_max@4, required_guarantees=[IsRefresh in (0)], metrics=[output_rows=93.33 M, elapsed_compute=16ns, output_bytes=1612.1 MB, output_batches=11.50 K, files_ranges_pruned_statistics=16 total → 16 matched, row_groups_pruned_statistics=226 total → 226 matched, row_groups_pruned_bloom_filter=226 total → 226 matched, page_index_pages_pruned=0 total → 0 matched, page_index_rows_pruned=0 total → 0 matched, limit_pruned_row_groups=0 total → 0 matched, batches_split=0, bytes_scanned=1.10 B, file_open_errors=0, file_scan_errors=0, num_predicate_creation_errors=0, predicate_evaluation_errors=0, pushdown_rows_matched=93.33 M, pushdown_rows_pruned=6.67 M, predicate_cache_inner_records=100.00 M, predicate_cache_records=99.49 M, bloom_filter_eval_time=4.48ms, metadata_load_time=400.41ms, page_index_eval_time=4.16µs, row_pushdown_eval_time=138.27ms, statistics_eval_time=7.23ms, time_elapsed_opening=454.50ms, time_elapsed_processing=4.62s, time_elapsed_scanning_total=41.47s, time_elapsed_scanning_until_data=600.96ms, scan_efficiency_ratio=7.4% (1.10 B/14.78 B)]

Time: 2953ms

+---------------------+-------------+----------+---------------------+---------------------------+
| WatchID             | ClientIP    | count(*) | sum(hits.IsRefresh) | avg(hits.ResolutionWidth) |
+---------------------+-------------+----------+---------------------+---------------------------+
| 8566928176839891583 | -1402644643 | 2        | 0                   | 1368.0                    |
| 7904046282518428963 | 1509330109  | 2        | 0                   | 1368.0                    |
| 6655575552203051303 | 1611957945  | 2        | 0                   | 1638.0                    |
| 7224410078130478461 | -776509581  | 2        | 0                   | 1368.0                    |
| 7523383635391009603 | -1007537202 | 1        | 0                   | 582.0                     |
| 8381619447074707502 | 430107864   | 1        | 0                   | 1638.0                    |
| 8866953277719986099 | -673500741  | 1        | 0                   | 1828.0                    |
| 6711406825338277540 | 1979182515  | 1        | 0                   | 1638.0                    |
| 8272332100124397481 | 1979182515  | 1        | 0                   | 1638.0                    |
| 7674459497506781924 | 1979182515  | 1        | 0                   | 1638.0                    |
+---------------------+-------------+----------+---------------------+---------------------------+

=== EXPLAIN ANALYZE (Query 8, Iteration 1) ===
ProjectionExec: expr=[WatchID@0 as WatchID, ClientIP@1 as ClientIP, count(*)@2 as count(*), sum(hits.IsRefresh)@3 as sum(hits.IsRefresh), avg(hits.ResolutionWidth)@4 as avg(hits.ResolutionWidth)], metrics=[output_rows=10, elapsed_compute=2.28µs, output_bytes=360.0 B, output_batches=1, expr_0_eval_time=300ns, expr_1_eval_time=140ns, expr_2_eval_time=50ns, expr_3_eval_time=140ns, expr_4_eval_time=150ns]
  SortPreservingMergeExec: [count(Int64(1))@5 DESC], fetch=10, metrics=[output_rows=10, elapsed_compute=10.01µs, output_bytes=440.0 B, output_batches=1]
    SortExec: TopK(fetch=10), expr=[count(*)@2 DESC], preserve_partitioning=[true], filter=[count(*)@2 IS NULL OR count(*)@2 > 1], metrics=[output_rows=14, elapsed_compute=254.86ms, output_bytes=616.0 B, output_batches=4, row_replacements=14]
      ProjectionExec: expr=[WatchID@0 as WatchID, ClientIP@1 as ClientIP, count(Int64(1))@2 as count(*), sum(hits.IsRefresh)@3 as sum(hits.IsRefresh), avg(hits.ResolutionWidth)@4 as avg(hits.ResolutionWidth), count(Int64(1))@2 as count(Int64(1))], metrics=[output_rows=93.33 M, elapsed_compute=18.92ms, output_bytes=3.1 TB, output_batches=11.40 K, expr_0_eval_time=1.83ms, expr_1_eval_time=1.06ms, expr_2_eval_time=1.05ms, expr_3_eval_time=945.26µs, expr_4_eval_time=949.97µs, expr_5_eval_time=1.38ms]
        AggregateExec: mode=FinalPartitioned, gby=[WatchID@0 as WatchID, ClientIP@1 as ClientIP], aggr=[count(Int64(1)), sum(hits.IsRefresh), avg(hits.ResolutionWidth)], metrics=[output_rows=93.33 M, elapsed_compute=32.44s, output_bytes=3.1 TB, output_batches=11.40 K, spill_count=0, spilled_bytes=0.0 B, spilled_rows=0, peak_mem_used=13.42 B, aggregate_arguments_time=31.92ms, aggregation_time=11.90s, emitting_time=744.04ms, time_calculating_group_ids=25.13s]
          RepartitionExec: partitioning=Hash([WatchID@0, ClientIP@1], 16), input_partitions=16, metrics=[output_rows=93.33 M, elapsed_compute=1.34s, output_bytes=3.8 GB, output_batches=11.40 K, spill_count=0, spilled_bytes=0.0 B, spilled_rows=0, fetch_time=6.24s, repartition_time=3.76s, send_time=16.44s]
            AggregateExec: mode=Partial, gby=[WatchID@0 as WatchID, ClientIP@1 as ClientIP], aggr=[count(Int64(1)), sum(hits.IsRefresh), avg(hits.ResolutionWidth)], metrics=[output_rows=93.33 M, elapsed_compute=1.20s, output_bytes=5.1 GB, output_batches=11.50 K, spill_count=0, spilled_bytes=0.0 B, spilled_rows=0, skipped_aggregation_rows=91.62 M, peak_mem_used=107.0 M, aggregate_arguments_time=12.01ms, aggregation_time=110.76ms, emitting_time=215.28µs, time_calculating_group_ids=307.59ms, reduction_factor=100% (1.70 M/1.70 M)]
              DataSourceExec: file_groups={16 groups: [[home/ec2-user/liquid-cache/benchmark/clickbench/data/hits.parquet:0..923748528], [home/ec2-user/liquid-cache/benchmark/clickbench/data/hits.parquet:923748528..1847497056], [home/ec2-user/liquid-cache/benchmark/clickbench/data/hits.parquet:1847497056..2771245584], [home/ec2-user/liquid-cache/benchmark/clickbench/data/hits.parquet:2771245584..3694994112], [home/ec2-user/liquid-cache/benchmark/clickbench/data/hits.parquet:3694994112..4618742640], [home/ec2-user/liquid-cache/benchmark/clickbench/data/hits.parquet:4618742640..5542491168], [home/ec2-user/liquid-cache/benchmark/clickbench/data/hits.parquet:5542491168..6466239696], [home/ec2-user/liquid-cache/benchmark/clickbench/data/hits.parquet:6466239696..7389988224], [home/ec2-user/liquid-cache/benchmark/clickbench/data/hits.parquet:7389988224..8313736752], [home/ec2-user/liquid-cache/benchmark/clickbench/data/hits.parquet:8313736752..9237485280], [home/ec2-user/liquid-cache/benchmark/clickbench/data/hits.parquet:9237485280..10161233808], [home/ec2-user/liquid-cache/benchmark/clickbench/data/hits.parquet:10161233808..11084982336], [home/ec2-user/liquid-cache/benchmark/clickbench/data/hits.parquet:11084982336..12008730864], [home/ec2-user/liquid-cache/benchmark/clickbench/data/hits.parquet:12008730864..12932479392], [home/ec2-user/liquid-cache/benchmark/clickbench/data/hits.parquet:12932479392..13856227920], [home/ec2-user/liquid-cache/benchmark/clickbench/data/hits.parquet:13856227920..14779976446]]}, projection=[WatchID, ClientIP, IsRefresh, ResolutionWidth], file_type=parquet, predicate=CounterID@6 > 0 AND IsRefresh@15 = 0, pruning_predicate=CounterID_null_count@1 != row_count@2 AND CounterID_max@0 > 0 AND IsRefresh_null_count@5 != row_count@2 AND IsRefresh_min@3 <= 0 AND 0 <= IsRefresh_max@4, required_guarantees=[IsRefresh in (0)], metrics=[output_rows=93.33 M, elapsed_compute=16ns, output_bytes=1612.1 MB, output_batches=11.50 K, files_ranges_pruned_statistics=16 total → 16 matched, row_groups_pruned_statistics=226 total → 226 matched, row_groups_pruned_bloom_filter=226 total → 226 matched, page_index_pages_pruned=0 total → 0 matched, page_index_rows_pruned=0 total → 0 matched, limit_pruned_row_groups=0 total → 0 matched, batches_split=0, bytes_scanned=1.10 B, file_open_errors=0, file_scan_errors=0, num_predicate_creation_errors=0, predicate_evaluation_errors=0, pushdown_rows_matched=93.33 M, pushdown_rows_pruned=6.67 M, predicate_cache_inner_records=100.00 M, predicate_cache_records=99.49 M, bloom_filter_eval_time=4.43ms, metadata_load_time=139.95ms, page_index_eval_time=5.64µs, row_pushdown_eval_time=144.11ms, statistics_eval_time=2.33ms, time_elapsed_opening=150.58ms, time_elapsed_processing=4.64s, time_elapsed_scanning_total=40.62s, time_elapsed_scanning_until_data=352.84ms, scan_efficiency_ratio=7.4% (1.10 B/14.78 B)]

Time: 2857ms

+---------------------+-------------+----------+---------------------+---------------------------+
| WatchID             | ClientIP    | count(*) | sum(hits.IsRefresh) | avg(hits.ResolutionWidth) |
+---------------------+-------------+----------+---------------------+---------------------------+
| 8566928176839891583 | -1402644643 | 2        | 0                   | 1368.0                    |
| 7904046282518428963 | 1509330109  | 2        | 0                   | 1368.0                    |
| 6655575552203051303 | 1611957945  | 2        | 0                   | 1638.0                    |
| 7224410078130478461 | -776509581  | 2        | 0                   | 1368.0                    |
| 5329254934711656396 | 1804104816  | 1        | 0                   | 1998.0                    |
| 6643570643546740017 | 1804104816  | 1        | 0                   | 1998.0                    |
| 9176624434285957828 | 1804104816  | 1        | 0                   | 1998.0                    |
| 5282171438415978909 | 1804104816  | 1        | 0                   | 1998.0                    |
| 8045528239439369446 | 1804104816  | 1        | 0                   | 1998.0                    |
| 5901646769198998438 | 1804104816  | 1        | 0                   | 1998.0                    |
+---------------------+-------------+----------+---------------------+---------------------------+

=== EXPLAIN ANALYZE (Query 8, Iteration 2) ===
ProjectionExec: expr=[WatchID@0 as WatchID, ClientIP@1 as ClientIP, count(*)@2 as count(*), sum(hits.IsRefresh)@3 as sum(hits.IsRefresh), avg(hits.ResolutionWidth)@4 as avg(hits.ResolutionWidth)], metrics=[output_rows=10, elapsed_compute=2.31µs, output_bytes=360.0 B, output_batches=1, expr_0_eval_time=280ns, expr_1_eval_time=50ns, expr_2_eval_time=150ns, expr_3_eval_time=50ns, expr_4_eval_time=60ns]
  SortPreservingMergeExec: [count(Int64(1))@5 DESC], fetch=10, metrics=[output_rows=10, elapsed_compute=10.43µs, output_bytes=440.0 B, output_batches=1]
    SortExec: TopK(fetch=10), expr=[count(*)@2 DESC], preserve_partitioning=[true], filter=[count(*)@2 IS NULL OR count(*)@2 > 1], metrics=[output_rows=14, elapsed_compute=253.55ms, output_bytes=616.0 B, output_batches=4, row_replacements=14]
      ProjectionExec: expr=[WatchID@0 as WatchID, ClientIP@1 as ClientIP, count(Int64(1))@2 as count(*), sum(hits.IsRefresh)@3 as sum(hits.IsRefresh), avg(hits.ResolutionWidth)@4 as avg(hits.ResolutionWidth), count(Int64(1))@2 as count(Int64(1))], metrics=[output_rows=93.33 M, elapsed_compute=20.94ms, output_bytes=3.1 TB, output_batches=11.40 K, expr_0_eval_time=1.95ms, expr_1_eval_time=1.10ms, expr_2_eval_time=1.04ms, expr_3_eval_time=907.15µs, expr_4_eval_time=924.62µs, expr_5_eval_time=1.35ms]
        AggregateExec: mode=FinalPartitioned, gby=[WatchID@0 as WatchID, ClientIP@1 as ClientIP], aggr=[count(Int64(1)), sum(hits.IsRefresh), avg(hits.ResolutionWidth)], metrics=[output_rows=93.33 M, elapsed_compute=32.15s, output_bytes=3.1 TB, output_batches=11.40 K, spill_count=0, spilled_bytes=0.0 B, spilled_rows=0, peak_mem_used=13.42 B, aggregate_arguments_time=32.55ms, aggregation_time=11.84s, emitting_time=741.31ms, time_calculating_group_ids=24.91s]
          RepartitionExec: partitioning=Hash([WatchID@0, ClientIP@1], 16), input_partitions=16, metrics=[output_rows=93.33 M, elapsed_compute=1.26s, output_bytes=3.8 GB, output_batches=11.40 K, spill_count=0, spilled_bytes=0.0 B, spilled_rows=0, fetch_time=6.03s, repartition_time=3.76s, send_time=15.26s]
            AggregateExec: mode=Partial, gby=[WatchID@0 as WatchID, ClientIP@1 as ClientIP], aggr=[count(Int64(1)), sum(hits.IsRefresh), avg(hits.ResolutionWidth)], metrics=[output_rows=93.33 M, elapsed_compute=1.04s, output_bytes=5.1 GB, output_batches=11.50 K, spill_count=0, spilled_bytes=0.0 B, spilled_rows=0, skipped_aggregation_rows=91.62 M, peak_mem_used=107.0 M, aggregate_arguments_time=10.14ms, aggregation_time=100.37ms, emitting_time=173.64µs, time_calculating_group_ids=260.04ms, reduction_factor=100% (1.70 M/1.70 M)]
              DataSourceExec: file_groups={16 groups: [[home/ec2-user/liquid-cache/benchmark/clickbench/data/hits.parquet:0..923748528], [home/ec2-user/liquid-cache/benchmark/clickbench/data/hits.parquet:923748528..1847497056], [home/ec2-user/liquid-cache/benchmark/clickbench/data/hits.parquet:1847497056..2771245584], [home/ec2-user/liquid-cache/benchmark/clickbench/data/hits.parquet:2771245584..3694994112], [home/ec2-user/liquid-cache/benchmark/clickbench/data/hits.parquet:3694994112..4618742640], [home/ec2-user/liquid-cache/benchmark/clickbench/data/hits.parquet:4618742640..5542491168], [home/ec2-user/liquid-cache/benchmark/clickbench/data/hits.parquet:5542491168..6466239696], [home/ec2-user/liquid-cache/benchmark/clickbench/data/hits.parquet:6466239696..7389988224], [home/ec2-user/liquid-cache/benchmark/clickbench/data/hits.parquet:7389988224..8313736752], [home/ec2-user/liquid-cache/benchmark/clickbench/data/hits.parquet:8313736752..9237485280], [home/ec2-user/liquid-cache/benchmark/clickbench/data/hits.parquet:9237485280..10161233808], [home/ec2-user/liquid-cache/benchmark/clickbench/data/hits.parquet:10161233808..11084982336], [home/ec2-user/liquid-cache/benchmark/clickbench/data/hits.parquet:11084982336..12008730864], [home/ec2-user/liquid-cache/benchmark/clickbench/data/hits.parquet:12008730864..12932479392], [home/ec2-user/liquid-cache/benchmark/clickbench/data/hits.parquet:12932479392..13856227920], [home/ec2-user/liquid-cache/benchmark/clickbench/data/hits.parquet:13856227920..14779976446]]}, projection=[WatchID, ClientIP, IsRefresh, ResolutionWidth], file_type=parquet, predicate=CounterID@6 > 0 AND IsRefresh@15 = 0, pruning_predicate=CounterID_null_count@1 != row_count@2 AND CounterID_max@0 > 0 AND IsRefresh_null_count@5 != row_count@2 AND IsRefresh_min@3 <= 0 AND 0 <= IsRefresh_max@4, required_guarantees=[IsRefresh in (0)], metrics=[output_rows=93.33 M, elapsed_compute=16ns, output_bytes=1612.1 MB, output_batches=11.50 K, files_ranges_pruned_statistics=16 total → 16 matched, row_groups_pruned_statistics=226 total → 226 matched, row_groups_pruned_bloom_filter=226 total → 226 matched, page_index_pages_pruned=0 total → 0 matched, page_index_rows_pruned=0 total → 0 matched, limit_pruned_row_groups=0 total → 0 matched, batches_split=0, bytes_scanned=1.10 B, file_open_errors=0, file_scan_errors=0, num_predicate_creation_errors=0, predicate_evaluation_errors=0, pushdown_rows_matched=93.33 M, pushdown_rows_pruned=6.67 M, predicate_cache_inner_records=100.00 M, predicate_cache_records=99.49 M, bloom_filter_eval_time=3.56ms, metadata_load_time=129.86ms, page_index_eval_time=3.94µs, row_pushdown_eval_time=145.48ms, statistics_eval_time=1.45ms, time_elapsed_opening=138.08ms, time_elapsed_processing=4.54s, time_elapsed_scanning_total=39.60s, time_elapsed_scanning_until_data=320.20ms, scan_efficiency_ratio=7.4% (1.10 B/14.78 B)]

Time: 2802ms

+---------------------+-------------+----------+---------------------+---------------------------+
| WatchID             | ClientIP    | count(*) | sum(hits.IsRefresh) | avg(hits.ResolutionWidth) |
+---------------------+-------------+----------+---------------------+---------------------------+
| 8566928176839891583 | -1402644643 | 2        | 0                   | 1368.0                    |
| 7904046282518428963 | 1509330109  | 2        | 0                   | 1368.0                    |
| 6655575552203051303 | 1611957945  | 2        | 0                   | 1638.0                    |
| 7224410078130478461 | -776509581  | 2        | 0                   | 1368.0                    |
| 6676230879155791167 | 1896125518  | 1        | 0                   | 1368.0                    |
| 7334829217915799758 | 1896125518  | 1        | 0                   | 1368.0                    |
| 4643281160224792610 | 1085699450  | 1        | 0                   | 1368.0                    |
| 5922230630966799626 | 1085699450  | 1        | 0                   | 1368.0                    |
| 5119699764265156007 | 1085699450  | 1        | 0                   | 1368.0                    |
| 6386892023171170407 | 1085699450  | 1        | 0                   | 1368.0                    |
+---------------------+-------------+----------+---------------------+---------------------------+

=== EXPLAIN ANALYZE (Query 8, Iteration 3) ===
ProjectionExec: expr=[WatchID@0 as WatchID, ClientIP@1 as ClientIP, count(*)@2 as count(*), sum(hits.IsRefresh)@3 as sum(hits.IsRefresh), avg(hits.ResolutionWidth)@4 as avg(hits.ResolutionWidth)], metrics=[output_rows=10, elapsed_compute=2.49µs, output_bytes=360.0 B, output_batches=1, expr_0_eval_time=260ns, expr_1_eval_time=140ns, expr_2_eval_time=130ns, expr_3_eval_time=60ns, expr_4_eval_time=130ns]
  SortPreservingMergeExec: [count(Int64(1))@5 DESC], fetch=10, metrics=[output_rows=10, elapsed_compute=9.31µs, output_bytes=440.0 B, output_batches=1]
    SortExec: TopK(fetch=10), expr=[count(*)@2 DESC], preserve_partitioning=[true], filter=[count(*)@2 IS NULL OR count(*)@2 > 1], metrics=[output_rows=14, elapsed_compute=249.44ms, output_bytes=616.0 B, output_batches=4, row_replacements=14]
      ProjectionExec: expr=[WatchID@0 as WatchID, ClientIP@1 as ClientIP, count(Int64(1))@2 as count(*), sum(hits.IsRefresh)@3 as sum(hits.IsRefresh), avg(hits.ResolutionWidth)@4 as avg(hits.ResolutionWidth), count(Int64(1))@2 as count(Int64(1))], metrics=[output_rows=93.33 M, elapsed_compute=22.61ms, output_bytes=3.1 TB, output_batches=11.40 K, expr_0_eval_time=2.51ms, expr_1_eval_time=1.39ms, expr_2_eval_time=1.27ms, expr_3_eval_time=1.20ms, expr_4_eval_time=1.15ms, expr_5_eval_time=1.87ms]
        AggregateExec: mode=FinalPartitioned, gby=[WatchID@0 as WatchID, ClientIP@1 as ClientIP], aggr=[count(Int64(1)), sum(hits.IsRefresh), avg(hits.ResolutionWidth)], metrics=[output_rows=93.33 M, elapsed_compute=31.84s, output_bytes=3.1 TB, output_batches=11.40 K, spill_count=0, spilled_bytes=0.0 B, spilled_rows=0, peak_mem_used=13.42 B, aggregate_arguments_time=31.88ms, aggregation_time=11.54s, emitting_time=744.76ms, time_calculating_group_ids=24.71s]
          RepartitionExec: partitioning=Hash([WatchID@0, ClientIP@1], 16), input_partitions=16, metrics=[output_rows=93.33 M, elapsed_compute=1.27s, output_bytes=3.8 GB, output_batches=11.40 K, spill_count=0, spilled_bytes=0.0 B, spilled_rows=0, fetch_time=5.92s, repartition_time=3.85s, send_time=14.08s]
            AggregateExec: mode=Partial, gby=[WatchID@0 as WatchID, ClientIP@1 as ClientIP], aggr=[count(Int64(1)), sum(hits.IsRefresh), avg(hits.ResolutionWidth)], metrics=[output_rows=93.33 M, elapsed_compute=1.08s, output_bytes=5.1 GB, output_batches=11.50 K, spill_count=0, spilled_bytes=0.0 B, spilled_rows=0, skipped_aggregation_rows=91.62 M, peak_mem_used=107.0 M, aggregate_arguments_time=16.62ms, aggregation_time=92.16ms, emitting_time=208.96µs, time_calculating_group_ids=250.30ms, reduction_factor=100% (1.70 M/1.70 M)]
              DataSourceExec: file_groups={16 groups: [[home/ec2-user/liquid-cache/benchmark/clickbench/data/hits.parquet:0..923748528], [home/ec2-user/liquid-cache/benchmark/clickbench/data/hits.parquet:923748528..1847497056], [home/ec2-user/liquid-cache/benchmark/clickbench/data/hits.parquet:1847497056..2771245584], [home/ec2-user/liquid-cache/benchmark/clickbench/data/hits.parquet:2771245584..3694994112], [home/ec2-user/liquid-cache/benchmark/clickbench/data/hits.parquet:3694994112..4618742640], [home/ec2-user/liquid-cache/benchmark/clickbench/data/hits.parquet:4618742640..5542491168], [home/ec2-user/liquid-cache/benchmark/clickbench/data/hits.parquet:5542491168..6466239696], [home/ec2-user/liquid-cache/benchmark/clickbench/data/hits.parquet:6466239696..7389988224], [home/ec2-user/liquid-cache/benchmark/clickbench/data/hits.parquet:7389988224..8313736752], [home/ec2-user/liquid-cache/benchmark/clickbench/data/hits.parquet:8313736752..9237485280], [home/ec2-user/liquid-cache/benchmark/clickbench/data/hits.parquet:9237485280..10161233808], [home/ec2-user/liquid-cache/benchmark/clickbench/data/hits.parquet:10161233808..11084982336], [home/ec2-user/liquid-cache/benchmark/clickbench/data/hits.parquet:11084982336..12008730864], [home/ec2-user/liquid-cache/benchmark/clickbench/data/hits.parquet:12008730864..12932479392], [home/ec2-user/liquid-cache/benchmark/clickbench/data/hits.parquet:12932479392..13856227920], [home/ec2-user/liquid-cache/benchmark/clickbench/data/hits.parquet:13856227920..14779976446]]}, projection=[WatchID, ClientIP, IsRefresh, ResolutionWidth], file_type=parquet, predicate=CounterID@6 > 0 AND IsRefresh@15 = 0, pruning_predicate=CounterID_null_count@1 != row_count@2 AND CounterID_max@0 > 0 AND IsRefresh_null_count@5 != row_count@2 AND IsRefresh_min@3 <= 0 AND 0 <= IsRefresh_max@4, required_guarantees=[IsRefresh in (0)], metrics=[output_rows=93.33 M, elapsed_compute=16ns, output_bytes=1612.1 MB, output_batches=11.50 K, files_ranges_pruned_statistics=16 total → 16 matched, row_groups_pruned_statistics=226 total → 226 matched, row_groups_pruned_bloom_filter=226 total → 226 matched, page_index_pages_pruned=0 total → 0 matched, page_index_rows_pruned=0 total → 0 matched, limit_pruned_row_groups=0 total → 0 matched, batches_split=0, bytes_scanned=1.10 B, file_open_errors=0, file_scan_errors=0, num_predicate_creation_errors=0, predicate_evaluation_errors=0, pushdown_rows_matched=93.33 M, pushdown_rows_pruned=6.67 M, predicate_cache_inner_records=100.00 M, predicate_cache_records=99.49 M, bloom_filter_eval_time=3.44ms, metadata_load_time=130.65ms, page_index_eval_time=3.39µs, row_pushdown_eval_time=140.10ms, statistics_eval_time=1.67ms, time_elapsed_opening=138.76ms, time_elapsed_processing=4.54s, time_elapsed_scanning_total=40.08s, time_elapsed_scanning_until_data=280.51ms, scan_efficiency_ratio=7.4% (1.10 B/14.78 B)]

Time: 2796ms

+---------------------+-------------+----------+---------------------+---------------------------+
| WatchID             | ClientIP    | count(*) | sum(hits.IsRefresh) | avg(hits.ResolutionWidth) |
+---------------------+-------------+----------+---------------------+---------------------------+
| 8566928176839891583 | -1402644643 | 2        | 0                   | 1368.0                    |
| 7904046282518428963 | 1509330109  | 2        | 0                   | 1368.0                    |
| 6655575552203051303 | 1611957945  | 2        | 0                   | 1638.0                    |
| 7224410078130478461 | -776509581  | 2        | 0                   | 1368.0                    |
| 5258198956935808040 | -1788763832 | 1        | 0                   | 1638.0                    |
| 7666288200083637488 | 1122479356  | 1        | 0                   | 1638.0                    |
| 5500205348467521934 | 1908641998  | 1        | 0                   | 1750.0                    |
| 7127699607076411579 | 1804104816  | 1        | 0                   | 1998.0                    |
| 9196169440418621993 | 1804104816  | 1        | 0                   | 1998.0                    |
| 6085804198630240764 | 1804104816  | 1        | 0                   | 1998.0                    |
+---------------------+-------------+----------+---------------------+---------------------------+

=== EXPLAIN ANALYZE (Query 8, Iteration 4) ===
ProjectionExec: expr=[WatchID@0 as WatchID, ClientIP@1 as ClientIP, count(*)@2 as count(*), sum(hits.IsRefresh)@3 as sum(hits.IsRefresh), avg(hits.ResolutionWidth)@4 as avg(hits.ResolutionWidth)], metrics=[output_rows=10, elapsed_compute=2.41µs, output_bytes=360.0 B, output_batches=1, expr_0_eval_time=310ns, expr_1_eval_time=151ns, expr_2_eval_time=151ns, expr_3_eval_time=149ns, expr_4_eval_time=151ns]
  SortPreservingMergeExec: [count(Int64(1))@5 DESC], fetch=10, metrics=[output_rows=10, elapsed_compute=11.15µs, output_bytes=440.0 B, output_batches=1]
    SortExec: TopK(fetch=10), expr=[count(*)@2 DESC], preserve_partitioning=[true], filter=[count(*)@2 IS NULL OR count(*)@2 > 1], metrics=[output_rows=14, elapsed_compute=258.64ms, output_bytes=616.0 B, output_batches=4, row_replacements=14]
      ProjectionExec: expr=[WatchID@0 as WatchID, ClientIP@1 as ClientIP, count(Int64(1))@2 as count(*), sum(hits.IsRefresh)@3 as sum(hits.IsRefresh), avg(hits.ResolutionWidth)@4 as avg(hits.ResolutionWidth), count(Int64(1))@2 as count(Int64(1))], metrics=[output_rows=93.33 M, elapsed_compute=24.62ms, output_bytes=3.1 TB, output_batches=11.40 K, expr_0_eval_time=4.99ms, expr_1_eval_time=1.10ms, expr_2_eval_time=1.18ms, expr_3_eval_time=991.37µs, expr_4_eval_time=1.01ms, expr_5_eval_time=1.44ms]
        AggregateExec: mode=FinalPartitioned, gby=[WatchID@0 as WatchID, ClientIP@1 as ClientIP], aggr=[count(Int64(1)), sum(hits.IsRefresh), avg(hits.ResolutionWidth)], metrics=[output_rows=93.33 M, elapsed_compute=31.80s, output_bytes=3.1 TB, output_batches=11.40 K, spill_count=0, spilled_bytes=0.0 B, spilled_rows=0, peak_mem_used=13.42 B, aggregate_arguments_time=30.80ms, aggregation_time=11.60s, emitting_time=727.24ms, time_calculating_group_ids=24.71s]
          RepartitionExec: partitioning=Hash([WatchID@0, ClientIP@1], 16), input_partitions=16, metrics=[output_rows=93.33 M, elapsed_compute=1.35s, output_bytes=3.8 GB, output_batches=11.40 K, spill_count=0, spilled_bytes=0.0 B, spilled_rows=0, fetch_time=6.24s, repartition_time=3.68s, send_time=13.94s]
            AggregateExec: mode=Partial, gby=[WatchID@0 as WatchID, ClientIP@1 as ClientIP], aggr=[count(Int64(1)), sum(hits.IsRefresh), avg(hits.ResolutionWidth)], metrics=[output_rows=93.33 M, elapsed_compute=1.04s, output_bytes=5.1 GB, output_batches=11.50 K, spill_count=0, spilled_bytes=0.0 B, spilled_rows=0, skipped_aggregation_rows=91.62 M, peak_mem_used=107.0 M, aggregate_arguments_time=11.03ms, aggregation_time=103.18ms, emitting_time=217.30µs, time_calculating_group_ids=252.04ms, reduction_factor=100% (1.70 M/1.70 M)]
              DataSourceExec: file_groups={16 groups: [[home/ec2-user/liquid-cache/benchmark/clickbench/data/hits.parquet:0..923748528], [home/ec2-user/liquid-cache/benchmark/clickbench/data/hits.parquet:923748528..1847497056], [home/ec2-user/liquid-cache/benchmark/clickbench/data/hits.parquet:1847497056..2771245584], [home/ec2-user/liquid-cache/benchmark/clickbench/data/hits.parquet:2771245584..3694994112], [home/ec2-user/liquid-cache/benchmark/clickbench/data/hits.parquet:3694994112..4618742640], [home/ec2-user/liquid-cache/benchmark/clickbench/data/hits.parquet:4618742640..5542491168], [home/ec2-user/liquid-cache/benchmark/clickbench/data/hits.parquet:5542491168..6466239696], [home/ec2-user/liquid-cache/benchmark/clickbench/data/hits.parquet:6466239696..7389988224], [home/ec2-user/liquid-cache/benchmark/clickbench/data/hits.parquet:7389988224..8313736752], [home/ec2-user/liquid-cache/benchmark/clickbench/data/hits.parquet:8313736752..9237485280], [home/ec2-user/liquid-cache/benchmark/clickbench/data/hits.parquet:9237485280..10161233808], [home/ec2-user/liquid-cache/benchmark/clickbench/data/hits.parquet:10161233808..11084982336], [home/ec2-user/liquid-cache/benchmark/clickbench/data/hits.parquet:11084982336..12008730864], [home/ec2-user/liquid-cache/benchmark/clickbench/data/hits.parquet:12008730864..12932479392], [home/ec2-user/liquid-cache/benchmark/clickbench/data/hits.parquet:12932479392..13856227920], [home/ec2-user/liquid-cache/benchmark/clickbench/data/hits.parquet:13856227920..14779976446]]}, projection=[WatchID, ClientIP, IsRefresh, ResolutionWidth], file_type=parquet, predicate=CounterID@6 > 0 AND IsRefresh@15 = 0, pruning_predicate=CounterID_null_count@1 != row_count@2 AND CounterID_max@0 > 0 AND IsRefresh_null_count@5 != row_count@2 AND IsRefresh_min@3 <= 0 AND 0 <= IsRefresh_max@4, required_guarantees=[IsRefresh in (0)], metrics=[output_rows=93.33 M, elapsed_compute=16ns, output_bytes=1612.1 MB, output_batches=11.50 K, files_ranges_pruned_statistics=16 total → 16 matched, row_groups_pruned_statistics=226 total → 226 matched, row_groups_pruned_bloom_filter=226 total → 226 matched, page_index_pages_pruned=0 total → 0 matched, page_index_rows_pruned=0 total → 0 matched, limit_pruned_row_groups=0 total → 0 matched, batches_split=0, bytes_scanned=1.10 B, file_open_errors=0, file_scan_errors=0, num_predicate_creation_errors=0, predicate_evaluation_errors=0, pushdown_rows_matched=93.33 M, pushdown_rows_pruned=6.67 M, predicate_cache_inner_records=100.00 M, predicate_cache_records=99.49 M, bloom_filter_eval_time=3.56ms, metadata_load_time=127.52ms, page_index_eval_time=3.69µs, row_pushdown_eval_time=143.85ms, statistics_eval_time=1.68ms, time_elapsed_opening=135.84ms, time_elapsed_processing=4.68s, time_elapsed_scanning_total=39.80s, time_elapsed_scanning_until_data=284.21ms, scan_efficiency_ratio=7.4% (1.10 B/14.78 B)]

Time: 2788ms

+---------------------+-------------+----------+---------------------+---------------------------+
| WatchID             | ClientIP    | count(*) | sum(hits.IsRefresh) | avg(hits.ResolutionWidth) |
+---------------------+-------------+----------+---------------------+---------------------------+
| 8566928176839891583 | -1402644643 | 2        | 0                   | 1368.0                    |
| 7904046282518428963 | 1509330109  | 2        | 0                   | 1368.0                    |
| 6655575552203051303 | 1611957945  | 2        | 0                   | 1638.0                    |
| 7224410078130478461 | -776509581  | 2        | 0                   | 1368.0                    |
| 5877250020857100281 | -108121784  | 1        | 0                   | 582.0                     |
| 5976736082444162875 | 1832709710  | 1        | 0                   | 1828.0                    |
| 9045564231213354833 | 747390131   | 1        | 0                   | 1638.0                    |
| 8281960169211117005 | 2031596858  | 1        | 0                   | 1368.0                    |
| 7489480271360294395 | 1979182515  | 1        | 0                   | 1638.0                    |
| 8864431746289490587 | 1979182515  | 1        | 0                   | 1638.0                    |
+---------------------+-------------+----------+---------------------+---------------------------+
