
=== EXPLAIN ANALYZE (Query 8, Iteration 0) ===
ProjectionExec: expr=[WatchID@0 as WatchID, ClientIP@1 as ClientIP, count(*)@2 as count(*), sum(hits.IsRefresh)@3 as sum(hits.IsRefresh), avg(hits.ResolutionWidth)@4 as avg(hits.ResolutionWidth)], metrics=[output_rows=10, elapsed_compute=2.76µs, output_bytes=360.0 B, output_batches=1, expr_0_eval_time=450ns, expr_1_eval_time=160ns, expr_2_eval_time=60ns, expr_3_eval_time=140ns, expr_4_eval_time=140ns]
  SortPreservingMergeExec: [count(Int64(1))@5 DESC], fetch=10, metrics=[output_rows=10, elapsed_compute=11.21µs, output_bytes=440.0 B, output_batches=1]
    SortExec: TopK(fetch=10), expr=[count(*)@2 DESC], preserve_partitioning=[true], filter=[count(*)@2 IS NULL OR count(*)@2 > 1], metrics=[output_rows=14, elapsed_compute=287.09ms, output_bytes=616.0 B, output_batches=4, row_replacements=14]
      ProjectionExec: expr=[WatchID@0 as WatchID, ClientIP@1 as ClientIP, count(Int64(1))@2 as count(*), sum(hits.IsRefresh)@3 as sum(hits.IsRefresh), avg(hits.ResolutionWidth)@4 as avg(hits.ResolutionWidth), count(Int64(1))@2 as count(Int64(1))], metrics=[output_rows=93.33 M, elapsed_compute=32.29ms, output_bytes=3.1 TB, output_batches=11.40 K, expr_0_eval_time=1.75ms, expr_1_eval_time=1.11ms, expr_2_eval_time=1.04ms, expr_3_eval_time=11.91ms, expr_4_eval_time=1.35ms, expr_5_eval_time=1.45ms]
        AggregateExec: mode=FinalPartitioned, gby=[WatchID@0 as WatchID, ClientIP@1 as ClientIP], aggr=[count(Int64(1)), sum(hits.IsRefresh), avg(hits.ResolutionWidth)], metrics=[output_rows=93.33 M, elapsed_compute=33.89s, output_bytes=3.1 TB, output_batches=11.40 K, spill_count=0, spilled_bytes=0.0 B, spilled_rows=0, peak_mem_used=13.42 B, aggregate_arguments_time=22.17ms, aggregation_time=11.72s, emitting_time=671.62ms, time_calculating_group_ids=26.92s]
          RepartitionExec: partitioning=Hash([WatchID@0, ClientIP@1], 16), input_partitions=16, metrics=[output_rows=93.33 M, elapsed_compute=1.42s, output_bytes=3.8 GB, output_batches=11.40 K, spill_count=0, spilled_bytes=0.0 B, spilled_rows=0, fetch_time=9.12s, repartition_time=3.51s, send_time=15.94s]
            AggregateExec: mode=Partial, gby=[WatchID@0 as WatchID, ClientIP@1 as ClientIP], aggr=[count(Int64(1)), sum(hits.IsRefresh), avg(hits.ResolutionWidth)], metrics=[output_rows=93.33 M, elapsed_compute=1.19s, output_bytes=4.9 GB, output_batches=12.18 K, spill_count=0, spilled_bytes=0.0 B, spilled_rows=0, skipped_aggregation_rows=91.67 M, peak_mem_used=108.9 M, aggregate_arguments_time=10.07ms, aggregation_time=223.74ms, emitting_time=334.24µs, time_calculating_group_ids=373.88ms, reduction_factor=100% (1.66 M/1.66 M)]
              DataSourceExec: file_groups={16 groups: [[home/ec2-user/liquid-cache/benchmark/clickbench/data/hits.parquet:0..923748528], [home/ec2-user/liquid-cache/benchmark/clickbench/data/hits.parquet:923748528..1847497056], [home/ec2-user/liquid-cache/benchmark/clickbench/data/hits.parquet:1847497056..2771245584], [home/ec2-user/liquid-cache/benchmark/clickbench/data/hits.parquet:2771245584..3694994112], [home/ec2-user/liquid-cache/benchmark/clickbench/data/hits.parquet:3694994112..4618742640], [home/ec2-user/liquid-cache/benchmark/clickbench/data/hits.parquet:4618742640..5542491168], [home/ec2-user/liquid-cache/benchmark/clickbench/data/hits.parquet:5542491168..6466239696], [home/ec2-user/liquid-cache/benchmark/clickbench/data/hits.parquet:6466239696..7389988224], [home/ec2-user/liquid-cache/benchmark/clickbench/data/hits.parquet:7389988224..8313736752], [home/ec2-user/liquid-cache/benchmark/clickbench/data/hits.parquet:8313736752..9237485280], [home/ec2-user/liquid-cache/benchmark/clickbench/data/hits.parquet:9237485280..10161233808], [home/ec2-user/liquid-cache/benchmark/clickbench/data/hits.parquet:10161233808..11084982336], [home/ec2-user/liquid-cache/benchmark/clickbench/data/hits.parquet:11084982336..12008730864], [home/ec2-user/liquid-cache/benchmark/clickbench/data/hits.parquet:12008730864..12932479392], [home/ec2-user/liquid-cache/benchmark/clickbench/data/hits.parquet:12932479392..13856227920], [home/ec2-user/liquid-cache/benchmark/clickbench/data/hits.parquet:13856227920..14779976446]]}, projection=[WatchID, ClientIP, IsRefresh, ResolutionWidth], file_type=liquid_parquet, metrics=[output_rows=93.33 M, elapsed_compute=16ns, output_bytes=1424.3 MB, output_batches=12.22 K, files_ranges_pruned_statistics=16 total → 16 matched, row_groups_pruned_statistics=226 total → 226 matched, row_groups_pruned_bloom_filter=0 total → 0 matched, page_index_pages_pruned=0 total → 0 matched, page_index_rows_pruned=0 total → 0 matched, limit_pruned_row_groups=0 total → 0 matched, batches_split=0, bytes_scanned=1.10 B, file_open_errors=0, file_scan_errors=0, num_predicate_creation_errors=0, predicate_evaluation_errors=0, pushdown_rows_matched=0, pushdown_rows_pruned=0, predicate_cache_inner_records=0, predicate_cache_records=0, bloom_filter_eval_time=3.16ms, metadata_load_time=161.14ms, page_index_eval_time=2.71µs, row_pushdown_eval_time=32ns, statistics_eval_time=370.24µs, time_elapsed_opening=180.10ms, time_elapsed_processing=3.86s, time_elapsed_scanning_total=43.18s, time_elapsed_scanning_until_data=501.43ms, scan_efficiency_ratio=N/A (0/0)]

Cache: entries=24436, mem=574MB, disk=0MB
  Hits: cache_hit=12218, eval_predicate=36654
  Misses: cache_miss=12218
  IO: read=0, write=0
  Squeeze: squeezed_success=0, squeezed_needs_io=0
Time: 3042ms

+---------------------+-------------+----------+---------------------+---------------------------+
| WatchID             | ClientIP    | count(*) | sum(hits.IsRefresh) | avg(hits.ResolutionWidth) |
+---------------------+-------------+----------+---------------------+---------------------------+
| 8566928176839891583 | -1402644643 | 2        | 0                   | 1368.0                    |
| 7904046282518428963 | 1509330109  | 2        | 0                   | 1368.0                    |
| 6655575552203051303 | 1611957945  | 2        | 0                   | 1638.0                    |
| 7224410078130478461 | -776509581  | 2        | 0                   | 1368.0                    |
| 6690270954781149620 | 1479021346  | 1        | 0                   | 1368.0                    |
| 7066981615811992425 | 1171399233  | 1        | 0                   | 1638.0                    |
| 8357581431278129235 | 2088679118  | 1        | 0                   | 1368.0                    |
| 7254784043376961689 | 1402754806  | 1        | 0                   | 1828.0                    |
| 7194699701114427492 | -1153784036 | 1        | 0                   | 1828.0                    |
| 6781056758629977762 | -1708863324 | 1        | 0                   | 1638.0                    |
+---------------------+-------------+----------+---------------------+---------------------------+

=== EXPLAIN ANALYZE (Query 8, Iteration 1) ===
ProjectionExec: expr=[WatchID@0 as WatchID, ClientIP@1 as ClientIP, count(*)@2 as count(*), sum(hits.IsRefresh)@3 as sum(hits.IsRefresh), avg(hits.ResolutionWidth)@4 as avg(hits.ResolutionWidth)], metrics=[output_rows=10, elapsed_compute=2.80µs, output_bytes=360.0 B, output_batches=1, expr_0_eval_time=560ns, expr_1_eval_time=150ns, expr_2_eval_time=150ns, expr_3_eval_time=140ns, expr_4_eval_time=150ns]
  SortPreservingMergeExec: [count(Int64(1))@5 DESC], fetch=10, metrics=[output_rows=10, elapsed_compute=10.91µs, output_bytes=440.0 B, output_batches=1]
    SortExec: TopK(fetch=10), expr=[count(*)@2 DESC], preserve_partitioning=[true], filter=[count(*)@2 IS NULL OR count(*)@2 > 1], metrics=[output_rows=14, elapsed_compute=248.76ms, output_bytes=616.0 B, output_batches=4, row_replacements=14]
      ProjectionExec: expr=[WatchID@0 as WatchID, ClientIP@1 as ClientIP, count(Int64(1))@2 as count(*), sum(hits.IsRefresh)@3 as sum(hits.IsRefresh), avg(hits.ResolutionWidth)@4 as avg(hits.ResolutionWidth), count(Int64(1))@2 as count(Int64(1))], metrics=[output_rows=93.33 M, elapsed_compute=21.89ms, output_bytes=3.1 TB, output_batches=11.40 K, expr_0_eval_time=2.13ms, expr_1_eval_time=1.18ms, expr_2_eval_time=1.14ms, expr_3_eval_time=1.05ms, expr_4_eval_time=1.06ms, expr_5_eval_time=1.51ms]
        AggregateExec: mode=FinalPartitioned, gby=[WatchID@0 as WatchID, ClientIP@1 as ClientIP], aggr=[count(Int64(1)), sum(hits.IsRefresh), avg(hits.ResolutionWidth)], metrics=[output_rows=93.33 M, elapsed_compute=33.44s, output_bytes=3.1 TB, output_batches=11.40 K, spill_count=0, spilled_bytes=0.0 B, spilled_rows=0, peak_mem_used=13.42 B, aggregate_arguments_time=29.74ms, aggregation_time=11.24s, emitting_time=689.76ms, time_calculating_group_ids=26.63s]
          RepartitionExec: partitioning=Hash([WatchID@0, ClientIP@1], 16), input_partitions=16, metrics=[output_rows=93.33 M, elapsed_compute=1.43s, output_bytes=3.8 GB, output_batches=11.40 K, spill_count=0, spilled_bytes=0.0 B, spilled_rows=0, fetch_time=5.37s, repartition_time=3.58s, send_time=14.49s]
            AggregateExec: mode=Partial, gby=[WatchID@0 as WatchID, ClientIP@1 as ClientIP], aggr=[count(Int64(1)), sum(hits.IsRefresh), avg(hits.ResolutionWidth)], metrics=[output_rows=93.33 M, elapsed_compute=1.04s, output_bytes=4.9 GB, output_batches=12.18 K, spill_count=0, spilled_bytes=0.0 B, spilled_rows=0, skipped_aggregation_rows=91.67 M, peak_mem_used=108.9 M, aggregate_arguments_time=9.22ms, aggregation_time=145.01ms, emitting_time=239.31µs, time_calculating_group_ids=266.61ms, reduction_factor=100% (1.66 M/1.66 M)]
              DataSourceExec: file_groups={16 groups: [[home/ec2-user/liquid-cache/benchmark/clickbench/data/hits.parquet:0..923748528], [home/ec2-user/liquid-cache/benchmark/clickbench/data/hits.parquet:923748528..1847497056], [home/ec2-user/liquid-cache/benchmark/clickbench/data/hits.parquet:1847497056..2771245584], [home/ec2-user/liquid-cache/benchmark/clickbench/data/hits.parquet:2771245584..3694994112], [home/ec2-user/liquid-cache/benchmark/clickbench/data/hits.parquet:3694994112..4618742640], [home/ec2-user/liquid-cache/benchmark/clickbench/data/hits.parquet:4618742640..5542491168], [home/ec2-user/liquid-cache/benchmark/clickbench/data/hits.parquet:5542491168..6466239696], [home/ec2-user/liquid-cache/benchmark/clickbench/data/hits.parquet:6466239696..7389988224], [home/ec2-user/liquid-cache/benchmark/clickbench/data/hits.parquet:7389988224..8313736752], [home/ec2-user/liquid-cache/benchmark/clickbench/data/hits.parquet:8313736752..9237485280], [home/ec2-user/liquid-cache/benchmark/clickbench/data/hits.parquet:9237485280..10161233808], [home/ec2-user/liquid-cache/benchmark/clickbench/data/hits.parquet:10161233808..11084982336], [home/ec2-user/liquid-cache/benchmark/clickbench/data/hits.parquet:11084982336..12008730864], [home/ec2-user/liquid-cache/benchmark/clickbench/data/hits.parquet:12008730864..12932479392], [home/ec2-user/liquid-cache/benchmark/clickbench/data/hits.parquet:12932479392..13856227920], [home/ec2-user/liquid-cache/benchmark/clickbench/data/hits.parquet:13856227920..14779976446]]}, projection=[WatchID, ClientIP, IsRefresh, ResolutionWidth], file_type=liquid_parquet, metrics=[output_rows=93.33 M, elapsed_compute=16ns, output_bytes=1424.3 MB, output_batches=12.22 K, files_ranges_pruned_statistics=16 total → 16 matched, row_groups_pruned_statistics=226 total → 226 matched, row_groups_pruned_bloom_filter=0 total → 0 matched, page_index_pages_pruned=0 total → 0 matched, page_index_rows_pruned=0 total → 0 matched, limit_pruned_row_groups=0 total → 0 matched, batches_split=0, bytes_scanned=1.10 B, file_open_errors=0, file_scan_errors=0, num_predicate_creation_errors=0, predicate_evaluation_errors=0, pushdown_rows_matched=0, pushdown_rows_pruned=0, predicate_cache_inner_records=0, predicate_cache_records=0, bloom_filter_eval_time=11.58ms, metadata_load_time=3.98ms, page_index_eval_time=10.25µs, row_pushdown_eval_time=32ns, statistics_eval_time=607.61µs, time_elapsed_opening=19.72ms, time_elapsed_processing=3.87s, time_elapsed_scanning_total=42.46s, time_elapsed_scanning_until_data=269.05ms, scan_efficiency_ratio=N/A (0/0)]

Cache: entries=24436, mem=574MB, disk=0MB
  Hits: cache_hit=12218, eval_predicate=24436
  Misses: cache_miss=0
  IO: read=0, write=0
  Squeeze: squeezed_success=0, squeezed_needs_io=0
Time: 2976ms

+---------------------+-------------+----------+---------------------+---------------------------+
| WatchID             | ClientIP    | count(*) | sum(hits.IsRefresh) | avg(hits.ResolutionWidth) |
+---------------------+-------------+----------+---------------------+---------------------------+
| 8566928176839891583 | -1402644643 | 2        | 0                   | 1368.0                    |
| 7904046282518428963 | 1509330109  | 2        | 0                   | 1368.0                    |
| 6655575552203051303 | 1611957945  | 2        | 0                   | 1638.0                    |
| 7224410078130478461 | -776509581  | 2        | 0                   | 1368.0                    |
| 8334500987883461975 | -1788763832 | 1        | 0                   | 1638.0                    |
| 7168673008871393434 | -1788763832 | 1        | 0                   | 1638.0                    |
| 5771095561268621673 | -1788763832 | 1        | 0                   | 1638.0                    |
| 8373027991995731528 | -1788763832 | 1        | 0                   | 1638.0                    |
| 5494076099826025851 | -1510001734 | 1        | 0                   | 1996.0                    |
| 7212325443243278899 | -1510001734 | 1        | 0                   | 1996.0                    |
+---------------------+-------------+----------+---------------------+---------------------------+

=== EXPLAIN ANALYZE (Query 8, Iteration 2) ===
ProjectionExec: expr=[WatchID@0 as WatchID, ClientIP@1 as ClientIP, count(*)@2 as count(*), sum(hits.IsRefresh)@3 as sum(hits.IsRefresh), avg(hits.ResolutionWidth)@4 as avg(hits.ResolutionWidth)], metrics=[output_rows=10, elapsed_compute=4.13µs, output_bytes=360.0 B, output_batches=1, expr_0_eval_time=490ns, expr_1_eval_time=160ns, expr_2_eval_time=160ns, expr_3_eval_time=80ns, expr_4_eval_time=51ns]
  SortPreservingMergeExec: [count(Int64(1))@5 DESC], fetch=10, metrics=[output_rows=10, elapsed_compute=13.62µs, output_bytes=440.0 B, output_batches=1]
    SortExec: TopK(fetch=10), expr=[count(*)@2 DESC], preserve_partitioning=[true], filter=[count(*)@2 IS NULL OR count(*)@2 > 1], metrics=[output_rows=14, elapsed_compute=234.78ms, output_bytes=616.0 B, output_batches=4, row_replacements=14]
      ProjectionExec: expr=[WatchID@0 as WatchID, ClientIP@1 as ClientIP, count(Int64(1))@2 as count(*), sum(hits.IsRefresh)@3 as sum(hits.IsRefresh), avg(hits.ResolutionWidth)@4 as avg(hits.ResolutionWidth), count(Int64(1))@2 as count(Int64(1))], metrics=[output_rows=93.33 M, elapsed_compute=24.28ms, output_bytes=3.1 TB, output_batches=11.40 K, expr_0_eval_time=2.29ms, expr_1_eval_time=1.26ms, expr_2_eval_time=1.22ms, expr_3_eval_time=1.22ms, expr_4_eval_time=1.14ms, expr_5_eval_time=2.01ms]
        AggregateExec: mode=FinalPartitioned, gby=[WatchID@0 as WatchID, ClientIP@1 as ClientIP], aggr=[count(Int64(1)), sum(hits.IsRefresh), avg(hits.ResolutionWidth)], metrics=[output_rows=93.33 M, elapsed_compute=33.32s, output_bytes=3.1 TB, output_batches=11.40 K, spill_count=0, spilled_bytes=0.0 B, spilled_rows=0, peak_mem_used=13.42 B, aggregate_arguments_time=31.04ms, aggregation_time=10.93s, emitting_time=688.49ms, time_calculating_group_ids=26.72s]
          RepartitionExec: partitioning=Hash([WatchID@0, ClientIP@1], 16), input_partitions=16, metrics=[output_rows=93.33 M, elapsed_compute=1.50s, output_bytes=3.8 GB, output_batches=11.40 K, spill_count=0, spilled_bytes=0.0 B, spilled_rows=0, fetch_time=5.10s, repartition_time=3.67s, send_time=14.13s]
            AggregateExec: mode=Partial, gby=[WatchID@0 as WatchID, ClientIP@1 as ClientIP], aggr=[count(Int64(1)), sum(hits.IsRefresh), avg(hits.ResolutionWidth)], metrics=[output_rows=93.33 M, elapsed_compute=1.01s, output_bytes=4.9 GB, output_batches=12.18 K, spill_count=0, spilled_bytes=0.0 B, spilled_rows=0, skipped_aggregation_rows=91.67 M, peak_mem_used=108.9 M, aggregate_arguments_time=9.32ms, aggregation_time=159.14ms, emitting_time=176.71µs, time_calculating_group_ids=242.76ms, reduction_factor=100% (1.66 M/1.66 M)]
              DataSourceExec: file_groups={16 groups: [[home/ec2-user/liquid-cache/benchmark/clickbench/data/hits.parquet:0..923748528], [home/ec2-user/liquid-cache/benchmark/clickbench/data/hits.parquet:923748528..1847497056], [home/ec2-user/liquid-cache/benchmark/clickbench/data/hits.parquet:1847497056..2771245584], [home/ec2-user/liquid-cache/benchmark/clickbench/data/hits.parquet:2771245584..3694994112], [home/ec2-user/liquid-cache/benchmark/clickbench/data/hits.parquet:3694994112..4618742640], [home/ec2-user/liquid-cache/benchmark/clickbench/data/hits.parquet:4618742640..5542491168], [home/ec2-user/liquid-cache/benchmark/clickbench/data/hits.parquet:5542491168..6466239696], [home/ec2-user/liquid-cache/benchmark/clickbench/data/hits.parquet:6466239696..7389988224], [home/ec2-user/liquid-cache/benchmark/clickbench/data/hits.parquet:7389988224..8313736752], [home/ec2-user/liquid-cache/benchmark/clickbench/data/hits.parquet:8313736752..9237485280], [home/ec2-user/liquid-cache/benchmark/clickbench/data/hits.parquet:9237485280..10161233808], [home/ec2-user/liquid-cache/benchmark/clickbench/data/hits.parquet:10161233808..11084982336], [home/ec2-user/liquid-cache/benchmark/clickbench/data/hits.parquet:11084982336..12008730864], [home/ec2-user/liquid-cache/benchmark/clickbench/data/hits.parquet:12008730864..12932479392], [home/ec2-user/liquid-cache/benchmark/clickbench/data/hits.parquet:12932479392..13856227920], [home/ec2-user/liquid-cache/benchmark/clickbench/data/hits.parquet:13856227920..14779976446]]}, projection=[WatchID, ClientIP, IsRefresh, ResolutionWidth], file_type=liquid_parquet, metrics=[output_rows=93.33 M, elapsed_compute=16ns, output_bytes=1424.3 MB, output_batches=12.22 K, files_ranges_pruned_statistics=16 total → 16 matched, row_groups_pruned_statistics=226 total → 226 matched, row_groups_pruned_bloom_filter=0 total → 0 matched, page_index_pages_pruned=0 total → 0 matched, page_index_rows_pruned=0 total → 0 matched, limit_pruned_row_groups=0 total → 0 matched, batches_split=0, bytes_scanned=1.10 B, file_open_errors=0, file_scan_errors=0, num_predicate_creation_errors=0, predicate_evaluation_errors=0, pushdown_rows_matched=0, pushdown_rows_pruned=0, predicate_cache_inner_records=0, predicate_cache_records=0, bloom_filter_eval_time=3.54ms, metadata_load_time=2.87ms, page_index_eval_time=5.10µs, row_pushdown_eval_time=32ns, statistics_eval_time=926.99µs, time_elapsed_opening=9.83ms, time_elapsed_processing=3.71s, time_elapsed_scanning_total=42.34s, time_elapsed_scanning_until_data=231.11ms, scan_efficiency_ratio=N/A (0/0)]

Cache: entries=24436, mem=574MB, disk=0MB
  Hits: cache_hit=12218, eval_predicate=24436
  Misses: cache_miss=0
  IO: read=0, write=0
  Squeeze: squeezed_success=0, squeezed_needs_io=0
Time: 2954ms

+---------------------+-------------+----------+---------------------+---------------------------+
| WatchID             | ClientIP    | count(*) | sum(hits.IsRefresh) | avg(hits.ResolutionWidth) |
+---------------------+-------------+----------+---------------------+---------------------------+
| 8566928176839891583 | -1402644643 | 2        | 0                   | 1368.0                    |
| 7904046282518428963 | 1509330109  | 2        | 0                   | 1368.0                    |
| 6655575552203051303 | 1611957945  | 2        | 0                   | 1638.0                    |
| 7224410078130478461 | -776509581  | 2        | 0                   | 1368.0                    |
| 7323717279126460411 | 1932559438  | 1        | 0                   | 1638.0                    |
| 7024642157961428112 | -1788763832 | 1        | 0                   | 1638.0                    |
| 6609123038398593018 | -1788763832 | 1        | 0                   | 1638.0                    |
| 7425085275624697472 | -1788763832 | 1        | 0                   | 1638.0                    |
| 8989487450625838861 | 1122479356  | 1        | 0                   | 1638.0                    |
| 4792320023317710416 | -1510001734 | 1        | 0                   | 1996.0                    |
+---------------------+-------------+----------+---------------------+---------------------------+

=== EXPLAIN ANALYZE (Query 8, Iteration 3) ===
ProjectionExec: expr=[WatchID@0 as WatchID, ClientIP@1 as ClientIP, count(*)@2 as count(*), sum(hits.IsRefresh)@3 as sum(hits.IsRefresh), avg(hits.ResolutionWidth)@4 as avg(hits.ResolutionWidth)], metrics=[output_rows=10, elapsed_compute=2.93µs, output_bytes=360.0 B, output_batches=1, expr_0_eval_time=490ns, expr_1_eval_time=160ns, expr_2_eval_time=60ns, expr_3_eval_time=140ns, expr_4_eval_time=440ns]
  SortPreservingMergeExec: [count(Int64(1))@5 DESC], fetch=10, metrics=[output_rows=10, elapsed_compute=10.86µs, output_bytes=440.0 B, output_batches=1]
    SortExec: TopK(fetch=10), expr=[count(*)@2 DESC], preserve_partitioning=[true], filter=[count(*)@2 IS NULL OR count(*)@2 > 1], metrics=[output_rows=13, elapsed_compute=274.04ms, output_bytes=572.0 B, output_batches=3, row_replacements=14]
      ProjectionExec: expr=[WatchID@0 as WatchID, ClientIP@1 as ClientIP, count(Int64(1))@2 as count(*), sum(hits.IsRefresh)@3 as sum(hits.IsRefresh), avg(hits.ResolutionWidth)@4 as avg(hits.ResolutionWidth), count(Int64(1))@2 as count(Int64(1))], metrics=[output_rows=93.33 M, elapsed_compute=19.69ms, output_bytes=3.1 TB, output_batches=11.40 K, expr_0_eval_time=1.74ms, expr_1_eval_time=953.35µs, expr_2_eval_time=926.44µs, expr_3_eval_time=896.04µs, expr_4_eval_time=887.76µs, expr_5_eval_time=1.22ms]
        AggregateExec: mode=FinalPartitioned, gby=[WatchID@0 as WatchID, ClientIP@1 as ClientIP], aggr=[count(Int64(1)), sum(hits.IsRefresh), avg(hits.ResolutionWidth)], metrics=[output_rows=93.33 M, elapsed_compute=33.54s, output_bytes=3.1 TB, output_batches=11.40 K, spill_count=0, spilled_bytes=0.0 B, spilled_rows=0, peak_mem_used=13.42 B, aggregate_arguments_time=29.81ms, aggregation_time=11.05s, emitting_time=690.55ms, time_calculating_group_ids=26.83s]
          RepartitionExec: partitioning=Hash([WatchID@0, ClientIP@1], 16), input_partitions=16, metrics=[output_rows=93.33 M, elapsed_compute=1.50s, output_bytes=3.8 GB, output_batches=11.40 K, spill_count=0, spilled_bytes=0.0 B, spilled_rows=0, fetch_time=5.14s, repartition_time=3.64s, send_time=15.49s]
            AggregateExec: mode=Partial, gby=[WatchID@0 as WatchID, ClientIP@1 as ClientIP], aggr=[count(Int64(1)), sum(hits.IsRefresh), avg(hits.ResolutionWidth)], metrics=[output_rows=93.33 M, elapsed_compute=982.36ms, output_bytes=4.9 GB, output_batches=12.18 K, spill_count=0, spilled_bytes=0.0 B, spilled_rows=0, skipped_aggregation_rows=91.67 M, peak_mem_used=108.9 M, aggregate_arguments_time=8.88ms, aggregation_time=101.50ms, emitting_time=186.03µs, time_calculating_group_ids=255.11ms, reduction_factor=100% (1.66 M/1.66 M)]
              DataSourceExec: file_groups={16 groups: [[home/ec2-user/liquid-cache/benchmark/clickbench/data/hits.parquet:0..923748528], [home/ec2-user/liquid-cache/benchmark/clickbench/data/hits.parquet:923748528..1847497056], [home/ec2-user/liquid-cache/benchmark/clickbench/data/hits.parquet:1847497056..2771245584], [home/ec2-user/liquid-cache/benchmark/clickbench/data/hits.parquet:2771245584..3694994112], [home/ec2-user/liquid-cache/benchmark/clickbench/data/hits.parquet:3694994112..4618742640], [home/ec2-user/liquid-cache/benchmark/clickbench/data/hits.parquet:4618742640..5542491168], [home/ec2-user/liquid-cache/benchmark/clickbench/data/hits.parquet:5542491168..6466239696], [home/ec2-user/liquid-cache/benchmark/clickbench/data/hits.parquet:6466239696..7389988224], [home/ec2-user/liquid-cache/benchmark/clickbench/data/hits.parquet:7389988224..8313736752], [home/ec2-user/liquid-cache/benchmark/clickbench/data/hits.parquet:8313736752..9237485280], [home/ec2-user/liquid-cache/benchmark/clickbench/data/hits.parquet:9237485280..10161233808], [home/ec2-user/liquid-cache/benchmark/clickbench/data/hits.parquet:10161233808..11084982336], [home/ec2-user/liquid-cache/benchmark/clickbench/data/hits.parquet:11084982336..12008730864], [home/ec2-user/liquid-cache/benchmark/clickbench/data/hits.parquet:12008730864..12932479392], [home/ec2-user/liquid-cache/benchmark/clickbench/data/hits.parquet:12932479392..13856227920], [home/ec2-user/liquid-cache/benchmark/clickbench/data/hits.parquet:13856227920..14779976446]]}, projection=[WatchID, ClientIP, IsRefresh, ResolutionWidth], file_type=liquid_parquet, metrics=[output_rows=93.33 M, elapsed_compute=16ns, output_bytes=1424.3 MB, output_batches=12.22 K, files_ranges_pruned_statistics=16 total → 16 matched, row_groups_pruned_statistics=226 total → 226 matched, row_groups_pruned_bloom_filter=0 total → 0 matched, page_index_pages_pruned=0 total → 0 matched, page_index_rows_pruned=0 total → 0 matched, limit_pruned_row_groups=0 total → 0 matched, batches_split=0, bytes_scanned=1.10 B, file_open_errors=0, file_scan_errors=0, num_predicate_creation_errors=0, predicate_evaluation_errors=0, pushdown_rows_matched=0, pushdown_rows_pruned=0, predicate_cache_inner_records=0, predicate_cache_records=0, bloom_filter_eval_time=4.54ms, metadata_load_time=3.02ms, page_index_eval_time=4.82µs, row_pushdown_eval_time=32ns, statistics_eval_time=433.89µs, time_elapsed_opening=10.71ms, time_elapsed_processing=3.77s, time_elapsed_scanning_total=42.13s, time_elapsed_scanning_until_data=249.92ms, scan_efficiency_ratio=N/A (0/0)]

Cache: entries=24436, mem=574MB, disk=0MB
  Hits: cache_hit=12218, eval_predicate=24436
  Misses: cache_miss=0
  IO: read=0, write=0
  Squeeze: squeezed_success=0, squeezed_needs_io=0
Time: 2982ms

+---------------------+-------------+----------+---------------------+---------------------------+
| WatchID             | ClientIP    | count(*) | sum(hits.IsRefresh) | avg(hits.ResolutionWidth) |
+---------------------+-------------+----------+---------------------+---------------------------+
| 8566928176839891583 | -1402644643 | 2        | 0                   | 1368.0                    |
| 7904046282518428963 | 1509330109  | 2        | 0                   | 1368.0                    |
| 6655575552203051303 | 1611957945  | 2        | 0                   | 1638.0                    |
| 7224410078130478461 | -776509581  | 2        | 0                   | 1368.0                    |
| 8330338873670824254 | -771076738  | 1        | 0                   | 1638.0                    |
| 9159711827714400312 | 842006812   | 1        | 0                   | 2038.0                    |
| 6824212821411596983 | 333564326   | 1        | 0                   | 1638.0                    |
| 8694939350553178925 | 684565972   | 1        | 0                   | 1638.0                    |
| 8071532675091879278 | 1600447066  | 1        | 0                   | 1917.0                    |
| 9168828201508602294 | -1153784036 | 1        | 0                   | 1828.0                    |
+---------------------+-------------+----------+---------------------+---------------------------+

=== EXPLAIN ANALYZE (Query 8, Iteration 4) ===
ProjectionExec: expr=[WatchID@0 as WatchID, ClientIP@1 as ClientIP, count(*)@2 as count(*), sum(hits.IsRefresh)@3 as sum(hits.IsRefresh), avg(hits.ResolutionWidth)@4 as avg(hits.ResolutionWidth)], metrics=[output_rows=10, elapsed_compute=2.80µs, output_bytes=360.0 B, output_batches=1, expr_0_eval_time=450ns, expr_1_eval_time=70ns, expr_2_eval_time=69ns, expr_3_eval_time=49ns, expr_4_eval_time=140ns]
  SortPreservingMergeExec: [count(Int64(1))@5 DESC], fetch=10, metrics=[output_rows=10, elapsed_compute=10.09µs, output_bytes=440.0 B, output_batches=1]
    SortExec: TopK(fetch=10), expr=[count(*)@2 DESC], preserve_partitioning=[true], filter=[count(*)@2 IS NULL OR count(*)@2 > 1], metrics=[output_rows=14, elapsed_compute=262.06ms, output_bytes=616.0 B, output_batches=4, row_replacements=14]
      ProjectionExec: expr=[WatchID@0 as WatchID, ClientIP@1 as ClientIP, count(Int64(1))@2 as count(*), sum(hits.IsRefresh)@3 as sum(hits.IsRefresh), avg(hits.ResolutionWidth)@4 as avg(hits.ResolutionWidth), count(Int64(1))@2 as count(Int64(1))], metrics=[output_rows=93.33 M, elapsed_compute=22.38ms, output_bytes=3.1 TB, output_batches=11.40 K, expr_0_eval_time=2.67ms, expr_1_eval_time=1.42ms, expr_2_eval_time=1.21ms, expr_3_eval_time=1.10ms, expr_4_eval_time=1.14ms, expr_5_eval_time=1.73ms]
        AggregateExec: mode=FinalPartitioned, gby=[WatchID@0 as WatchID, ClientIP@1 as ClientIP], aggr=[count(Int64(1)), sum(hits.IsRefresh), avg(hits.ResolutionWidth)], metrics=[output_rows=93.33 M, elapsed_compute=33.31s, output_bytes=3.1 TB, output_batches=11.40 K, spill_count=0, spilled_bytes=0.0 B, spilled_rows=0, peak_mem_used=13.42 B, aggregate_arguments_time=29.26ms, aggregation_time=10.95s, emitting_time=668.02ms, time_calculating_group_ids=26.76s]
          RepartitionExec: partitioning=Hash([WatchID@0, ClientIP@1], 16), input_partitions=16, metrics=[output_rows=93.33 M, elapsed_compute=1.52s, output_bytes=3.8 GB, output_batches=11.40 K, spill_count=0, spilled_bytes=0.0 B, spilled_rows=0, fetch_time=5.13s, repartition_time=3.60s, send_time=14.99s]
            AggregateExec: mode=Partial, gby=[WatchID@0 as WatchID, ClientIP@1 as ClientIP], aggr=[count(Int64(1)), sum(hits.IsRefresh), avg(hits.ResolutionWidth)], metrics=[output_rows=93.33 M, elapsed_compute=1.03s, output_bytes=4.9 GB, output_batches=12.18 K, spill_count=0, spilled_bytes=0.0 B, spilled_rows=0, skipped_aggregation_rows=91.67 M, peak_mem_used=108.9 M, aggregate_arguments_time=8.52ms, aggregation_time=102.18ms, emitting_time=184.29µs, time_calculating_group_ids=272.45ms, reduction_factor=100% (1.66 M/1.66 M)]
              DataSourceExec: file_groups={16 groups: [[home/ec2-user/liquid-cache/benchmark/clickbench/data/hits.parquet:0..923748528], [home/ec2-user/liquid-cache/benchmark/clickbench/data/hits.parquet:923748528..1847497056], [home/ec2-user/liquid-cache/benchmark/clickbench/data/hits.parquet:1847497056..2771245584], [home/ec2-user/liquid-cache/benchmark/clickbench/data/hits.parquet:2771245584..3694994112], [home/ec2-user/liquid-cache/benchmark/clickbench/data/hits.parquet:3694994112..4618742640], [home/ec2-user/liquid-cache/benchmark/clickbench/data/hits.parquet:4618742640..5542491168], [home/ec2-user/liquid-cache/benchmark/clickbench/data/hits.parquet:5542491168..6466239696], [home/ec2-user/liquid-cache/benchmark/clickbench/data/hits.parquet:6466239696..7389988224], [home/ec2-user/liquid-cache/benchmark/clickbench/data/hits.parquet:7389988224..8313736752], [home/ec2-user/liquid-cache/benchmark/clickbench/data/hits.parquet:8313736752..9237485280], [home/ec2-user/liquid-cache/benchmark/clickbench/data/hits.parquet:9237485280..10161233808], [home/ec2-user/liquid-cache/benchmark/clickbench/data/hits.parquet:10161233808..11084982336], [home/ec2-user/liquid-cache/benchmark/clickbench/data/hits.parquet:11084982336..12008730864], [home/ec2-user/liquid-cache/benchmark/clickbench/data/hits.parquet:12008730864..12932479392], [home/ec2-user/liquid-cache/benchmark/clickbench/data/hits.parquet:12932479392..13856227920], [home/ec2-user/liquid-cache/benchmark/clickbench/data/hits.parquet:13856227920..14779976446]]}, projection=[WatchID, ClientIP, IsRefresh, ResolutionWidth], file_type=liquid_parquet, metrics=[output_rows=93.33 M, elapsed_compute=16ns, output_bytes=1424.3 MB, output_batches=12.22 K, files_ranges_pruned_statistics=16 total → 16 matched, row_groups_pruned_statistics=226 total → 226 matched, row_groups_pruned_bloom_filter=0 total → 0 matched, page_index_pages_pruned=0 total → 0 matched, page_index_rows_pruned=0 total → 0 matched, limit_pruned_row_groups=0 total → 0 matched, batches_split=0, bytes_scanned=1.10 B, file_open_errors=0, file_scan_errors=0, num_predicate_creation_errors=0, predicate_evaluation_errors=0, pushdown_rows_matched=0, pushdown_rows_pruned=0, predicate_cache_inner_records=0, predicate_cache_records=0, bloom_filter_eval_time=4.89ms, metadata_load_time=2.96ms, page_index_eval_time=4.29µs, row_pushdown_eval_time=32ns, statistics_eval_time=1.01ms, time_elapsed_opening=11.71ms, time_elapsed_processing=3.74s, time_elapsed_scanning_total=41.97s, time_elapsed_scanning_until_data=225.95ms, scan_efficiency_ratio=N/A (0/0)]

Cache: entries=24436, mem=574MB, disk=0MB
  Hits: cache_hit=12218, eval_predicate=24436
  Misses: cache_miss=0
  IO: read=0, write=0
  Squeeze: squeezed_success=0, squeezed_needs_io=0
Time: 2949ms

+---------------------+-------------+----------+---------------------+---------------------------+
| WatchID             | ClientIP    | count(*) | sum(hits.IsRefresh) | avg(hits.ResolutionWidth) |
+---------------------+-------------+----------+---------------------+---------------------------+
| 8566928176839891583 | -1402644643 | 2        | 0                   | 1368.0                    |
| 7904046282518428963 | 1509330109  | 2        | 0                   | 1368.0                    |
| 6655575552203051303 | 1611957945  | 2        | 0                   | 1638.0                    |
| 7224410078130478461 | -776509581  | 2        | 0                   | 1368.0                    |
| 5020765364811528880 | -1214559875 | 1        | 0                   | 1087.0                    |
| 5725621781660044304 | -842219063  | 1        | 0                   | 1638.0                    |
| 8752089190793213411 | 968227410   | 1        | 0                   | 1996.0                    |
| 6392671907895923995 | 1968754496  | 1        | 0                   | 1368.0                    |
| 4895371207421769508 | 1968754496  | 1        | 0                   | 1368.0                    |
| 8678139106886697318 | 1758659718  | 1        | 0                   | 1828.0                    |
+---------------------+-------------+----------+---------------------+---------------------------+
