
=== EXPLAIN ANALYZE (Query 10, Iteration 0) ===
SortPreservingMergeExec: [count(DISTINCT hits.UserID)@1 DESC], fetch=20, metrics=[output_rows=20, elapsed_compute=5.03µs, output_bytes=240.0 B, output_batches=1]
  SortExec: TopK(fetch=20), expr=[count(DISTINCT hits.UserID)@1 DESC], preserve_partitioning=[true], filter=[count(DISTINCT hits.UserID)@1 IS NULL OR count(DISTINCT hits.UserID)@1 > 81], metrics=[output_rows=233, elapsed_compute=525.66µs, output_bytes=2.7 KB, output_batches=16, row_replacements=259]
    ProjectionExec: expr=[CounterID@0 as CounterID, count(alias1)@1 as count(DISTINCT hits.UserID)], metrics=[output_rows=683, elapsed_compute=14.64µs, output_bytes=13.3 KB, output_batches=16, expr_0_eval_time=1.80µs, expr_1_eval_time=1.08µs]
      AggregateExec: mode=FinalPartitioned, gby=[CounterID@0 as CounterID], aggr=[count(alias1)], metrics=[output_rows=683, elapsed_compute=248.24µs, output_bytes=13.3 KB, output_batches=16, spill_count=0, spilled_bytes=0.0 B, spilled_rows=0, peak_mem_used=216.8 K, aggregate_arguments_time=7.96µs, aggregation_time=18.54µs, emitting_time=10.30µs, time_calculating_group_ids=113.98µs]
        RepartitionExec: partitioning=Hash([CounterID@0], 16), input_partitions=16, metrics=[output_rows=6.62 K, elapsed_compute=635.47µs, output_bytes=1536.0 KB, output_batches=16, spill_count=0, spilled_bytes=0.0 B, spilled_rows=0, fetch_time=4.14s, repartition_time=450.80µs, send_time=395.43µs]
          AggregateExec: mode=Partial, gby=[CounterID@0 as CounterID], aggr=[count(alias1)], metrics=[output_rows=6.62 K, elapsed_compute=2.87ms, output_bytes=112.5 KB, output_batches=16, spill_count=0, spilled_bytes=0.0 B, spilled_rows=0, skipped_aggregation_rows=0, peak_mem_used=1.28 M, aggregate_arguments_time=19.21µs, aggregation_time=285.61µs, emitting_time=25.81µs, time_calculating_group_ids=2.42ms, reduction_factor=2.2% (6.62 K/297.3 K)]
            AggregateExec: mode=FinalPartitioned, gby=[CounterID@0 as CounterID, alias1@1 as alias1], aggr=[], metrics=[output_rows=297.3 K, elapsed_compute=21.85ms, output_bytes=18.0 MB, output_batches=48, spill_count=0, spilled_bytes=0.0 B, spilled_rows=0, peak_mem_used=30.40 M, aggregate_arguments_time=16ns, aggregation_time=16ns, emitting_time=21.78µs, time_calculating_group_ids=21.65ms]
              RepartitionExec: partitioning=Hash([CounterID@0, alias1@1], 16), input_partitions=16, metrics=[output_rows=298.5 K, elapsed_compute=1.47ms, output_bytes=4.5 MB, output_batches=48, spill_count=0, spilled_bytes=0.0 B, spilled_rows=0, fetch_time=3.57s, repartition_time=6.47ms, send_time=3.14ms]
                AggregateExec: mode=Partial, gby=[CounterID@0 as CounterID, UserID@1 as alias1], aggr=[], metrics=[output_rows=298.5 K, elapsed_compute=78.54ms, output_bytes=20.3 MB, output_batches=44, spill_count=0, spilled_bytes=0.0 B, spilled_rows=0, skipped_aggregation_rows=0, peak_mem_used=13.25 M, aggregate_arguments_time=16ns, aggregation_time=16ns, emitting_time=124.33µs, time_calculating_group_ids=77.31ms, reduction_factor=48% (298.5 K/616.1 K)]
                  DataSourceExec: file_groups={16 groups: [[home/ec2-user/liquid-cache/benchmark/clickbench/data/hits.parquet:0..923748528], [home/ec2-user/liquid-cache/benchmark/clickbench/data/hits.parquet:923748528..1847497056], [home/ec2-user/liquid-cache/benchmark/clickbench/data/hits.parquet:1847497056..2771245584], [home/ec2-user/liquid-cache/benchmark/clickbench/data/hits.parquet:2771245584..3694994112], [home/ec2-user/liquid-cache/benchmark/clickbench/data/hits.parquet:3694994112..4618742640], [home/ec2-user/liquid-cache/benchmark/clickbench/data/hits.parquet:4618742640..5542491168], [home/ec2-user/liquid-cache/benchmark/clickbench/data/hits.parquet:5542491168..6466239696], [home/ec2-user/liquid-cache/benchmark/clickbench/data/hits.parquet:6466239696..7389988224], [home/ec2-user/liquid-cache/benchmark/clickbench/data/hits.parquet:7389988224..8313736752], [home/ec2-user/liquid-cache/benchmark/clickbench/data/hits.parquet:8313736752..9237485280], [home/ec2-user/liquid-cache/benchmark/clickbench/data/hits.parquet:9237485280..10161233808], [home/ec2-user/liquid-cache/benchmark/clickbench/data/hits.parquet:10161233808..11084982336], [home/ec2-user/liquid-cache/benchmark/clickbench/data/hits.parquet:11084982336..12008730864], [home/ec2-user/liquid-cache/benchmark/clickbench/data/hits.parquet:12008730864..12932479392], [home/ec2-user/liquid-cache/benchmark/clickbench/data/hits.parquet:12932479392..13856227920], [home/ec2-user/liquid-cache/benchmark/clickbench/data/hits.parquet:13856227920..14779976446]]}, projection=[CounterID, UserID], file_type=parquet, predicate=AdvEngineID@40 > 0 AND CounterID@6 > 100, pruning_predicate=AdvEngineID_null_count@1 != row_count@2 AND AdvEngineID_max@0 > 0 AND CounterID_null_count@4 != row_count@2 AND CounterID_max@3 > 100, required_guarantees=[], metrics=[output_rows=616.1 K, elapsed_compute=16ns, output_bytes=8.0 MB, output_batches=244, files_ranges_pruned_statistics=16 total → 16 matched, row_groups_pruned_statistics=226 total → 210 matched, row_groups_pruned_bloom_filter=210 total → 210 matched, page_index_pages_pruned=0 total → 0 matched, page_index_rows_pruned=0 total → 0 matched, limit_pruned_row_groups=0 total → 0 matched, batches_split=0, bytes_scanned=259.7 M, file_open_errors=0, file_scan_errors=0, num_predicate_creation_errors=0, predicate_evaluation_errors=0, pushdown_rows_matched=616.1 K, pushdown_rows_pruned=92.77 M, predicate_cache_inner_records=47.46 M, predicate_cache_records=2.57 M, bloom_filter_eval_time=2.44ms, metadata_load_time=465.96ms, page_index_eval_time=8.76µs, row_pushdown_eval_time=79.14ms, statistics_eval_time=64.46ms, time_elapsed_opening=580.50ms, time_elapsed_processing=2.49s, time_elapsed_scanning_total=2.98s, time_elapsed_scanning_until_data=884.20ms, scan_efficiency_ratio=1.8% (259.7 M/14.78 B)]

Time: 279ms

+-----------+-----------------------------+
| CounterID | count(DISTINCT hits.UserID) |
+-----------+-----------------------------+
| 46429     | 44066                       |
| 1634      | 35867                       |
| 3922      | 30628                       |
| 109363    | 27488                       |
| 40367     | 17801                       |
| 40206     | 11985                       |
| 245620    | 10806                       |
| 256004    | 6388                        |
| 158401    | 5978                        |
| 1483      | 4389                        |
| 67476     | 3631                        |
| 226383    | 3200                        |
| 99062     | 3089                        |
| 234004    | 2783                        |
| 63217     | 2640                        |
| 1060      | 2606                        |
| 246632    | 2426                        |
| 252592    | 2406                        |
| 230962    | 2311                        |
| 132048    | 2162                        |
+-----------+-----------------------------+

=== EXPLAIN ANALYZE (Query 10, Iteration 1) ===
SortPreservingMergeExec: [count(DISTINCT hits.UserID)@1 DESC], fetch=20, metrics=[output_rows=20, elapsed_compute=5.66µs, output_bytes=240.0 B, output_batches=1]
  SortExec: TopK(fetch=20), expr=[count(DISTINCT hits.UserID)@1 DESC], preserve_partitioning=[true], filter=[count(DISTINCT hits.UserID)@1 IS NULL OR count(DISTINCT hits.UserID)@1 > 81], metrics=[output_rows=226, elapsed_compute=282.13µs, output_bytes=2.6 KB, output_batches=16, row_replacements=236]
    ProjectionExec: expr=[CounterID@0 as CounterID, count(alias1)@1 as count(DISTINCT hits.UserID)], metrics=[output_rows=683, elapsed_compute=13.50µs, output_bytes=13.3 KB, output_batches=16, expr_0_eval_time=1.91µs, expr_1_eval_time=1.25µs]
      AggregateExec: mode=FinalPartitioned, gby=[CounterID@0 as CounterID], aggr=[count(alias1)], metrics=[output_rows=683, elapsed_compute=216.26µs, output_bytes=13.3 KB, output_batches=16, spill_count=0, spilled_bytes=0.0 B, spilled_rows=0, peak_mem_used=216.8 K, aggregate_arguments_time=8.75µs, aggregation_time=13.53µs, emitting_time=11.40µs, time_calculating_group_ids=100.69µs]
        RepartitionExec: partitioning=Hash([CounterID@0], 16), input_partitions=16, metrics=[output_rows=6.62 K, elapsed_compute=254.44µs, output_bytes=1536.0 KB, output_batches=16, spill_count=0, spilled_bytes=0.0 B, spilled_rows=0, fetch_time=1.41s, repartition_time=603.61µs, send_time=210.91µs]
          AggregateExec: mode=Partial, gby=[CounterID@0 as CounterID], aggr=[count(alias1)], metrics=[output_rows=6.62 K, elapsed_compute=3.29ms, output_bytes=112.5 KB, output_batches=16, spill_count=0, spilled_bytes=0.0 B, spilled_rows=0, skipped_aggregation_rows=0, peak_mem_used=1.28 M, aggregate_arguments_time=32.58µs, aggregation_time=311.98µs, emitting_time=48.00µs, time_calculating_group_ids=2.78ms, reduction_factor=2.2% (6.62 K/297.3 K)]
            AggregateExec: mode=FinalPartitioned, gby=[CounterID@0 as CounterID, alias1@1 as alias1], aggr=[], metrics=[output_rows=297.3 K, elapsed_compute=18.68ms, output_bytes=18.0 MB, output_batches=48, spill_count=0, spilled_bytes=0.0 B, spilled_rows=0, peak_mem_used=30.40 M, aggregate_arguments_time=16ns, aggregation_time=16ns, emitting_time=33.14µs, time_calculating_group_ids=18.47ms]
              RepartitionExec: partitioning=Hash([CounterID@0, alias1@1], 16), input_partitions=16, metrics=[output_rows=298.5 K, elapsed_compute=1.40ms, output_bytes=4.5 MB, output_batches=48, spill_count=0, spilled_bytes=0.0 B, spilled_rows=0, fetch_time=1.15s, repartition_time=4.60ms, send_time=895.99µs]
                AggregateExec: mode=Partial, gby=[CounterID@0 as CounterID, UserID@1 as alias1], aggr=[], metrics=[output_rows=298.5 K, elapsed_compute=48.14ms, output_bytes=20.3 MB, output_batches=44, spill_count=0, spilled_bytes=0.0 B, spilled_rows=0, skipped_aggregation_rows=0, peak_mem_used=13.25 M, aggregate_arguments_time=16ns, aggregation_time=16ns, emitting_time=51.76µs, time_calculating_group_ids=46.99ms, reduction_factor=48% (298.5 K/616.1 K)]
                  DataSourceExec: file_groups={16 groups: [[home/ec2-user/liquid-cache/benchmark/clickbench/data/hits.parquet:0..923748528], [home/ec2-user/liquid-cache/benchmark/clickbench/data/hits.parquet:923748528..1847497056], [home/ec2-user/liquid-cache/benchmark/clickbench/data/hits.parquet:1847497056..2771245584], [home/ec2-user/liquid-cache/benchmark/clickbench/data/hits.parquet:2771245584..3694994112], [home/ec2-user/liquid-cache/benchmark/clickbench/data/hits.parquet:3694994112..4618742640], [home/ec2-user/liquid-cache/benchmark/clickbench/data/hits.parquet:4618742640..5542491168], [home/ec2-user/liquid-cache/benchmark/clickbench/data/hits.parquet:5542491168..6466239696], [home/ec2-user/liquid-cache/benchmark/clickbench/data/hits.parquet:6466239696..7389988224], [home/ec2-user/liquid-cache/benchmark/clickbench/data/hits.parquet:7389988224..8313736752], [home/ec2-user/liquid-cache/benchmark/clickbench/data/hits.parquet:8313736752..9237485280], [home/ec2-user/liquid-cache/benchmark/clickbench/data/hits.parquet:9237485280..10161233808], [home/ec2-user/liquid-cache/benchmark/clickbench/data/hits.parquet:10161233808..11084982336], [home/ec2-user/liquid-cache/benchmark/clickbench/data/hits.parquet:11084982336..12008730864], [home/ec2-user/liquid-cache/benchmark/clickbench/data/hits.parquet:12008730864..12932479392], [home/ec2-user/liquid-cache/benchmark/clickbench/data/hits.parquet:12932479392..13856227920], [home/ec2-user/liquid-cache/benchmark/clickbench/data/hits.parquet:13856227920..14779976446]]}, projection=[CounterID, UserID], file_type=parquet, predicate=AdvEngineID@40 > 0 AND CounterID@6 > 100, pruning_predicate=AdvEngineID_null_count@1 != row_count@2 AND AdvEngineID_max@0 > 0 AND CounterID_null_count@4 != row_count@2 AND CounterID_max@3 > 100, required_guarantees=[], metrics=[output_rows=616.1 K, elapsed_compute=16ns, output_bytes=8.0 MB, output_batches=244, files_ranges_pruned_statistics=16 total → 16 matched, row_groups_pruned_statistics=226 total → 210 matched, row_groups_pruned_bloom_filter=210 total → 210 matched, page_index_pages_pruned=0 total → 0 matched, page_index_rows_pruned=0 total → 0 matched, limit_pruned_row_groups=0 total → 0 matched, batches_split=0, bytes_scanned=259.7 M, file_open_errors=0, file_scan_errors=0, num_predicate_creation_errors=0, predicate_evaluation_errors=0, pushdown_rows_matched=616.1 K, pushdown_rows_pruned=92.77 M, predicate_cache_inner_records=47.46 M, predicate_cache_records=2.57 M, bloom_filter_eval_time=2.41ms, metadata_load_time=138.80ms, page_index_eval_time=6.05µs, row_pushdown_eval_time=79.06ms, statistics_eval_time=1.92ms, time_elapsed_opening=156.66ms, time_elapsed_processing=908.83ms, time_elapsed_scanning_total=990.97ms, time_elapsed_scanning_until_data=111.78ms, scan_efficiency_ratio=1.8% (259.7 M/14.78 B)]

Time: 91ms

+-----------+-----------------------------+
| CounterID | count(DISTINCT hits.UserID) |
+-----------+-----------------------------+
| 46429     | 44066                       |
| 1634      | 35867                       |
| 3922      | 30628                       |
| 109363    | 27488                       |
| 40367     | 17801                       |
| 40206     | 11985                       |
| 245620    | 10806                       |
| 256004    | 6388                        |
| 158401    | 5978                        |
| 1483      | 4389                        |
| 67476     | 3631                        |
| 226383    | 3200                        |
| 99062     | 3089                        |
| 234004    | 2783                        |
| 63217     | 2640                        |
| 1060      | 2606                        |
| 246632    | 2426                        |
| 252592    | 2406                        |
| 230962    | 2311                        |
| 132048    | 2162                        |
+-----------+-----------------------------+

=== EXPLAIN ANALYZE (Query 10, Iteration 2) ===
SortPreservingMergeExec: [count(DISTINCT hits.UserID)@1 DESC], fetch=20, metrics=[output_rows=20, elapsed_compute=4.95µs, output_bytes=240.0 B, output_batches=1]
  SortExec: TopK(fetch=20), expr=[count(DISTINCT hits.UserID)@1 DESC], preserve_partitioning=[true], filter=[count(DISTINCT hits.UserID)@1 IS NULL OR count(DISTINCT hits.UserID)@1 > 81], metrics=[output_rows=214, elapsed_compute=305.63µs, output_bytes=2.5 KB, output_batches=16, row_replacements=246]
    ProjectionExec: expr=[CounterID@0 as CounterID, count(alias1)@1 as count(DISTINCT hits.UserID)], metrics=[output_rows=683, elapsed_compute=13.74µs, output_bytes=13.3 KB, output_batches=16, expr_0_eval_time=2.42µs, expr_1_eval_time=1.27µs]
      AggregateExec: mode=FinalPartitioned, gby=[CounterID@0 as CounterID], aggr=[count(alias1)], metrics=[output_rows=683, elapsed_compute=178.56µs, output_bytes=13.3 KB, output_batches=16, spill_count=0, spilled_bytes=0.0 B, spilled_rows=0, peak_mem_used=216.8 K, aggregate_arguments_time=8.51µs, aggregation_time=12.64µs, emitting_time=11.16µs, time_calculating_group_ids=82.69µs]
        RepartitionExec: partitioning=Hash([CounterID@0], 16), input_partitions=16, metrics=[output_rows=6.62 K, elapsed_compute=251.80µs, output_bytes=1536.0 KB, output_batches=16, spill_count=0, spilled_bytes=0.0 B, spilled_rows=0, fetch_time=1.29s, repartition_time=497.43µs, send_time=175.49µs]
          AggregateExec: mode=Partial, gby=[CounterID@0 as CounterID], aggr=[count(alias1)], metrics=[output_rows=6.62 K, elapsed_compute=3.23ms, output_bytes=112.9 KB, output_batches=16, spill_count=0, spilled_bytes=0.0 B, spilled_rows=0, skipped_aggregation_rows=0, peak_mem_used=1.28 M, aggregate_arguments_time=25.07µs, aggregation_time=296.91µs, emitting_time=22.51µs, time_calculating_group_ids=2.76ms, reduction_factor=2.2% (6.62 K/297.3 K)]
            AggregateExec: mode=FinalPartitioned, gby=[CounterID@0 as CounterID, alias1@1 as alias1], aggr=[], metrics=[output_rows=297.3 K, elapsed_compute=17.01ms, output_bytes=18.0 MB, output_batches=48, spill_count=0, spilled_bytes=0.0 B, spilled_rows=0, peak_mem_used=30.40 M, aggregate_arguments_time=16ns, aggregation_time=16ns, emitting_time=31.73µs, time_calculating_group_ids=16.82ms]
              RepartitionExec: partitioning=Hash([CounterID@0, alias1@1], 16), input_partitions=16, metrics=[output_rows=298.5 K, elapsed_compute=1.36ms, output_bytes=4.5 MB, output_batches=48, spill_count=0, spilled_bytes=0.0 B, spilled_rows=0, fetch_time=1.01s, repartition_time=4.70ms, send_time=909.17µs]
                AggregateExec: mode=Partial, gby=[CounterID@0 as CounterID, UserID@1 as alias1], aggr=[], metrics=[output_rows=298.5 K, elapsed_compute=50.07ms, output_bytes=20.3 MB, output_batches=44, spill_count=0, spilled_bytes=0.0 B, spilled_rows=0, skipped_aggregation_rows=0, peak_mem_used=13.25 M, aggregate_arguments_time=16ns, aggregation_time=16ns, emitting_time=55.22µs, time_calculating_group_ids=48.83ms, reduction_factor=48% (298.5 K/616.1 K)]
                  DataSourceExec: file_groups={16 groups: [[home/ec2-user/liquid-cache/benchmark/clickbench/data/hits.parquet:0..923748528], [home/ec2-user/liquid-cache/benchmark/clickbench/data/hits.parquet:923748528..1847497056], [home/ec2-user/liquid-cache/benchmark/clickbench/data/hits.parquet:1847497056..2771245584], [home/ec2-user/liquid-cache/benchmark/clickbench/data/hits.parquet:2771245584..3694994112], [home/ec2-user/liquid-cache/benchmark/clickbench/data/hits.parquet:3694994112..4618742640], [home/ec2-user/liquid-cache/benchmark/clickbench/data/hits.parquet:4618742640..5542491168], [home/ec2-user/liquid-cache/benchmark/clickbench/data/hits.parquet:5542491168..6466239696], [home/ec2-user/liquid-cache/benchmark/clickbench/data/hits.parquet:6466239696..7389988224], [home/ec2-user/liquid-cache/benchmark/clickbench/data/hits.parquet:7389988224..8313736752], [home/ec2-user/liquid-cache/benchmark/clickbench/data/hits.parquet:8313736752..9237485280], [home/ec2-user/liquid-cache/benchmark/clickbench/data/hits.parquet:9237485280..10161233808], [home/ec2-user/liquid-cache/benchmark/clickbench/data/hits.parquet:10161233808..11084982336], [home/ec2-user/liquid-cache/benchmark/clickbench/data/hits.parquet:11084982336..12008730864], [home/ec2-user/liquid-cache/benchmark/clickbench/data/hits.parquet:12008730864..12932479392], [home/ec2-user/liquid-cache/benchmark/clickbench/data/hits.parquet:12932479392..13856227920], [home/ec2-user/liquid-cache/benchmark/clickbench/data/hits.parquet:13856227920..14779976446]]}, projection=[CounterID, UserID], file_type=parquet, predicate=AdvEngineID@40 > 0 AND CounterID@6 > 100, pruning_predicate=AdvEngineID_null_count@1 != row_count@2 AND AdvEngineID_max@0 > 0 AND CounterID_null_count@4 != row_count@2 AND CounterID_max@3 > 100, required_guarantees=[], metrics=[output_rows=616.1 K, elapsed_compute=16ns, output_bytes=8.0 MB, output_batches=244, files_ranges_pruned_statistics=16 total → 16 matched, row_groups_pruned_statistics=226 total → 210 matched, row_groups_pruned_bloom_filter=210 total → 210 matched, page_index_pages_pruned=0 total → 0 matched, page_index_rows_pruned=0 total → 0 matched, limit_pruned_row_groups=0 total → 0 matched, batches_split=0, bytes_scanned=259.7 M, file_open_errors=0, file_scan_errors=0, num_predicate_creation_errors=0, predicate_evaluation_errors=0, pushdown_rows_matched=616.1 K, pushdown_rows_pruned=92.77 M, predicate_cache_inner_records=47.46 M, predicate_cache_records=2.57 M, bloom_filter_eval_time=2.91ms, metadata_load_time=125.35ms, page_index_eval_time=4.70µs, row_pushdown_eval_time=73.23ms, statistics_eval_time=1.68ms, time_elapsed_opening=132.63ms, time_elapsed_processing=798.79ms, time_elapsed_scanning_total=878.52ms, time_elapsed_scanning_until_data=82.69ms, scan_efficiency_ratio=1.8% (259.7 M/14.78 B)]

Time: 84ms

+-----------+-----------------------------+
| CounterID | count(DISTINCT hits.UserID) |
+-----------+-----------------------------+
| 46429     | 44066                       |
| 1634      | 35867                       |
| 3922      | 30628                       |
| 109363    | 27488                       |
| 40367     | 17801                       |
| 40206     | 11985                       |
| 245620    | 10806                       |
| 256004    | 6388                        |
| 158401    | 5978                        |
| 1483      | 4389                        |
| 67476     | 3631                        |
| 226383    | 3200                        |
| 99062     | 3089                        |
| 234004    | 2783                        |
| 63217     | 2640                        |
| 1060      | 2606                        |
| 246632    | 2426                        |
| 252592    | 2406                        |
| 230962    | 2311                        |
| 132048    | 2162                        |
+-----------+-----------------------------+

=== EXPLAIN ANALYZE (Query 10, Iteration 3) ===
SortPreservingMergeExec: [count(DISTINCT hits.UserID)@1 DESC], fetch=20, metrics=[output_rows=20, elapsed_compute=5.15µs, output_bytes=240.0 B, output_batches=1]
  SortExec: TopK(fetch=20), expr=[count(DISTINCT hits.UserID)@1 DESC], preserve_partitioning=[true], filter=[count(DISTINCT hits.UserID)@1 IS NULL OR count(DISTINCT hits.UserID)@1 > 81], metrics=[output_rows=207, elapsed_compute=272.81µs, output_bytes=2.4 KB, output_batches=16, row_replacements=243]
    ProjectionExec: expr=[CounterID@0 as CounterID, count(alias1)@1 as count(DISTINCT hits.UserID)], metrics=[output_rows=683, elapsed_compute=14.13µs, output_bytes=13.3 KB, output_batches=16, expr_0_eval_time=2.18µs, expr_1_eval_time=1.21µs]
      AggregateExec: mode=FinalPartitioned, gby=[CounterID@0 as CounterID], aggr=[count(alias1)], metrics=[output_rows=683, elapsed_compute=193.10µs, output_bytes=13.3 KB, output_batches=16, spill_count=0, spilled_bytes=0.0 B, spilled_rows=0, peak_mem_used=216.8 K, aggregate_arguments_time=8.53µs, aggregation_time=13.35µs, emitting_time=11.52µs, time_calculating_group_ids=96.39µs]
        RepartitionExec: partitioning=Hash([CounterID@0], 16), input_partitions=16, metrics=[output_rows=6.62 K, elapsed_compute=223.59µs, output_bytes=1536.0 KB, output_batches=16, spill_count=0, spilled_bytes=0.0 B, spilled_rows=0, fetch_time=1.24s, repartition_time=564.44µs, send_time=139.61µs]
          AggregateExec: mode=Partial, gby=[CounterID@0 as CounterID], aggr=[count(alias1)], metrics=[output_rows=6.62 K, elapsed_compute=3.56ms, output_bytes=112.5 KB, output_batches=16, spill_count=0, spilled_bytes=0.0 B, spilled_rows=0, skipped_aggregation_rows=0, peak_mem_used=1.28 M, aggregate_arguments_time=25.22µs, aggregation_time=322.72µs, emitting_time=28.46µs, time_calculating_group_ids=3.08ms, reduction_factor=2.2% (6.62 K/297.3 K)]
            AggregateExec: mode=FinalPartitioned, gby=[CounterID@0 as CounterID, alias1@1 as alias1], aggr=[], metrics=[output_rows=297.3 K, elapsed_compute=18.61ms, output_bytes=18.0 MB, output_batches=48, spill_count=0, spilled_bytes=0.0 B, spilled_rows=0, peak_mem_used=30.40 M, aggregate_arguments_time=16ns, aggregation_time=16ns, emitting_time=29.01µs, time_calculating_group_ids=18.40ms]
              RepartitionExec: partitioning=Hash([CounterID@0, alias1@1], 16), input_partitions=16, metrics=[output_rows=298.5 K, elapsed_compute=1.40ms, output_bytes=4.5 MB, output_batches=48, spill_count=0, spilled_bytes=0.0 B, spilled_rows=0, fetch_time=997.84ms, repartition_time=4.58ms, send_time=966.98µs]
                AggregateExec: mode=Partial, gby=[CounterID@0 as CounterID, UserID@1 as alias1], aggr=[], metrics=[output_rows=298.5 K, elapsed_compute=47.31ms, output_bytes=20.3 MB, output_batches=44, spill_count=0, spilled_bytes=0.0 B, spilled_rows=0, skipped_aggregation_rows=0, peak_mem_used=13.25 M, aggregate_arguments_time=16ns, aggregation_time=16ns, emitting_time=58.57µs, time_calculating_group_ids=46.11ms, reduction_factor=48% (298.5 K/616.1 K)]
                  DataSourceExec: file_groups={16 groups: [[home/ec2-user/liquid-cache/benchmark/clickbench/data/hits.parquet:0..923748528], [home/ec2-user/liquid-cache/benchmark/clickbench/data/hits.parquet:923748528..1847497056], [home/ec2-user/liquid-cache/benchmark/clickbench/data/hits.parquet:1847497056..2771245584], [home/ec2-user/liquid-cache/benchmark/clickbench/data/hits.parquet:2771245584..3694994112], [home/ec2-user/liquid-cache/benchmark/clickbench/data/hits.parquet:3694994112..4618742640], [home/ec2-user/liquid-cache/benchmark/clickbench/data/hits.parquet:4618742640..5542491168], [home/ec2-user/liquid-cache/benchmark/clickbench/data/hits.parquet:5542491168..6466239696], [home/ec2-user/liquid-cache/benchmark/clickbench/data/hits.parquet:6466239696..7389988224], [home/ec2-user/liquid-cache/benchmark/clickbench/data/hits.parquet:7389988224..8313736752], [home/ec2-user/liquid-cache/benchmark/clickbench/data/hits.parquet:8313736752..9237485280], [home/ec2-user/liquid-cache/benchmark/clickbench/data/hits.parquet:9237485280..10161233808], [home/ec2-user/liquid-cache/benchmark/clickbench/data/hits.parquet:10161233808..11084982336], [home/ec2-user/liquid-cache/benchmark/clickbench/data/hits.parquet:11084982336..12008730864], [home/ec2-user/liquid-cache/benchmark/clickbench/data/hits.parquet:12008730864..12932479392], [home/ec2-user/liquid-cache/benchmark/clickbench/data/hits.parquet:12932479392..13856227920], [home/ec2-user/liquid-cache/benchmark/clickbench/data/hits.parquet:13856227920..14779976446]]}, projection=[CounterID, UserID], file_type=parquet, predicate=AdvEngineID@40 > 0 AND CounterID@6 > 100, pruning_predicate=AdvEngineID_null_count@1 != row_count@2 AND AdvEngineID_max@0 > 0 AND CounterID_null_count@4 != row_count@2 AND CounterID_max@3 > 100, required_guarantees=[], metrics=[output_rows=616.1 K, elapsed_compute=16ns, output_bytes=8.0 MB, output_batches=244, files_ranges_pruned_statistics=16 total → 16 matched, row_groups_pruned_statistics=226 total → 210 matched, row_groups_pruned_bloom_filter=210 total → 210 matched, page_index_pages_pruned=0 total → 0 matched, page_index_rows_pruned=0 total → 0 matched, limit_pruned_row_groups=0 total → 0 matched, batches_split=0, bytes_scanned=259.7 M, file_open_errors=0, file_scan_errors=0, num_predicate_creation_errors=0, predicate_evaluation_errors=0, pushdown_rows_matched=616.1 K, pushdown_rows_pruned=92.77 M, predicate_cache_inner_records=47.46 M, predicate_cache_records=2.57 M, bloom_filter_eval_time=2.18ms, metadata_load_time=137.05ms, page_index_eval_time=3.30µs, row_pushdown_eval_time=72.86ms, statistics_eval_time=1.45ms, time_elapsed_opening=143.04ms, time_elapsed_processing=788.96ms, time_elapsed_scanning_total=854.38ms, time_elapsed_scanning_until_data=74.79ms, scan_efficiency_ratio=1.8% (259.7 M/14.78 B)]

Time: 80ms

+-----------+-----------------------------+
| CounterID | count(DISTINCT hits.UserID) |
+-----------+-----------------------------+
| 46429     | 44066                       |
| 1634      | 35867                       |
| 3922      | 30628                       |
| 109363    | 27488                       |
| 40367     | 17801                       |
| 40206     | 11985                       |
| 245620    | 10806                       |
| 256004    | 6388                        |
| 158401    | 5978                        |
| 1483      | 4389                        |
| 67476     | 3631                        |
| 226383    | 3200                        |
| 99062     | 3089                        |
| 234004    | 2783                        |
| 63217     | 2640                        |
| 1060      | 2606                        |
| 246632    | 2426                        |
| 252592    | 2406                        |
| 230962    | 2311                        |
| 132048    | 2162                        |
+-----------+-----------------------------+

=== EXPLAIN ANALYZE (Query 10, Iteration 4) ===
SortPreservingMergeExec: [count(DISTINCT hits.UserID)@1 DESC], fetch=20, metrics=[output_rows=20, elapsed_compute=4.76µs, output_bytes=240.0 B, output_batches=1]
  SortExec: TopK(fetch=20), expr=[count(DISTINCT hits.UserID)@1 DESC], preserve_partitioning=[true], filter=[count(DISTINCT hits.UserID)@1 IS NULL OR count(DISTINCT hits.UserID)@1 > 81], metrics=[output_rows=261, elapsed_compute=313.23µs, output_bytes=3.1 KB, output_batches=16, row_replacements=289]
    ProjectionExec: expr=[CounterID@0 as CounterID, count(alias1)@1 as count(DISTINCT hits.UserID)], metrics=[output_rows=683, elapsed_compute=14.07µs, output_bytes=13.3 KB, output_batches=16, expr_0_eval_time=2.30µs, expr_1_eval_time=1.20µs]
      AggregateExec: mode=FinalPartitioned, gby=[CounterID@0 as CounterID], aggr=[count(alias1)], metrics=[output_rows=683, elapsed_compute=197.14µs, output_bytes=13.3 KB, output_batches=16, spill_count=0, spilled_bytes=0.0 B, spilled_rows=0, peak_mem_used=216.8 K, aggregate_arguments_time=9.62µs, aggregation_time=15.04µs, emitting_time=10.46µs, time_calculating_group_ids=92.65µs]
        RepartitionExec: partitioning=Hash([CounterID@0], 16), input_partitions=16, metrics=[output_rows=6.62 K, elapsed_compute=248.66µs, output_bytes=1536.0 KB, output_batches=16, spill_count=0, spilled_bytes=0.0 B, spilled_rows=0, fetch_time=1.24s, repartition_time=484.01µs, send_time=212.74µs]
          AggregateExec: mode=Partial, gby=[CounterID@0 as CounterID], aggr=[count(alias1)], metrics=[output_rows=6.62 K, elapsed_compute=3.17ms, output_bytes=112.5 KB, output_batches=16, spill_count=0, spilled_bytes=0.0 B, spilled_rows=0, skipped_aggregation_rows=0, peak_mem_used=1.28 M, aggregate_arguments_time=29.23µs, aggregation_time=293.34µs, emitting_time=24.48µs, time_calculating_group_ids=2.71ms, reduction_factor=2.2% (6.62 K/297.3 K)]
            AggregateExec: mode=FinalPartitioned, gby=[CounterID@0 as CounterID, alias1@1 as alias1], aggr=[], metrics=[output_rows=297.3 K, elapsed_compute=19.88ms, output_bytes=18.0 MB, output_batches=48, spill_count=0, spilled_bytes=0.0 B, spilled_rows=0, peak_mem_used=30.40 M, aggregate_arguments_time=16ns, aggregation_time=16ns, emitting_time=28.69µs, time_calculating_group_ids=19.67ms]
              RepartitionExec: partitioning=Hash([CounterID@0, alias1@1], 16), input_partitions=16, metrics=[output_rows=298.5 K, elapsed_compute=1.34ms, output_bytes=4.5 MB, output_batches=48, spill_count=0, spilled_bytes=0.0 B, spilled_rows=0, fetch_time=991.59ms, repartition_time=4.88ms, send_time=897.84µs]
                AggregateExec: mode=Partial, gby=[CounterID@0 as CounterID, UserID@1 as alias1], aggr=[], metrics=[output_rows=298.5 K, elapsed_compute=46.51ms, output_bytes=20.3 MB, output_batches=44, spill_count=0, spilled_bytes=0.0 B, spilled_rows=0, skipped_aggregation_rows=0, peak_mem_used=13.25 M, aggregate_arguments_time=16ns, aggregation_time=16ns, emitting_time=59.15µs, time_calculating_group_ids=45.26ms, reduction_factor=48% (298.5 K/616.1 K)]
                  DataSourceExec: file_groups={16 groups: [[home/ec2-user/liquid-cache/benchmark/clickbench/data/hits.parquet:0..923748528], [home/ec2-user/liquid-cache/benchmark/clickbench/data/hits.parquet:923748528..1847497056], [home/ec2-user/liquid-cache/benchmark/clickbench/data/hits.parquet:1847497056..2771245584], [home/ec2-user/liquid-cache/benchmark/clickbench/data/hits.parquet:2771245584..3694994112], [home/ec2-user/liquid-cache/benchmark/clickbench/data/hits.parquet:3694994112..4618742640], [home/ec2-user/liquid-cache/benchmark/clickbench/data/hits.parquet:4618742640..5542491168], [home/ec2-user/liquid-cache/benchmark/clickbench/data/hits.parquet:5542491168..6466239696], [home/ec2-user/liquid-cache/benchmark/clickbench/data/hits.parquet:6466239696..7389988224], [home/ec2-user/liquid-cache/benchmark/clickbench/data/hits.parquet:7389988224..8313736752], [home/ec2-user/liquid-cache/benchmark/clickbench/data/hits.parquet:8313736752..9237485280], [home/ec2-user/liquid-cache/benchmark/clickbench/data/hits.parquet:9237485280..10161233808], [home/ec2-user/liquid-cache/benchmark/clickbench/data/hits.parquet:10161233808..11084982336], [home/ec2-user/liquid-cache/benchmark/clickbench/data/hits.parquet:11084982336..12008730864], [home/ec2-user/liquid-cache/benchmark/clickbench/data/hits.parquet:12008730864..12932479392], [home/ec2-user/liquid-cache/benchmark/clickbench/data/hits.parquet:12932479392..13856227920], [home/ec2-user/liquid-cache/benchmark/clickbench/data/hits.parquet:13856227920..14779976446]]}, projection=[CounterID, UserID], file_type=parquet, predicate=AdvEngineID@40 > 0 AND CounterID@6 > 100, pruning_predicate=AdvEngineID_null_count@1 != row_count@2 AND AdvEngineID_max@0 > 0 AND CounterID_null_count@4 != row_count@2 AND CounterID_max@3 > 100, required_guarantees=[], metrics=[output_rows=616.1 K, elapsed_compute=16ns, output_bytes=8.0 MB, output_batches=244, files_ranges_pruned_statistics=16 total → 16 matched, row_groups_pruned_statistics=226 total → 210 matched, row_groups_pruned_bloom_filter=210 total → 210 matched, page_index_pages_pruned=0 total → 0 matched, page_index_rows_pruned=0 total → 0 matched, limit_pruned_row_groups=0 total → 0 matched, batches_split=0, bytes_scanned=259.7 M, file_open_errors=0, file_scan_errors=0, num_predicate_creation_errors=0, predicate_evaluation_errors=0, pushdown_rows_matched=616.1 K, pushdown_rows_pruned=92.77 M, predicate_cache_inner_records=47.46 M, predicate_cache_records=2.57 M, bloom_filter_eval_time=2.18ms, metadata_load_time=136.16ms, page_index_eval_time=3.21µs, row_pushdown_eval_time=72.73ms, statistics_eval_time=1.46ms, time_elapsed_opening=142.94ms, time_elapsed_processing=794.86ms, time_elapsed_scanning_total=848.18ms, time_elapsed_scanning_until_data=70.84ms, scan_efficiency_ratio=1.8% (259.7 M/14.78 B)]

Time: 80ms

+-----------+-----------------------------+
| CounterID | count(DISTINCT hits.UserID) |
+-----------+-----------------------------+
| 46429     | 44066                       |
| 1634      | 35867                       |
| 3922      | 30628                       |
| 109363    | 27488                       |
| 40367     | 17801                       |
| 40206     | 11985                       |
| 245620    | 10806                       |
| 256004    | 6388                        |
| 158401    | 5978                        |
| 1483      | 4389                        |
| 67476     | 3631                        |
| 226383    | 3200                        |
| 99062     | 3089                        |
| 234004    | 2783                        |
| 63217     | 2640                        |
| 1060      | 2606                        |
| 246632    | 2426                        |
| 252592    | 2406                        |
| 230962    | 2311                        |
| 132048    | 2162                        |
+-----------+-----------------------------+
