
=== EXPLAIN ANALYZE (Query 4, Iteration 0) ===
ProjectionExec: expr=[count(alias1)@0 as count(DISTINCT hits.UserID)], metrics=[output_rows=1, elapsed_compute=5.33µs, output_bytes=8.0 B, output_batches=1, expr_0_eval_time=570ns]
  AggregateExec: mode=Final, gby=[], aggr=[count(alias1)], metrics=[output_rows=1, elapsed_compute=34.66µs, output_bytes=8.0 B, output_batches=1]
    CoalescePartitionsExec, metrics=[output_rows=16, elapsed_compute=43.14µs, output_bytes=128.0 B, output_batches=16]
      AggregateExec: mode=Partial, gby=[], aggr=[count(alias1)], metrics=[output_rows=16, elapsed_compute=1.04ms, output_bytes=128.0 B, output_batches=16]
        AggregateExec: mode=FinalPartitioned, gby=[alias1@0 as alias1], aggr=[], metrics=[output_rows=17.63 M, elapsed_compute=5.95s, output_bytes=33.8 GB, output_batches=2.16 K, spill_count=0, spilled_bytes=0.0 B, spilled_rows=0, peak_mem_used=1.48 B, aggregate_arguments_time=16ns, aggregation_time=16ns, emitting_time=6.62ms, time_calculating_group_ids=5.94s]
          RepartitionExec: partitioning=Hash([alias1@0], 16), input_partitions=16, metrics=[output_rows=21.16 M, elapsed_compute=207.25ms, output_bytes=162.0 MB, output_batches=2.59 K, spill_count=0, spilled_bytes=0.0 B, spilled_rows=0, fetch_time=12.41s, repartition_time=383.66ms, send_time=1.32s]
            AggregateExec: mode=Partial, gby=[UserID@0 as alias1], aggr=[], metrics=[output_rows=21.16 M, elapsed_compute=7.30s, output_bytes=42.2 GB, output_batches=2.59 K, spill_count=0, spilled_bytes=0.0 B, spilled_rows=0, skipped_aggregation_rows=0, peak_mem_used=730.9 M, aggregate_arguments_time=16ns, aggregation_time=16ns, emitting_time=2.90ms, time_calculating_group_ids=7.28s, reduction_factor=21% (21.16 M/100.00 M)]
              DataSourceExec: file_groups={16 groups: [[home/ec2-user/liquid-cache/benchmark/clickbench/data/hits.parquet:0..923748528], [home/ec2-user/liquid-cache/benchmark/clickbench/data/hits.parquet:923748528..1847497056], [home/ec2-user/liquid-cache/benchmark/clickbench/data/hits.parquet:1847497056..2771245584], [home/ec2-user/liquid-cache/benchmark/clickbench/data/hits.parquet:2771245584..3694994112], [home/ec2-user/liquid-cache/benchmark/clickbench/data/hits.parquet:3694994112..4618742640], [home/ec2-user/liquid-cache/benchmark/clickbench/data/hits.parquet:4618742640..5542491168], [home/ec2-user/liquid-cache/benchmark/clickbench/data/hits.parquet:5542491168..6466239696], [home/ec2-user/liquid-cache/benchmark/clickbench/data/hits.parquet:6466239696..7389988224], [home/ec2-user/liquid-cache/benchmark/clickbench/data/hits.parquet:7389988224..8313736752], [home/ec2-user/liquid-cache/benchmark/clickbench/data/hits.parquet:8313736752..9237485280], [home/ec2-user/liquid-cache/benchmark/clickbench/data/hits.parquet:9237485280..10161233808], [home/ec2-user/liquid-cache/benchmark/clickbench/data/hits.parquet:10161233808..11084982336], [home/ec2-user/liquid-cache/benchmark/clickbench/data/hits.parquet:11084982336..12008730864], [home/ec2-user/liquid-cache/benchmark/clickbench/data/hits.parquet:12008730864..12932479392], [home/ec2-user/liquid-cache/benchmark/clickbench/data/hits.parquet:12932479392..13856227920], [home/ec2-user/liquid-cache/benchmark/clickbench/data/hits.parquet:13856227920..14779976446]]}, projection=[UserID], file_type=liquid_parquet, metrics=[output_rows=100.00 M, elapsed_compute=16ns, output_bytes=764.8 MB, output_batches=12.22 K, files_ranges_pruned_statistics=16 total → 16 matched, row_groups_pruned_statistics=0 total → 0 matched, row_groups_pruned_bloom_filter=0 total → 0 matched, page_index_pages_pruned=0 total → 0 matched, page_index_rows_pruned=0 total → 0 matched, limit_pruned_row_groups=0 total → 0 matched, batches_split=0, bytes_scanned=270.1 M, file_open_errors=0, file_scan_errors=0, num_predicate_creation_errors=0, predicate_evaluation_errors=0, pushdown_rows_matched=0, pushdown_rows_pruned=0, predicate_cache_inner_records=0, predicate_cache_records=0, bloom_filter_eval_time=32ns, metadata_load_time=256.83ms, page_index_eval_time=32ns, row_pushdown_eval_time=32ns, statistics_eval_time=32ns, time_elapsed_opening=258.15ms, time_elapsed_processing=2.86s, time_elapsed_scanning_total=12.14s, time_elapsed_scanning_until_data=339.01ms, scan_efficiency_ratio=N/A (0/0)]

Cache: entries=0, mem=0MB, disk=0MB
  Hits: cache_hit=0, eval_predicate=0
  Misses: cache_miss=0
  IO: read=0, write=0
  Squeeze: squeezed_success=0, squeezed_needs_io=0
Time: 1360ms

+-----------------------------+
| count(DISTINCT hits.UserID) |
+-----------------------------+
| 17630976                    |
+-----------------------------+

=== EXPLAIN ANALYZE (Query 4, Iteration 1) ===
ProjectionExec: expr=[count(alias1)@0 as count(DISTINCT hits.UserID)], metrics=[output_rows=1, elapsed_compute=1.96µs, output_bytes=8.0 B, output_batches=1, expr_0_eval_time=320ns]
  AggregateExec: mode=Final, gby=[], aggr=[count(alias1)], metrics=[output_rows=1, elapsed_compute=11.38µs, output_bytes=8.0 B, output_batches=1]
    CoalescePartitionsExec, metrics=[output_rows=16, elapsed_compute=24.56µs, output_bytes=128.0 B, output_batches=16]
      AggregateExec: mode=Partial, gby=[], aggr=[count(alias1)], metrics=[output_rows=16, elapsed_compute=702.86µs, output_bytes=128.0 B, output_batches=16]
        AggregateExec: mode=FinalPartitioned, gby=[alias1@0 as alias1], aggr=[], metrics=[output_rows=17.63 M, elapsed_compute=3.21s, output_bytes=33.8 GB, output_batches=2.16 K, spill_count=0, spilled_bytes=0.0 B, spilled_rows=0, peak_mem_used=1.48 B, aggregate_arguments_time=16ns, aggregation_time=16ns, emitting_time=3.02ms, time_calculating_group_ids=3.21s]
          RepartitionExec: partitioning=Hash([alias1@0], 16), input_partitions=16, metrics=[output_rows=21.16 M, elapsed_compute=47.05ms, output_bytes=162.0 MB, output_batches=2.59 K, spill_count=0, spilled_bytes=0.0 B, spilled_rows=0, fetch_time=6.10s, repartition_time=209.40ms, send_time=636.04ms]
            AggregateExec: mode=Partial, gby=[UserID@0 as alias1], aggr=[], metrics=[output_rows=21.16 M, elapsed_compute=4.74s, output_bytes=42.2 GB, output_batches=2.59 K, spill_count=0, spilled_bytes=0.0 B, spilled_rows=0, skipped_aggregation_rows=0, peak_mem_used=730.9 M, aggregate_arguments_time=16ns, aggregation_time=16ns, emitting_time=2.40ms, time_calculating_group_ids=4.72s, reduction_factor=21% (21.16 M/100.00 M)]
              DataSourceExec: file_groups={16 groups: [[home/ec2-user/liquid-cache/benchmark/clickbench/data/hits.parquet:0..923748528], [home/ec2-user/liquid-cache/benchmark/clickbench/data/hits.parquet:923748528..1847497056], [home/ec2-user/liquid-cache/benchmark/clickbench/data/hits.parquet:1847497056..2771245584], [home/ec2-user/liquid-cache/benchmark/clickbench/data/hits.parquet:2771245584..3694994112], [home/ec2-user/liquid-cache/benchmark/clickbench/data/hits.parquet:3694994112..4618742640], [home/ec2-user/liquid-cache/benchmark/clickbench/data/hits.parquet:4618742640..5542491168], [home/ec2-user/liquid-cache/benchmark/clickbench/data/hits.parquet:5542491168..6466239696], [home/ec2-user/liquid-cache/benchmark/clickbench/data/hits.parquet:6466239696..7389988224], [home/ec2-user/liquid-cache/benchmark/clickbench/data/hits.parquet:7389988224..8313736752], [home/ec2-user/liquid-cache/benchmark/clickbench/data/hits.parquet:8313736752..9237485280], [home/ec2-user/liquid-cache/benchmark/clickbench/data/hits.parquet:9237485280..10161233808], [home/ec2-user/liquid-cache/benchmark/clickbench/data/hits.parquet:10161233808..11084982336], [home/ec2-user/liquid-cache/benchmark/clickbench/data/hits.parquet:11084982336..12008730864], [home/ec2-user/liquid-cache/benchmark/clickbench/data/hits.parquet:12008730864..12932479392], [home/ec2-user/liquid-cache/benchmark/clickbench/data/hits.parquet:12932479392..13856227920], [home/ec2-user/liquid-cache/benchmark/clickbench/data/hits.parquet:13856227920..14779976446]]}, projection=[UserID], file_type=liquid_parquet, metrics=[output_rows=100.00 M, elapsed_compute=16ns, output_bytes=764.8 MB, output_batches=12.22 K, files_ranges_pruned_statistics=16 total → 16 matched, row_groups_pruned_statistics=0 total → 0 matched, row_groups_pruned_bloom_filter=0 total → 0 matched, page_index_pages_pruned=0 total → 0 matched, page_index_rows_pruned=0 total → 0 matched, limit_pruned_row_groups=0 total → 0 matched, batches_split=0, bytes_scanned=270.1 M, file_open_errors=0, file_scan_errors=0, num_predicate_creation_errors=0, predicate_evaluation_errors=0, pushdown_rows_matched=0, pushdown_rows_pruned=0, predicate_cache_inner_records=0, predicate_cache_records=0, bloom_filter_eval_time=32ns, metadata_load_time=1.44ms, page_index_eval_time=32ns, row_pushdown_eval_time=32ns, statistics_eval_time=32ns, time_elapsed_opening=3.45ms, time_elapsed_processing=638.21ms, time_elapsed_scanning_total=6.09s, time_elapsed_scanning_until_data=107.58ms, scan_efficiency_ratio=N/A (0/0)]

Cache: entries=0, mem=0MB, disk=0MB
  Hits: cache_hit=0, eval_predicate=0
  Misses: cache_miss=0
  IO: read=0, write=0
  Squeeze: squeezed_success=0, squeezed_needs_io=0
Time: 648ms

+-----------------------------+
| count(DISTINCT hits.UserID) |
+-----------------------------+
| 17630976                    |
+-----------------------------+

=== EXPLAIN ANALYZE (Query 4, Iteration 2) ===
ProjectionExec: expr=[count(alias1)@0 as count(DISTINCT hits.UserID)], metrics=[output_rows=1, elapsed_compute=2.15µs, output_bytes=8.0 B, output_batches=1, expr_0_eval_time=220ns]
  AggregateExec: mode=Final, gby=[], aggr=[count(alias1)], metrics=[output_rows=1, elapsed_compute=11.44µs, output_bytes=8.0 B, output_batches=1]
    CoalescePartitionsExec, metrics=[output_rows=16, elapsed_compute=14.87µs, output_bytes=128.0 B, output_batches=16]
      AggregateExec: mode=Partial, gby=[], aggr=[count(alias1)], metrics=[output_rows=16, elapsed_compute=561.14µs, output_bytes=128.0 B, output_batches=16]
        AggregateExec: mode=FinalPartitioned, gby=[alias1@0 as alias1], aggr=[], metrics=[output_rows=17.63 M, elapsed_compute=3.12s, output_bytes=33.8 GB, output_batches=2.16 K, spill_count=0, spilled_bytes=0.0 B, spilled_rows=0, peak_mem_used=1.48 B, aggregate_arguments_time=16ns, aggregation_time=16ns, emitting_time=2.67ms, time_calculating_group_ids=3.11s]
          RepartitionExec: partitioning=Hash([alias1@0], 16), input_partitions=16, metrics=[output_rows=21.16 M, elapsed_compute=45.61ms, output_bytes=162.0 MB, output_batches=2.59 K, spill_count=0, spilled_bytes=0.0 B, spilled_rows=0, fetch_time=5.60s, repartition_time=216.34ms, send_time=662.46ms]
            AggregateExec: mode=Partial, gby=[UserID@0 as alias1], aggr=[], metrics=[output_rows=21.16 M, elapsed_compute=4.59s, output_bytes=42.2 GB, output_batches=2.59 K, spill_count=0, spilled_bytes=0.0 B, spilled_rows=0, skipped_aggregation_rows=0, peak_mem_used=730.9 M, aggregate_arguments_time=16ns, aggregation_time=16ns, emitting_time=2.65ms, time_calculating_group_ids=4.58s, reduction_factor=21% (21.16 M/100.00 M)]
              DataSourceExec: file_groups={16 groups: [[home/ec2-user/liquid-cache/benchmark/clickbench/data/hits.parquet:0..923748528], [home/ec2-user/liquid-cache/benchmark/clickbench/data/hits.parquet:923748528..1847497056], [home/ec2-user/liquid-cache/benchmark/clickbench/data/hits.parquet:1847497056..2771245584], [home/ec2-user/liquid-cache/benchmark/clickbench/data/hits.parquet:2771245584..3694994112], [home/ec2-user/liquid-cache/benchmark/clickbench/data/hits.parquet:3694994112..4618742640], [home/ec2-user/liquid-cache/benchmark/clickbench/data/hits.parquet:4618742640..5542491168], [home/ec2-user/liquid-cache/benchmark/clickbench/data/hits.parquet:5542491168..6466239696], [home/ec2-user/liquid-cache/benchmark/clickbench/data/hits.parquet:6466239696..7389988224], [home/ec2-user/liquid-cache/benchmark/clickbench/data/hits.parquet:7389988224..8313736752], [home/ec2-user/liquid-cache/benchmark/clickbench/data/hits.parquet:8313736752..9237485280], [home/ec2-user/liquid-cache/benchmark/clickbench/data/hits.parquet:9237485280..10161233808], [home/ec2-user/liquid-cache/benchmark/clickbench/data/hits.parquet:10161233808..11084982336], [home/ec2-user/liquid-cache/benchmark/clickbench/data/hits.parquet:11084982336..12008730864], [home/ec2-user/liquid-cache/benchmark/clickbench/data/hits.parquet:12008730864..12932479392], [home/ec2-user/liquid-cache/benchmark/clickbench/data/hits.parquet:12932479392..13856227920], [home/ec2-user/liquid-cache/benchmark/clickbench/data/hits.parquet:13856227920..14779976446]]}, projection=[UserID], file_type=liquid_parquet, metrics=[output_rows=100.00 M, elapsed_compute=16ns, output_bytes=764.8 MB, output_batches=12.22 K, files_ranges_pruned_statistics=16 total → 16 matched, row_groups_pruned_statistics=0 total → 0 matched, row_groups_pruned_bloom_filter=0 total → 0 matched, page_index_pages_pruned=0 total → 0 matched, page_index_rows_pruned=0 total → 0 matched, limit_pruned_row_groups=0 total → 0 matched, batches_split=0, bytes_scanned=270.1 M, file_open_errors=0, file_scan_errors=0, num_predicate_creation_errors=0, predicate_evaluation_errors=0, pushdown_rows_matched=0, pushdown_rows_pruned=0, predicate_cache_inner_records=0, predicate_cache_records=0, bloom_filter_eval_time=32ns, metadata_load_time=1.80ms, page_index_eval_time=32ns, row_pushdown_eval_time=32ns, statistics_eval_time=32ns, time_elapsed_opening=2.53ms, time_elapsed_processing=627.86ms, time_elapsed_scanning_total=5.59s, time_elapsed_scanning_until_data=52.27ms, scan_efficiency_ratio=N/A (0/0)]

Cache: entries=0, mem=0MB, disk=0MB
  Hits: cache_hit=0, eval_predicate=0
  Misses: cache_miss=0
  IO: read=0, write=0
  Squeeze: squeezed_success=0, squeezed_needs_io=0
Time: 606ms

+-----------------------------+
| count(DISTINCT hits.UserID) |
+-----------------------------+
| 17630976                    |
+-----------------------------+

=== EXPLAIN ANALYZE (Query 4, Iteration 3) ===
ProjectionExec: expr=[count(alias1)@0 as count(DISTINCT hits.UserID)], metrics=[output_rows=1, elapsed_compute=1.78µs, output_bytes=8.0 B, output_batches=1, expr_0_eval_time=190ns]
  AggregateExec: mode=Final, gby=[], aggr=[count(alias1)], metrics=[output_rows=1, elapsed_compute=10.79µs, output_bytes=8.0 B, output_batches=1]
    CoalescePartitionsExec, metrics=[output_rows=16, elapsed_compute=15.89µs, output_bytes=128.0 B, output_batches=16]
      AggregateExec: mode=Partial, gby=[], aggr=[count(alias1)], metrics=[output_rows=16, elapsed_compute=662.28µs, output_bytes=128.0 B, output_batches=16]
        AggregateExec: mode=FinalPartitioned, gby=[alias1@0 as alias1], aggr=[], metrics=[output_rows=17.63 M, elapsed_compute=3.12s, output_bytes=33.8 GB, output_batches=2.16 K, spill_count=0, spilled_bytes=0.0 B, spilled_rows=0, peak_mem_used=1.48 B, aggregate_arguments_time=16ns, aggregation_time=16ns, emitting_time=2.58ms, time_calculating_group_ids=3.11s]
          RepartitionExec: partitioning=Hash([alias1@0], 16), input_partitions=16, metrics=[output_rows=21.16 M, elapsed_compute=62.28ms, output_bytes=162.0 MB, output_batches=2.59 K, spill_count=0, spilled_bytes=0.0 B, spilled_rows=0, fetch_time=5.60s, repartition_time=210.59ms, send_time=727.14ms]
            AggregateExec: mode=Partial, gby=[UserID@0 as alias1], aggr=[], metrics=[output_rows=21.16 M, elapsed_compute=4.44s, output_bytes=42.2 GB, output_batches=2.59 K, spill_count=0, spilled_bytes=0.0 B, spilled_rows=0, skipped_aggregation_rows=0, peak_mem_used=730.9 M, aggregate_arguments_time=16ns, aggregation_time=16ns, emitting_time=2.40ms, time_calculating_group_ids=4.42s, reduction_factor=21% (21.16 M/100.00 M)]
              DataSourceExec: file_groups={16 groups: [[home/ec2-user/liquid-cache/benchmark/clickbench/data/hits.parquet:0..923748528], [home/ec2-user/liquid-cache/benchmark/clickbench/data/hits.parquet:923748528..1847497056], [home/ec2-user/liquid-cache/benchmark/clickbench/data/hits.parquet:1847497056..2771245584], [home/ec2-user/liquid-cache/benchmark/clickbench/data/hits.parquet:2771245584..3694994112], [home/ec2-user/liquid-cache/benchmark/clickbench/data/hits.parquet:3694994112..4618742640], [home/ec2-user/liquid-cache/benchmark/clickbench/data/hits.parquet:4618742640..5542491168], [home/ec2-user/liquid-cache/benchmark/clickbench/data/hits.parquet:5542491168..6466239696], [home/ec2-user/liquid-cache/benchmark/clickbench/data/hits.parquet:6466239696..7389988224], [home/ec2-user/liquid-cache/benchmark/clickbench/data/hits.parquet:7389988224..8313736752], [home/ec2-user/liquid-cache/benchmark/clickbench/data/hits.parquet:8313736752..9237485280], [home/ec2-user/liquid-cache/benchmark/clickbench/data/hits.parquet:9237485280..10161233808], [home/ec2-user/liquid-cache/benchmark/clickbench/data/hits.parquet:10161233808..11084982336], [home/ec2-user/liquid-cache/benchmark/clickbench/data/hits.parquet:11084982336..12008730864], [home/ec2-user/liquid-cache/benchmark/clickbench/data/hits.parquet:12008730864..12932479392], [home/ec2-user/liquid-cache/benchmark/clickbench/data/hits.parquet:12932479392..13856227920], [home/ec2-user/liquid-cache/benchmark/clickbench/data/hits.parquet:13856227920..14779976446]]}, projection=[UserID], file_type=liquid_parquet, metrics=[output_rows=100.00 M, elapsed_compute=16ns, output_bytes=764.8 MB, output_batches=12.22 K, files_ranges_pruned_statistics=16 total → 16 matched, row_groups_pruned_statistics=0 total → 0 matched, row_groups_pruned_bloom_filter=0 total → 0 matched, page_index_pages_pruned=0 total → 0 matched, page_index_rows_pruned=0 total → 0 matched, limit_pruned_row_groups=0 total → 0 matched, batches_split=0, bytes_scanned=270.1 M, file_open_errors=0, file_scan_errors=0, num_predicate_creation_errors=0, predicate_evaluation_errors=0, pushdown_rows_matched=0, pushdown_rows_pruned=0, predicate_cache_inner_records=0, predicate_cache_records=0, bloom_filter_eval_time=32ns, metadata_load_time=2.14ms, page_index_eval_time=32ns, row_pushdown_eval_time=32ns, statistics_eval_time=32ns, time_elapsed_opening=3.46ms, time_elapsed_processing=626.61ms, time_elapsed_scanning_total=5.59s, time_elapsed_scanning_until_data=51.56ms, scan_efficiency_ratio=N/A (0/0)]

Cache: entries=0, mem=0MB, disk=0MB
  Hits: cache_hit=0, eval_predicate=0
  Misses: cache_miss=0
  IO: read=0, write=0
  Squeeze: squeezed_success=0, squeezed_needs_io=0
Time: 606ms

+-----------------------------+
| count(DISTINCT hits.UserID) |
+-----------------------------+
| 17630976                    |
+-----------------------------+

=== EXPLAIN ANALYZE (Query 4, Iteration 4) ===
ProjectionExec: expr=[count(alias1)@0 as count(DISTINCT hits.UserID)], metrics=[output_rows=1, elapsed_compute=1.87µs, output_bytes=8.0 B, output_batches=1, expr_0_eval_time=210ns]
  AggregateExec: mode=Final, gby=[], aggr=[count(alias1)], metrics=[output_rows=1, elapsed_compute=11.59µs, output_bytes=8.0 B, output_batches=1]
    CoalescePartitionsExec, metrics=[output_rows=16, elapsed_compute=14.24µs, output_bytes=128.0 B, output_batches=16]
      AggregateExec: mode=Partial, gby=[], aggr=[count(alias1)], metrics=[output_rows=16, elapsed_compute=616.79µs, output_bytes=128.0 B, output_batches=16]
        AggregateExec: mode=FinalPartitioned, gby=[alias1@0 as alias1], aggr=[], metrics=[output_rows=17.63 M, elapsed_compute=3.11s, output_bytes=33.8 GB, output_batches=2.16 K, spill_count=0, spilled_bytes=0.0 B, spilled_rows=0, peak_mem_used=1.48 B, aggregate_arguments_time=16ns, aggregation_time=16ns, emitting_time=2.74ms, time_calculating_group_ids=3.10s]
          RepartitionExec: partitioning=Hash([alias1@0], 16), input_partitions=16, metrics=[output_rows=21.16 M, elapsed_compute=73.34ms, output_bytes=162.0 MB, output_batches=2.59 K, spill_count=0, spilled_bytes=0.0 B, spilled_rows=0, fetch_time=5.62s, repartition_time=199.19ms, send_time=769.34ms]
            AggregateExec: mode=Partial, gby=[UserID@0 as alias1], aggr=[], metrics=[output_rows=21.16 M, elapsed_compute=4.54s, output_bytes=42.2 GB, output_batches=2.59 K, spill_count=0, spilled_bytes=0.0 B, spilled_rows=0, skipped_aggregation_rows=0, peak_mem_used=730.9 M, aggregate_arguments_time=16ns, aggregation_time=16ns, emitting_time=2.82ms, time_calculating_group_ids=4.52s, reduction_factor=21% (21.16 M/100.00 M)]
              DataSourceExec: file_groups={16 groups: [[home/ec2-user/liquid-cache/benchmark/clickbench/data/hits.parquet:0..923748528], [home/ec2-user/liquid-cache/benchmark/clickbench/data/hits.parquet:923748528..1847497056], [home/ec2-user/liquid-cache/benchmark/clickbench/data/hits.parquet:1847497056..2771245584], [home/ec2-user/liquid-cache/benchmark/clickbench/data/hits.parquet:2771245584..3694994112], [home/ec2-user/liquid-cache/benchmark/clickbench/data/hits.parquet:3694994112..4618742640], [home/ec2-user/liquid-cache/benchmark/clickbench/data/hits.parquet:4618742640..5542491168], [home/ec2-user/liquid-cache/benchmark/clickbench/data/hits.parquet:5542491168..6466239696], [home/ec2-user/liquid-cache/benchmark/clickbench/data/hits.parquet:6466239696..7389988224], [home/ec2-user/liquid-cache/benchmark/clickbench/data/hits.parquet:7389988224..8313736752], [home/ec2-user/liquid-cache/benchmark/clickbench/data/hits.parquet:8313736752..9237485280], [home/ec2-user/liquid-cache/benchmark/clickbench/data/hits.parquet:9237485280..10161233808], [home/ec2-user/liquid-cache/benchmark/clickbench/data/hits.parquet:10161233808..11084982336], [home/ec2-user/liquid-cache/benchmark/clickbench/data/hits.parquet:11084982336..12008730864], [home/ec2-user/liquid-cache/benchmark/clickbench/data/hits.parquet:12008730864..12932479392], [home/ec2-user/liquid-cache/benchmark/clickbench/data/hits.parquet:12932479392..13856227920], [home/ec2-user/liquid-cache/benchmark/clickbench/data/hits.parquet:13856227920..14779976446]]}, projection=[UserID], file_type=liquid_parquet, metrics=[output_rows=100.00 M, elapsed_compute=16ns, output_bytes=764.8 MB, output_batches=12.22 K, files_ranges_pruned_statistics=16 total → 16 matched, row_groups_pruned_statistics=0 total → 0 matched, row_groups_pruned_bloom_filter=0 total → 0 matched, page_index_pages_pruned=0 total → 0 matched, page_index_rows_pruned=0 total → 0 matched, limit_pruned_row_groups=0 total → 0 matched, batches_split=0, bytes_scanned=270.1 M, file_open_errors=0, file_scan_errors=0, num_predicate_creation_errors=0, predicate_evaluation_errors=0, pushdown_rows_matched=0, pushdown_rows_pruned=0, predicate_cache_inner_records=0, predicate_cache_records=0, bloom_filter_eval_time=32ns, metadata_load_time=2.08ms, page_index_eval_time=32ns, row_pushdown_eval_time=32ns, statistics_eval_time=32ns, time_elapsed_opening=3.03ms, time_elapsed_processing=643.80ms, time_elapsed_scanning_total=5.61s, time_elapsed_scanning_until_data=60.91ms, scan_efficiency_ratio=N/A (0/0)]

Cache: entries=0, mem=0MB, disk=0MB
  Hits: cache_hit=0, eval_predicate=0
  Misses: cache_miss=0
  IO: read=0, write=0
  Squeeze: squeezed_success=0, squeezed_needs_io=0
Time: 615ms

+-----------------------------+
| count(DISTINCT hits.UserID) |
+-----------------------------+
| 17630976                    |
+-----------------------------+
