
=== EXPLAIN ANALYZE (Query 4, Iteration 0) ===
ProjectionExec: expr=[count(alias1)@0 as count(DISTINCT hits.UserID)], metrics=[output_rows=1, elapsed_compute=2.66µs, output_bytes=8.0 B, output_batches=1, expr_0_eval_time=270ns]
  AggregateExec: mode=Final, gby=[], aggr=[count(alias1)], metrics=[output_rows=1, elapsed_compute=20.12µs, output_bytes=8.0 B, output_batches=1]
    CoalescePartitionsExec, metrics=[output_rows=16, elapsed_compute=859.32µs, output_bytes=128.0 B, output_batches=16]
      AggregateExec: mode=Partial, gby=[], aggr=[count(alias1)], metrics=[output_rows=16, elapsed_compute=619.97µs, output_bytes=128.0 B, output_batches=16]
        AggregateExec: mode=FinalPartitioned, gby=[alias1@0 as alias1], aggr=[], metrics=[output_rows=17.63 M, elapsed_compute=5.46s, output_bytes=33.8 GB, output_batches=2.16 K, spill_count=0, spilled_bytes=0.0 B, spilled_rows=0, peak_mem_used=1.48 B, aggregate_arguments_time=16ns, aggregation_time=16ns, emitting_time=2.77ms, time_calculating_group_ids=5.45s]
          RepartitionExec: partitioning=Hash([alias1@0], 16), input_partitions=16, metrics=[output_rows=21.16 M, elapsed_compute=80.98ms, output_bytes=162.0 MB, output_batches=2.59 K, spill_count=0, spilled_bytes=0.0 B, spilled_rows=0, fetch_time=9.61s, repartition_time=325.52ms, send_time=1.02s]
            AggregateExec: mode=Partial, gby=[UserID@0 as alias1], aggr=[], metrics=[output_rows=21.16 M, elapsed_compute=6.52s, output_bytes=42.2 GB, output_batches=2.59 K, spill_count=0, spilled_bytes=0.0 B, spilled_rows=0, skipped_aggregation_rows=0, peak_mem_used=730.9 M, aggregate_arguments_time=16ns, aggregation_time=16ns, emitting_time=2.67ms, time_calculating_group_ids=6.50s, reduction_factor=21% (21.16 M/100.00 M)]
              DataSourceExec: file_groups={16 groups: [[home/ec2-user/liquid-cache/benchmark/clickbench/data/hits.parquet:0..923748528], [home/ec2-user/liquid-cache/benchmark/clickbench/data/hits.parquet:923748528..1847497056], [home/ec2-user/liquid-cache/benchmark/clickbench/data/hits.parquet:1847497056..2771245584], [home/ec2-user/liquid-cache/benchmark/clickbench/data/hits.parquet:2771245584..3694994112], [home/ec2-user/liquid-cache/benchmark/clickbench/data/hits.parquet:3694994112..4618742640], [home/ec2-user/liquid-cache/benchmark/clickbench/data/hits.parquet:4618742640..5542491168], [home/ec2-user/liquid-cache/benchmark/clickbench/data/hits.parquet:5542491168..6466239696], [home/ec2-user/liquid-cache/benchmark/clickbench/data/hits.parquet:6466239696..7389988224], [home/ec2-user/liquid-cache/benchmark/clickbench/data/hits.parquet:7389988224..8313736752], [home/ec2-user/liquid-cache/benchmark/clickbench/data/hits.parquet:8313736752..9237485280], [home/ec2-user/liquid-cache/benchmark/clickbench/data/hits.parquet:9237485280..10161233808], [home/ec2-user/liquid-cache/benchmark/clickbench/data/hits.parquet:10161233808..11084982336], [home/ec2-user/liquid-cache/benchmark/clickbench/data/hits.parquet:11084982336..12008730864], [home/ec2-user/liquid-cache/benchmark/clickbench/data/hits.parquet:12008730864..12932479392], [home/ec2-user/liquid-cache/benchmark/clickbench/data/hits.parquet:12932479392..13856227920], [home/ec2-user/liquid-cache/benchmark/clickbench/data/hits.parquet:13856227920..14779976446]]}, projection=[UserID], file_type=parquet, metrics=[output_rows=100.00 M, elapsed_compute=16ns, output_bytes=764.8 MB, output_batches=12.22 K, files_ranges_pruned_statistics=16 total → 16 matched, row_groups_pruned_statistics=226 total → 226 matched, row_groups_pruned_bloom_filter=226 total → 226 matched, page_index_pages_pruned=0 total → 0 matched, page_index_rows_pruned=0 total → 0 matched, limit_pruned_row_groups=0 total → 0 matched, batches_split=0, bytes_scanned=270.1 M, file_open_errors=0, file_scan_errors=0, num_predicate_creation_errors=0, predicate_evaluation_errors=0, pushdown_rows_matched=0, pushdown_rows_pruned=0, predicate_cache_inner_records=0, predicate_cache_records=0, bloom_filter_eval_time=32ns, metadata_load_time=9.19ms, page_index_eval_time=32ns, row_pushdown_eval_time=32ns, statistics_eval_time=32ns, time_elapsed_opening=19.40ms, time_elapsed_processing=1.33s, time_elapsed_scanning_total=9.59s, time_elapsed_scanning_until_data=800.28ms, scan_efficiency_ratio=1.8% (270.1 M/14.78 B)]

Time: 1064ms

+-----------------------------+
| count(DISTINCT hits.UserID) |
+-----------------------------+
| 17630976                    |
+-----------------------------+

=== EXPLAIN ANALYZE (Query 4, Iteration 1) ===
ProjectionExec: expr=[count(alias1)@0 as count(DISTINCT hits.UserID)], metrics=[output_rows=1, elapsed_compute=2.05µs, output_bytes=8.0 B, output_batches=1, expr_0_eval_time=210ns]
  AggregateExec: mode=Final, gby=[], aggr=[count(alias1)], metrics=[output_rows=1, elapsed_compute=14.42µs, output_bytes=8.0 B, output_batches=1]
    CoalescePartitionsExec, metrics=[output_rows=16, elapsed_compute=19.81µs, output_bytes=128.0 B, output_batches=16]
      AggregateExec: mode=Partial, gby=[], aggr=[count(alias1)], metrics=[output_rows=16, elapsed_compute=615.76µs, output_bytes=128.0 B, output_batches=16]
        AggregateExec: mode=FinalPartitioned, gby=[alias1@0 as alias1], aggr=[], metrics=[output_rows=17.63 M, elapsed_compute=3.61s, output_bytes=33.8 GB, output_batches=2.16 K, spill_count=0, spilled_bytes=0.0 B, spilled_rows=0, peak_mem_used=1.48 B, aggregate_arguments_time=16ns, aggregation_time=16ns, emitting_time=3.35ms, time_calculating_group_ids=3.60s]
          RepartitionExec: partitioning=Hash([alias1@0], 16), input_partitions=16, metrics=[output_rows=21.16 M, elapsed_compute=84.76ms, output_bytes=162.0 MB, output_batches=2.59 K, spill_count=0, spilled_bytes=0.0 B, spilled_rows=0, fetch_time=8.72s, repartition_time=196.41ms, send_time=624.31ms]
            AggregateExec: mode=Partial, gby=[UserID@0 as alias1], aggr=[], metrics=[output_rows=21.16 M, elapsed_compute=5.95s, output_bytes=42.2 GB, output_batches=2.59 K, spill_count=0, spilled_bytes=0.0 B, spilled_rows=0, skipped_aggregation_rows=0, peak_mem_used=730.9 M, aggregate_arguments_time=16ns, aggregation_time=16ns, emitting_time=2.55ms, time_calculating_group_ids=5.91s, reduction_factor=21% (21.16 M/100.00 M)]
              DataSourceExec: file_groups={16 groups: [[home/ec2-user/liquid-cache/benchmark/clickbench/data/hits.parquet:0..923748528], [home/ec2-user/liquid-cache/benchmark/clickbench/data/hits.parquet:923748528..1847497056], [home/ec2-user/liquid-cache/benchmark/clickbench/data/hits.parquet:1847497056..2771245584], [home/ec2-user/liquid-cache/benchmark/clickbench/data/hits.parquet:2771245584..3694994112], [home/ec2-user/liquid-cache/benchmark/clickbench/data/hits.parquet:3694994112..4618742640], [home/ec2-user/liquid-cache/benchmark/clickbench/data/hits.parquet:4618742640..5542491168], [home/ec2-user/liquid-cache/benchmark/clickbench/data/hits.parquet:5542491168..6466239696], [home/ec2-user/liquid-cache/benchmark/clickbench/data/hits.parquet:6466239696..7389988224], [home/ec2-user/liquid-cache/benchmark/clickbench/data/hits.parquet:7389988224..8313736752], [home/ec2-user/liquid-cache/benchmark/clickbench/data/hits.parquet:8313736752..9237485280], [home/ec2-user/liquid-cache/benchmark/clickbench/data/hits.parquet:9237485280..10161233808], [home/ec2-user/liquid-cache/benchmark/clickbench/data/hits.parquet:10161233808..11084982336], [home/ec2-user/liquid-cache/benchmark/clickbench/data/hits.parquet:11084982336..12008730864], [home/ec2-user/liquid-cache/benchmark/clickbench/data/hits.parquet:12008730864..12932479392], [home/ec2-user/liquid-cache/benchmark/clickbench/data/hits.parquet:12932479392..13856227920], [home/ec2-user/liquid-cache/benchmark/clickbench/data/hits.parquet:13856227920..14779976446]]}, projection=[UserID], file_type=parquet, metrics=[output_rows=100.00 M, elapsed_compute=16ns, output_bytes=764.8 MB, output_batches=12.22 K, files_ranges_pruned_statistics=16 total → 16 matched, row_groups_pruned_statistics=226 total → 226 matched, row_groups_pruned_bloom_filter=226 total → 226 matched, page_index_pages_pruned=0 total → 0 matched, page_index_rows_pruned=0 total → 0 matched, limit_pruned_row_groups=0 total → 0 matched, batches_split=0, bytes_scanned=270.1 M, file_open_errors=0, file_scan_errors=0, num_predicate_creation_errors=0, predicate_evaluation_errors=0, pushdown_rows_matched=0, pushdown_rows_pruned=0, predicate_cache_inner_records=0, predicate_cache_records=0, bloom_filter_eval_time=32ns, metadata_load_time=1.59ms, page_index_eval_time=32ns, row_pushdown_eval_time=32ns, statistics_eval_time=32ns, time_elapsed_opening=3.10ms, time_elapsed_processing=1.09s, time_elapsed_scanning_total=8.71s, time_elapsed_scanning_until_data=393.68ms, scan_efficiency_ratio=1.8% (270.1 M/14.78 B)]

Time: 819ms

+-----------------------------+
| count(DISTINCT hits.UserID) |
+-----------------------------+
| 17630976                    |
+-----------------------------+

=== EXPLAIN ANALYZE (Query 4, Iteration 2) ===
ProjectionExec: expr=[count(alias1)@0 as count(DISTINCT hits.UserID)], metrics=[output_rows=1, elapsed_compute=1.62µs, output_bytes=8.0 B, output_batches=1, expr_0_eval_time=120ns]
  AggregateExec: mode=Final, gby=[], aggr=[count(alias1)], metrics=[output_rows=1, elapsed_compute=12.32µs, output_bytes=8.0 B, output_batches=1]
    CoalescePartitionsExec, metrics=[output_rows=16, elapsed_compute=15.48µs, output_bytes=128.0 B, output_batches=16]
      AggregateExec: mode=Partial, gby=[], aggr=[count(alias1)], metrics=[output_rows=16, elapsed_compute=621.88µs, output_bytes=128.0 B, output_batches=16]
        AggregateExec: mode=FinalPartitioned, gby=[alias1@0 as alias1], aggr=[], metrics=[output_rows=17.63 M, elapsed_compute=3.31s, output_bytes=33.8 GB, output_batches=2.16 K, spill_count=0, spilled_bytes=0.0 B, spilled_rows=0, peak_mem_used=1.48 B, aggregate_arguments_time=16ns, aggregation_time=16ns, emitting_time=3.33ms, time_calculating_group_ids=3.30s]
          RepartitionExec: partitioning=Hash([alias1@0], 16), input_partitions=16, metrics=[output_rows=21.16 M, elapsed_compute=47.23ms, output_bytes=162.0 MB, output_batches=2.59 K, spill_count=0, spilled_bytes=0.0 B, spilled_rows=0, fetch_time=5.47s, repartition_time=214.78ms, send_time=628.63ms]
            AggregateExec: mode=Partial, gby=[UserID@0 as alias1], aggr=[], metrics=[output_rows=21.16 M, elapsed_compute=4.65s, output_bytes=42.2 GB, output_batches=2.59 K, spill_count=0, spilled_bytes=0.0 B, spilled_rows=0, skipped_aggregation_rows=0, peak_mem_used=730.9 M, aggregate_arguments_time=16ns, aggregation_time=16ns, emitting_time=3.11ms, time_calculating_group_ids=4.63s, reduction_factor=21% (21.16 M/100.00 M)]
              DataSourceExec: file_groups={16 groups: [[home/ec2-user/liquid-cache/benchmark/clickbench/data/hits.parquet:0..923748528], [home/ec2-user/liquid-cache/benchmark/clickbench/data/hits.parquet:923748528..1847497056], [home/ec2-user/liquid-cache/benchmark/clickbench/data/hits.parquet:1847497056..2771245584], [home/ec2-user/liquid-cache/benchmark/clickbench/data/hits.parquet:2771245584..3694994112], [home/ec2-user/liquid-cache/benchmark/clickbench/data/hits.parquet:3694994112..4618742640], [home/ec2-user/liquid-cache/benchmark/clickbench/data/hits.parquet:4618742640..5542491168], [home/ec2-user/liquid-cache/benchmark/clickbench/data/hits.parquet:5542491168..6466239696], [home/ec2-user/liquid-cache/benchmark/clickbench/data/hits.parquet:6466239696..7389988224], [home/ec2-user/liquid-cache/benchmark/clickbench/data/hits.parquet:7389988224..8313736752], [home/ec2-user/liquid-cache/benchmark/clickbench/data/hits.parquet:8313736752..9237485280], [home/ec2-user/liquid-cache/benchmark/clickbench/data/hits.parquet:9237485280..10161233808], [home/ec2-user/liquid-cache/benchmark/clickbench/data/hits.parquet:10161233808..11084982336], [home/ec2-user/liquid-cache/benchmark/clickbench/data/hits.parquet:11084982336..12008730864], [home/ec2-user/liquid-cache/benchmark/clickbench/data/hits.parquet:12008730864..12932479392], [home/ec2-user/liquid-cache/benchmark/clickbench/data/hits.parquet:12932479392..13856227920], [home/ec2-user/liquid-cache/benchmark/clickbench/data/hits.parquet:13856227920..14779976446]]}, projection=[UserID], file_type=parquet, metrics=[output_rows=100.00 M, elapsed_compute=16ns, output_bytes=764.8 MB, output_batches=12.22 K, files_ranges_pruned_statistics=16 total → 16 matched, row_groups_pruned_statistics=226 total → 226 matched, row_groups_pruned_bloom_filter=226 total → 226 matched, page_index_pages_pruned=0 total → 0 matched, page_index_rows_pruned=0 total → 0 matched, limit_pruned_row_groups=0 total → 0 matched, batches_split=0, bytes_scanned=270.1 M, file_open_errors=0, file_scan_errors=0, num_predicate_creation_errors=0, predicate_evaluation_errors=0, pushdown_rows_matched=0, pushdown_rows_pruned=0, predicate_cache_inner_records=0, predicate_cache_records=0, bloom_filter_eval_time=32ns, metadata_load_time=1.54ms, page_index_eval_time=32ns, row_pushdown_eval_time=32ns, statistics_eval_time=32ns, time_elapsed_opening=2.24ms, time_elapsed_processing=530.97ms, time_elapsed_scanning_total=5.46s, time_elapsed_scanning_until_data=50.20ms, scan_efficiency_ratio=1.8% (270.1 M/14.78 B)]

Time: 600ms

+-----------------------------+
| count(DISTINCT hits.UserID) |
+-----------------------------+
| 17630976                    |
+-----------------------------+

=== EXPLAIN ANALYZE (Query 4, Iteration 3) ===
ProjectionExec: expr=[count(alias1)@0 as count(DISTINCT hits.UserID)], metrics=[output_rows=1, elapsed_compute=1.80µs, output_bytes=8.0 B, output_batches=1, expr_0_eval_time=220ns]
  AggregateExec: mode=Final, gby=[], aggr=[count(alias1)], metrics=[output_rows=1, elapsed_compute=13.70µs, output_bytes=8.0 B, output_batches=1]
    CoalescePartitionsExec, metrics=[output_rows=16, elapsed_compute=15.42µs, output_bytes=128.0 B, output_batches=16]
      AggregateExec: mode=Partial, gby=[], aggr=[count(alias1)], metrics=[output_rows=16, elapsed_compute=795.05µs, output_bytes=128.0 B, output_batches=16]
        AggregateExec: mode=FinalPartitioned, gby=[alias1@0 as alias1], aggr=[], metrics=[output_rows=17.63 M, elapsed_compute=3.34s, output_bytes=33.8 GB, output_batches=2.16 K, spill_count=0, spilled_bytes=0.0 B, spilled_rows=0, peak_mem_used=1.48 B, aggregate_arguments_time=16ns, aggregation_time=16ns, emitting_time=3.87ms, time_calculating_group_ids=3.34s]
          RepartitionExec: partitioning=Hash([alias1@0], 16), input_partitions=16, metrics=[output_rows=21.16 M, elapsed_compute=49.59ms, output_bytes=162.0 MB, output_batches=2.59 K, spill_count=0, spilled_bytes=0.0 B, spilled_rows=0, fetch_time=5.60s, repartition_time=204.39ms, send_time=647.62ms]
            AggregateExec: mode=Partial, gby=[UserID@0 as alias1], aggr=[], metrics=[output_rows=21.16 M, elapsed_compute=4.72s, output_bytes=42.2 GB, output_batches=2.59 K, spill_count=0, spilled_bytes=0.0 B, spilled_rows=0, skipped_aggregation_rows=0, peak_mem_used=730.9 M, aggregate_arguments_time=16ns, aggregation_time=16ns, emitting_time=3.72ms, time_calculating_group_ids=4.70s, reduction_factor=21% (21.16 M/100.00 M)]
              DataSourceExec: file_groups={16 groups: [[home/ec2-user/liquid-cache/benchmark/clickbench/data/hits.parquet:0..923748528], [home/ec2-user/liquid-cache/benchmark/clickbench/data/hits.parquet:923748528..1847497056], [home/ec2-user/liquid-cache/benchmark/clickbench/data/hits.parquet:1847497056..2771245584], [home/ec2-user/liquid-cache/benchmark/clickbench/data/hits.parquet:2771245584..3694994112], [home/ec2-user/liquid-cache/benchmark/clickbench/data/hits.parquet:3694994112..4618742640], [home/ec2-user/liquid-cache/benchmark/clickbench/data/hits.parquet:4618742640..5542491168], [home/ec2-user/liquid-cache/benchmark/clickbench/data/hits.parquet:5542491168..6466239696], [home/ec2-user/liquid-cache/benchmark/clickbench/data/hits.parquet:6466239696..7389988224], [home/ec2-user/liquid-cache/benchmark/clickbench/data/hits.parquet:7389988224..8313736752], [home/ec2-user/liquid-cache/benchmark/clickbench/data/hits.parquet:8313736752..9237485280], [home/ec2-user/liquid-cache/benchmark/clickbench/data/hits.parquet:9237485280..10161233808], [home/ec2-user/liquid-cache/benchmark/clickbench/data/hits.parquet:10161233808..11084982336], [home/ec2-user/liquid-cache/benchmark/clickbench/data/hits.parquet:11084982336..12008730864], [home/ec2-user/liquid-cache/benchmark/clickbench/data/hits.parquet:12008730864..12932479392], [home/ec2-user/liquid-cache/benchmark/clickbench/data/hits.parquet:12932479392..13856227920], [home/ec2-user/liquid-cache/benchmark/clickbench/data/hits.parquet:13856227920..14779976446]]}, projection=[UserID], file_type=parquet, metrics=[output_rows=100.00 M, elapsed_compute=16ns, output_bytes=764.8 MB, output_batches=12.22 K, files_ranges_pruned_statistics=16 total → 16 matched, row_groups_pruned_statistics=226 total → 226 matched, row_groups_pruned_bloom_filter=226 total → 226 matched, page_index_pages_pruned=0 total → 0 matched, page_index_rows_pruned=0 total → 0 matched, limit_pruned_row_groups=0 total → 0 matched, batches_split=0, bytes_scanned=270.1 M, file_open_errors=0, file_scan_errors=0, num_predicate_creation_errors=0, predicate_evaluation_errors=0, pushdown_rows_matched=0, pushdown_rows_pruned=0, predicate_cache_inner_records=0, predicate_cache_records=0, bloom_filter_eval_time=32ns, metadata_load_time=1.99ms, page_index_eval_time=32ns, row_pushdown_eval_time=32ns, statistics_eval_time=32ns, time_elapsed_opening=4.48ms, time_elapsed_processing=574.66ms, time_elapsed_scanning_total=5.58s, time_elapsed_scanning_until_data=48.40ms, scan_efficiency_ratio=1.8% (270.1 M/14.78 B)]

Time: 605ms

+-----------------------------+
| count(DISTINCT hits.UserID) |
+-----------------------------+
| 17630976                    |
+-----------------------------+

=== EXPLAIN ANALYZE (Query 4, Iteration 4) ===
ProjectionExec: expr=[count(alias1)@0 as count(DISTINCT hits.UserID)], metrics=[output_rows=1, elapsed_compute=1.99µs, output_bytes=8.0 B, output_batches=1, expr_0_eval_time=120ns]
  AggregateExec: mode=Final, gby=[], aggr=[count(alias1)], metrics=[output_rows=1, elapsed_compute=8.95µs, output_bytes=8.0 B, output_batches=1]
    CoalescePartitionsExec, metrics=[output_rows=16, elapsed_compute=14.62µs, output_bytes=128.0 B, output_batches=16]
      AggregateExec: mode=Partial, gby=[], aggr=[count(alias1)], metrics=[output_rows=16, elapsed_compute=604.35µs, output_bytes=128.0 B, output_batches=16]
        AggregateExec: mode=FinalPartitioned, gby=[alias1@0 as alias1], aggr=[], metrics=[output_rows=17.63 M, elapsed_compute=3.23s, output_bytes=33.8 GB, output_batches=2.16 K, spill_count=0, spilled_bytes=0.0 B, spilled_rows=0, peak_mem_used=1.48 B, aggregate_arguments_time=16ns, aggregation_time=16ns, emitting_time=2.87ms, time_calculating_group_ids=3.22s]
          RepartitionExec: partitioning=Hash([alias1@0], 16), input_partitions=16, metrics=[output_rows=21.16 M, elapsed_compute=54.84ms, output_bytes=162.0 MB, output_batches=2.59 K, spill_count=0, spilled_bytes=0.0 B, spilled_rows=0, fetch_time=5.53s, repartition_time=199.39ms, send_time=622.83ms]
            AggregateExec: mode=Partial, gby=[UserID@0 as alias1], aggr=[], metrics=[output_rows=21.16 M, elapsed_compute=4.72s, output_bytes=42.2 GB, output_batches=2.59 K, spill_count=0, spilled_bytes=0.0 B, spilled_rows=0, skipped_aggregation_rows=0, peak_mem_used=730.9 M, aggregate_arguments_time=16ns, aggregation_time=16ns, emitting_time=2.16ms, time_calculating_group_ids=4.70s, reduction_factor=21% (21.16 M/100.00 M)]
              DataSourceExec: file_groups={16 groups: [[home/ec2-user/liquid-cache/benchmark/clickbench/data/hits.parquet:0..923748528], [home/ec2-user/liquid-cache/benchmark/clickbench/data/hits.parquet:923748528..1847497056], [home/ec2-user/liquid-cache/benchmark/clickbench/data/hits.parquet:1847497056..2771245584], [home/ec2-user/liquid-cache/benchmark/clickbench/data/hits.parquet:2771245584..3694994112], [home/ec2-user/liquid-cache/benchmark/clickbench/data/hits.parquet:3694994112..4618742640], [home/ec2-user/liquid-cache/benchmark/clickbench/data/hits.parquet:4618742640..5542491168], [home/ec2-user/liquid-cache/benchmark/clickbench/data/hits.parquet:5542491168..6466239696], [home/ec2-user/liquid-cache/benchmark/clickbench/data/hits.parquet:6466239696..7389988224], [home/ec2-user/liquid-cache/benchmark/clickbench/data/hits.parquet:7389988224..8313736752], [home/ec2-user/liquid-cache/benchmark/clickbench/data/hits.parquet:8313736752..9237485280], [home/ec2-user/liquid-cache/benchmark/clickbench/data/hits.parquet:9237485280..10161233808], [home/ec2-user/liquid-cache/benchmark/clickbench/data/hits.parquet:10161233808..11084982336], [home/ec2-user/liquid-cache/benchmark/clickbench/data/hits.parquet:11084982336..12008730864], [home/ec2-user/liquid-cache/benchmark/clickbench/data/hits.parquet:12008730864..12932479392], [home/ec2-user/liquid-cache/benchmark/clickbench/data/hits.parquet:12932479392..13856227920], [home/ec2-user/liquid-cache/benchmark/clickbench/data/hits.parquet:13856227920..14779976446]]}, projection=[UserID], file_type=parquet, metrics=[output_rows=100.00 M, elapsed_compute=16ns, output_bytes=764.8 MB, output_batches=12.22 K, files_ranges_pruned_statistics=16 total → 16 matched, row_groups_pruned_statistics=226 total → 226 matched, row_groups_pruned_bloom_filter=226 total → 226 matched, page_index_pages_pruned=0 total → 0 matched, page_index_rows_pruned=0 total → 0 matched, limit_pruned_row_groups=0 total → 0 matched, batches_split=0, bytes_scanned=270.1 M, file_open_errors=0, file_scan_errors=0, num_predicate_creation_errors=0, predicate_evaluation_errors=0, pushdown_rows_matched=0, pushdown_rows_pruned=0, predicate_cache_inner_records=0, predicate_cache_records=0, bloom_filter_eval_time=32ns, metadata_load_time=1.34ms, page_index_eval_time=32ns, row_pushdown_eval_time=32ns, statistics_eval_time=32ns, time_elapsed_opening=2.04ms, time_elapsed_processing=546.76ms, time_elapsed_scanning_total=5.52s, time_elapsed_scanning_until_data=63.05ms, scan_efficiency_ratio=1.8% (270.1 M/14.78 B)]

Time: 610ms

+-----------------------------+
| count(DISTINCT hits.UserID) |
+-----------------------------+
| 17630976                    |
+-----------------------------+
