
=== EXPLAIN ANALYZE (Query 4, Iteration 0) ===
ProjectionExec: expr=[count(alias1)@0 as count(DISTINCT hits.UserID)], metrics=[output_rows=1, elapsed_compute=2.69µs, output_bytes=8.0 B, output_batches=1, expr_0_eval_time=540ns]
  AggregateExec: mode=Final, gby=[], aggr=[count(alias1)], metrics=[output_rows=1, elapsed_compute=12.26µs, output_bytes=8.0 B, output_batches=1]
    CoalescePartitionsExec, metrics=[output_rows=16, elapsed_compute=153.82µs, output_bytes=128.0 B, output_batches=16]
      AggregateExec: mode=Partial, gby=[], aggr=[count(alias1)], metrics=[output_rows=16, elapsed_compute=485.78µs, output_bytes=128.0 B, output_batches=16]
        AggregateExec: mode=FinalPartitioned, gby=[alias1@0 as alias1], aggr=[], metrics=[output_rows=17.63 M, elapsed_compute=5.82s, output_bytes=33.8 GB, output_batches=2.16 K, spill_count=0, spilled_bytes=0.0 B, spilled_rows=0, peak_mem_used=1.48 B, aggregate_arguments_time=16ns, aggregation_time=16ns, emitting_time=2.56ms, time_calculating_group_ids=5.78s]
          RepartitionExec: partitioning=Hash([alias1@0], 16), input_partitions=16, metrics=[output_rows=21.16 M, elapsed_compute=206.70ms, output_bytes=162.0 MB, output_batches=2.59 K, spill_count=0, spilled_bytes=0.0 B, spilled_rows=0, fetch_time=9.79s, repartition_time=452.39ms, send_time=1.56s]
            AggregateExec: mode=Partial, gby=[UserID@0 as alias1], aggr=[], metrics=[output_rows=21.16 M, elapsed_compute=6.38s, output_bytes=42.2 GB, output_batches=2.59 K, spill_count=0, spilled_bytes=0.0 B, spilled_rows=0, skipped_aggregation_rows=0, peak_mem_used=730.9 M, aggregate_arguments_time=16ns, aggregation_time=16ns, emitting_time=2.59ms, time_calculating_group_ids=6.36s, reduction_factor=21% (21.16 M/100.00 M)]
              DataSourceExec: file_groups={16 groups: [[home/ec2-user/liquid-cache/benchmark/clickbench/data/hits.parquet:0..923748528], [home/ec2-user/liquid-cache/benchmark/clickbench/data/hits.parquet:923748528..1847497056], [home/ec2-user/liquid-cache/benchmark/clickbench/data/hits.parquet:1847497056..2771245584], [home/ec2-user/liquid-cache/benchmark/clickbench/data/hits.parquet:2771245584..3694994112], [home/ec2-user/liquid-cache/benchmark/clickbench/data/hits.parquet:3694994112..4618742640], [home/ec2-user/liquid-cache/benchmark/clickbench/data/hits.parquet:4618742640..5542491168], [home/ec2-user/liquid-cache/benchmark/clickbench/data/hits.parquet:5542491168..6466239696], [home/ec2-user/liquid-cache/benchmark/clickbench/data/hits.parquet:6466239696..7389988224], [home/ec2-user/liquid-cache/benchmark/clickbench/data/hits.parquet:7389988224..8313736752], [home/ec2-user/liquid-cache/benchmark/clickbench/data/hits.parquet:8313736752..9237485280], [home/ec2-user/liquid-cache/benchmark/clickbench/data/hits.parquet:9237485280..10161233808], [home/ec2-user/liquid-cache/benchmark/clickbench/data/hits.parquet:10161233808..11084982336], [home/ec2-user/liquid-cache/benchmark/clickbench/data/hits.parquet:11084982336..12008730864], [home/ec2-user/liquid-cache/benchmark/clickbench/data/hits.parquet:12008730864..12932479392], [home/ec2-user/liquid-cache/benchmark/clickbench/data/hits.parquet:12932479392..13856227920], [home/ec2-user/liquid-cache/benchmark/clickbench/data/hits.parquet:13856227920..14779976446]]}, projection=[UserID], file_type=liquid_parquet, metrics=[output_rows=100.00 M, elapsed_compute=16ns, output_bytes=764.8 MB, output_batches=12.22 K, files_ranges_pruned_statistics=16 total → 16 matched, row_groups_pruned_statistics=0 total → 0 matched, row_groups_pruned_bloom_filter=0 total → 0 matched, page_index_pages_pruned=0 total → 0 matched, page_index_rows_pruned=0 total → 0 matched, limit_pruned_row_groups=0 total → 0 matched, batches_split=0, bytes_scanned=270.1 M, file_open_errors=0, file_scan_errors=0, num_predicate_creation_errors=0, predicate_evaluation_errors=0, pushdown_rows_matched=0, pushdown_rows_pruned=0, predicate_cache_inner_records=0, predicate_cache_records=0, bloom_filter_eval_time=32ns, metadata_load_time=319.50ms, page_index_eval_time=32ns, row_pushdown_eval_time=32ns, statistics_eval_time=32ns, time_elapsed_opening=322.38ms, time_elapsed_processing=1.49s, time_elapsed_scanning_total=9.45s, time_elapsed_scanning_until_data=264.57ms, scan_efficiency_ratio=N/A (0/0)]

Cache: entries=0, mem=0MB, disk=0MB
  Hits: cache_hit=0, eval_predicate=0
  Misses: cache_miss=0
  IO: read=0, write=0
  Squeeze: squeezed_success=0, squeezed_needs_io=0
Time: 1268ms

+-----------------------------+
| count(DISTINCT hits.UserID) |
+-----------------------------+
| 17630976                    |
+-----------------------------+

=== EXPLAIN ANALYZE (Query 4, Iteration 1) ===
ProjectionExec: expr=[count(alias1)@0 as count(DISTINCT hits.UserID)], metrics=[output_rows=1, elapsed_compute=1.81µs, output_bytes=8.0 B, output_batches=1, expr_0_eval_time=210ns]
  AggregateExec: mode=Final, gby=[], aggr=[count(alias1)], metrics=[output_rows=1, elapsed_compute=12.33µs, output_bytes=8.0 B, output_batches=1]
    CoalescePartitionsExec, metrics=[output_rows=16, elapsed_compute=32.59µs, output_bytes=128.0 B, output_batches=16]
      AggregateExec: mode=Partial, gby=[], aggr=[count(alias1)], metrics=[output_rows=16, elapsed_compute=645.43µs, output_bytes=128.0 B, output_batches=16]
        AggregateExec: mode=FinalPartitioned, gby=[alias1@0 as alias1], aggr=[], metrics=[output_rows=17.63 M, elapsed_compute=3.15s, output_bytes=33.8 GB, output_batches=2.16 K, spill_count=0, spilled_bytes=0.0 B, spilled_rows=0, peak_mem_used=1.48 B, aggregate_arguments_time=16ns, aggregation_time=16ns, emitting_time=2.61ms, time_calculating_group_ids=3.15s]
          RepartitionExec: partitioning=Hash([alias1@0], 16), input_partitions=16, metrics=[output_rows=21.16 M, elapsed_compute=57.05ms, output_bytes=162.0 MB, output_batches=2.59 K, spill_count=0, spilled_bytes=0.0 B, spilled_rows=0, fetch_time=6.19s, repartition_time=215.62ms, send_time=837.49ms]
            AggregateExec: mode=Partial, gby=[UserID@0 as alias1], aggr=[], metrics=[output_rows=21.16 M, elapsed_compute=4.62s, output_bytes=42.2 GB, output_batches=2.59 K, spill_count=0, spilled_bytes=0.0 B, spilled_rows=0, skipped_aggregation_rows=0, peak_mem_used=730.9 M, aggregate_arguments_time=16ns, aggregation_time=16ns, emitting_time=3.46ms, time_calculating_group_ids=4.60s, reduction_factor=21% (21.16 M/100.00 M)]
              DataSourceExec: file_groups={16 groups: [[home/ec2-user/liquid-cache/benchmark/clickbench/data/hits.parquet:0..923748528], [home/ec2-user/liquid-cache/benchmark/clickbench/data/hits.parquet:923748528..1847497056], [home/ec2-user/liquid-cache/benchmark/clickbench/data/hits.parquet:1847497056..2771245584], [home/ec2-user/liquid-cache/benchmark/clickbench/data/hits.parquet:2771245584..3694994112], [home/ec2-user/liquid-cache/benchmark/clickbench/data/hits.parquet:3694994112..4618742640], [home/ec2-user/liquid-cache/benchmark/clickbench/data/hits.parquet:4618742640..5542491168], [home/ec2-user/liquid-cache/benchmark/clickbench/data/hits.parquet:5542491168..6466239696], [home/ec2-user/liquid-cache/benchmark/clickbench/data/hits.parquet:6466239696..7389988224], [home/ec2-user/liquid-cache/benchmark/clickbench/data/hits.parquet:7389988224..8313736752], [home/ec2-user/liquid-cache/benchmark/clickbench/data/hits.parquet:8313736752..9237485280], [home/ec2-user/liquid-cache/benchmark/clickbench/data/hits.parquet:9237485280..10161233808], [home/ec2-user/liquid-cache/benchmark/clickbench/data/hits.parquet:10161233808..11084982336], [home/ec2-user/liquid-cache/benchmark/clickbench/data/hits.parquet:11084982336..12008730864], [home/ec2-user/liquid-cache/benchmark/clickbench/data/hits.parquet:12008730864..12932479392], [home/ec2-user/liquid-cache/benchmark/clickbench/data/hits.parquet:12932479392..13856227920], [home/ec2-user/liquid-cache/benchmark/clickbench/data/hits.parquet:13856227920..14779976446]]}, projection=[UserID], file_type=liquid_parquet, metrics=[output_rows=100.00 M, elapsed_compute=16ns, output_bytes=764.8 MB, output_batches=12.22 K, files_ranges_pruned_statistics=16 total → 16 matched, row_groups_pruned_statistics=0 total → 0 matched, row_groups_pruned_bloom_filter=0 total → 0 matched, page_index_pages_pruned=0 total → 0 matched, page_index_rows_pruned=0 total → 0 matched, limit_pruned_row_groups=0 total → 0 matched, batches_split=0, bytes_scanned=270.1 M, file_open_errors=0, file_scan_errors=0, num_predicate_creation_errors=0, predicate_evaluation_errors=0, pushdown_rows_matched=0, pushdown_rows_pruned=0, predicate_cache_inner_records=0, predicate_cache_records=0, bloom_filter_eval_time=32ns, metadata_load_time=2.06ms, page_index_eval_time=32ns, row_pushdown_eval_time=32ns, statistics_eval_time=32ns, time_elapsed_opening=3.08ms, time_elapsed_processing=832.75ms, time_elapsed_scanning_total=6.18s, time_elapsed_scanning_until_data=185.41ms, scan_efficiency_ratio=N/A (0/0)]

Cache: entries=0, mem=0MB, disk=0MB
  Hits: cache_hit=0, eval_predicate=0
  Misses: cache_miss=0
  IO: read=0, write=0
  Squeeze: squeezed_success=0, squeezed_needs_io=0
Time: 674ms

+-----------------------------+
| count(DISTINCT hits.UserID) |
+-----------------------------+
| 17630976                    |
+-----------------------------+

=== EXPLAIN ANALYZE (Query 4, Iteration 2) ===
ProjectionExec: expr=[count(alias1)@0 as count(DISTINCT hits.UserID)], metrics=[output_rows=1, elapsed_compute=2.59µs, output_bytes=8.0 B, output_batches=1, expr_0_eval_time=220ns]
  AggregateExec: mode=Final, gby=[], aggr=[count(alias1)], metrics=[output_rows=1, elapsed_compute=12.78µs, output_bytes=8.0 B, output_batches=1]
    CoalescePartitionsExec, metrics=[output_rows=16, elapsed_compute=14.34µs, output_bytes=128.0 B, output_batches=16]
      AggregateExec: mode=Partial, gby=[], aggr=[count(alias1)], metrics=[output_rows=16, elapsed_compute=666.44µs, output_bytes=128.0 B, output_batches=16]
        AggregateExec: mode=FinalPartitioned, gby=[alias1@0 as alias1], aggr=[], metrics=[output_rows=17.63 M, elapsed_compute=3.25s, output_bytes=33.8 GB, output_batches=2.16 K, spill_count=0, spilled_bytes=0.0 B, spilled_rows=0, peak_mem_used=1.48 B, aggregate_arguments_time=16ns, aggregation_time=16ns, emitting_time=3.20ms, time_calculating_group_ids=3.24s]
          RepartitionExec: partitioning=Hash([alias1@0], 16), input_partitions=16, metrics=[output_rows=21.16 M, elapsed_compute=52.20ms, output_bytes=162.0 MB, output_batches=2.59 K, spill_count=0, spilled_bytes=0.0 B, spilled_rows=0, fetch_time=5.54s, repartition_time=222.87ms, send_time=800.91ms]
            AggregateExec: mode=Partial, gby=[UserID@0 as alias1], aggr=[], metrics=[output_rows=21.16 M, elapsed_compute=4.44s, output_bytes=42.2 GB, output_batches=2.59 K, spill_count=0, spilled_bytes=0.0 B, spilled_rows=0, skipped_aggregation_rows=0, peak_mem_used=730.9 M, aggregate_arguments_time=16ns, aggregation_time=16ns, emitting_time=2.36ms, time_calculating_group_ids=4.42s, reduction_factor=21% (21.16 M/100.00 M)]
              DataSourceExec: file_groups={16 groups: [[home/ec2-user/liquid-cache/benchmark/clickbench/data/hits.parquet:0..923748528], [home/ec2-user/liquid-cache/benchmark/clickbench/data/hits.parquet:923748528..1847497056], [home/ec2-user/liquid-cache/benchmark/clickbench/data/hits.parquet:1847497056..2771245584], [home/ec2-user/liquid-cache/benchmark/clickbench/data/hits.parquet:2771245584..3694994112], [home/ec2-user/liquid-cache/benchmark/clickbench/data/hits.parquet:3694994112..4618742640], [home/ec2-user/liquid-cache/benchmark/clickbench/data/hits.parquet:4618742640..5542491168], [home/ec2-user/liquid-cache/benchmark/clickbench/data/hits.parquet:5542491168..6466239696], [home/ec2-user/liquid-cache/benchmark/clickbench/data/hits.parquet:6466239696..7389988224], [home/ec2-user/liquid-cache/benchmark/clickbench/data/hits.parquet:7389988224..8313736752], [home/ec2-user/liquid-cache/benchmark/clickbench/data/hits.parquet:8313736752..9237485280], [home/ec2-user/liquid-cache/benchmark/clickbench/data/hits.parquet:9237485280..10161233808], [home/ec2-user/liquid-cache/benchmark/clickbench/data/hits.parquet:10161233808..11084982336], [home/ec2-user/liquid-cache/benchmark/clickbench/data/hits.parquet:11084982336..12008730864], [home/ec2-user/liquid-cache/benchmark/clickbench/data/hits.parquet:12008730864..12932479392], [home/ec2-user/liquid-cache/benchmark/clickbench/data/hits.parquet:12932479392..13856227920], [home/ec2-user/liquid-cache/benchmark/clickbench/data/hits.parquet:13856227920..14779976446]]}, projection=[UserID], file_type=liquid_parquet, metrics=[output_rows=100.00 M, elapsed_compute=16ns, output_bytes=764.8 MB, output_batches=12.22 K, files_ranges_pruned_statistics=16 total → 16 matched, row_groups_pruned_statistics=0 total → 0 matched, row_groups_pruned_bloom_filter=0 total → 0 matched, page_index_pages_pruned=0 total → 0 matched, page_index_rows_pruned=0 total → 0 matched, limit_pruned_row_groups=0 total → 0 matched, batches_split=0, bytes_scanned=270.1 M, file_open_errors=0, file_scan_errors=0, num_predicate_creation_errors=0, predicate_evaluation_errors=0, pushdown_rows_matched=0, pushdown_rows_pruned=0, predicate_cache_inner_records=0, predicate_cache_records=0, bloom_filter_eval_time=32ns, metadata_load_time=1.85ms, page_index_eval_time=32ns, row_pushdown_eval_time=32ns, statistics_eval_time=32ns, time_elapsed_opening=2.55ms, time_elapsed_processing=608.20ms, time_elapsed_scanning_total=5.53s, time_elapsed_scanning_until_data=53.26ms, scan_efficiency_ratio=N/A (0/0)]

Cache: entries=0, mem=0MB, disk=0MB
  Hits: cache_hit=0, eval_predicate=0
  Misses: cache_miss=0
  IO: read=0, write=0
  Squeeze: squeezed_success=0, squeezed_needs_io=0
Time: 603ms

+-----------------------------+
| count(DISTINCT hits.UserID) |
+-----------------------------+
| 17630976                    |
+-----------------------------+

=== EXPLAIN ANALYZE (Query 4, Iteration 3) ===
ProjectionExec: expr=[count(alias1)@0 as count(DISTINCT hits.UserID)], metrics=[output_rows=1, elapsed_compute=1.95µs, output_bytes=8.0 B, output_batches=1, expr_0_eval_time=200ns]
  AggregateExec: mode=Final, gby=[], aggr=[count(alias1)], metrics=[output_rows=1, elapsed_compute=14.27µs, output_bytes=8.0 B, output_batches=1]
    CoalescePartitionsExec, metrics=[output_rows=16, elapsed_compute=14.47µs, output_bytes=128.0 B, output_batches=16]
      AggregateExec: mode=Partial, gby=[], aggr=[count(alias1)], metrics=[output_rows=16, elapsed_compute=605.04µs, output_bytes=128.0 B, output_batches=16]
        AggregateExec: mode=FinalPartitioned, gby=[alias1@0 as alias1], aggr=[], metrics=[output_rows=17.63 M, elapsed_compute=3.18s, output_bytes=33.8 GB, output_batches=2.16 K, spill_count=0, spilled_bytes=0.0 B, spilled_rows=0, peak_mem_used=1.48 B, aggregate_arguments_time=16ns, aggregation_time=16ns, emitting_time=2.61ms, time_calculating_group_ids=3.17s]
          RepartitionExec: partitioning=Hash([alias1@0], 16), input_partitions=16, metrics=[output_rows=21.16 M, elapsed_compute=71.54ms, output_bytes=162.0 MB, output_batches=2.59 K, spill_count=0, spilled_bytes=0.0 B, spilled_rows=0, fetch_time=5.52s, repartition_time=200.68ms, send_time=750.10ms]
            AggregateExec: mode=Partial, gby=[UserID@0 as alias1], aggr=[], metrics=[output_rows=21.16 M, elapsed_compute=4.44s, output_bytes=42.2 GB, output_batches=2.59 K, spill_count=0, spilled_bytes=0.0 B, spilled_rows=0, skipped_aggregation_rows=0, peak_mem_used=730.9 M, aggregate_arguments_time=16ns, aggregation_time=16ns, emitting_time=2.66ms, time_calculating_group_ids=4.42s, reduction_factor=21% (21.16 M/100.00 M)]
              DataSourceExec: file_groups={16 groups: [[home/ec2-user/liquid-cache/benchmark/clickbench/data/hits.parquet:0..923748528], [home/ec2-user/liquid-cache/benchmark/clickbench/data/hits.parquet:923748528..1847497056], [home/ec2-user/liquid-cache/benchmark/clickbench/data/hits.parquet:1847497056..2771245584], [home/ec2-user/liquid-cache/benchmark/clickbench/data/hits.parquet:2771245584..3694994112], [home/ec2-user/liquid-cache/benchmark/clickbench/data/hits.parquet:3694994112..4618742640], [home/ec2-user/liquid-cache/benchmark/clickbench/data/hits.parquet:4618742640..5542491168], [home/ec2-user/liquid-cache/benchmark/clickbench/data/hits.parquet:5542491168..6466239696], [home/ec2-user/liquid-cache/benchmark/clickbench/data/hits.parquet:6466239696..7389988224], [home/ec2-user/liquid-cache/benchmark/clickbench/data/hits.parquet:7389988224..8313736752], [home/ec2-user/liquid-cache/benchmark/clickbench/data/hits.parquet:8313736752..9237485280], [home/ec2-user/liquid-cache/benchmark/clickbench/data/hits.parquet:9237485280..10161233808], [home/ec2-user/liquid-cache/benchmark/clickbench/data/hits.parquet:10161233808..11084982336], [home/ec2-user/liquid-cache/benchmark/clickbench/data/hits.parquet:11084982336..12008730864], [home/ec2-user/liquid-cache/benchmark/clickbench/data/hits.parquet:12008730864..12932479392], [home/ec2-user/liquid-cache/benchmark/clickbench/data/hits.parquet:12932479392..13856227920], [home/ec2-user/liquid-cache/benchmark/clickbench/data/hits.parquet:13856227920..14779976446]]}, projection=[UserID], file_type=liquid_parquet, metrics=[output_rows=100.00 M, elapsed_compute=16ns, output_bytes=764.8 MB, output_batches=12.22 K, files_ranges_pruned_statistics=16 total → 16 matched, row_groups_pruned_statistics=0 total → 0 matched, row_groups_pruned_bloom_filter=0 total → 0 matched, page_index_pages_pruned=0 total → 0 matched, page_index_rows_pruned=0 total → 0 matched, limit_pruned_row_groups=0 total → 0 matched, batches_split=0, bytes_scanned=270.1 M, file_open_errors=0, file_scan_errors=0, num_predicate_creation_errors=0, predicate_evaluation_errors=0, pushdown_rows_matched=0, pushdown_rows_pruned=0, predicate_cache_inner_records=0, predicate_cache_records=0, bloom_filter_eval_time=32ns, metadata_load_time=2.17ms, page_index_eval_time=32ns, row_pushdown_eval_time=32ns, statistics_eval_time=32ns, time_elapsed_opening=3.26ms, time_elapsed_processing=634.87ms, time_elapsed_scanning_total=5.51s, time_elapsed_scanning_until_data=59.63ms, scan_efficiency_ratio=N/A (0/0)]

Cache: entries=0, mem=0MB, disk=0MB
  Hits: cache_hit=0, eval_predicate=0
  Misses: cache_miss=0
  IO: read=0, write=0
  Squeeze: squeezed_success=0, squeezed_needs_io=0
Time: 622ms

+-----------------------------+
| count(DISTINCT hits.UserID) |
+-----------------------------+
| 17630976                    |
+-----------------------------+

=== EXPLAIN ANALYZE (Query 4, Iteration 4) ===
ProjectionExec: expr=[count(alias1)@0 as count(DISTINCT hits.UserID)], metrics=[output_rows=1, elapsed_compute=2.23µs, output_bytes=8.0 B, output_batches=1, expr_0_eval_time=150ns]
  AggregateExec: mode=Final, gby=[], aggr=[count(alias1)], metrics=[output_rows=1, elapsed_compute=15.19µs, output_bytes=8.0 B, output_batches=1]
    CoalescePartitionsExec, metrics=[output_rows=16, elapsed_compute=14.50µs, output_bytes=128.0 B, output_batches=16]
      AggregateExec: mode=Partial, gby=[], aggr=[count(alias1)], metrics=[output_rows=16, elapsed_compute=667.20µs, output_bytes=128.0 B, output_batches=16]
        AggregateExec: mode=FinalPartitioned, gby=[alias1@0 as alias1], aggr=[], metrics=[output_rows=17.63 M, elapsed_compute=3.09s, output_bytes=33.8 GB, output_batches=2.16 K, spill_count=0, spilled_bytes=0.0 B, spilled_rows=0, peak_mem_used=1.48 B, aggregate_arguments_time=16ns, aggregation_time=16ns, emitting_time=2.70ms, time_calculating_group_ids=3.08s]
          RepartitionExec: partitioning=Hash([alias1@0], 16), input_partitions=16, metrics=[output_rows=21.16 M, elapsed_compute=48.63ms, output_bytes=162.0 MB, output_batches=2.59 K, spill_count=0, spilled_bytes=0.0 B, spilled_rows=0, fetch_time=5.64s, repartition_time=208.31ms, send_time=726.04ms]
            AggregateExec: mode=Partial, gby=[UserID@0 as alias1], aggr=[], metrics=[output_rows=21.16 M, elapsed_compute=4.51s, output_bytes=42.2 GB, output_batches=2.59 K, spill_count=0, spilled_bytes=0.0 B, spilled_rows=0, skipped_aggregation_rows=0, peak_mem_used=730.9 M, aggregate_arguments_time=16ns, aggregation_time=16ns, emitting_time=2.39ms, time_calculating_group_ids=4.48s, reduction_factor=21% (21.16 M/100.00 M)]
              DataSourceExec: file_groups={16 groups: [[home/ec2-user/liquid-cache/benchmark/clickbench/data/hits.parquet:0..923748528], [home/ec2-user/liquid-cache/benchmark/clickbench/data/hits.parquet:923748528..1847497056], [home/ec2-user/liquid-cache/benchmark/clickbench/data/hits.parquet:1847497056..2771245584], [home/ec2-user/liquid-cache/benchmark/clickbench/data/hits.parquet:2771245584..3694994112], [home/ec2-user/liquid-cache/benchmark/clickbench/data/hits.parquet:3694994112..4618742640], [home/ec2-user/liquid-cache/benchmark/clickbench/data/hits.parquet:4618742640..5542491168], [home/ec2-user/liquid-cache/benchmark/clickbench/data/hits.parquet:5542491168..6466239696], [home/ec2-user/liquid-cache/benchmark/clickbench/data/hits.parquet:6466239696..7389988224], [home/ec2-user/liquid-cache/benchmark/clickbench/data/hits.parquet:7389988224..8313736752], [home/ec2-user/liquid-cache/benchmark/clickbench/data/hits.parquet:8313736752..9237485280], [home/ec2-user/liquid-cache/benchmark/clickbench/data/hits.parquet:9237485280..10161233808], [home/ec2-user/liquid-cache/benchmark/clickbench/data/hits.parquet:10161233808..11084982336], [home/ec2-user/liquid-cache/benchmark/clickbench/data/hits.parquet:11084982336..12008730864], [home/ec2-user/liquid-cache/benchmark/clickbench/data/hits.parquet:12008730864..12932479392], [home/ec2-user/liquid-cache/benchmark/clickbench/data/hits.parquet:12932479392..13856227920], [home/ec2-user/liquid-cache/benchmark/clickbench/data/hits.parquet:13856227920..14779976446]]}, projection=[UserID], file_type=liquid_parquet, metrics=[output_rows=100.00 M, elapsed_compute=16ns, output_bytes=764.8 MB, output_batches=12.22 K, files_ranges_pruned_statistics=16 total → 16 matched, row_groups_pruned_statistics=0 total → 0 matched, row_groups_pruned_bloom_filter=0 total → 0 matched, page_index_pages_pruned=0 total → 0 matched, page_index_rows_pruned=0 total → 0 matched, limit_pruned_row_groups=0 total → 0 matched, batches_split=0, bytes_scanned=270.1 M, file_open_errors=0, file_scan_errors=0, num_predicate_creation_errors=0, predicate_evaluation_errors=0, pushdown_rows_matched=0, pushdown_rows_pruned=0, predicate_cache_inner_records=0, predicate_cache_records=0, bloom_filter_eval_time=32ns, metadata_load_time=1.79ms, page_index_eval_time=32ns, row_pushdown_eval_time=32ns, statistics_eval_time=32ns, time_elapsed_opening=2.54ms, time_elapsed_processing=603.92ms, time_elapsed_scanning_total=5.63s, time_elapsed_scanning_until_data=59.91ms, scan_efficiency_ratio=N/A (0/0)]

Cache: entries=0, mem=0MB, disk=0MB
  Hits: cache_hit=0, eval_predicate=0
  Misses: cache_miss=0
  IO: read=0, write=0
  Squeeze: squeezed_success=0, squeezed_needs_io=0
Time: 607ms

+-----------------------------+
| count(DISTINCT hits.UserID) |
+-----------------------------+
| 17630976                    |
+-----------------------------+
