+---------------------+-------------+----------+---------------------+---------------------------+
| WatchID             | ClientIP    | count(*) | sum(hits.IsRefresh) | avg(hits.ResolutionWidth) |
+---------------------+-------------+----------+---------------------+---------------------------+
| 8566928176839891583 | -1402644643 | 2        | 0                   | 1368.0                    |
| 7904046282518428963 | 1509330109  | 2        | 0                   | 1368.0                    |
| 6655575552203051303 | 1611957945  | 2        | 0                   | 1638.0                    |
| 7224410078130478461 | -776509581  | 2        | 0                   | 1368.0                    |
| 6261348348270648462 | 1431951637  | 1        | 0                   | 1368.0                    |
| 8117197176647190986 | 700344571   | 1        | 0                   | 1917.0                    |
| 8555632810940085006 | 113150910   | 1        | 0                   | 1368.0                    |
| 7075351090008103447 | 113150910   | 1        | 0                   | 1368.0                    |
| 8981097391868639399 | 113150910   | 1        | 0                   | 1368.0                    |
| 5474039804846051766 | 113150910   | 1        | 0                   | 1368.0                    |
+---------------------+-------------+----------+---------------------+---------------------------+
+---------------------+-------------+----------+---------------------+---------------------------+
| WatchID             | ClientIP    | count(*) | sum(hits.IsRefresh) | avg(hits.ResolutionWidth) |
+---------------------+-------------+----------+---------------------+---------------------------+
| 8566928176839891583 | -1402644643 | 2        | 0                   | 1368.0                    |
| 7904046282518428963 | 1509330109  | 2        | 0                   | 1368.0                    |
| 6655575552203051303 | 1611957945  | 2        | 0                   | 1638.0                    |
| 7224410078130478461 | -776509581  | 2        | 0                   | 1368.0                    |
| 7811576000888377491 | 1262571234  | 1        | 0                   | 1368.0                    |
| 7575749944813402753 | -1307172559 | 1        | 0                   | 1638.0                    |
| 6619680361960997600 | -1814912251 | 1        | 0                   | 1917.0                    |
| 7287513037022550940 | -1892098501 | 1        | 0                   | 1638.0                    |
| 6701166833467721002 | -2029934246 | 1        | 0                   | 1368.0                    |
| 5640696783868037921 | -994028144  | 1        | 0                   | 1368.0                    |
+---------------------+-------------+----------+---------------------+---------------------------+
+---------------------+-------------+----------+---------------------+---------------------------+
| WatchID             | ClientIP    | count(*) | sum(hits.IsRefresh) | avg(hits.ResolutionWidth) |
+---------------------+-------------+----------+---------------------+---------------------------+
| 8566928176839891583 | -1402644643 | 2        | 0                   | 1368.0                    |
| 7904046282518428963 | 1509330109  | 2        | 0                   | 1368.0                    |
| 6655575552203051303 | 1611957945  | 2        | 0                   | 1638.0                    |
| 7224410078130478461 | -776509581  | 2        | 0                   | 1368.0                    |
| 8334500987883461975 | -1788763832 | 1        | 0                   | 1638.0                    |
| 7168673008871393434 | -1788763832 | 1        | 0                   | 1638.0                    |
| 5771095561268621673 | -1788763832 | 1        | 0                   | 1638.0                    |
| 8373027991995731528 | -1788763832 | 1        | 0                   | 1638.0                    |
| 5494076099826025851 | -1510001734 | 1        | 0                   | 1996.0                    |
| 7212325443243278899 | -1510001734 | 1        | 0                   | 1996.0                    |
+---------------------+-------------+----------+---------------------+---------------------------+
+---------------------+-------------+----------+---------------------+---------------------------+
| WatchID             | ClientIP    | count(*) | sum(hits.IsRefresh) | avg(hits.ResolutionWidth) |
+---------------------+-------------+----------+---------------------+---------------------------+
| 8566928176839891583 | -1402644643 | 2        | 0                   | 1368.0                    |
| 7904046282518428963 | 1509330109  | 2        | 0                   | 1368.0                    |
| 6655575552203051303 | 1611957945  | 2        | 0                   | 1638.0                    |
| 7224410078130478461 | -776509581  | 2        | 0                   | 1368.0                    |
| 7516564041158012456 | -1851745371 | 1        | 0                   | 1087.0                    |
| 5802782233556716764 | 38733598    | 1        | 0                   | 1638.0                    |
| 6412601184762646060 | 1262571234  | 1        | 0                   | 1368.0                    |
| 4813816521248873793 | 1280852061  | 1        | 0                   | 1368.0                    |
| 5273110251690302222 | 1494935726  | 1        | 0                   | 1368.0                    |
| 8506987136137755846 | -34956397   | 1        | 0                   | 1368.0                    |
+---------------------+-------------+----------+---------------------+---------------------------+
+---------------------+-------------+----------+---------------------+---------------------------+
| WatchID             | ClientIP    | count(*) | sum(hits.IsRefresh) | avg(hits.ResolutionWidth) |
+---------------------+-------------+----------+---------------------+---------------------------+
| 8566928176839891583 | -1402644643 | 2        | 0                   | 1368.0                    |
| 7904046282518428963 | 1509330109  | 2        | 0                   | 1368.0                    |
| 6655575552203051303 | 1611957945  | 2        | 0                   | 1638.0                    |
| 7224410078130478461 | -776509581  | 2        | 0                   | 1368.0                    |
| 7567020584135376448 | 1915619368  | 1        | 0                   | 1996.0                    |
| 8991221258149414000 | 559111109   | 1        | 0                   | 1638.0                    |
| 9110223769360562382 | 1985780640  | 1        | 0                   | 1368.0                    |
| 7230655536162429276 | 622377883   | 1        | 0                   | 1638.0                    |
| 8344247552548804425 | 622377883   | 1        | 0                   | 1638.0                    |
| 5819626066225844479 | -213289818  | 1        | 0                   | 1638.0                    |
+---------------------+-------------+----------+---------------------+---------------------------+
