+---------------------+-------------+---+---------------------+---------------------------+
| WatchID             | ClientIP    | c | sum(hits.IsRefresh) | avg(hits.ResolutionWidth) |
+---------------------+-------------+---+---------------------+---------------------------+
| 8566928176839891583 | -1402644643 | 2 | 0                   | 1368.0                    |
| 7904046282518428963 | 1509330109  | 2 | 0                   | 1368.0                    |
| 6655575552203051303 | 1611957945  | 2 | 0                   | 1638.0                    |
| 7224410078130478461 | -776509581  | 2 | 0                   | 1368.0                    |
| 6601266336878594766 | 1257664813  | 1 | 0                   | 1996.0                    |
| 5517242869645212584 | 1257664813  | 1 | 0                   | 1996.0                    |
| 5582722205679618434 | 2079373487  | 1 | 0                   | 508.0                     |
| 6807875852997167927 | 2079373487  | 1 | 0                   | 508.0                     |
| 7611115096519310569 | 2079373487  | 1 | 0                   | 508.0                     |
| 7908543946869983354 | -1287417258 | 1 | 0                   | 1750.0                    |
+---------------------+-------------+---+---------------------+---------------------------+
+---------------------+-------------+---+---------------------+---------------------------+
| WatchID             | ClientIP    | c | sum(hits.IsRefresh) | avg(hits.ResolutionWidth) |
+---------------------+-------------+---+---------------------+---------------------------+
| 8566928176839891583 | -1402644643 | 2 | 0                   | 1368.0                    |
| 7904046282518428963 | 1509330109  | 2 | 0                   | 1368.0                    |
| 6655575552203051303 | 1611957945  | 2 | 0                   | 1638.0                    |
| 7224410078130478461 | -776509581  | 2 | 0                   | 1368.0                    |
| 8511630571855547286 | -1598586988 | 1 | 0                   | 1990.0                    |
| 8250714239206702057 | 1136576079  | 1 | 0                   | 1368.0                    |
| 9062935277645909288 | -1975494879 | 1 | 0                   | 1996.0                    |
| 8833170090650712268 | 1998508392  | 1 | 0                   | 1638.0                    |
| 5333259472627120716 | 1918675615  | 1 | 0                   | 1638.0                    |
| 6265795669167186712 | 2092912396  | 1 | 0                   | 1917.0                    |
+---------------------+-------------+---+---------------------+---------------------------+
+---------------------+-------------+---+---------------------+---------------------------+
| WatchID             | ClientIP    | c | sum(hits.IsRefresh) | avg(hits.ResolutionWidth) |
+---------------------+-------------+---+---------------------+---------------------------+
| 8566928176839891583 | -1402644643 | 2 | 0                   | 1368.0                    |
| 7904046282518428963 | 1509330109  | 2 | 0                   | 1368.0                    |
| 6655575552203051303 | 1611957945  | 2 | 0                   | 1638.0                    |
| 7224410078130478461 | -776509581  | 2 | 0                   | 1368.0                    |
| 8021362357115090952 | -1788763832 | 1 | 0                   | 1638.0                    |
| 7782955599597236871 | -1788763832 | 1 | 0                   | 1638.0                    |
| 6914099046182971496 | -1510001734 | 1 | 0                   | 1996.0                    |
| 8741227096162018569 | -1510001734 | 1 | 0                   | 1996.0                    |
| 8399482625934001962 | -1510001734 | 1 | 0                   | 1996.0                    |
| 5936376139959779024 | 1804104816  | 1 | 0                   | 1998.0                    |
+---------------------+-------------+---+---------------------+---------------------------+
+---------------------+-------------+---+---------------------+---------------------------+
| WatchID             | ClientIP    | c | sum(hits.IsRefresh) | avg(hits.ResolutionWidth) |
+---------------------+-------------+---+---------------------+---------------------------+
| 8566928176839891583 | -1402644643 | 2 | 0                   | 1368.0                    |
| 7904046282518428963 | 1509330109  | 2 | 0                   | 1368.0                    |
| 6655575552203051303 | 1611957945  | 2 | 0                   | 1638.0                    |
| 7224410078130478461 | -776509581  | 2 | 0                   | 1368.0                    |
| 8924809397503602651 | -1216690514 | 1 | 0                   | 0.0                       |
| 6058627581446482769 | 41269655    | 1 | 0                   | 1368.0                    |
| 6548098953254805690 | 41269655    | 1 | 1                   | 1368.0                    |
| 7644677785951801926 | 1190854685  | 1 | 1                   | 1638.0                    |
| 5602092057661761772 | 1837696684  | 1 | 1                   | 1638.0                    |
| 8551607767403293752 | 1837696684  | 1 | 0                   | 1638.0                    |
+---------------------+-------------+---+---------------------+---------------------------+
+---------------------+-------------+---+---------------------+---------------------------+
| WatchID             | ClientIP    | c | sum(hits.IsRefresh) | avg(hits.ResolutionWidth) |
+---------------------+-------------+---+---------------------+---------------------------+
| 8566928176839891583 | -1402644643 | 2 | 0                   | 1368.0                    |
| 7904046282518428963 | 1509330109  | 2 | 0                   | 1368.0                    |
| 6655575552203051303 | 1611957945  | 2 | 0                   | 1638.0                    |
| 7224410078130478461 | -776509581  | 2 | 0                   | 1368.0                    |
| 8187179741953146075 | 41269655    | 1 | 0                   | 1368.0                    |
| 4854849975206777704 | 1837696684  | 1 | 0                   | 1638.0                    |
| 5809480391310879690 | 599491738   | 1 | 0                   | 3502.0                    |
| 8490007186786598290 | -1258870999 | 1 | 0                   | 1917.0                    |
| 4927413888431864247 | -1258870999 | 1 | 1                   | 1917.0                    |
| 5451966109364738765 | -1258870999 | 1 | 1                   | 1917.0                    |
+---------------------+-------------+---+---------------------+---------------------------+
