+---------------------+-------------+----------+---------------------+---------------------------+
| WatchID             | ClientIP    | count(*) | sum(hits.IsRefresh) | avg(hits.ResolutionWidth) |
+---------------------+-------------+----------+---------------------+---------------------------+
| 8566928176839891583 | -1402644643 | 2        | 0                   | 1368.0                    |
| 7904046282518428963 | 1509330109  | 2        | 0                   | 1368.0                    |
| 6655575552203051303 | 1611957945  | 2        | 0                   | 1638.0                    |
| 7224410078130478461 | -776509581  | 2        | 0                   | 1368.0                    |
| 6690270954781149620 | 1479021346  | 1        | 0                   | 1368.0                    |
| 7066981615811992425 | 1171399233  | 1        | 0                   | 1638.0                    |
| 8357581431278129235 | 2088679118  | 1        | 0                   | 1368.0                    |
| 7254784043376961689 | 1402754806  | 1        | 0                   | 1828.0                    |
| 7194699701114427492 | -1153784036 | 1        | 0                   | 1828.0                    |
| 6781056758629977762 | -1708863324 | 1        | 0                   | 1638.0                    |
+---------------------+-------------+----------+---------------------+---------------------------+
+---------------------+-------------+----------+---------------------+---------------------------+
| WatchID             | ClientIP    | count(*) | sum(hits.IsRefresh) | avg(hits.ResolutionWidth) |
+---------------------+-------------+----------+---------------------+---------------------------+
| 8566928176839891583 | -1402644643 | 2        | 0                   | 1368.0                    |
| 7904046282518428963 | 1509330109  | 2        | 0                   | 1368.0                    |
| 6655575552203051303 | 1611957945  | 2        | 0                   | 1638.0                    |
| 7224410078130478461 | -776509581  | 2        | 0                   | 1368.0                    |
| 7189357198919837215 | 1979182515  | 1        | 0                   | 1638.0                    |
| 8462049834106874434 | 1979182515  | 1        | 0                   | 1638.0                    |
| 5689440686001763767 | -992900281  | 1        | 0                   | 1638.0                    |
| 6557500352230160502 | 2099714673  | 1        | 0                   | 1828.0                    |
| 8919577815062082871 | 1356120667  | 1        | 0                   | 0.0                       |
| 8801311469629968681 | 2050238487  | 1        | 0                   | 1750.0                    |
+---------------------+-------------+----------+---------------------+---------------------------+
+---------------------+-------------+----------+---------------------+---------------------------+
| WatchID             | ClientIP    | count(*) | sum(hits.IsRefresh) | avg(hits.ResolutionWidth) |
+---------------------+-------------+----------+---------------------+---------------------------+
| 8566928176839891583 | -1402644643 | 2        | 0                   | 1368.0                    |
| 7904046282518428963 | 1509330109  | 2        | 0                   | 1368.0                    |
| 6655575552203051303 | 1611957945  | 2        | 0                   | 1638.0                    |
| 7224410078130478461 | -776509581  | 2        | 0                   | 1368.0                    |
| 7370288623898274064 | 1838894874  | 1        | 0                   | 1828.0                    |
| 7545787829666377100 | 1838894874  | 1        | 0                   | 1828.0                    |
| 6769064066561123651 | -108121784  | 1        | 0                   | 582.0                     |
| 5288976997866158279 | 1688662466  | 1        | 0                   | 1368.0                    |
| 8904684284856564407 | 2031596858  | 1        | 0                   | 1368.0                    |
| 5227139375976257914 | 1464573722  | 1        | 0                   | 1638.0                    |
+---------------------+-------------+----------+---------------------+---------------------------+
+---------------------+-------------+----------+---------------------+---------------------------+
| WatchID             | ClientIP    | count(*) | sum(hits.IsRefresh) | avg(hits.ResolutionWidth) |
+---------------------+-------------+----------+---------------------+---------------------------+
| 8566928176839891583 | -1402644643 | 2        | 0                   | 1368.0                    |
| 7904046282518428963 | 1509330109  | 2        | 0                   | 1368.0                    |
| 6655575552203051303 | 1611957945  | 2        | 0                   | 1638.0                    |
| 7224410078130478461 | -776509581  | 2        | 0                   | 1368.0                    |
| 5565570738780808440 | 1258011168  | 1        | 0                   | 1368.0                    |
| 7659189943065955391 | 1798376768  | 1        | 0                   | 582.0                     |
| 7409190136702433260 | -256890987  | 1        | 0                   | 1750.0                    |
| 7766888590339730754 | 1798376768  | 1        | 0                   | 582.0                     |
| 7379059327288062247 | 97351212    | 1        | 0                   | 1368.0                    |
| 8907037451781733508 | -213289818  | 1        | 0                   | 1638.0                    |
+---------------------+-------------+----------+---------------------+---------------------------+
+---------------------+-------------+----------+---------------------+---------------------------+
| WatchID             | ClientIP    | count(*) | sum(hits.IsRefresh) | avg(hits.ResolutionWidth) |
+---------------------+-------------+----------+---------------------+---------------------------+
| 8566928176839891583 | -1402644643 | 2        | 0                   | 1368.0                    |
| 7904046282518428963 | 1509330109  | 2        | 0                   | 1368.0                    |
| 6655575552203051303 | 1611957945  | 2        | 0                   | 1638.0                    |
| 7224410078130478461 | -776509581  | 2        | 0                   | 1368.0                    |
| 5459457448407044493 | 384681865   | 1        | 0                   | 1638.0                    |
| 6881194008844867868 | 384681865   | 1        | 0                   | 1638.0                    |
| 8067331946388177123 | 384681865   | 1        | 0                   | 1638.0                    |
| 8786525015532692078 | 1258270141  | 1        | 0                   | 1368.0                    |
| 7881673009203212749 | 1258270141  | 1        | 0                   | 1368.0                    |
| 7075076093506494771 | 1258270141  | 1        | 0                   | 1368.0                    |
+---------------------+-------------+----------+---------------------+---------------------------+
