+---------------------+-------------+----------+---------------------+---------------------------+
| WatchID             | ClientIP    | count(*) | sum(hits.IsRefresh) | avg(hits.ResolutionWidth) |
+---------------------+-------------+----------+---------------------+---------------------------+
| 8566928176839891583 | -1402644643 | 2        | 0                   | 1368.0                    |
| 7904046282518428963 | 1509330109  | 2        | 0                   | 1368.0                    |
| 6655575552203051303 | 1611957945  | 2        | 0                   | 1638.0                    |
| 7224410078130478461 | -776509581  | 2        | 0                   | 1368.0                    |
| 5560508831825704921 | 1338287660  | 1        | 0                   | 1368.0                    |
| 6431910272199908318 | -202133077  | 1        | 0                   | 1638.0                    |
| 8824797676154515470 | 1532917753  | 1        | 0                   | 1368.0                    |
| 5929614827405330773 | 1219236891  | 1        | 0                   | 1087.0                    |
| 7735173538777742783 | 2001762507  | 1        | 0                   | 1638.0                    |
| 6114065111088846426 | -265917476  | 1        | 0                   | 2038.0                    |
+---------------------+-------------+----------+---------------------+---------------------------+
+---------------------+-------------+----------+---------------------+---------------------------+
| WatchID             | ClientIP    | count(*) | sum(hits.IsRefresh) | avg(hits.ResolutionWidth) |
+---------------------+-------------+----------+---------------------+---------------------------+
| 8566928176839891583 | -1402644643 | 2        | 0                   | 1368.0                    |
| 7904046282518428963 | 1509330109  | 2        | 0                   | 1368.0                    |
| 6655575552203051303 | 1611957945  | 2        | 0                   | 1638.0                    |
| 7224410078130478461 | -776509581  | 2        | 0                   | 1368.0                    |
| 5258198956935808040 | -1788763832 | 1        | 0                   | 1638.0                    |
| 7666288200083637488 | 1122479356  | 1        | 0                   | 1638.0                    |
| 5500205348467521934 | 1908641998  | 1        | 0                   | 1750.0                    |
| 7127699607076411579 | 1804104816  | 1        | 0                   | 1998.0                    |
| 9196169440418621993 | 1804104816  | 1        | 0                   | 1998.0                    |
| 6085804198630240764 | 1804104816  | 1        | 0                   | 1998.0                    |
+---------------------+-------------+----------+---------------------+---------------------------+
+---------------------+-------------+----------+---------------------+---------------------------+
| WatchID             | ClientIP    | count(*) | sum(hits.IsRefresh) | avg(hits.ResolutionWidth) |
+---------------------+-------------+----------+---------------------+---------------------------+
| 8566928176839891583 | -1402644643 | 2        | 0                   | 1368.0                    |
| 7904046282518428963 | 1509330109  | 2        | 0                   | 1368.0                    |
| 6655575552203051303 | 1611957945  | 2        | 0                   | 1638.0                    |
| 7224410078130478461 | -776509581  | 2        | 0                   | 1368.0                    |
| 7899783622296302051 | 2079373487  | 1        | 0                   | 508.0                     |
| 9096537492122320330 | 2079373487  | 1        | 0                   | 508.0                     |
| 6404294057919998733 | -1287417258 | 1        | 0                   | 1750.0                    |
| 5712391788568514755 | 790987465   | 1        | 0                   | 1996.0                    |
| 8834121617675091086 | 790987465   | 1        | 0                   | 1996.0                    |
| 7334308014525785707 | -1083504757 | 1        | 0                   | 1828.0                    |
+---------------------+-------------+----------+---------------------+---------------------------+
+---------------------+-------------+----------+---------------------+---------------------------+
| WatchID             | ClientIP    | count(*) | sum(hits.IsRefresh) | avg(hits.ResolutionWidth) |
+---------------------+-------------+----------+---------------------+---------------------------+
| 8566928176839891583 | -1402644643 | 2        | 0                   | 1368.0                    |
| 7904046282518428963 | 1509330109  | 2        | 0                   | 1368.0                    |
| 6655575552203051303 | 1611957945  | 2        | 0                   | 1638.0                    |
| 7224410078130478461 | -776509581  | 2        | 0                   | 1368.0                    |
| 8163276816232831978 | 384681865   | 1        | 0                   | 1638.0                    |
| 8085872136350945057 | 384681865   | 1        | 0                   | 1638.0                    |
| 7150783063479462285 | 384681865   | 1        | 0                   | 1638.0                    |
| 9210145801359539270 | 1258270141  | 1        | 0                   | 1368.0                    |
| 6454797562575019820 | 1258270141  | 1        | 0                   | 1368.0                    |
| 5118046063627436630 | 1258270141  | 1        | 0                   | 1368.0                    |
+---------------------+-------------+----------+---------------------+---------------------------+
+---------------------+-------------+----------+---------------------+---------------------------+
| WatchID             | ClientIP    | count(*) | sum(hits.IsRefresh) | avg(hits.ResolutionWidth) |
+---------------------+-------------+----------+---------------------+---------------------------+
| 8566928176839891583 | -1402644643 | 2        | 0                   | 1368.0                    |
| 7904046282518428963 | 1509330109  | 2        | 0                   | 1368.0                    |
| 6655575552203051303 | 1611957945  | 2        | 0                   | 1638.0                    |
| 7224410078130478461 | -776509581  | 2        | 0                   | 1368.0                    |
| 7901546154978324993 | -829211438  | 1        | 0                   | 1087.0                    |
| 7585437156409871866 | 946290223   | 1        | 0                   | 1917.0                    |
| 8774997114312074876 | 1202821648  | 1        | 0                   | 1996.0                    |
| 8581548936007957903 | -1892098501 | 1        | 0                   | 1638.0                    |
| 8044600895937032715 | 1670042581  | 1        | 0                   | 1996.0                    |
| 6829326271097665516 | 1246075863  | 1        | 0                   | 1368.0                    |
+---------------------+-------------+----------+---------------------+---------------------------+
