+---------------------+-------------+---+---------------------+---------------------------+
| WatchID             | ClientIP    | c | sum(hits.IsRefresh) | avg(hits.ResolutionWidth) |
+---------------------+-------------+---+---------------------+---------------------------+
| 8566928176839891583 | -1402644643 | 2 | 0                   | 1368.0                    |
| 7904046282518428963 | 1509330109  | 2 | 0                   | 1368.0                    |
| 6655575552203051303 | 1611957945  | 2 | 0                   | 1638.0                    |
| 7224410078130478461 | -776509581  | 2 | 0                   | 1368.0                    |
| 7504659309203706912 | 1791665026  | 1 | 0                   | 1368.0                    |
| 7783856898368772156 | 622377883   | 1 | 0                   | 1638.0                    |
| 4729275953496020234 | 1940548480  | 1 | 0                   | 1843.0                    |
| 5565570738780808440 | 1258011168  | 1 | 0                   | 1368.0                    |
| 6540522007263848777 | -256890987  | 1 | 0                   | 1750.0                    |
| 6182063099255531708 | 1791665026  | 1 | 1                   | 1368.0                    |
+---------------------+-------------+---+---------------------+---------------------------+
+---------------------+-------------+---+---------------------+---------------------------+
| WatchID             | ClientIP    | c | sum(hits.IsRefresh) | avg(hits.ResolutionWidth) |
+---------------------+-------------+---+---------------------+---------------------------+
| 8566928176839891583 | -1402644643 | 2 | 0                   | 1368.0                    |
| 7904046282518428963 | 1509330109  | 2 | 0                   | 1368.0                    |
| 6655575552203051303 | 1611957945  | 2 | 0                   | 1638.0                    |
| 7224410078130478461 | -776509581  | 2 | 0                   | 1368.0                    |
| 8002733907141580672 | 1258270141  | 1 | 1                   | 1368.0                    |
| 8319814769490791346 | 1258270141  | 1 | 0                   | 1368.0                    |
| 5453068632871591512 | 1258270141  | 1 | 0                   | 1368.0                    |
| 6065392311191912772 | 1258270141  | 1 | 1                   | 1368.0                    |
| 6280361019526955689 | 1258270141  | 1 | 0                   | 1368.0                    |
| 8065438459366737214 | 1258270141  | 1 | 1                   | 1368.0                    |
+---------------------+-------------+---+---------------------+---------------------------+
+---------------------+-------------+---+---------------------+---------------------------+
| WatchID             | ClientIP    | c | sum(hits.IsRefresh) | avg(hits.ResolutionWidth) |
+---------------------+-------------+---+---------------------+---------------------------+
| 8566928176839891583 | -1402644643 | 2 | 0                   | 1368.0                    |
| 7904046282518428963 | 1509330109  | 2 | 0                   | 1368.0                    |
| 6655575552203051303 | 1611957945  | 2 | 0                   | 1638.0                    |
| 7224410078130478461 | -776509581  | 2 | 0                   | 1368.0                    |
| 6308646140879811077 | -1216690514 | 1 | 0                   | 0.0                       |
| 8740403056911509777 | 1615432634  | 1 | 0                   | 0.0                       |
| 6748981127186536415 | 1965525360  | 1 | 0                   | 1638.0                    |
| 5471849080122583837 | 1190854685  | 1 | 0                   | 1638.0                    |
| 8760724589174569541 | 1190854685  | 1 | 0                   | 1638.0                    |
| 6963005249772405309 | 1190854685  | 1 | 1                   | 1638.0                    |
+---------------------+-------------+---+---------------------+---------------------------+
+---------------------+-------------+---+---------------------+---------------------------+
| WatchID             | ClientIP    | c | sum(hits.IsRefresh) | avg(hits.ResolutionWidth) |
+---------------------+-------------+---+---------------------+---------------------------+
| 8566928176839891583 | -1402644643 | 2 | 0                   | 1368.0                    |
| 7904046282518428963 | 1509330109  | 2 | 0                   | 1368.0                    |
| 6655575552203051303 | 1611957945  | 2 | 0                   | 1638.0                    |
| 7224410078130478461 | -776509581  | 2 | 0                   | 1368.0                    |
| 5288928650345203913 | -138544894  | 1 | 0                   | 1750.0                    |
| 9149058706700507293 | 1582270027  | 1 | 1                   | 1638.0                    |
| 9161359165187648504 | 1700490537  | 1 | 0                   | 2038.0                    |
| 7586246141198475680 | 1700490537  | 1 | 1                   | 2038.0                    |
| 7171938609290255020 | 1700490537  | 1 | 0                   | 2038.0                    |
| 7727433715470169138 | 1700490537  | 1 | 0                   | 2038.0                    |
+---------------------+-------------+---+---------------------+---------------------------+
+---------------------+-------------+---+---------------------+---------------------------+
| WatchID             | ClientIP    | c | sum(hits.IsRefresh) | avg(hits.ResolutionWidth) |
+---------------------+-------------+---+---------------------+---------------------------+
| 8566928176839891583 | -1402644643 | 2 | 0                   | 1368.0                    |
| 7904046282518428963 | 1509330109  | 2 | 0                   | 1368.0                    |
| 6655575552203051303 | 1611957945  | 2 | 0                   | 1638.0                    |
| 7224410078130478461 | -776509581  | 2 | 0                   | 1368.0                    |
| 8045178031195011650 | 1431951637  | 1 | 0                   | 1368.0                    |
| 8943219900568516823 | 1431951637  | 1 | 0                   | 1368.0                    |
| 5417038733474034051 | 700344571   | 1 | 0                   | 1917.0                    |
| 6024449894109381713 | 113150910   | 1 | 1                   | 1368.0                    |
| 9215874870504702464 | 113150910   | 1 | 1                   | 1368.0                    |
| 4988949426227915330 | 113150910   | 1 | 1                   | 1368.0                    |
+---------------------+-------------+---+---------------------+---------------------------+
