+----------+----------+---------------------------+-----------------------+
| RegionID | count(*) | avg(hits.ResolutionWidth) | sum(hits.AdvEngineID) |
+----------+----------+---------------------------+-----------------------+
| 229      | 17254222 | 1504.2990938681558        | 1950235               |
| 2        | 6225040  | 1475.6193153778931        | 419434                |
| 208      | 3960620  | 1277.8638839373634        | 271651                |
| 169      | 3243973  | 1466.207533478238         | 92281                 |
| 32       | 1737289  | 1536.7963954183788        | 77420                 |
| 184      | 1703139  | 1505.9871067481868        | 51597                 |
| 34       | 1676456  | 1548.607822096136         | 155185                |
| 107      | 1404458  | 1546.4320221751025        | 114311                |
| 42       | 1388679  | 1587.0068626370817        | 103226                |
| 51       | 1343769  | 1579.896836435429         | 93740                 |
| 55       | 1284963  | 1330.0709973750218        | 98242                 |
| 106      | 1267662  | 1584.543973866851         | 57252                 |
| 158      | 1255159  | 1376.8860016938092        | 34525                 |
| 1        | 1235341  | 1553.8996252856498        | 140041                |
| 36       | 1031435  | 1577.6725784950095        | 75753                 |
| 44       | 915228   | 1300.7587355281962        | 73702                 |
| 23       | 907962   | 1206.0484392518629        | 67434                 |
| 139      | 884645   | 1556.1782002950335        | 61824                 |
| 226      | 884270   | 1578.6935404344827        | 69961                 |
| 38       | 846261   | 1582.1406469162587        | 59022                 |
+----------+----------+---------------------------+-----------------------+
+----------+----------+---------------------------+-----------------------+
| RegionID | count(*) | avg(hits.ResolutionWidth) | sum(hits.AdvEngineID) |
+----------+----------+---------------------------+-----------------------+
| 229      | 17254222 | 1504.2990938681558        | 1950235               |
| 2        | 6225040  | 1475.6193153778931        | 419434                |
| 208      | 3960620  | 1277.8638839373634        | 271651                |
| 169      | 3243973  | 1466.207533478238         | 92281                 |
| 32       | 1737289  | 1536.7963954183788        | 77420                 |
| 184      | 1703139  | 1505.9871067481868        | 51597                 |
| 34       | 1676456  | 1548.607822096136         | 155185                |
| 107      | 1404458  | 1546.4320221751025        | 114311                |
| 42       | 1388679  | 1587.0068626370817        | 103226                |
| 51       | 1343769  | 1579.896836435429         | 93740                 |
| 55       | 1284963  | 1330.0709973750218        | 98242                 |
| 106      | 1267662  | 1584.543973866851         | 57252                 |
| 158      | 1255159  | 1376.8860016938092        | 34525                 |
| 1        | 1235341  | 1553.8996252856498        | 140041                |
| 36       | 1031435  | 1577.6725784950095        | 75753                 |
| 44       | 915228   | 1300.7587355281962        | 73702                 |
| 23       | 907962   | 1206.0484392518629        | 67434                 |
| 139      | 884645   | 1556.1782002950335        | 61824                 |
| 226      | 884270   | 1578.6935404344827        | 69961                 |
| 38       | 846261   | 1582.1406469162587        | 59022                 |
+----------+----------+---------------------------+-----------------------+
+----------+----------+---------------------------+-----------------------+
| RegionID | count(*) | avg(hits.ResolutionWidth) | sum(hits.AdvEngineID) |
+----------+----------+---------------------------+-----------------------+
| 229      | 17254222 | 1504.2990938681558        | 1950235               |
| 2        | 6225040  | 1475.6193153778931        | 419434                |
| 208      | 3960620  | 1277.8638839373634        | 271651                |
| 169      | 3243973  | 1466.207533478238         | 92281                 |
| 32       | 1737289  | 1536.7963954183788        | 77420                 |
| 184      | 1703139  | 1505.9871067481868        | 51597                 |
| 34       | 1676456  | 1548.607822096136         | 155185                |
| 107      | 1404458  | 1546.4320221751025        | 114311                |
| 42       | 1388679  | 1587.0068626370817        | 103226                |
| 51       | 1343769  | 1579.896836435429         | 93740                 |
| 55       | 1284963  | 1330.0709973750218        | 98242                 |
| 106      | 1267662  | 1584.543973866851         | 57252                 |
| 158      | 1255159  | 1376.8860016938092        | 34525                 |
| 1        | 1235341  | 1553.8996252856498        | 140041                |
| 36       | 1031435  | 1577.6725784950095        | 75753                 |
| 44       | 915228   | 1300.7587355281962        | 73702                 |
| 23       | 907962   | 1206.0484392518629        | 67434                 |
| 139      | 884645   | 1556.1782002950335        | 61824                 |
| 226      | 884270   | 1578.6935404344827        | 69961                 |
| 38       | 846261   | 1582.1406469162587        | 59022                 |
+----------+----------+---------------------------+-----------------------+
+----------+----------+---------------------------+-----------------------+
| RegionID | count(*) | avg(hits.ResolutionWidth) | sum(hits.AdvEngineID) |
+----------+----------+---------------------------+-----------------------+
| 229      | 17254222 | 1504.2990938681558        | 1950235               |
| 2        | 6225040  | 1475.6193153778931        | 419434                |
| 208      | 3960620  | 1277.8638839373634        | 271651                |
| 169      | 3243973  | 1466.207533478238         | 92281                 |
| 32       | 1737289  | 1536.7963954183788        | 77420                 |
| 184      | 1703139  | 1505.9871067481868        | 51597                 |
| 34       | 1676456  | 1548.607822096136         | 155185                |
| 107      | 1404458  | 1546.4320221751025        | 114311                |
| 42       | 1388679  | 1587.0068626370817        | 103226                |
| 51       | 1343769  | 1579.896836435429         | 93740                 |
| 55       | 1284963  | 1330.0709973750218        | 98242                 |
| 106      | 1267662  | 1584.543973866851         | 57252                 |
| 158      | 1255159  | 1376.8860016938092        | 34525                 |
| 1        | 1235341  | 1553.8996252856498        | 140041                |
| 36       | 1031435  | 1577.6725784950095        | 75753                 |
| 44       | 915228   | 1300.7587355281962        | 73702                 |
| 23       | 907962   | 1206.0484392518629        | 67434                 |
| 139      | 884645   | 1556.1782002950335        | 61824                 |
| 226      | 884270   | 1578.6935404344827        | 69961                 |
| 38       | 846261   | 1582.1406469162587        | 59022                 |
+----------+----------+---------------------------+-----------------------+
+----------+----------+---------------------------+-----------------------+
| RegionID | count(*) | avg(hits.ResolutionWidth) | sum(hits.AdvEngineID) |
+----------+----------+---------------------------+-----------------------+
| 229      | 17254222 | 1504.2990938681558        | 1950235               |
| 2        | 6225040  | 1475.6193153778931        | 419434                |
| 208      | 3960620  | 1277.8638839373634        | 271651                |
| 169      | 3243973  | 1466.207533478238         | 92281                 |
| 32       | 1737289  | 1536.7963954183788        | 77420                 |
| 184      | 1703139  | 1505.9871067481868        | 51597                 |
| 34       | 1676456  | 1548.607822096136         | 155185                |
| 107      | 1404458  | 1546.4320221751025        | 114311                |
| 42       | 1388679  | 1587.0068626370817        | 103226                |
| 51       | 1343769  | 1579.896836435429         | 93740                 |
| 55       | 1284963  | 1330.0709973750218        | 98242                 |
| 106      | 1267662  | 1584.543973866851         | 57252                 |
| 158      | 1255159  | 1376.8860016938092        | 34525                 |
| 1        | 1235341  | 1553.8996252856498        | 140041                |
| 36       | 1031435  | 1577.6725784950095        | 75753                 |
| 44       | 915228   | 1300.7587355281962        | 73702                 |
| 23       | 907962   | 1206.0484392518629        | 67434                 |
| 139      | 884645   | 1556.1782002950335        | 61824                 |
| 226      | 884270   | 1578.6935404344827        | 69961                 |
| 38       | 846261   | 1582.1406469162587        | 59022                 |
+----------+----------+---------------------------+-----------------------+
