+-------------------+--------------------+-----------+
| WindowClientWidth | WindowClientHeight | pageviews |
+-------------------+--------------------+-----------+
| 1033              | 384                | 1         |
| 1408              | 844                | 1         |
| 1705              | 532                | 1         |
| 1232              | 893                | 1         |
| 1638              | 809                | 1         |
| 746               | 296                | 1         |
| 1668              | 611                | 1         |
| 1285              | 787                | 1         |
| 2004              | 617                | 1         |
| 1201              | 926                | 1         |
+-------------------+--------------------+-----------+
+-------------------+--------------------+-----------+
| WindowClientWidth | WindowClientHeight | pageviews |
+-------------------+--------------------+-----------+
| 1033              | 384                | 1         |
| 1408              | 844                | 1         |
| 1705              | 532                | 1         |
| 1232              | 893                | 1         |
| 1638              | 809                | 1         |
| 746               | 296                | 1         |
| 1668              | 611                | 1         |
| 1285              | 787                | 1         |
| 2004              | 617                | 1         |
| 1201              | 926                | 1         |
+-------------------+--------------------+-----------+
+-------------------+--------------------+-----------+
| WindowClientWidth | WindowClientHeight | pageviews |
+-------------------+--------------------+-----------+
| 1033              | 384                | 1         |
| 1408              | 844                | 1         |
| 1705              | 532                | 1         |
| 1232              | 893                | 1         |
| 1638              | 809                | 1         |
| 746               | 296                | 1         |
| 1668              | 611                | 1         |
| 1285              | 787                | 1         |
| 2004              | 617                | 1         |
| 1201              | 926                | 1         |
+-------------------+--------------------+-----------+
+-------------------+--------------------+-----------+
| WindowClientWidth | WindowClientHeight | pageviews |
+-------------------+--------------------+-----------+
| 1033              | 384                | 1         |
| 1408              | 844                | 1         |
| 1705              | 532                | 1         |
| 1232              | 893                | 1         |
| 1638              | 809                | 1         |
| 746               | 296                | 1         |
| 1668              | 611                | 1         |
| 1285              | 787                | 1         |
| 2004              | 617                | 1         |
| 1201              | 926                | 1         |
+-------------------+--------------------+-----------+
+-------------------+--------------------+-----------+
| WindowClientWidth | WindowClientHeight | pageviews |
+-------------------+--------------------+-----------+
| 1033              | 384                | 1         |
| 1408              | 844                | 1         |
| 1705              | 532                | 1         |
| 1232              | 893                | 1         |
| 1638              | 809                | 1         |
| 746               | 296                | 1         |
| 1668              | 611                | 1         |
| 1285              | 787                | 1         |
| 2004              | 617                | 1         |
| 1201              | 926                | 1         |
+-------------------+--------------------+-----------+
