
=== EXPLAIN ANALYZE (Query 7, Iteration 0) ===
ProjectionExec: expr=[AdvEngineID@0 as AdvEngineID, count(*)@1 as count(*)], metrics=[output_rows=18, elapsed_compute=860ns, output_bytes=180.0 B, output_batches=1, expr_0_eval_time=240ns, expr_1_eval_time=50ns]
  SortPreservingMergeExec: [count(Int64(1))@2 DESC], metrics=[output_rows=18, elapsed_compute=21.36µs, output_bytes=324.0 B, output_batches=1]
    SortExec: expr=[count(*)@1 DESC], preserve_partitioning=[true], metrics=[output_rows=18, elapsed_compute=21.53µs, output_bytes=0.0 B, output_batches=0, spill_count=0, spilled_bytes=0.0 B, spilled_rows=0]
      ProjectionExec: expr=[AdvEngineID@0 as AdvEngineID, count(Int64(1))@1 as count(*), count(Int64(1))@1 as count(Int64(1))], metrics=[output_rows=18, elapsed_compute=10.28µs, output_bytes=2.8 KB, output_batches=10, expr_0_eval_time=1.65µs, expr_1_eval_time=806ns, expr_2_eval_time=716ns]
        AggregateExec: mode=FinalPartitioned, gby=[AdvEngineID@0 as AdvEngineID], aggr=[count(Int64(1))], metrics=[output_rows=18, elapsed_compute=691.90µs, output_bytes=2.8 KB, output_batches=10, spill_count=0, spilled_bytes=0.0 B, spilled_rows=0, peak_mem_used=80.06 K, aggregate_arguments_time=5.53µs, aggregation_time=6.66µs, emitting_time=9.85µs, time_calculating_group_ids=12.03µs]
          RepartitionExec: partitioning=Hash([AdvEngineID@0], 16), input_partitions=16, metrics=[output_rows=164, elapsed_compute=4.58ms, output_bytes=800.0 KB, output_batches=10, spill_count=0, spilled_bytes=0.0 B, spilled_rows=0, fetch_time=777.31ms, repartition_time=285.54µs, send_time=195.80µs]
            AggregateExec: mode=Partial, gby=[AdvEngineID@0 as AdvEngineID], aggr=[count(Int64(1))], metrics=[output_rows=164, elapsed_compute=26.15ms, output_bytes=5.8 KB, output_batches=16, spill_count=0, spilled_bytes=0.0 B, spilled_rows=0, skipped_aggregation_rows=0, peak_mem_used=342.8 K, aggregate_arguments_time=10.27ms, aggregation_time=1.88ms, emitting_time=78.77µs, time_calculating_group_ids=8.11ms, reduction_factor=0.026% (164/630.5 K)]
              DataSourceExec: file_groups={16 groups: [[home/ec2-user/liquid-cache/benchmark/clickbench/data/hits.parquet:0..923748528], [home/ec2-user/liquid-cache/benchmark/clickbench/data/hits.parquet:923748528..1847497056], [home/ec2-user/liquid-cache/benchmark/clickbench/data/hits.parquet:1847497056..2771245584], [home/ec2-user/liquid-cache/benchmark/clickbench/data/hits.parquet:2771245584..3694994112], [home/ec2-user/liquid-cache/benchmark/clickbench/data/hits.parquet:3694994112..4618742640], [home/ec2-user/liquid-cache/benchmark/clickbench/data/hits.parquet:4618742640..5542491168], [home/ec2-user/liquid-cache/benchmark/clickbench/data/hits.parquet:5542491168..6466239696], [home/ec2-user/liquid-cache/benchmark/clickbench/data/hits.parquet:6466239696..7389988224], [home/ec2-user/liquid-cache/benchmark/clickbench/data/hits.parquet:7389988224..8313736752], [home/ec2-user/liquid-cache/benchmark/clickbench/data/hits.parquet:8313736752..9237485280], [home/ec2-user/liquid-cache/benchmark/clickbench/data/hits.parquet:9237485280..10161233808], [home/ec2-user/liquid-cache/benchmark/clickbench/data/hits.parquet:10161233808..11084982336], [home/ec2-user/liquid-cache/benchmark/clickbench/data/hits.parquet:11084982336..12008730864], [home/ec2-user/liquid-cache/benchmark/clickbench/data/hits.parquet:12008730864..12932479392], [home/ec2-user/liquid-cache/benchmark/clickbench/data/hits.parquet:12932479392..13856227920], [home/ec2-user/liquid-cache/benchmark/clickbench/data/hits.parquet:13856227920..14779976446]]}, projection=[AdvEngineID], file_type=liquid_parquet, metrics=[output_rows=630.5 K, elapsed_compute=16ns, output_bytes=1469.4 KB, output_batches=5.87 K, files_ranges_pruned_statistics=16 total → 16 matched, row_groups_pruned_statistics=226 total → 212 matched, row_groups_pruned_bloom_filter=0 total → 0 matched, page_index_pages_pruned=0 total → 0 matched, page_index_rows_pruned=0 total → 0 matched, limit_pruned_row_groups=0 total → 0 matched, batches_split=0, bytes_scanned=941.5 K, file_open_errors=0, file_scan_errors=0, num_predicate_creation_errors=0, predicate_evaluation_errors=0, pushdown_rows_matched=0, pushdown_rows_pruned=0, predicate_cache_inner_records=0, predicate_cache_records=0, bloom_filter_eval_time=1.86ms, metadata_load_time=153.54ms, page_index_eval_time=2.67µs, row_pushdown_eval_time=32ns, statistics_eval_time=287.85µs, time_elapsed_opening=173.77ms, time_elapsed_processing=530.61ms, time_elapsed_scanning_total=602.83ms, time_elapsed_scanning_until_data=63.53ms, scan_efficiency_ratio=N/A (0/0)]

Cache: entries=11540, mem=181MB, disk=0MB
  Hits: cache_hit=5868, eval_predicate=23080
  Misses: cache_miss=11540
  IO: read=0, write=0
  Squeeze: squeezed_success=0, squeezed_needs_io=0
Time: 63ms

+-------------+----------+
| AdvEngineID | count(*) |
+-------------+----------+
| 2           | 404602   |
| 27          | 113167   |
| 13          | 45631    |
| 45          | 38960    |
| 44          | 9730     |
| 3           | 6896     |
| 62          | 5266     |
| 52          | 3554     |
| 50          | 938      |
| 28          | 836      |
| 53          | 350      |
| 25          | 343      |
| 61          | 158      |
| 21          | 38       |
| 42          | 20       |
| 16          | 7        |
| 7           | 3        |
| 22          | 1        |
+-------------+----------+

=== EXPLAIN ANALYZE (Query 7, Iteration 1) ===
ProjectionExec: expr=[AdvEngineID@0 as AdvEngineID, count(*)@1 as count(*)], metrics=[output_rows=18, elapsed_compute=980ns, output_bytes=180.0 B, output_batches=1, expr_0_eval_time=190ns, expr_1_eval_time=60ns]
  SortPreservingMergeExec: [count(Int64(1))@2 DESC], metrics=[output_rows=18, elapsed_compute=11.29µs, output_bytes=324.0 B, output_batches=1]
    SortExec: expr=[count(*)@1 DESC], preserve_partitioning=[true], metrics=[output_rows=18, elapsed_compute=17.86µs, output_bytes=0.0 B, output_batches=0, spill_count=0, spilled_bytes=0.0 B, spilled_rows=0]
      ProjectionExec: expr=[AdvEngineID@0 as AdvEngineID, count(Int64(1))@1 as count(*), count(Int64(1))@1 as count(Int64(1))], metrics=[output_rows=18, elapsed_compute=11.21µs, output_bytes=2.8 KB, output_batches=10, expr_0_eval_time=1.40µs, expr_1_eval_time=967ns, expr_2_eval_time=856ns]
        AggregateExec: mode=FinalPartitioned, gby=[AdvEngineID@0 as AdvEngineID], aggr=[count(Int64(1))], metrics=[output_rows=18, elapsed_compute=97.99µs, output_bytes=2.8 KB, output_batches=10, spill_count=0, spilled_bytes=0.0 B, spilled_rows=0, peak_mem_used=80.06 K, aggregate_arguments_time=4.76µs, aggregation_time=4.84µs, emitting_time=7.85µs, time_calculating_group_ids=9.35µs]
          RepartitionExec: partitioning=Hash([AdvEngineID@0], 16), input_partitions=16, metrics=[output_rows=164, elapsed_compute=147.00µs, output_bytes=800.0 KB, output_batches=10, spill_count=0, spilled_bytes=0.0 B, spilled_rows=0, fetch_time=147.96ms, repartition_time=117.05µs, send_time=139.58µs]
            AggregateExec: mode=Partial, gby=[AdvEngineID@0 as AdvEngineID], aggr=[count(Int64(1))], metrics=[output_rows=164, elapsed_compute=12.37ms, output_bytes=5.8 KB, output_batches=16, spill_count=0, spilled_bytes=0.0 B, spilled_rows=0, skipped_aggregation_rows=0, peak_mem_used=342.8 K, aggregate_arguments_time=2.16ms, aggregation_time=1.35ms, emitting_time=21.00µs, time_calculating_group_ids=5.35ms, reduction_factor=0.026% (164/630.5 K)]
              DataSourceExec: file_groups={16 groups: [[home/ec2-user/liquid-cache/benchmark/clickbench/data/hits.parquet:0..923748528], [home/ec2-user/liquid-cache/benchmark/clickbench/data/hits.parquet:923748528..1847497056], [home/ec2-user/liquid-cache/benchmark/clickbench/data/hits.parquet:1847497056..2771245584], [home/ec2-user/liquid-cache/benchmark/clickbench/data/hits.parquet:2771245584..3694994112], [home/ec2-user/liquid-cache/benchmark/clickbench/data/hits.parquet:3694994112..4618742640], [home/ec2-user/liquid-cache/benchmark/clickbench/data/hits.parquet:4618742640..5542491168], [home/ec2-user/liquid-cache/benchmark/clickbench/data/hits.parquet:5542491168..6466239696], [home/ec2-user/liquid-cache/benchmark/clickbench/data/hits.parquet:6466239696..7389988224], [home/ec2-user/liquid-cache/benchmark/clickbench/data/hits.parquet:7389988224..8313736752], [home/ec2-user/liquid-cache/benchmark/clickbench/data/hits.parquet:8313736752..9237485280], [home/ec2-user/liquid-cache/benchmark/clickbench/data/hits.parquet:9237485280..10161233808], [home/ec2-user/liquid-cache/benchmark/clickbench/data/hits.parquet:10161233808..11084982336], [home/ec2-user/liquid-cache/benchmark/clickbench/data/hits.parquet:11084982336..12008730864], [home/ec2-user/liquid-cache/benchmark/clickbench/data/hits.parquet:12008730864..12932479392], [home/ec2-user/liquid-cache/benchmark/clickbench/data/hits.parquet:12932479392..13856227920], [home/ec2-user/liquid-cache/benchmark/clickbench/data/hits.parquet:13856227920..14779976446]]}, projection=[AdvEngineID], file_type=liquid_parquet, metrics=[output_rows=630.5 K, elapsed_compute=16ns, output_bytes=1469.4 KB, output_batches=5.87 K, files_ranges_pruned_statistics=16 total → 16 matched, row_groups_pruned_statistics=226 total → 212 matched, row_groups_pruned_bloom_filter=0 total → 0 matched, page_index_pages_pruned=0 total → 0 matched, page_index_rows_pruned=0 total → 0 matched, limit_pruned_row_groups=0 total → 0 matched, batches_split=0, bytes_scanned=0, file_open_errors=0, file_scan_errors=0, num_predicate_creation_errors=0, predicate_evaluation_errors=0, pushdown_rows_matched=0, pushdown_rows_pruned=0, predicate_cache_inner_records=0, predicate_cache_records=0, bloom_filter_eval_time=2.07ms, metadata_load_time=2.16ms, page_index_eval_time=2.85µs, row_pushdown_eval_time=32ns, statistics_eval_time=346.85µs, time_elapsed_opening=13.54ms, time_elapsed_processing=132.60ms, time_elapsed_scanning_total=133.99ms, time_elapsed_scanning_until_data=1.84ms, scan_efficiency_ratio=N/A (0/0)]

Cache: entries=11540, mem=181MB, disk=0MB
  Hits: cache_hit=5868, eval_predicate=11540
  Misses: cache_miss=0
  IO: read=0, write=0
  Squeeze: squeezed_success=0, squeezed_needs_io=0
Time: 17ms

+-------------+----------+
| AdvEngineID | count(*) |
+-------------+----------+
| 2           | 404602   |
| 27          | 113167   |
| 13          | 45631    |
| 45          | 38960    |
| 44          | 9730     |
| 3           | 6896     |
| 62          | 5266     |
| 52          | 3554     |
| 50          | 938      |
| 28          | 836      |
| 53          | 350      |
| 25          | 343      |
| 61          | 158      |
| 21          | 38       |
| 42          | 20       |
| 16          | 7        |
| 7           | 3        |
| 22          | 1        |
+-------------+----------+

=== EXPLAIN ANALYZE (Query 7, Iteration 2) ===
ProjectionExec: expr=[AdvEngineID@0 as AdvEngineID, count(*)@1 as count(*)], metrics=[output_rows=18, elapsed_compute=1.21µs, output_bytes=180.0 B, output_batches=1, expr_0_eval_time=310ns, expr_1_eval_time=170ns]
  SortPreservingMergeExec: [count(Int64(1))@2 DESC], metrics=[output_rows=18, elapsed_compute=11.27µs, output_bytes=324.0 B, output_batches=1]
    SortExec: expr=[count(*)@1 DESC], preserve_partitioning=[true], metrics=[output_rows=18, elapsed_compute=15.79µs, output_bytes=0.0 B, output_batches=0, spill_count=0, spilled_bytes=0.0 B, spilled_rows=0]
      ProjectionExec: expr=[AdvEngineID@0 as AdvEngineID, count(Int64(1))@1 as count(*), count(Int64(1))@1 as count(Int64(1))], metrics=[output_rows=18, elapsed_compute=9.40µs, output_bytes=2.8 KB, output_batches=10, expr_0_eval_time=1.26µs, expr_1_eval_time=848ns, expr_2_eval_time=646ns]
        AggregateExec: mode=FinalPartitioned, gby=[AdvEngineID@0 as AdvEngineID], aggr=[count(Int64(1))], metrics=[output_rows=18, elapsed_compute=109.09µs, output_bytes=2.8 KB, output_batches=10, spill_count=0, spilled_bytes=0.0 B, spilled_rows=0, peak_mem_used=80.06 K, aggregate_arguments_time=4.87µs, aggregation_time=4.62µs, emitting_time=7.15µs, time_calculating_group_ids=7.68µs]
          RepartitionExec: partitioning=Hash([AdvEngineID@0], 16), input_partitions=16, metrics=[output_rows=164, elapsed_compute=146.76µs, output_bytes=800.0 KB, output_batches=10, spill_count=0, spilled_bytes=0.0 B, spilled_rows=0, fetch_time=141.97ms, repartition_time=120.04µs, send_time=113.18µs]
            AggregateExec: mode=Partial, gby=[AdvEngineID@0 as AdvEngineID], aggr=[count(Int64(1))], metrics=[output_rows=164, elapsed_compute=11.57ms, output_bytes=5.8 KB, output_batches=16, spill_count=0, spilled_bytes=0.0 B, spilled_rows=0, skipped_aggregation_rows=0, peak_mem_used=342.8 K, aggregate_arguments_time=2.05ms, aggregation_time=1.34ms, emitting_time=22.05µs, time_calculating_group_ids=4.77ms, reduction_factor=0.026% (164/630.5 K)]
              DataSourceExec: file_groups={16 groups: [[home/ec2-user/liquid-cache/benchmark/clickbench/data/hits.parquet:0..923748528], [home/ec2-user/liquid-cache/benchmark/clickbench/data/hits.parquet:923748528..1847497056], [home/ec2-user/liquid-cache/benchmark/clickbench/data/hits.parquet:1847497056..2771245584], [home/ec2-user/liquid-cache/benchmark/clickbench/data/hits.parquet:2771245584..3694994112], [home/ec2-user/liquid-cache/benchmark/clickbench/data/hits.parquet:3694994112..4618742640], [home/ec2-user/liquid-cache/benchmark/clickbench/data/hits.parquet:4618742640..5542491168], [home/ec2-user/liquid-cache/benchmark/clickbench/data/hits.parquet:5542491168..6466239696], [home/ec2-user/liquid-cache/benchmark/clickbench/data/hits.parquet:6466239696..7389988224], [home/ec2-user/liquid-cache/benchmark/clickbench/data/hits.parquet:7389988224..8313736752], [home/ec2-user/liquid-cache/benchmark/clickbench/data/hits.parquet:8313736752..9237485280], [home/ec2-user/liquid-cache/benchmark/clickbench/data/hits.parquet:9237485280..10161233808], [home/ec2-user/liquid-cache/benchmark/clickbench/data/hits.parquet:10161233808..11084982336], [home/ec2-user/liquid-cache/benchmark/clickbench/data/hits.parquet:11084982336..12008730864], [home/ec2-user/liquid-cache/benchmark/clickbench/data/hits.parquet:12008730864..12932479392], [home/ec2-user/liquid-cache/benchmark/clickbench/data/hits.parquet:12932479392..13856227920], [home/ec2-user/liquid-cache/benchmark/clickbench/data/hits.parquet:13856227920..14779976446]]}, projection=[AdvEngineID], file_type=liquid_parquet, metrics=[output_rows=630.5 K, elapsed_compute=16ns, output_bytes=1469.4 KB, output_batches=5.87 K, files_ranges_pruned_statistics=16 total → 16 matched, row_groups_pruned_statistics=226 total → 212 matched, row_groups_pruned_bloom_filter=0 total → 0 matched, page_index_pages_pruned=0 total → 0 matched, page_index_rows_pruned=0 total → 0 matched, limit_pruned_row_groups=0 total → 0 matched, batches_split=0, bytes_scanned=0, file_open_errors=0, file_scan_errors=0, num_predicate_creation_errors=0, predicate_evaluation_errors=0, pushdown_rows_matched=0, pushdown_rows_pruned=0, predicate_cache_inner_records=0, predicate_cache_records=0, bloom_filter_eval_time=1.87ms, metadata_load_time=1.95ms, page_index_eval_time=2.66µs, row_pushdown_eval_time=32ns, statistics_eval_time=305.64µs, time_elapsed_opening=5.87ms, time_elapsed_processing=121.33ms, time_elapsed_scanning_total=135.68ms, time_elapsed_scanning_until_data=1.50ms, scan_efficiency_ratio=N/A (0/0)]

Cache: entries=11540, mem=181MB, disk=0MB
  Hits: cache_hit=5868, eval_predicate=11540
  Misses: cache_miss=0
  IO: read=0, write=0
  Squeeze: squeezed_success=0, squeezed_needs_io=0
Time: 14ms

+-------------+----------+
| AdvEngineID | count(*) |
+-------------+----------+
| 2           | 404602   |
| 27          | 113167   |
| 13          | 45631    |
| 45          | 38960    |
| 44          | 9730     |
| 3           | 6896     |
| 62          | 5266     |
| 52          | 3554     |
| 50          | 938      |
| 28          | 836      |
| 53          | 350      |
| 25          | 343      |
| 61          | 158      |
| 21          | 38       |
| 42          | 20       |
| 16          | 7        |
| 7           | 3        |
| 22          | 1        |
+-------------+----------+

=== EXPLAIN ANALYZE (Query 7, Iteration 3) ===
ProjectionExec: expr=[AdvEngineID@0 as AdvEngineID, count(*)@1 as count(*)], metrics=[output_rows=18, elapsed_compute=1.21µs, output_bytes=180.0 B, output_batches=1, expr_0_eval_time=230ns, expr_1_eval_time=100ns]
  SortPreservingMergeExec: [count(Int64(1))@2 DESC], metrics=[output_rows=18, elapsed_compute=10.34µs, output_bytes=324.0 B, output_batches=1]
    SortExec: expr=[count(*)@1 DESC], preserve_partitioning=[true], metrics=[output_rows=18, elapsed_compute=19.85µs, output_bytes=0.0 B, output_batches=0, spill_count=0, spilled_bytes=0.0 B, spilled_rows=0]
      ProjectionExec: expr=[AdvEngineID@0 as AdvEngineID, count(Int64(1))@1 as count(*), count(Int64(1))@1 as count(Int64(1))], metrics=[output_rows=18, elapsed_compute=10.64µs, output_bytes=2.8 KB, output_batches=10, expr_0_eval_time=1.50µs, expr_1_eval_time=937ns, expr_2_eval_time=836ns]
        AggregateExec: mode=FinalPartitioned, gby=[AdvEngineID@0 as AdvEngineID], aggr=[count(Int64(1))], metrics=[output_rows=18, elapsed_compute=79.94µs, output_bytes=2.8 KB, output_batches=10, spill_count=0, spilled_bytes=0.0 B, spilled_rows=0, peak_mem_used=80.06 K, aggregate_arguments_time=4.50µs, aggregation_time=4.60µs, emitting_time=8.05µs, time_calculating_group_ids=9.78µs]
          RepartitionExec: partitioning=Hash([AdvEngineID@0], 16), input_partitions=16, metrics=[output_rows=164, elapsed_compute=146.65µs, output_bytes=800.0 KB, output_batches=10, spill_count=0, spilled_bytes=0.0 B, spilled_rows=0, fetch_time=143.01ms, repartition_time=115.10µs, send_time=149.07µs]
            AggregateExec: mode=Partial, gby=[AdvEngineID@0 as AdvEngineID], aggr=[count(Int64(1))], metrics=[output_rows=164, elapsed_compute=11.76ms, output_bytes=5.8 KB, output_batches=16, spill_count=0, spilled_bytes=0.0 B, spilled_rows=0, skipped_aggregation_rows=0, peak_mem_used=342.8 K, aggregate_arguments_time=2.05ms, aggregation_time=1.33ms, emitting_time=21.15µs, time_calculating_group_ids=4.99ms, reduction_factor=0.026% (164/630.5 K)]
              DataSourceExec: file_groups={16 groups: [[home/ec2-user/liquid-cache/benchmark/clickbench/data/hits.parquet:0..923748528], [home/ec2-user/liquid-cache/benchmark/clickbench/data/hits.parquet:923748528..1847497056], [home/ec2-user/liquid-cache/benchmark/clickbench/data/hits.parquet:1847497056..2771245584], [home/ec2-user/liquid-cache/benchmark/clickbench/data/hits.parquet:2771245584..3694994112], [home/ec2-user/liquid-cache/benchmark/clickbench/data/hits.parquet:3694994112..4618742640], [home/ec2-user/liquid-cache/benchmark/clickbench/data/hits.parquet:4618742640..5542491168], [home/ec2-user/liquid-cache/benchmark/clickbench/data/hits.parquet:5542491168..6466239696], [home/ec2-user/liquid-cache/benchmark/clickbench/data/hits.parquet:6466239696..7389988224], [home/ec2-user/liquid-cache/benchmark/clickbench/data/hits.parquet:7389988224..8313736752], [home/ec2-user/liquid-cache/benchmark/clickbench/data/hits.parquet:8313736752..9237485280], [home/ec2-user/liquid-cache/benchmark/clickbench/data/hits.parquet:9237485280..10161233808], [home/ec2-user/liquid-cache/benchmark/clickbench/data/hits.parquet:10161233808..11084982336], [home/ec2-user/liquid-cache/benchmark/clickbench/data/hits.parquet:11084982336..12008730864], [home/ec2-user/liquid-cache/benchmark/clickbench/data/hits.parquet:12008730864..12932479392], [home/ec2-user/liquid-cache/benchmark/clickbench/data/hits.parquet:12932479392..13856227920], [home/ec2-user/liquid-cache/benchmark/clickbench/data/hits.parquet:13856227920..14779976446]]}, projection=[AdvEngineID], file_type=liquid_parquet, metrics=[output_rows=630.5 K, elapsed_compute=16ns, output_bytes=1469.4 KB, output_batches=5.87 K, files_ranges_pruned_statistics=16 total → 16 matched, row_groups_pruned_statistics=226 total → 212 matched, row_groups_pruned_bloom_filter=0 total → 0 matched, page_index_pages_pruned=0 total → 0 matched, page_index_rows_pruned=0 total → 0 matched, limit_pruned_row_groups=0 total → 0 matched, batches_split=0, bytes_scanned=0, file_open_errors=0, file_scan_errors=0, num_predicate_creation_errors=0, predicate_evaluation_errors=0, pushdown_rows_matched=0, pushdown_rows_pruned=0, predicate_cache_inner_records=0, predicate_cache_records=0, bloom_filter_eval_time=1.96ms, metadata_load_time=1.85ms, page_index_eval_time=3.01µs, row_pushdown_eval_time=32ns, statistics_eval_time=328.40µs, time_elapsed_opening=5.78ms, time_elapsed_processing=122.13ms, time_elapsed_scanning_total=136.77ms, time_elapsed_scanning_until_data=1.71ms, scan_efficiency_ratio=N/A (0/0)]

Cache: entries=11540, mem=181MB, disk=0MB
  Hits: cache_hit=5868, eval_predicate=11540
  Misses: cache_miss=0
  IO: read=0, write=0
  Squeeze: squeezed_success=0, squeezed_needs_io=0
Time: 15ms

+-------------+----------+
| AdvEngineID | count(*) |
+-------------+----------+
| 2           | 404602   |
| 27          | 113167   |
| 13          | 45631    |
| 45          | 38960    |
| 44          | 9730     |
| 3           | 6896     |
| 62          | 5266     |
| 52          | 3554     |
| 50          | 938      |
| 28          | 836      |
| 53          | 350      |
| 25          | 343      |
| 61          | 158      |
| 21          | 38       |
| 42          | 20       |
| 16          | 7        |
| 7           | 3        |
| 22          | 1        |
+-------------+----------+

=== EXPLAIN ANALYZE (Query 7, Iteration 4) ===
ProjectionExec: expr=[AdvEngineID@0 as AdvEngineID, count(*)@1 as count(*)], metrics=[output_rows=18, elapsed_compute=1.24µs, output_bytes=180.0 B, output_batches=1, expr_0_eval_time=220ns, expr_1_eval_time=170ns]
  SortPreservingMergeExec: [count(Int64(1))@2 DESC], metrics=[output_rows=18, elapsed_compute=11.95µs, output_bytes=324.0 B, output_batches=1]
    SortExec: expr=[count(*)@1 DESC], preserve_partitioning=[true], metrics=[output_rows=18, elapsed_compute=17.94µs, output_bytes=0.0 B, output_batches=0, spill_count=0, spilled_bytes=0.0 B, spilled_rows=0]
      ProjectionExec: expr=[AdvEngineID@0 as AdvEngineID, count(Int64(1))@1 as count(*), count(Int64(1))@1 as count(Int64(1))], metrics=[output_rows=18, elapsed_compute=9.78µs, output_bytes=2.8 KB, output_batches=10, expr_0_eval_time=1.14µs, expr_1_eval_time=776ns, expr_2_eval_time=797ns]
        AggregateExec: mode=FinalPartitioned, gby=[AdvEngineID@0 as AdvEngineID], aggr=[count(Int64(1))], metrics=[output_rows=18, elapsed_compute=92.30µs, output_bytes=2.8 KB, output_batches=10, spill_count=0, spilled_bytes=0.0 B, spilled_rows=0, peak_mem_used=80.06 K, aggregate_arguments_time=4.61µs, aggregation_time=4.93µs, emitting_time=7.14µs, time_calculating_group_ids=11.35µs]
          RepartitionExec: partitioning=Hash([AdvEngineID@0], 16), input_partitions=16, metrics=[output_rows=164, elapsed_compute=140.74µs, output_bytes=800.0 KB, output_batches=10, spill_count=0, spilled_bytes=0.0 B, spilled_rows=0, fetch_time=144.11ms, repartition_time=111.49µs, send_time=150.96µs]
            AggregateExec: mode=Partial, gby=[AdvEngineID@0 as AdvEngineID], aggr=[count(Int64(1))], metrics=[output_rows=164, elapsed_compute=11.99ms, output_bytes=5.8 KB, output_batches=16, spill_count=0, spilled_bytes=0.0 B, spilled_rows=0, skipped_aggregation_rows=0, peak_mem_used=342.8 K, aggregate_arguments_time=2.09ms, aggregation_time=1.34ms, emitting_time=20.74µs, time_calculating_group_ids=5.05ms, reduction_factor=0.026% (164/630.5 K)]
              DataSourceExec: file_groups={16 groups: [[home/ec2-user/liquid-cache/benchmark/clickbench/data/hits.parquet:0..923748528], [home/ec2-user/liquid-cache/benchmark/clickbench/data/hits.parquet:923748528..1847497056], [home/ec2-user/liquid-cache/benchmark/clickbench/data/hits.parquet:1847497056..2771245584], [home/ec2-user/liquid-cache/benchmark/clickbench/data/hits.parquet:2771245584..3694994112], [home/ec2-user/liquid-cache/benchmark/clickbench/data/hits.parquet:3694994112..4618742640], [home/ec2-user/liquid-cache/benchmark/clickbench/data/hits.parquet:4618742640..5542491168], [home/ec2-user/liquid-cache/benchmark/clickbench/data/hits.parquet:5542491168..6466239696], [home/ec2-user/liquid-cache/benchmark/clickbench/data/hits.parquet:6466239696..7389988224], [home/ec2-user/liquid-cache/benchmark/clickbench/data/hits.parquet:7389988224..8313736752], [home/ec2-user/liquid-cache/benchmark/clickbench/data/hits.parquet:8313736752..9237485280], [home/ec2-user/liquid-cache/benchmark/clickbench/data/hits.parquet:9237485280..10161233808], [home/ec2-user/liquid-cache/benchmark/clickbench/data/hits.parquet:10161233808..11084982336], [home/ec2-user/liquid-cache/benchmark/clickbench/data/hits.parquet:11084982336..12008730864], [home/ec2-user/liquid-cache/benchmark/clickbench/data/hits.parquet:12008730864..12932479392], [home/ec2-user/liquid-cache/benchmark/clickbench/data/hits.parquet:12932479392..13856227920], [home/ec2-user/liquid-cache/benchmark/clickbench/data/hits.parquet:13856227920..14779976446]]}, projection=[AdvEngineID], file_type=liquid_parquet, metrics=[output_rows=630.5 K, elapsed_compute=16ns, output_bytes=1469.4 KB, output_batches=5.87 K, files_ranges_pruned_statistics=16 total → 16 matched, row_groups_pruned_statistics=226 total → 212 matched, row_groups_pruned_bloom_filter=0 total → 0 matched, page_index_pages_pruned=0 total → 0 matched, page_index_rows_pruned=0 total → 0 matched, limit_pruned_row_groups=0 total → 0 matched, batches_split=0, bytes_scanned=0, file_open_errors=0, file_scan_errors=0, num_predicate_creation_errors=0, predicate_evaluation_errors=0, pushdown_rows_matched=0, pushdown_rows_pruned=0, predicate_cache_inner_records=0, predicate_cache_records=0, bloom_filter_eval_time=1.96ms, metadata_load_time=1.78ms, page_index_eval_time=2.67µs, row_pushdown_eval_time=32ns, statistics_eval_time=299.67µs, time_elapsed_opening=5.51ms, time_elapsed_processing=122.60ms, time_elapsed_scanning_total=138.17ms, time_elapsed_scanning_until_data=1.59ms, scan_efficiency_ratio=N/A (0/0)]

Cache: entries=11540, mem=181MB, disk=0MB
  Hits: cache_hit=5868, eval_predicate=11540
  Misses: cache_miss=0
  IO: read=0, write=0
  Squeeze: squeezed_success=0, squeezed_needs_io=0
Time: 15ms

+-------------+----------+
| AdvEngineID | count(*) |
+-------------+----------+
| 2           | 404602   |
| 27          | 113167   |
| 13          | 45631    |
| 45          | 38960    |
| 44          | 9730     |
| 3           | 6896     |
| 62          | 5266     |
| 52          | 3554     |
| 50          | 938      |
| 28          | 836      |
| 53          | 350      |
| 25          | 343      |
| 61          | 158      |
| 21          | 38       |
| 42          | 20       |
| 16          | 7        |
| 7           | 3        |
| 22          | 1        |
+-------------+----------+
