
=== EXPLAIN ANALYZE (Query 1, Iteration 0) ===
ProjectionExec: expr=[count(Int64(1))@0 as count(*)], metrics=[output_rows=1, elapsed_compute=1.15µs, output_bytes=8.0 B, output_batches=1, expr_0_eval_time=360ns]
  AggregateExec: mode=Final, gby=[], aggr=[count(Int64(1))], metrics=[output_rows=1, elapsed_compute=14.85µs, output_bytes=8.0 B, output_batches=1]
    CoalescePartitionsExec, metrics=[output_rows=16, elapsed_compute=19.81µs, output_bytes=128.0 B, output_batches=16]
      AggregateExec: mode=Partial, gby=[], aggr=[count(Int64(1))], metrics=[output_rows=16, elapsed_compute=1.05ms, output_bytes=128.0 B, output_batches=16]
        DataSourceExec: file_groups={16 groups: [[home/ec2-user/liquid-cache/benchmark/clickbench/data/hits.parquet:0..923748528], [home/ec2-user/liquid-cache/benchmark/clickbench/data/hits.parquet:923748528..1847497056], [home/ec2-user/liquid-cache/benchmark/clickbench/data/hits.parquet:1847497056..2771245584], [home/ec2-user/liquid-cache/benchmark/clickbench/data/hits.parquet:2771245584..3694994112], [home/ec2-user/liquid-cache/benchmark/clickbench/data/hits.parquet:3694994112..4618742640], [home/ec2-user/liquid-cache/benchmark/clickbench/data/hits.parquet:4618742640..5542491168], [home/ec2-user/liquid-cache/benchmark/clickbench/data/hits.parquet:5542491168..6466239696], [home/ec2-user/liquid-cache/benchmark/clickbench/data/hits.parquet:6466239696..7389988224], [home/ec2-user/liquid-cache/benchmark/clickbench/data/hits.parquet:7389988224..8313736752], [home/ec2-user/liquid-cache/benchmark/clickbench/data/hits.parquet:8313736752..9237485280], [home/ec2-user/liquid-cache/benchmark/clickbench/data/hits.parquet:9237485280..10161233808], [home/ec2-user/liquid-cache/benchmark/clickbench/data/hits.parquet:10161233808..11084982336], [home/ec2-user/liquid-cache/benchmark/clickbench/data/hits.parquet:11084982336..12008730864], [home/ec2-user/liquid-cache/benchmark/clickbench/data/hits.parquet:12008730864..12932479392], [home/ec2-user/liquid-cache/benchmark/clickbench/data/hits.parquet:12932479392..13856227920], [home/ec2-user/liquid-cache/benchmark/clickbench/data/hits.parquet:13856227920..14779976446]]}, file_type=parquet, predicate=AdvEngineID@40 != 0, pruning_predicate=AdvEngineID_null_count@2 != row_count@3 AND (AdvEngineID_min@0 != 0 OR 0 != AdvEngineID_max@1), required_guarantees=[AdvEngineID not in (0)], metrics=[output_rows=630.5 K, elapsed_compute=16ns, output_bytes=0.0 B, output_batches=248, files_ranges_pruned_statistics=16 total → 16 matched, row_groups_pruned_statistics=226 total → 212 matched, row_groups_pruned_bloom_filter=212 total → 212 matched, page_index_pages_pruned=0 total → 0 matched, page_index_rows_pruned=0 total → 0 matched, limit_pruned_row_groups=0 total → 0 matched, batches_split=0, bytes_scanned=941.5 K, file_open_errors=0, file_scan_errors=0, num_predicate_creation_errors=0, predicate_evaluation_errors=0, pushdown_rows_matched=630.5 K, pushdown_rows_pruned=93.82 M, predicate_cache_inner_records=0, predicate_cache_records=0, bloom_filter_eval_time=1.84ms, metadata_load_time=397.19ms, page_index_eval_time=5.12µs, row_pushdown_eval_time=69.08ms, statistics_eval_time=1.90ms, time_elapsed_opening=428.29ms, time_elapsed_processing=662.89ms, time_elapsed_scanning_total=283.78ms, time_elapsed_scanning_until_data=82.37ms, scan_efficiency_ratio=0.0064% (941.5 K/14.78 B)]

Time: 55ms

+----------+
| count(*) |
+----------+
| 630500   |
+----------+

=== EXPLAIN ANALYZE (Query 1, Iteration 1) ===
ProjectionExec: expr=[count(Int64(1))@0 as count(*)], metrics=[output_rows=1, elapsed_compute=1.33µs, output_bytes=8.0 B, output_batches=1, expr_0_eval_time=320ns]
  AggregateExec: mode=Final, gby=[], aggr=[count(Int64(1))], metrics=[output_rows=1, elapsed_compute=14.00µs, output_bytes=8.0 B, output_batches=1]
    CoalescePartitionsExec, metrics=[output_rows=16, elapsed_compute=15.58µs, output_bytes=128.0 B, output_batches=16]
      AggregateExec: mode=Partial, gby=[], aggr=[count(Int64(1))], metrics=[output_rows=16, elapsed_compute=635.69µs, output_bytes=128.0 B, output_batches=16]
        DataSourceExec: file_groups={16 groups: [[home/ec2-user/liquid-cache/benchmark/clickbench/data/hits.parquet:0..923748528], [home/ec2-user/liquid-cache/benchmark/clickbench/data/hits.parquet:923748528..1847497056], [home/ec2-user/liquid-cache/benchmark/clickbench/data/hits.parquet:1847497056..2771245584], [home/ec2-user/liquid-cache/benchmark/clickbench/data/hits.parquet:2771245584..3694994112], [home/ec2-user/liquid-cache/benchmark/clickbench/data/hits.parquet:3694994112..4618742640], [home/ec2-user/liquid-cache/benchmark/clickbench/data/hits.parquet:4618742640..5542491168], [home/ec2-user/liquid-cache/benchmark/clickbench/data/hits.parquet:5542491168..6466239696], [home/ec2-user/liquid-cache/benchmark/clickbench/data/hits.parquet:6466239696..7389988224], [home/ec2-user/liquid-cache/benchmark/clickbench/data/hits.parquet:7389988224..8313736752], [home/ec2-user/liquid-cache/benchmark/clickbench/data/hits.parquet:8313736752..9237485280], [home/ec2-user/liquid-cache/benchmark/clickbench/data/hits.parquet:9237485280..10161233808], [home/ec2-user/liquid-cache/benchmark/clickbench/data/hits.parquet:10161233808..11084982336], [home/ec2-user/liquid-cache/benchmark/clickbench/data/hits.parquet:11084982336..12008730864], [home/ec2-user/liquid-cache/benchmark/clickbench/data/hits.parquet:12008730864..12932479392], [home/ec2-user/liquid-cache/benchmark/clickbench/data/hits.parquet:12932479392..13856227920], [home/ec2-user/liquid-cache/benchmark/clickbench/data/hits.parquet:13856227920..14779976446]]}, file_type=parquet, predicate=AdvEngineID@40 != 0, pruning_predicate=AdvEngineID_null_count@2 != row_count@3 AND (AdvEngineID_min@0 != 0 OR 0 != AdvEngineID_max@1), required_guarantees=[AdvEngineID not in (0)], metrics=[output_rows=630.5 K, elapsed_compute=16ns, output_bytes=0.0 B, output_batches=248, files_ranges_pruned_statistics=16 total → 16 matched, row_groups_pruned_statistics=226 total → 212 matched, row_groups_pruned_bloom_filter=212 total → 212 matched, page_index_pages_pruned=0 total → 0 matched, page_index_rows_pruned=0 total → 0 matched, limit_pruned_row_groups=0 total → 0 matched, batches_split=0, bytes_scanned=941.5 K, file_open_errors=0, file_scan_errors=0, num_predicate_creation_errors=0, predicate_evaluation_errors=0, pushdown_rows_matched=630.5 K, pushdown_rows_pruned=93.82 M, predicate_cache_inner_records=0, predicate_cache_records=0, bloom_filter_eval_time=2.34ms, metadata_load_time=132.83ms, page_index_eval_time=5.88µs, row_pushdown_eval_time=74.11ms, statistics_eval_time=1.53ms, time_elapsed_opening=139.19ms, time_elapsed_processing=330.40ms, time_elapsed_scanning_total=202.75ms, time_elapsed_scanning_until_data=25.73ms, scan_efficiency_ratio=0.0064% (941.5 K/14.78 B)]

Time: 26ms

+----------+
| count(*) |
+----------+
| 630500   |
+----------+

=== EXPLAIN ANALYZE (Query 1, Iteration 2) ===
ProjectionExec: expr=[count(Int64(1))@0 as count(*)], metrics=[output_rows=1, elapsed_compute=1.30µs, output_bytes=8.0 B, output_batches=1, expr_0_eval_time=360ns]
  AggregateExec: mode=Final, gby=[], aggr=[count(Int64(1))], metrics=[output_rows=1, elapsed_compute=11.55µs, output_bytes=8.0 B, output_batches=1]
    CoalescePartitionsExec, metrics=[output_rows=16, elapsed_compute=14.46µs, output_bytes=128.0 B, output_batches=16]
      AggregateExec: mode=Partial, gby=[], aggr=[count(Int64(1))], metrics=[output_rows=16, elapsed_compute=1.03ms, output_bytes=128.0 B, output_batches=16]
        DataSourceExec: file_groups={16 groups: [[home/ec2-user/liquid-cache/benchmark/clickbench/data/hits.parquet:0..923748528], [home/ec2-user/liquid-cache/benchmark/clickbench/data/hits.parquet:923748528..1847497056], [home/ec2-user/liquid-cache/benchmark/clickbench/data/hits.parquet:1847497056..2771245584], [home/ec2-user/liquid-cache/benchmark/clickbench/data/hits.parquet:2771245584..3694994112], [home/ec2-user/liquid-cache/benchmark/clickbench/data/hits.parquet:3694994112..4618742640], [home/ec2-user/liquid-cache/benchmark/clickbench/data/hits.parquet:4618742640..5542491168], [home/ec2-user/liquid-cache/benchmark/clickbench/data/hits.parquet:5542491168..6466239696], [home/ec2-user/liquid-cache/benchmark/clickbench/data/hits.parquet:6466239696..7389988224], [home/ec2-user/liquid-cache/benchmark/clickbench/data/hits.parquet:7389988224..8313736752], [home/ec2-user/liquid-cache/benchmark/clickbench/data/hits.parquet:8313736752..9237485280], [home/ec2-user/liquid-cache/benchmark/clickbench/data/hits.parquet:9237485280..10161233808], [home/ec2-user/liquid-cache/benchmark/clickbench/data/hits.parquet:10161233808..11084982336], [home/ec2-user/liquid-cache/benchmark/clickbench/data/hits.parquet:11084982336..12008730864], [home/ec2-user/liquid-cache/benchmark/clickbench/data/hits.parquet:12008730864..12932479392], [home/ec2-user/liquid-cache/benchmark/clickbench/data/hits.parquet:12932479392..13856227920], [home/ec2-user/liquid-cache/benchmark/clickbench/data/hits.parquet:13856227920..14779976446]]}, file_type=parquet, predicate=AdvEngineID@40 != 0, pruning_predicate=AdvEngineID_null_count@2 != row_count@3 AND (AdvEngineID_min@0 != 0 OR 0 != AdvEngineID_max@1), required_guarantees=[AdvEngineID not in (0)], metrics=[output_rows=630.5 K, elapsed_compute=16ns, output_bytes=0.0 B, output_batches=248, files_ranges_pruned_statistics=16 total → 16 matched, row_groups_pruned_statistics=226 total → 212 matched, row_groups_pruned_bloom_filter=212 total → 212 matched, page_index_pages_pruned=0 total → 0 matched, page_index_rows_pruned=0 total → 0 matched, limit_pruned_row_groups=0 total → 0 matched, batches_split=0, bytes_scanned=941.5 K, file_open_errors=0, file_scan_errors=0, num_predicate_creation_errors=0, predicate_evaluation_errors=0, pushdown_rows_matched=630.5 K, pushdown_rows_pruned=93.82 M, predicate_cache_inner_records=0, predicate_cache_records=0, bloom_filter_eval_time=1.98ms, metadata_load_time=128.23ms, page_index_eval_time=3.41µs, row_pushdown_eval_time=71.28ms, statistics_eval_time=1.20ms, time_elapsed_opening=133.26ms, time_elapsed_processing=320.99ms, time_elapsed_scanning_total=215.74ms, time_elapsed_scanning_until_data=31.63ms, scan_efficiency_ratio=0.0064% (941.5 K/14.78 B)]

Time: 27ms

+----------+
| count(*) |
+----------+
| 630500   |
+----------+

=== EXPLAIN ANALYZE (Query 1, Iteration 3) ===
ProjectionExec: expr=[count(Int64(1))@0 as count(*)], metrics=[output_rows=1, elapsed_compute=1.33µs, output_bytes=8.0 B, output_batches=1, expr_0_eval_time=400ns]
  AggregateExec: mode=Final, gby=[], aggr=[count(Int64(1))], metrics=[output_rows=1, elapsed_compute=13.93µs, output_bytes=8.0 B, output_batches=1]
    CoalescePartitionsExec, metrics=[output_rows=16, elapsed_compute=13.15µs, output_bytes=128.0 B, output_batches=16]
      AggregateExec: mode=Partial, gby=[], aggr=[count(Int64(1))], metrics=[output_rows=16, elapsed_compute=603.10µs, output_bytes=128.0 B, output_batches=16]
        DataSourceExec: file_groups={16 groups: [[home/ec2-user/liquid-cache/benchmark/clickbench/data/hits.parquet:0..923748528], [home/ec2-user/liquid-cache/benchmark/clickbench/data/hits.parquet:923748528..1847497056], [home/ec2-user/liquid-cache/benchmark/clickbench/data/hits.parquet:1847497056..2771245584], [home/ec2-user/liquid-cache/benchmark/clickbench/data/hits.parquet:2771245584..3694994112], [home/ec2-user/liquid-cache/benchmark/clickbench/data/hits.parquet:3694994112..4618742640], [home/ec2-user/liquid-cache/benchmark/clickbench/data/hits.parquet:4618742640..5542491168], [home/ec2-user/liquid-cache/benchmark/clickbench/data/hits.parquet:5542491168..6466239696], [home/ec2-user/liquid-cache/benchmark/clickbench/data/hits.parquet:6466239696..7389988224], [home/ec2-user/liquid-cache/benchmark/clickbench/data/hits.parquet:7389988224..8313736752], [home/ec2-user/liquid-cache/benchmark/clickbench/data/hits.parquet:8313736752..9237485280], [home/ec2-user/liquid-cache/benchmark/clickbench/data/hits.parquet:9237485280..10161233808], [home/ec2-user/liquid-cache/benchmark/clickbench/data/hits.parquet:10161233808..11084982336], [home/ec2-user/liquid-cache/benchmark/clickbench/data/hits.parquet:11084982336..12008730864], [home/ec2-user/liquid-cache/benchmark/clickbench/data/hits.parquet:12008730864..12932479392], [home/ec2-user/liquid-cache/benchmark/clickbench/data/hits.parquet:12932479392..13856227920], [home/ec2-user/liquid-cache/benchmark/clickbench/data/hits.parquet:13856227920..14779976446]]}, file_type=parquet, predicate=AdvEngineID@40 != 0, pruning_predicate=AdvEngineID_null_count@2 != row_count@3 AND (AdvEngineID_min@0 != 0 OR 0 != AdvEngineID_max@1), required_guarantees=[AdvEngineID not in (0)], metrics=[output_rows=630.5 K, elapsed_compute=16ns, output_bytes=0.0 B, output_batches=248, files_ranges_pruned_statistics=16 total → 16 matched, row_groups_pruned_statistics=226 total → 212 matched, row_groups_pruned_bloom_filter=212 total → 212 matched, page_index_pages_pruned=0 total → 0 matched, page_index_rows_pruned=0 total → 0 matched, limit_pruned_row_groups=0 total → 0 matched, batches_split=0, bytes_scanned=941.5 K, file_open_errors=0, file_scan_errors=0, num_predicate_creation_errors=0, predicate_evaluation_errors=0, pushdown_rows_matched=630.5 K, pushdown_rows_pruned=93.82 M, predicate_cache_inner_records=0, predicate_cache_records=0, bloom_filter_eval_time=1.97ms, metadata_load_time=127.80ms, page_index_eval_time=3.06µs, row_pushdown_eval_time=75.19ms, statistics_eval_time=1.25ms, time_elapsed_opening=132.99ms, time_elapsed_processing=310.19ms, time_elapsed_scanning_total=189.11ms, time_elapsed_scanning_until_data=18.07ms, scan_efficiency_ratio=0.0064% (941.5 K/14.78 B)]

Time: 25ms

+----------+
| count(*) |
+----------+
| 630500   |
+----------+

=== EXPLAIN ANALYZE (Query 1, Iteration 4) ===
ProjectionExec: expr=[count(Int64(1))@0 as count(*)], metrics=[output_rows=1, elapsed_compute=1.05µs, output_bytes=8.0 B, output_batches=1, expr_0_eval_time=300ns]
  AggregateExec: mode=Final, gby=[], aggr=[count(Int64(1))], metrics=[output_rows=1, elapsed_compute=15.06µs, output_bytes=8.0 B, output_batches=1]
    CoalescePartitionsExec, metrics=[output_rows=16, elapsed_compute=14.33µs, output_bytes=128.0 B, output_batches=16]
      AggregateExec: mode=Partial, gby=[], aggr=[count(Int64(1))], metrics=[output_rows=16, elapsed_compute=624.23µs, output_bytes=128.0 B, output_batches=16]
        DataSourceExec: file_groups={16 groups: [[home/ec2-user/liquid-cache/benchmark/clickbench/data/hits.parquet:0..923748528], [home/ec2-user/liquid-cache/benchmark/clickbench/data/hits.parquet:923748528..1847497056], [home/ec2-user/liquid-cache/benchmark/clickbench/data/hits.parquet:1847497056..2771245584], [home/ec2-user/liquid-cache/benchmark/clickbench/data/hits.parquet:2771245584..3694994112], [home/ec2-user/liquid-cache/benchmark/clickbench/data/hits.parquet:3694994112..4618742640], [home/ec2-user/liquid-cache/benchmark/clickbench/data/hits.parquet:4618742640..5542491168], [home/ec2-user/liquid-cache/benchmark/clickbench/data/hits.parquet:5542491168..6466239696], [home/ec2-user/liquid-cache/benchmark/clickbench/data/hits.parquet:6466239696..7389988224], [home/ec2-user/liquid-cache/benchmark/clickbench/data/hits.parquet:7389988224..8313736752], [home/ec2-user/liquid-cache/benchmark/clickbench/data/hits.parquet:8313736752..9237485280], [home/ec2-user/liquid-cache/benchmark/clickbench/data/hits.parquet:9237485280..10161233808], [home/ec2-user/liquid-cache/benchmark/clickbench/data/hits.parquet:10161233808..11084982336], [home/ec2-user/liquid-cache/benchmark/clickbench/data/hits.parquet:11084982336..12008730864], [home/ec2-user/liquid-cache/benchmark/clickbench/data/hits.parquet:12008730864..12932479392], [home/ec2-user/liquid-cache/benchmark/clickbench/data/hits.parquet:12932479392..13856227920], [home/ec2-user/liquid-cache/benchmark/clickbench/data/hits.parquet:13856227920..14779976446]]}, file_type=parquet, predicate=AdvEngineID@40 != 0, pruning_predicate=AdvEngineID_null_count@2 != row_count@3 AND (AdvEngineID_min@0 != 0 OR 0 != AdvEngineID_max@1), required_guarantees=[AdvEngineID not in (0)], metrics=[output_rows=630.5 K, elapsed_compute=16ns, output_bytes=0.0 B, output_batches=248, files_ranges_pruned_statistics=16 total → 16 matched, row_groups_pruned_statistics=226 total → 212 matched, row_groups_pruned_bloom_filter=212 total → 212 matched, page_index_pages_pruned=0 total → 0 matched, page_index_rows_pruned=0 total → 0 matched, limit_pruned_row_groups=0 total → 0 matched, batches_split=0, bytes_scanned=941.5 K, file_open_errors=0, file_scan_errors=0, num_predicate_creation_errors=0, predicate_evaluation_errors=0, pushdown_rows_matched=630.5 K, pushdown_rows_pruned=93.82 M, predicate_cache_inner_records=0, predicate_cache_records=0, bloom_filter_eval_time=1.96ms, metadata_load_time=126.75ms, page_index_eval_time=3.75µs, row_pushdown_eval_time=73.29ms, statistics_eval_time=1.24ms, time_elapsed_opening=132.02ms, time_elapsed_processing=315.13ms, time_elapsed_scanning_total=194.47ms, time_elapsed_scanning_until_data=17.53ms, scan_efficiency_ratio=0.0064% (941.5 K/14.78 B)]

Time: 25ms

+----------+
| count(*) |
+----------+
| 630500   |
+----------+
