
=== EXPLAIN ANALYZE (Query 19, Iteration 0) ===
DataSourceExec: file_groups={16 groups: [[home/ec2-user/liquid-cache/benchmark/clickbench/data/hits.parquet:0..923748528], [home/ec2-user/liquid-cache/benchmark/clickbench/data/hits.parquet:923748528..1847497056], [home/ec2-user/liquid-cache/benchmark/clickbench/data/hits.parquet:1847497056..2771245584], [home/ec2-user/liquid-cache/benchmark/clickbench/data/hits.parquet:2771245584..3694994112], [home/ec2-user/liquid-cache/benchmark/clickbench/data/hits.parquet:3694994112..4618742640], [home/ec2-user/liquid-cache/benchmark/clickbench/data/hits.parquet:4618742640..5542491168], [home/ec2-user/liquid-cache/benchmark/clickbench/data/hits.parquet:5542491168..6466239696], [home/ec2-user/liquid-cache/benchmark/clickbench/data/hits.parquet:6466239696..7389988224], [home/ec2-user/liquid-cache/benchmark/clickbench/data/hits.parquet:7389988224..8313736752], [home/ec2-user/liquid-cache/benchmark/clickbench/data/hits.parquet:8313736752..9237485280], [home/ec2-user/liquid-cache/benchmark/clickbench/data/hits.parquet:9237485280..10161233808], [home/ec2-user/liquid-cache/benchmark/clickbench/data/hits.parquet:10161233808..11084982336], [home/ec2-user/liquid-cache/benchmark/clickbench/data/hits.parquet:11084982336..12008730864], [home/ec2-user/liquid-cache/benchmark/clickbench/data/hits.parquet:12008730864..12932479392], [home/ec2-user/liquid-cache/benchmark/clickbench/data/hits.parquet:12932479392..13856227920], [home/ec2-user/liquid-cache/benchmark/clickbench/data/hits.parquet:13856227920..14779976446]]}, projection=[UserID], file_type=liquid_parquet, metrics=[output_rows=4, elapsed_compute=16ns, output_bytes=64.0 B, output_batches=1, files_ranges_pruned_statistics=16 total → 16 matched, row_groups_pruned_statistics=226 total → 202 matched, row_groups_pruned_bloom_filter=0 total → 0 matched, page_index_pages_pruned=0 total → 0 matched, page_index_rows_pruned=0 total → 0 matched, limit_pruned_row_groups=0 total → 0 matched, batches_split=0, bytes_scanned=231.7 M, file_open_errors=0, file_scan_errors=0, num_predicate_creation_errors=0, predicate_evaluation_errors=0, pushdown_rows_matched=0, pushdown_rows_pruned=0, predicate_cache_inner_records=0, predicate_cache_records=0, bloom_filter_eval_time=1.83ms, metadata_load_time=234.57ms, page_index_eval_time=2.95µs, row_pushdown_eval_time=32ns, statistics_eval_time=528.48µs, time_elapsed_opening=258.87ms, time_elapsed_processing=2.18s, time_elapsed_scanning_total=250.12s, time_elapsed_scanning_until_data=243.49s, scan_efficiency_ratio=N/A (0/0)]

Cache: entries=10668, mem=127MB, disk=619MB
  Hits: cache_hit=1, eval_predicate=21336
  Misses: cache_miss=10668
  IO: read=0, write=10662
  Squeeze: squeezed_success=0, squeezed_needs_io=0
Time: 17956ms

+--------------------+
| UserID             |
+--------------------+
| 435090932899640449 |
| 435090932899640449 |
| 435090932899640449 |
| 435090932899640449 |
+--------------------+

=== EXPLAIN ANALYZE (Query 19, Iteration 1) ===
DataSourceExec: file_groups={16 groups: [[home/ec2-user/liquid-cache/benchmark/clickbench/data/hits.parquet:0..923748528], [home/ec2-user/liquid-cache/benchmark/clickbench/data/hits.parquet:923748528..1847497056], [home/ec2-user/liquid-cache/benchmark/clickbench/data/hits.parquet:1847497056..2771245584], [home/ec2-user/liquid-cache/benchmark/clickbench/data/hits.parquet:2771245584..3694994112], [home/ec2-user/liquid-cache/benchmark/clickbench/data/hits.parquet:3694994112..4618742640], [home/ec2-user/liquid-cache/benchmark/clickbench/data/hits.parquet:4618742640..5542491168], [home/ec2-user/liquid-cache/benchmark/clickbench/data/hits.parquet:5542491168..6466239696], [home/ec2-user/liquid-cache/benchmark/clickbench/data/hits.parquet:6466239696..7389988224], [home/ec2-user/liquid-cache/benchmark/clickbench/data/hits.parquet:7389988224..8313736752], [home/ec2-user/liquid-cache/benchmark/clickbench/data/hits.parquet:8313736752..9237485280], [home/ec2-user/liquid-cache/benchmark/clickbench/data/hits.parquet:9237485280..10161233808], [home/ec2-user/liquid-cache/benchmark/clickbench/data/hits.parquet:10161233808..11084982336], [home/ec2-user/liquid-cache/benchmark/clickbench/data/hits.parquet:11084982336..12008730864], [home/ec2-user/liquid-cache/benchmark/clickbench/data/hits.parquet:12008730864..12932479392], [home/ec2-user/liquid-cache/benchmark/clickbench/data/hits.parquet:12932479392..13856227920], [home/ec2-user/liquid-cache/benchmark/clickbench/data/hits.parquet:13856227920..14779976446]]}, projection=[UserID], file_type=liquid_parquet, metrics=[output_rows=4, elapsed_compute=16ns, output_bytes=64.0 B, output_batches=1, files_ranges_pruned_statistics=16 total → 16 matched, row_groups_pruned_statistics=226 total → 202 matched, row_groups_pruned_bloom_filter=0 total → 0 matched, page_index_pages_pruned=0 total → 0 matched, page_index_rows_pruned=0 total → 0 matched, limit_pruned_row_groups=0 total → 0 matched, batches_split=0, bytes_scanned=0, file_open_errors=0, file_scan_errors=0, num_predicate_creation_errors=0, predicate_evaluation_errors=0, pushdown_rows_matched=0, pushdown_rows_pruned=0, predicate_cache_inner_records=0, predicate_cache_records=0, bloom_filter_eval_time=1.92ms, metadata_load_time=2.17ms, page_index_eval_time=2.63µs, row_pushdown_eval_time=32ns, statistics_eval_time=403.25µs, time_elapsed_opening=6.22ms, time_elapsed_processing=261.96ms, time_elapsed_scanning_total=30.50s, time_elapsed_scanning_until_data=30.16s, scan_efficiency_ratio=N/A (0/0)]

Cache: entries=10668, mem=127MB, disk=619MB
  Hits: cache_hit=1, eval_predicate=10668
  Misses: cache_miss=0
  IO: read=6266, write=0
  Squeeze: squeezed_success=0, squeezed_needs_io=0
Time: 2052ms

+--------------------+
| UserID             |
+--------------------+
| 435090932899640449 |
| 435090932899640449 |
| 435090932899640449 |
| 435090932899640449 |
+--------------------+

=== EXPLAIN ANALYZE (Query 19, Iteration 2) ===
DataSourceExec: file_groups={16 groups: [[home/ec2-user/liquid-cache/benchmark/clickbench/data/hits.parquet:0..923748528], [home/ec2-user/liquid-cache/benchmark/clickbench/data/hits.parquet:923748528..1847497056], [home/ec2-user/liquid-cache/benchmark/clickbench/data/hits.parquet:1847497056..2771245584], [home/ec2-user/liquid-cache/benchmark/clickbench/data/hits.parquet:2771245584..3694994112], [home/ec2-user/liquid-cache/benchmark/clickbench/data/hits.parquet:3694994112..4618742640], [home/ec2-user/liquid-cache/benchmark/clickbench/data/hits.parquet:4618742640..5542491168], [home/ec2-user/liquid-cache/benchmark/clickbench/data/hits.parquet:5542491168..6466239696], [home/ec2-user/liquid-cache/benchmark/clickbench/data/hits.parquet:6466239696..7389988224], [home/ec2-user/liquid-cache/benchmark/clickbench/data/hits.parquet:7389988224..8313736752], [home/ec2-user/liquid-cache/benchmark/clickbench/data/hits.parquet:8313736752..9237485280], [home/ec2-user/liquid-cache/benchmark/clickbench/data/hits.parquet:9237485280..10161233808], [home/ec2-user/liquid-cache/benchmark/clickbench/data/hits.parquet:10161233808..11084982336], [home/ec2-user/liquid-cache/benchmark/clickbench/data/hits.parquet:11084982336..12008730864], [home/ec2-user/liquid-cache/benchmark/clickbench/data/hits.parquet:12008730864..12932479392], [home/ec2-user/liquid-cache/benchmark/clickbench/data/hits.parquet:12932479392..13856227920], [home/ec2-user/liquid-cache/benchmark/clickbench/data/hits.parquet:13856227920..14779976446]]}, projection=[UserID], file_type=liquid_parquet, metrics=[output_rows=4, elapsed_compute=16ns, output_bytes=64.0 B, output_batches=1, files_ranges_pruned_statistics=16 total → 16 matched, row_groups_pruned_statistics=226 total → 202 matched, row_groups_pruned_bloom_filter=0 total → 0 matched, page_index_pages_pruned=0 total → 0 matched, page_index_rows_pruned=0 total → 0 matched, limit_pruned_row_groups=0 total → 0 matched, batches_split=0, bytes_scanned=0, file_open_errors=0, file_scan_errors=0, num_predicate_creation_errors=0, predicate_evaluation_errors=0, pushdown_rows_matched=0, pushdown_rows_pruned=0, predicate_cache_inner_records=0, predicate_cache_records=0, bloom_filter_eval_time=1.91ms, metadata_load_time=2.29ms, page_index_eval_time=2.88µs, row_pushdown_eval_time=32ns, statistics_eval_time=342.29µs, time_elapsed_opening=6.13ms, time_elapsed_processing=259.23ms, time_elapsed_scanning_total=46.02s, time_elapsed_scanning_until_data=45.66s, scan_efficiency_ratio=N/A (0/0)]

Cache: entries=10668, mem=127MB, disk=619MB
  Hits: cache_hit=1, eval_predicate=10668
  Misses: cache_miss=0
  IO: read=6266, write=0
  Squeeze: squeezed_success=0, squeezed_needs_io=0
Time: 3023ms

+--------------------+
| UserID             |
+--------------------+
| 435090932899640449 |
| 435090932899640449 |
| 435090932899640449 |
| 435090932899640449 |
+--------------------+

=== EXPLAIN ANALYZE (Query 19, Iteration 3) ===
DataSourceExec: file_groups={16 groups: [[home/ec2-user/liquid-cache/benchmark/clickbench/data/hits.parquet:0..923748528], [home/ec2-user/liquid-cache/benchmark/clickbench/data/hits.parquet:923748528..1847497056], [home/ec2-user/liquid-cache/benchmark/clickbench/data/hits.parquet:1847497056..2771245584], [home/ec2-user/liquid-cache/benchmark/clickbench/data/hits.parquet:2771245584..3694994112], [home/ec2-user/liquid-cache/benchmark/clickbench/data/hits.parquet:3694994112..4618742640], [home/ec2-user/liquid-cache/benchmark/clickbench/data/hits.parquet:4618742640..5542491168], [home/ec2-user/liquid-cache/benchmark/clickbench/data/hits.parquet:5542491168..6466239696], [home/ec2-user/liquid-cache/benchmark/clickbench/data/hits.parquet:6466239696..7389988224], [home/ec2-user/liquid-cache/benchmark/clickbench/data/hits.parquet:7389988224..8313736752], [home/ec2-user/liquid-cache/benchmark/clickbench/data/hits.parquet:8313736752..9237485280], [home/ec2-user/liquid-cache/benchmark/clickbench/data/hits.parquet:9237485280..10161233808], [home/ec2-user/liquid-cache/benchmark/clickbench/data/hits.parquet:10161233808..11084982336], [home/ec2-user/liquid-cache/benchmark/clickbench/data/hits.parquet:11084982336..12008730864], [home/ec2-user/liquid-cache/benchmark/clickbench/data/hits.parquet:12008730864..12932479392], [home/ec2-user/liquid-cache/benchmark/clickbench/data/hits.parquet:12932479392..13856227920], [home/ec2-user/liquid-cache/benchmark/clickbench/data/hits.parquet:13856227920..14779976446]]}, projection=[UserID], file_type=liquid_parquet, metrics=[output_rows=4, elapsed_compute=16ns, output_bytes=64.0 B, output_batches=1, files_ranges_pruned_statistics=16 total → 16 matched, row_groups_pruned_statistics=226 total → 202 matched, row_groups_pruned_bloom_filter=0 total → 0 matched, page_index_pages_pruned=0 total → 0 matched, page_index_rows_pruned=0 total → 0 matched, limit_pruned_row_groups=0 total → 0 matched, batches_split=0, bytes_scanned=0, file_open_errors=0, file_scan_errors=0, num_predicate_creation_errors=0, predicate_evaluation_errors=0, pushdown_rows_matched=0, pushdown_rows_pruned=0, predicate_cache_inner_records=0, predicate_cache_records=0, bloom_filter_eval_time=1.88ms, metadata_load_time=2.12ms, page_index_eval_time=3.08µs, row_pushdown_eval_time=32ns, statistics_eval_time=357.84µs, time_elapsed_opening=5.96ms, time_elapsed_processing=250.82ms, time_elapsed_scanning_total=45.96s, time_elapsed_scanning_until_data=45.60s, scan_efficiency_ratio=N/A (0/0)]

Cache: entries=10668, mem=127MB, disk=619MB
  Hits: cache_hit=1, eval_predicate=10668
  Misses: cache_miss=0
  IO: read=6266, write=0
  Squeeze: squeezed_success=0, squeezed_needs_io=0
Time: 3017ms

+--------------------+
| UserID             |
+--------------------+
| 435090932899640449 |
| 435090932899640449 |
| 435090932899640449 |
| 435090932899640449 |
+--------------------+

=== EXPLAIN ANALYZE (Query 19, Iteration 4) ===
DataSourceExec: file_groups={16 groups: [[home/ec2-user/liquid-cache/benchmark/clickbench/data/hits.parquet:0..923748528], [home/ec2-user/liquid-cache/benchmark/clickbench/data/hits.parquet:923748528..1847497056], [home/ec2-user/liquid-cache/benchmark/clickbench/data/hits.parquet:1847497056..2771245584], [home/ec2-user/liquid-cache/benchmark/clickbench/data/hits.parquet:2771245584..3694994112], [home/ec2-user/liquid-cache/benchmark/clickbench/data/hits.parquet:3694994112..4618742640], [home/ec2-user/liquid-cache/benchmark/clickbench/data/hits.parquet:4618742640..5542491168], [home/ec2-user/liquid-cache/benchmark/clickbench/data/hits.parquet:5542491168..6466239696], [home/ec2-user/liquid-cache/benchmark/clickbench/data/hits.parquet:6466239696..7389988224], [home/ec2-user/liquid-cache/benchmark/clickbench/data/hits.parquet:7389988224..8313736752], [home/ec2-user/liquid-cache/benchmark/clickbench/data/hits.parquet:8313736752..9237485280], [home/ec2-user/liquid-cache/benchmark/clickbench/data/hits.parquet:9237485280..10161233808], [home/ec2-user/liquid-cache/benchmark/clickbench/data/hits.parquet:10161233808..11084982336], [home/ec2-user/liquid-cache/benchmark/clickbench/data/hits.parquet:11084982336..12008730864], [home/ec2-user/liquid-cache/benchmark/clickbench/data/hits.parquet:12008730864..12932479392], [home/ec2-user/liquid-cache/benchmark/clickbench/data/hits.parquet:12932479392..13856227920], [home/ec2-user/liquid-cache/benchmark/clickbench/data/hits.parquet:13856227920..14779976446]]}, projection=[UserID], file_type=liquid_parquet, metrics=[output_rows=4, elapsed_compute=16ns, output_bytes=64.0 B, output_batches=1, files_ranges_pruned_statistics=16 total → 16 matched, row_groups_pruned_statistics=226 total → 202 matched, row_groups_pruned_bloom_filter=0 total → 0 matched, page_index_pages_pruned=0 total → 0 matched, page_index_rows_pruned=0 total → 0 matched, limit_pruned_row_groups=0 total → 0 matched, batches_split=0, bytes_scanned=0, file_open_errors=0, file_scan_errors=0, num_predicate_creation_errors=0, predicate_evaluation_errors=0, pushdown_rows_matched=0, pushdown_rows_pruned=0, predicate_cache_inner_records=0, predicate_cache_records=0, bloom_filter_eval_time=2.04ms, metadata_load_time=2.30ms, page_index_eval_time=2.91µs, row_pushdown_eval_time=32ns, statistics_eval_time=323.38µs, time_elapsed_opening=6.32ms, time_elapsed_processing=262.88ms, time_elapsed_scanning_total=46.00s, time_elapsed_scanning_until_data=45.64s, scan_efficiency_ratio=N/A (0/0)]

Cache: entries=10668, mem=127MB, disk=619MB
  Hits: cache_hit=1, eval_predicate=10668
  Misses: cache_miss=0
  IO: read=6266, write=0
  Squeeze: squeezed_success=0, squeezed_needs_io=0
Time: 3019ms

+--------------------+
| UserID             |
+--------------------+
| 435090932899640449 |
| 435090932899640449 |
| 435090932899640449 |
| 435090932899640449 |
+--------------------+
