
=== EXPLAIN ANALYZE (Query 7, Iteration 0) ===
ProjectionExec: expr=[AdvEngineID@0 as AdvEngineID, count(*)@1 as count(*)], metrics=[output_rows=18, elapsed_compute=1.08µs, output_bytes=180.0 B, output_batches=1, expr_0_eval_time=270ns, expr_1_eval_time=50ns]
  SortPreservingMergeExec: [count(Int64(1))@2 DESC], metrics=[output_rows=18, elapsed_compute=27.95µs, output_bytes=324.0 B, output_batches=1]
    SortExec: expr=[count(*)@1 DESC], preserve_partitioning=[true], metrics=[output_rows=18, elapsed_compute=21.07µs, output_bytes=0.0 B, output_batches=0, spill_count=0, spilled_bytes=0.0 B, spilled_rows=0]
      ProjectionExec: expr=[AdvEngineID@0 as AdvEngineID, count(Int64(1))@1 as count(*), count(Int64(1))@1 as count(Int64(1))], metrics=[output_rows=18, elapsed_compute=11.88µs, output_bytes=2.8 KB, output_batches=10, expr_0_eval_time=1.42µs, expr_1_eval_time=736ns, expr_2_eval_time=736ns]
        AggregateExec: mode=FinalPartitioned, gby=[AdvEngineID@0 as AdvEngineID], aggr=[count(Int64(1))], metrics=[output_rows=18, elapsed_compute=1.78ms, output_bytes=2.8 KB, output_batches=10, spill_count=0, spilled_bytes=0.0 B, spilled_rows=0, peak_mem_used=80.06 K, aggregate_arguments_time=6.76µs, aggregation_time=6.47µs, emitting_time=10.45µs, time_calculating_group_ids=13.91µs]
          RepartitionExec: partitioning=Hash([AdvEngineID@0], 16), input_partitions=16, metrics=[output_rows=164, elapsed_compute=3.74ms, output_bytes=800.0 KB, output_batches=10, spill_count=0, spilled_bytes=0.0 B, spilled_rows=0, fetch_time=870.64ms, repartition_time=213.52µs, send_time=128.38µs]
            AggregateExec: mode=Partial, gby=[AdvEngineID@0 as AdvEngineID], aggr=[count(Int64(1))], metrics=[output_rows=164, elapsed_compute=28.80ms, output_bytes=5.8 KB, output_batches=16, spill_count=0, spilled_bytes=0.0 B, spilled_rows=0, skipped_aggregation_rows=0, peak_mem_used=342.8 K, aggregate_arguments_time=10.78ms, aggregation_time=1.84ms, emitting_time=48.34µs, time_calculating_group_ids=10.21ms, reduction_factor=0.026% (164/630.5 K)]
              DataSourceExec: file_groups={16 groups: [[home/ec2-user/liquid-cache/benchmark/clickbench/data/hits.parquet:0..923748528], [home/ec2-user/liquid-cache/benchmark/clickbench/data/hits.parquet:923748528..1847497056], [home/ec2-user/liquid-cache/benchmark/clickbench/data/hits.parquet:1847497056..2771245584], [home/ec2-user/liquid-cache/benchmark/clickbench/data/hits.parquet:2771245584..3694994112], [home/ec2-user/liquid-cache/benchmark/clickbench/data/hits.parquet:3694994112..4618742640], [home/ec2-user/liquid-cache/benchmark/clickbench/data/hits.parquet:4618742640..5542491168], [home/ec2-user/liquid-cache/benchmark/clickbench/data/hits.parquet:5542491168..6466239696], [home/ec2-user/liquid-cache/benchmark/clickbench/data/hits.parquet:6466239696..7389988224], [home/ec2-user/liquid-cache/benchmark/clickbench/data/hits.parquet:7389988224..8313736752], [home/ec2-user/liquid-cache/benchmark/clickbench/data/hits.parquet:8313736752..9237485280], [home/ec2-user/liquid-cache/benchmark/clickbench/data/hits.parquet:9237485280..10161233808], [home/ec2-user/liquid-cache/benchmark/clickbench/data/hits.parquet:10161233808..11084982336], [home/ec2-user/liquid-cache/benchmark/clickbench/data/hits.parquet:11084982336..12008730864], [home/ec2-user/liquid-cache/benchmark/clickbench/data/hits.parquet:12008730864..12932479392], [home/ec2-user/liquid-cache/benchmark/clickbench/data/hits.parquet:12932479392..13856227920], [home/ec2-user/liquid-cache/benchmark/clickbench/data/hits.parquet:13856227920..14779976446]]}, projection=[AdvEngineID], file_type=liquid_parquet, metrics=[output_rows=630.5 K, elapsed_compute=16ns, output_bytes=1469.4 KB, output_batches=5.87 K, files_ranges_pruned_statistics=16 total → 16 matched, row_groups_pruned_statistics=226 total → 212 matched, row_groups_pruned_bloom_filter=0 total → 0 matched, page_index_pages_pruned=0 total → 0 matched, page_index_rows_pruned=0 total → 0 matched, limit_pruned_row_groups=0 total → 0 matched, batches_split=0, bytes_scanned=941.5 K, file_open_errors=0, file_scan_errors=0, num_predicate_creation_errors=0, predicate_evaluation_errors=0, pushdown_rows_matched=0, pushdown_rows_pruned=0, predicate_cache_inner_records=0, predicate_cache_records=0, bloom_filter_eval_time=2.00ms, metadata_load_time=237.71ms, page_index_eval_time=3.00µs, row_pushdown_eval_time=32ns, statistics_eval_time=297.38µs, time_elapsed_opening=259.96ms, time_elapsed_processing=531.22ms, time_elapsed_scanning_total=610.02ms, time_elapsed_scanning_until_data=68.65ms, scan_efficiency_ratio=N/A (0/0)]

Cache: entries=11540, mem=181MB, disk=0MB
  Hits: cache_hit=5868, eval_predicate=23080
  Misses: cache_miss=11540
  IO: read=0, write=0
  Squeeze: squeezed_success=0, squeezed_needs_io=0
Time: 67ms

+-------------+----------+
| AdvEngineID | count(*) |
+-------------+----------+
| 2           | 404602   |
| 27          | 113167   |
| 13          | 45631    |
| 45          | 38960    |
| 44          | 9730     |
| 3           | 6896     |
| 62          | 5266     |
| 52          | 3554     |
| 50          | 938      |
| 28          | 836      |
| 53          | 350      |
| 25          | 343      |
| 61          | 158      |
| 21          | 38       |
| 42          | 20       |
| 16          | 7        |
| 7           | 3        |
| 22          | 1        |
+-------------+----------+

=== EXPLAIN ANALYZE (Query 7, Iteration 1) ===
ProjectionExec: expr=[AdvEngineID@0 as AdvEngineID, count(*)@1 as count(*)], metrics=[output_rows=18, elapsed_compute=1.76µs, output_bytes=180.0 B, output_batches=1, expr_0_eval_time=610ns, expr_1_eval_time=101ns]
  SortPreservingMergeExec: [count(Int64(1))@2 DESC], metrics=[output_rows=18, elapsed_compute=11.12µs, output_bytes=324.0 B, output_batches=1]
    SortExec: expr=[count(*)@1 DESC], preserve_partitioning=[true], metrics=[output_rows=18, elapsed_compute=17.15µs, output_bytes=0.0 B, output_batches=0, spill_count=0, spilled_bytes=0.0 B, spilled_rows=0]
      ProjectionExec: expr=[AdvEngineID@0 as AdvEngineID, count(Int64(1))@1 as count(*), count(Int64(1))@1 as count(Int64(1))], metrics=[output_rows=18, elapsed_compute=10.35µs, output_bytes=2.8 KB, output_batches=10, expr_0_eval_time=1.41µs, expr_1_eval_time=806ns, expr_2_eval_time=848ns]
        AggregateExec: mode=FinalPartitioned, gby=[AdvEngineID@0 as AdvEngineID], aggr=[count(Int64(1))], metrics=[output_rows=18, elapsed_compute=85.43µs, output_bytes=2.8 KB, output_batches=10, spill_count=0, spilled_bytes=0.0 B, spilled_rows=0, peak_mem_used=80.06 K, aggregate_arguments_time=4.93µs, aggregation_time=4.89µs, emitting_time=6.99µs, time_calculating_group_ids=8.77µs]
          RepartitionExec: partitioning=Hash([AdvEngineID@0], 16), input_partitions=16, metrics=[output_rows=164, elapsed_compute=143.69µs, output_bytes=800.0 KB, output_batches=10, spill_count=0, spilled_bytes=0.0 B, spilled_rows=0, fetch_time=146.92ms, repartition_time=113.39µs, send_time=155.98µs]
            AggregateExec: mode=Partial, gby=[AdvEngineID@0 as AdvEngineID], aggr=[count(Int64(1))], metrics=[output_rows=164, elapsed_compute=12.58ms, output_bytes=5.8 KB, output_batches=16, spill_count=0, spilled_bytes=0.0 B, spilled_rows=0, skipped_aggregation_rows=0, peak_mem_used=342.8 K, aggregate_arguments_time=2.40ms, aggregation_time=1.33ms, emitting_time=22.36µs, time_calculating_group_ids=5.30ms, reduction_factor=0.026% (164/630.5 K)]
              DataSourceExec: file_groups={16 groups: [[home/ec2-user/liquid-cache/benchmark/clickbench/data/hits.parquet:0..923748528], [home/ec2-user/liquid-cache/benchmark/clickbench/data/hits.parquet:923748528..1847497056], [home/ec2-user/liquid-cache/benchmark/clickbench/data/hits.parquet:1847497056..2771245584], [home/ec2-user/liquid-cache/benchmark/clickbench/data/hits.parquet:2771245584..3694994112], [home/ec2-user/liquid-cache/benchmark/clickbench/data/hits.parquet:3694994112..4618742640], [home/ec2-user/liquid-cache/benchmark/clickbench/data/hits.parquet:4618742640..5542491168], [home/ec2-user/liquid-cache/benchmark/clickbench/data/hits.parquet:5542491168..6466239696], [home/ec2-user/liquid-cache/benchmark/clickbench/data/hits.parquet:6466239696..7389988224], [home/ec2-user/liquid-cache/benchmark/clickbench/data/hits.parquet:7389988224..8313736752], [home/ec2-user/liquid-cache/benchmark/clickbench/data/hits.parquet:8313736752..9237485280], [home/ec2-user/liquid-cache/benchmark/clickbench/data/hits.parquet:9237485280..10161233808], [home/ec2-user/liquid-cache/benchmark/clickbench/data/hits.parquet:10161233808..11084982336], [home/ec2-user/liquid-cache/benchmark/clickbench/data/hits.parquet:11084982336..12008730864], [home/ec2-user/liquid-cache/benchmark/clickbench/data/hits.parquet:12008730864..12932479392], [home/ec2-user/liquid-cache/benchmark/clickbench/data/hits.parquet:12932479392..13856227920], [home/ec2-user/liquid-cache/benchmark/clickbench/data/hits.parquet:13856227920..14779976446]]}, projection=[AdvEngineID], file_type=liquid_parquet, metrics=[output_rows=630.5 K, elapsed_compute=16ns, output_bytes=1469.4 KB, output_batches=5.87 K, files_ranges_pruned_statistics=16 total → 16 matched, row_groups_pruned_statistics=226 total → 212 matched, row_groups_pruned_bloom_filter=0 total → 0 matched, page_index_pages_pruned=0 total → 0 matched, page_index_rows_pruned=0 total → 0 matched, limit_pruned_row_groups=0 total → 0 matched, batches_split=0, bytes_scanned=0, file_open_errors=0, file_scan_errors=0, num_predicate_creation_errors=0, predicate_evaluation_errors=0, pushdown_rows_matched=0, pushdown_rows_pruned=0, predicate_cache_inner_records=0, predicate_cache_records=0, bloom_filter_eval_time=2.00ms, metadata_load_time=10.42ms, page_index_eval_time=2.85µs, row_pushdown_eval_time=32ns, statistics_eval_time=305.39µs, time_elapsed_opening=15.03ms, time_elapsed_processing=131.26ms, time_elapsed_scanning_total=131.44ms, time_elapsed_scanning_until_data=1.74ms, scan_efficiency_ratio=N/A (0/0)]

Cache: entries=11540, mem=181MB, disk=0MB
  Hits: cache_hit=5868, eval_predicate=11540
  Misses: cache_miss=0
  IO: read=0, write=0
  Squeeze: squeezed_success=0, squeezed_needs_io=0
Time: 16ms

+-------------+----------+
| AdvEngineID | count(*) |
+-------------+----------+
| 2           | 404602   |
| 27          | 113167   |
| 13          | 45631    |
| 45          | 38960    |
| 44          | 9730     |
| 3           | 6896     |
| 62          | 5266     |
| 52          | 3554     |
| 50          | 938      |
| 28          | 836      |
| 53          | 350      |
| 25          | 343      |
| 61          | 158      |
| 21          | 38       |
| 42          | 20       |
| 16          | 7        |
| 7           | 3        |
| 22          | 1        |
+-------------+----------+

=== EXPLAIN ANALYZE (Query 7, Iteration 2) ===
ProjectionExec: expr=[AdvEngineID@0 as AdvEngineID, count(*)@1 as count(*)], metrics=[output_rows=18, elapsed_compute=1.05µs, output_bytes=180.0 B, output_batches=1, expr_0_eval_time=191ns, expr_1_eval_time=51ns]
  SortPreservingMergeExec: [count(Int64(1))@2 DESC], metrics=[output_rows=18, elapsed_compute=10.02µs, output_bytes=324.0 B, output_batches=1]
    SortExec: expr=[count(*)@1 DESC], preserve_partitioning=[true], metrics=[output_rows=18, elapsed_compute=18.52µs, output_bytes=0.0 B, output_batches=0, spill_count=0, spilled_bytes=0.0 B, spilled_rows=0]
      ProjectionExec: expr=[AdvEngineID@0 as AdvEngineID, count(Int64(1))@1 as count(*), count(Int64(1))@1 as count(Int64(1))], metrics=[output_rows=18, elapsed_compute=9.42µs, output_bytes=2.8 KB, output_batches=10, expr_0_eval_time=1.10µs, expr_1_eval_time=776ns, expr_2_eval_time=696ns]
        AggregateExec: mode=FinalPartitioned, gby=[AdvEngineID@0 as AdvEngineID], aggr=[count(Int64(1))], metrics=[output_rows=18, elapsed_compute=79.74µs, output_bytes=2.8 KB, output_batches=10, spill_count=0, spilled_bytes=0.0 B, spilled_rows=0, peak_mem_used=80.06 K, aggregate_arguments_time=5.28µs, aggregation_time=5.07µs, emitting_time=6.83µs, time_calculating_group_ids=9.49µs]
          RepartitionExec: partitioning=Hash([AdvEngineID@0], 16), input_partitions=16, metrics=[output_rows=164, elapsed_compute=149.13µs, output_bytes=800.0 KB, output_batches=10, spill_count=0, spilled_bytes=0.0 B, spilled_rows=0, fetch_time=142.24ms, repartition_time=113.19µs, send_time=151.98µs]
            AggregateExec: mode=Partial, gby=[AdvEngineID@0 as AdvEngineID], aggr=[count(Int64(1))], metrics=[output_rows=164, elapsed_compute=11.97ms, output_bytes=5.8 KB, output_batches=16, spill_count=0, spilled_bytes=0.0 B, spilled_rows=0, skipped_aggregation_rows=0, peak_mem_used=342.8 K, aggregate_arguments_time=2.11ms, aggregation_time=1.29ms, emitting_time=20.67µs, time_calculating_group_ids=5.09ms, reduction_factor=0.026% (164/630.5 K)]
              DataSourceExec: file_groups={16 groups: [[home/ec2-user/liquid-cache/benchmark/clickbench/data/hits.parquet:0..923748528], [home/ec2-user/liquid-cache/benchmark/clickbench/data/hits.parquet:923748528..1847497056], [home/ec2-user/liquid-cache/benchmark/clickbench/data/hits.parquet:1847497056..2771245584], [home/ec2-user/liquid-cache/benchmark/clickbench/data/hits.parquet:2771245584..3694994112], [home/ec2-user/liquid-cache/benchmark/clickbench/data/hits.parquet:3694994112..4618742640], [home/ec2-user/liquid-cache/benchmark/clickbench/data/hits.parquet:4618742640..5542491168], [home/ec2-user/liquid-cache/benchmark/clickbench/data/hits.parquet:5542491168..6466239696], [home/ec2-user/liquid-cache/benchmark/clickbench/data/hits.parquet:6466239696..7389988224], [home/ec2-user/liquid-cache/benchmark/clickbench/data/hits.parquet:7389988224..8313736752], [home/ec2-user/liquid-cache/benchmark/clickbench/data/hits.parquet:8313736752..9237485280], [home/ec2-user/liquid-cache/benchmark/clickbench/data/hits.parquet:9237485280..10161233808], [home/ec2-user/liquid-cache/benchmark/clickbench/data/hits.parquet:10161233808..11084982336], [home/ec2-user/liquid-cache/benchmark/clickbench/data/hits.parquet:11084982336..12008730864], [home/ec2-user/liquid-cache/benchmark/clickbench/data/hits.parquet:12008730864..12932479392], [home/ec2-user/liquid-cache/benchmark/clickbench/data/hits.parquet:12932479392..13856227920], [home/ec2-user/liquid-cache/benchmark/clickbench/data/hits.parquet:13856227920..14779976446]]}, projection=[AdvEngineID], file_type=liquid_parquet, metrics=[output_rows=630.5 K, elapsed_compute=16ns, output_bytes=1469.4 KB, output_batches=5.87 K, files_ranges_pruned_statistics=16 total → 16 matched, row_groups_pruned_statistics=226 total → 212 matched, row_groups_pruned_bloom_filter=0 total → 0 matched, page_index_pages_pruned=0 total → 0 matched, page_index_rows_pruned=0 total → 0 matched, limit_pruned_row_groups=0 total → 0 matched, batches_split=0, bytes_scanned=0, file_open_errors=0, file_scan_errors=0, num_predicate_creation_errors=0, predicate_evaluation_errors=0, pushdown_rows_matched=0, pushdown_rows_pruned=0, predicate_cache_inner_records=0, predicate_cache_records=0, bloom_filter_eval_time=1.74ms, metadata_load_time=1.79ms, page_index_eval_time=2.61µs, row_pushdown_eval_time=32ns, statistics_eval_time=290.48µs, time_elapsed_opening=5.35ms, time_elapsed_processing=120.93ms, time_elapsed_scanning_total=136.48ms, time_elapsed_scanning_until_data=1.53ms, scan_efficiency_ratio=N/A (0/0)]

Cache: entries=11540, mem=181MB, disk=0MB
  Hits: cache_hit=5868, eval_predicate=11540
  Misses: cache_miss=0
  IO: read=0, write=0
  Squeeze: squeezed_success=0, squeezed_needs_io=0
Time: 15ms

+-------------+----------+
| AdvEngineID | count(*) |
+-------------+----------+
| 2           | 404602   |
| 27          | 113167   |
| 13          | 45631    |
| 45          | 38960    |
| 44          | 9730     |
| 3           | 6896     |
| 62          | 5266     |
| 52          | 3554     |
| 50          | 938      |
| 28          | 836      |
| 53          | 350      |
| 25          | 343      |
| 61          | 158      |
| 21          | 38       |
| 42          | 20       |
| 16          | 7        |
| 7           | 3        |
| 22          | 1        |
+-------------+----------+

=== EXPLAIN ANALYZE (Query 7, Iteration 3) ===
ProjectionExec: expr=[AdvEngineID@0 as AdvEngineID, count(*)@1 as count(*)], metrics=[output_rows=18, elapsed_compute=1.28µs, output_bytes=180.0 B, output_batches=1, expr_0_eval_time=311ns, expr_1_eval_time=80ns]
  SortPreservingMergeExec: [count(Int64(1))@2 DESC], metrics=[output_rows=18, elapsed_compute=11.53µs, output_bytes=324.0 B, output_batches=1]
    SortExec: expr=[count(*)@1 DESC], preserve_partitioning=[true], metrics=[output_rows=18, elapsed_compute=18.04µs, output_bytes=0.0 B, output_batches=0, spill_count=0, spilled_bytes=0.0 B, spilled_rows=0]
      ProjectionExec: expr=[AdvEngineID@0 as AdvEngineID, count(Int64(1))@1 as count(*), count(Int64(1))@1 as count(Int64(1))], metrics=[output_rows=18, elapsed_compute=11.10µs, output_bytes=2.8 KB, output_batches=10, expr_0_eval_time=1.74µs, expr_1_eval_time=887ns, expr_2_eval_time=777ns]
        AggregateExec: mode=FinalPartitioned, gby=[AdvEngineID@0 as AdvEngineID], aggr=[count(Int64(1))], metrics=[output_rows=18, elapsed_compute=78.73µs, output_bytes=2.8 KB, output_batches=10, spill_count=0, spilled_bytes=0.0 B, spilled_rows=0, peak_mem_used=80.06 K, aggregate_arguments_time=4.66µs, aggregation_time=4.89µs, emitting_time=7.75µs, time_calculating_group_ids=9.71µs]
          RepartitionExec: partitioning=Hash([AdvEngineID@0], 16), input_partitions=16, metrics=[output_rows=164, elapsed_compute=136.90µs, output_bytes=800.0 KB, output_batches=10, spill_count=0, spilled_bytes=0.0 B, spilled_rows=0, fetch_time=140.88ms, repartition_time=115.61µs, send_time=121.25µs]
            AggregateExec: mode=Partial, gby=[AdvEngineID@0 as AdvEngineID], aggr=[count(Int64(1))], metrics=[output_rows=164, elapsed_compute=12.02ms, output_bytes=5.8 KB, output_batches=16, spill_count=0, spilled_bytes=0.0 B, spilled_rows=0, skipped_aggregation_rows=0, peak_mem_used=342.8 K, aggregate_arguments_time=2.07ms, aggregation_time=1.30ms, emitting_time=21.37µs, time_calculating_group_ids=5.12ms, reduction_factor=0.026% (164/630.5 K)]
              DataSourceExec: file_groups={16 groups: [[home/ec2-user/liquid-cache/benchmark/clickbench/data/hits.parquet:0..923748528], [home/ec2-user/liquid-cache/benchmark/clickbench/data/hits.parquet:923748528..1847497056], [home/ec2-user/liquid-cache/benchmark/clickbench/data/hits.parquet:1847497056..2771245584], [home/ec2-user/liquid-cache/benchmark/clickbench/data/hits.parquet:2771245584..3694994112], [home/ec2-user/liquid-cache/benchmark/clickbench/data/hits.parquet:3694994112..4618742640], [home/ec2-user/liquid-cache/benchmark/clickbench/data/hits.parquet:4618742640..5542491168], [home/ec2-user/liquid-cache/benchmark/clickbench/data/hits.parquet:5542491168..6466239696], [home/ec2-user/liquid-cache/benchmark/clickbench/data/hits.parquet:6466239696..7389988224], [home/ec2-user/liquid-cache/benchmark/clickbench/data/hits.parquet:7389988224..8313736752], [home/ec2-user/liquid-cache/benchmark/clickbench/data/hits.parquet:8313736752..9237485280], [home/ec2-user/liquid-cache/benchmark/clickbench/data/hits.parquet:9237485280..10161233808], [home/ec2-user/liquid-cache/benchmark/clickbench/data/hits.parquet:10161233808..11084982336], [home/ec2-user/liquid-cache/benchmark/clickbench/data/hits.parquet:11084982336..12008730864], [home/ec2-user/liquid-cache/benchmark/clickbench/data/hits.parquet:12008730864..12932479392], [home/ec2-user/liquid-cache/benchmark/clickbench/data/hits.parquet:12932479392..13856227920], [home/ec2-user/liquid-cache/benchmark/clickbench/data/hits.parquet:13856227920..14779976446]]}, projection=[AdvEngineID], file_type=liquid_parquet, metrics=[output_rows=630.5 K, elapsed_compute=16ns, output_bytes=1469.4 KB, output_batches=5.87 K, files_ranges_pruned_statistics=16 total → 16 matched, row_groups_pruned_statistics=226 total → 212 matched, row_groups_pruned_bloom_filter=0 total → 0 matched, page_index_pages_pruned=0 total → 0 matched, page_index_rows_pruned=0 total → 0 matched, limit_pruned_row_groups=0 total → 0 matched, batches_split=0, bytes_scanned=0, file_open_errors=0, file_scan_errors=0, num_predicate_creation_errors=0, predicate_evaluation_errors=0, pushdown_rows_matched=0, pushdown_rows_pruned=0, predicate_cache_inner_records=0, predicate_cache_records=0, bloom_filter_eval_time=1.95ms, metadata_load_time=1.87ms, page_index_eval_time=2.88µs, row_pushdown_eval_time=32ns, statistics_eval_time=348.55µs, time_elapsed_opening=6.03ms, time_elapsed_processing=120.72ms, time_elapsed_scanning_total=134.40ms, time_elapsed_scanning_until_data=1.68ms, scan_efficiency_ratio=N/A (0/0)]

Cache: entries=11540, mem=181MB, disk=0MB
  Hits: cache_hit=5868, eval_predicate=11540
  Misses: cache_miss=0
  IO: read=0, write=0
  Squeeze: squeezed_success=0, squeezed_needs_io=0
Time: 16ms

+-------------+----------+
| AdvEngineID | count(*) |
+-------------+----------+
| 2           | 404602   |
| 27          | 113167   |
| 13          | 45631    |
| 45          | 38960    |
| 44          | 9730     |
| 3           | 6896     |
| 62          | 5266     |
| 52          | 3554     |
| 50          | 938      |
| 28          | 836      |
| 53          | 350      |
| 25          | 343      |
| 61          | 158      |
| 21          | 38       |
| 42          | 20       |
| 16          | 7        |
| 7           | 3        |
| 22          | 1        |
+-------------+----------+

=== EXPLAIN ANALYZE (Query 7, Iteration 4) ===
ProjectionExec: expr=[AdvEngineID@0 as AdvEngineID, count(*)@1 as count(*)], metrics=[output_rows=18, elapsed_compute=1.40µs, output_bytes=180.0 B, output_batches=1, expr_0_eval_time=610ns, expr_1_eval_time=60ns]
  SortPreservingMergeExec: [count(Int64(1))@2 DESC], metrics=[output_rows=18, elapsed_compute=11.42µs, output_bytes=324.0 B, output_batches=1]
    SortExec: expr=[count(*)@1 DESC], preserve_partitioning=[true], metrics=[output_rows=18, elapsed_compute=28.11µs, output_bytes=0.0 B, output_batches=0, spill_count=0, spilled_bytes=0.0 B, spilled_rows=0]
      ProjectionExec: expr=[AdvEngineID@0 as AdvEngineID, count(Int64(1))@1 as count(*), count(Int64(1))@1 as count(Int64(1))], metrics=[output_rows=18, elapsed_compute=10.57µs, output_bytes=2.8 KB, output_batches=10, expr_0_eval_time=1.60µs, expr_1_eval_time=825ns, expr_2_eval_time=817ns]
        AggregateExec: mode=FinalPartitioned, gby=[AdvEngineID@0 as AdvEngineID], aggr=[count(Int64(1))], metrics=[output_rows=18, elapsed_compute=81.94µs, output_bytes=2.8 KB, output_batches=10, spill_count=0, spilled_bytes=0.0 B, spilled_rows=0, peak_mem_used=80.06 K, aggregate_arguments_time=4.97µs, aggregation_time=4.76µs, emitting_time=7.29µs, time_calculating_group_ids=9.66µs]
          RepartitionExec: partitioning=Hash([AdvEngineID@0], 16), input_partitions=16, metrics=[output_rows=164, elapsed_compute=148.93µs, output_bytes=800.0 KB, output_batches=10, spill_count=0, spilled_bytes=0.0 B, spilled_rows=0, fetch_time=138.52ms, repartition_time=113.14µs, send_time=145.52µs]
            AggregateExec: mode=Partial, gby=[AdvEngineID@0 as AdvEngineID], aggr=[count(Int64(1))], metrics=[output_rows=164, elapsed_compute=12.40ms, output_bytes=5.8 KB, output_batches=16, spill_count=0, spilled_bytes=0.0 B, spilled_rows=0, skipped_aggregation_rows=0, peak_mem_used=342.8 K, aggregate_arguments_time=2.15ms, aggregation_time=1.34ms, emitting_time=20.95µs, time_calculating_group_ids=5.34ms, reduction_factor=0.026% (164/630.5 K)]
              DataSourceExec: file_groups={16 groups: [[home/ec2-user/liquid-cache/benchmark/clickbench/data/hits.parquet:0..923748528], [home/ec2-user/liquid-cache/benchmark/clickbench/data/hits.parquet:923748528..1847497056], [home/ec2-user/liquid-cache/benchmark/clickbench/data/hits.parquet:1847497056..2771245584], [home/ec2-user/liquid-cache/benchmark/clickbench/data/hits.parquet:2771245584..3694994112], [home/ec2-user/liquid-cache/benchmark/clickbench/data/hits.parquet:3694994112..4618742640], [home/ec2-user/liquid-cache/benchmark/clickbench/data/hits.parquet:4618742640..5542491168], [home/ec2-user/liquid-cache/benchmark/clickbench/data/hits.parquet:5542491168..6466239696], [home/ec2-user/liquid-cache/benchmark/clickbench/data/hits.parquet:6466239696..7389988224], [home/ec2-user/liquid-cache/benchmark/clickbench/data/hits.parquet:7389988224..8313736752], [home/ec2-user/liquid-cache/benchmark/clickbench/data/hits.parquet:8313736752..9237485280], [home/ec2-user/liquid-cache/benchmark/clickbench/data/hits.parquet:9237485280..10161233808], [home/ec2-user/liquid-cache/benchmark/clickbench/data/hits.parquet:10161233808..11084982336], [home/ec2-user/liquid-cache/benchmark/clickbench/data/hits.parquet:11084982336..12008730864], [home/ec2-user/liquid-cache/benchmark/clickbench/data/hits.parquet:12008730864..12932479392], [home/ec2-user/liquid-cache/benchmark/clickbench/data/hits.parquet:12932479392..13856227920], [home/ec2-user/liquid-cache/benchmark/clickbench/data/hits.parquet:13856227920..14779976446]]}, projection=[AdvEngineID], file_type=liquid_parquet, metrics=[output_rows=630.5 K, elapsed_compute=16ns, output_bytes=1469.4 KB, output_batches=5.87 K, files_ranges_pruned_statistics=16 total → 16 matched, row_groups_pruned_statistics=226 total → 212 matched, row_groups_pruned_bloom_filter=0 total → 0 matched, page_index_pages_pruned=0 total → 0 matched, page_index_rows_pruned=0 total → 0 matched, limit_pruned_row_groups=0 total → 0 matched, batches_split=0, bytes_scanned=0, file_open_errors=0, file_scan_errors=0, num_predicate_creation_errors=0, predicate_evaluation_errors=0, pushdown_rows_matched=0, pushdown_rows_pruned=0, predicate_cache_inner_records=0, predicate_cache_records=0, bloom_filter_eval_time=2.03ms, metadata_load_time=2.14ms, page_index_eval_time=3.50µs, row_pushdown_eval_time=32ns, statistics_eval_time=340.74µs, time_elapsed_opening=6.38ms, time_elapsed_processing=122.96ms, time_elapsed_scanning_total=131.70ms, time_elapsed_scanning_until_data=1.68ms, scan_efficiency_ratio=N/A (0/0)]

Cache: entries=11540, mem=181MB, disk=0MB
  Hits: cache_hit=5868, eval_predicate=11540
  Misses: cache_miss=0
  IO: read=0, write=0
  Squeeze: squeezed_success=0, squeezed_needs_io=0
Time: 16ms

+-------------+----------+
| AdvEngineID | count(*) |
+-------------+----------+
| 2           | 404602   |
| 27          | 113167   |
| 13          | 45631    |
| 45          | 38960    |
| 44          | 9730     |
| 3           | 6896     |
| 62          | 5266     |
| 52          | 3554     |
| 50          | 938      |
| 28          | 836      |
| 53          | 350      |
| 25          | 343      |
| 61          | 158      |
| 21          | 38       |
| 42          | 20       |
| 16          | 7        |
| 7           | 3        |
| 22          | 1        |
+-------------+----------+
