
=== EXPLAIN ANALYZE (Query 7, Iteration 0) ===
ProjectionExec: expr=[AdvEngineID@0 as AdvEngineID, count(*)@1 as count(*)], metrics=[output_rows=18, elapsed_compute=1.23µs, output_bytes=180.0 B, output_batches=1, expr_0_eval_time=300ns, expr_1_eval_time=80ns]
  SortPreservingMergeExec: [count(Int64(1))@2 DESC], metrics=[output_rows=18, elapsed_compute=24.07µs, output_bytes=324.0 B, output_batches=1]
    SortExec: expr=[count(*)@1 DESC], preserve_partitioning=[true], metrics=[output_rows=18, elapsed_compute=20.17µs, output_bytes=0.0 B, output_batches=0, spill_count=0, spilled_bytes=0.0 B, spilled_rows=0]
      ProjectionExec: expr=[AdvEngineID@0 as AdvEngineID, count(Int64(1))@1 as count(*), count(Int64(1))@1 as count(Int64(1))], metrics=[output_rows=18, elapsed_compute=11.79µs, output_bytes=2.8 KB, output_batches=10, expr_0_eval_time=1.66µs, expr_1_eval_time=776ns, expr_2_eval_time=767ns]
        AggregateExec: mode=FinalPartitioned, gby=[AdvEngineID@0 as AdvEngineID], aggr=[count(Int64(1))], metrics=[output_rows=18, elapsed_compute=621.34µs, output_bytes=2.8 KB, output_batches=10, spill_count=0, spilled_bytes=0.0 B, spilled_rows=0, peak_mem_used=80.06 K, aggregate_arguments_time=7.28µs, aggregation_time=6.72µs, emitting_time=11.76µs, time_calculating_group_ids=12.75µs]
          RepartitionExec: partitioning=Hash([AdvEngineID@0], 16), input_partitions=16, metrics=[output_rows=164, elapsed_compute=2.05ms, output_bytes=800.0 KB, output_batches=10, spill_count=0, spilled_bytes=0.0 B, spilled_rows=0, fetch_time=122.28s, repartition_time=186.96µs, send_time=131.29µs]
            AggregateExec: mode=Partial, gby=[AdvEngineID@0 as AdvEngineID], aggr=[count(Int64(1))], metrics=[output_rows=164, elapsed_compute=20.41ms, output_bytes=5.8 KB, output_batches=16, spill_count=0, spilled_bytes=0.0 B, spilled_rows=0, skipped_aggregation_rows=0, peak_mem_used=342.8 K, aggregate_arguments_time=4.84ms, aggregation_time=2.02ms, emitting_time=46.13µs, time_calculating_group_ids=7.21ms, reduction_factor=0.026% (164/630.5 K)]
              DataSourceExec: file_groups={16 groups: [[home/ec2-user/liquid-cache/benchmark/clickbench/data/hits.parquet:0..923748528], [home/ec2-user/liquid-cache/benchmark/clickbench/data/hits.parquet:923748528..1847497056], [home/ec2-user/liquid-cache/benchmark/clickbench/data/hits.parquet:1847497056..2771245584], [home/ec2-user/liquid-cache/benchmark/clickbench/data/hits.parquet:2771245584..3694994112], [home/ec2-user/liquid-cache/benchmark/clickbench/data/hits.parquet:3694994112..4618742640], [home/ec2-user/liquid-cache/benchmark/clickbench/data/hits.parquet:4618742640..5542491168], [home/ec2-user/liquid-cache/benchmark/clickbench/data/hits.parquet:5542491168..6466239696], [home/ec2-user/liquid-cache/benchmark/clickbench/data/hits.parquet:6466239696..7389988224], [home/ec2-user/liquid-cache/benchmark/clickbench/data/hits.parquet:7389988224..8313736752], [home/ec2-user/liquid-cache/benchmark/clickbench/data/hits.parquet:8313736752..9237485280], [home/ec2-user/liquid-cache/benchmark/clickbench/data/hits.parquet:9237485280..10161233808], [home/ec2-user/liquid-cache/benchmark/clickbench/data/hits.parquet:10161233808..11084982336], [home/ec2-user/liquid-cache/benchmark/clickbench/data/hits.parquet:11084982336..12008730864], [home/ec2-user/liquid-cache/benchmark/clickbench/data/hits.parquet:12008730864..12932479392], [home/ec2-user/liquid-cache/benchmark/clickbench/data/hits.parquet:12932479392..13856227920], [home/ec2-user/liquid-cache/benchmark/clickbench/data/hits.parquet:13856227920..14779976446]]}, projection=[AdvEngineID], file_type=liquid_parquet, metrics=[output_rows=630.5 K, elapsed_compute=16ns, output_bytes=1469.4 KB, output_batches=5.87 K, files_ranges_pruned_statistics=16 total → 16 matched, row_groups_pruned_statistics=226 total → 212 matched, row_groups_pruned_bloom_filter=0 total → 0 matched, page_index_pages_pruned=0 total → 0 matched, page_index_rows_pruned=0 total → 0 matched, limit_pruned_row_groups=0 total → 0 matched, batches_split=0, bytes_scanned=941.5 K, file_open_errors=0, file_scan_errors=0, num_predicate_creation_errors=0, predicate_evaluation_errors=0, pushdown_rows_matched=0, pushdown_rows_pruned=0, predicate_cache_inner_records=0, predicate_cache_records=0, bloom_filter_eval_time=2.16ms, metadata_load_time=158.69ms, page_index_eval_time=3.03µs, row_pushdown_eval_time=32ns, statistics_eval_time=548.77µs, time_elapsed_opening=178.94ms, time_elapsed_processing=450.98ms, time_elapsed_scanning_total=122.10s, time_elapsed_scanning_until_data=72.25ms, scan_efficiency_ratio=N/A (0/0)]

Cache: entries=11540, mem=7MB, disk=17MB
  Hits: cache_hit=5868, eval_predicate=23080
  Misses: cache_miss=11540
  IO: read=0, write=7928
  Squeeze: squeezed_success=0, squeezed_needs_io=0
Time: 9307ms

+-------------+----------+
| AdvEngineID | count(*) |
+-------------+----------+
| 2           | 404602   |
| 27          | 113167   |
| 13          | 45631    |
| 45          | 38960    |
| 44          | 9730     |
| 3           | 6896     |
| 62          | 5266     |
| 52          | 3554     |
| 50          | 938      |
| 28          | 836      |
| 53          | 350      |
| 25          | 343      |
| 61          | 158      |
| 21          | 38       |
| 42          | 20       |
| 16          | 7        |
| 7           | 3        |
| 22          | 1        |
+-------------+----------+

=== EXPLAIN ANALYZE (Query 7, Iteration 1) ===
ProjectionExec: expr=[AdvEngineID@0 as AdvEngineID, count(*)@1 as count(*)], metrics=[output_rows=18, elapsed_compute=1.20µs, output_bytes=180.0 B, output_batches=1, expr_0_eval_time=300ns, expr_1_eval_time=80ns]
  SortPreservingMergeExec: [count(Int64(1))@2 DESC], metrics=[output_rows=18, elapsed_compute=11.21µs, output_bytes=324.0 B, output_batches=1]
    SortExec: expr=[count(*)@1 DESC], preserve_partitioning=[true], metrics=[output_rows=18, elapsed_compute=14.10µs, output_bytes=0.0 B, output_batches=0, spill_count=0, spilled_bytes=0.0 B, spilled_rows=0]
      ProjectionExec: expr=[AdvEngineID@0 as AdvEngineID, count(Int64(1))@1 as count(*), count(Int64(1))@1 as count(Int64(1))], metrics=[output_rows=18, elapsed_compute=7.57µs, output_bytes=2.8 KB, output_batches=10, expr_0_eval_time=1.05µs, expr_1_eval_time=717ns, expr_2_eval_time=716ns]
        AggregateExec: mode=FinalPartitioned, gby=[AdvEngineID@0 as AdvEngineID], aggr=[count(Int64(1))], metrics=[output_rows=18, elapsed_compute=69.38µs, output_bytes=2.8 KB, output_batches=10, spill_count=0, spilled_bytes=0.0 B, spilled_rows=0, peak_mem_used=80.06 K, aggregate_arguments_time=3.44µs, aggregation_time=3.19µs, emitting_time=6.49µs, time_calculating_group_ids=8.03µs]
          RepartitionExec: partitioning=Hash([AdvEngineID@0], 16), input_partitions=16, metrics=[output_rows=164, elapsed_compute=166.60µs, output_bytes=800.0 KB, output_batches=10, spill_count=0, spilled_bytes=0.0 B, spilled_rows=0, fetch_time=43.27s, repartition_time=111.10µs, send_time=111.92µs]
            AggregateExec: mode=Partial, gby=[AdvEngineID@0 as AdvEngineID], aggr=[count(Int64(1))], metrics=[output_rows=164, elapsed_compute=14.17ms, output_bytes=5.8 KB, output_batches=16, spill_count=0, spilled_bytes=0.0 B, spilled_rows=0, skipped_aggregation_rows=0, peak_mem_used=342.8 K, aggregate_arguments_time=3.05ms, aggregation_time=1.62ms, emitting_time=21.21µs, time_calculating_group_ids=4.35ms, reduction_factor=0.026% (164/630.5 K)]
              DataSourceExec: file_groups={16 groups: [[home/ec2-user/liquid-cache/benchmark/clickbench/data/hits.parquet:0..923748528], [home/ec2-user/liquid-cache/benchmark/clickbench/data/hits.parquet:923748528..1847497056], [home/ec2-user/liquid-cache/benchmark/clickbench/data/hits.parquet:1847497056..2771245584], [home/ec2-user/liquid-cache/benchmark/clickbench/data/hits.parquet:2771245584..3694994112], [home/ec2-user/liquid-cache/benchmark/clickbench/data/hits.parquet:3694994112..4618742640], [home/ec2-user/liquid-cache/benchmark/clickbench/data/hits.parquet:4618742640..5542491168], [home/ec2-user/liquid-cache/benchmark/clickbench/data/hits.parquet:5542491168..6466239696], [home/ec2-user/liquid-cache/benchmark/clickbench/data/hits.parquet:6466239696..7389988224], [home/ec2-user/liquid-cache/benchmark/clickbench/data/hits.parquet:7389988224..8313736752], [home/ec2-user/liquid-cache/benchmark/clickbench/data/hits.parquet:8313736752..9237485280], [home/ec2-user/liquid-cache/benchmark/clickbench/data/hits.parquet:9237485280..10161233808], [home/ec2-user/liquid-cache/benchmark/clickbench/data/hits.parquet:10161233808..11084982336], [home/ec2-user/liquid-cache/benchmark/clickbench/data/hits.parquet:11084982336..12008730864], [home/ec2-user/liquid-cache/benchmark/clickbench/data/hits.parquet:12008730864..12932479392], [home/ec2-user/liquid-cache/benchmark/clickbench/data/hits.parquet:12932479392..13856227920], [home/ec2-user/liquid-cache/benchmark/clickbench/data/hits.parquet:13856227920..14779976446]]}, projection=[AdvEngineID], file_type=liquid_parquet, metrics=[output_rows=630.5 K, elapsed_compute=16ns, output_bytes=1469.4 KB, output_batches=5.87 K, files_ranges_pruned_statistics=16 total → 16 matched, row_groups_pruned_statistics=226 total → 212 matched, row_groups_pruned_bloom_filter=0 total → 0 matched, page_index_pages_pruned=0 total → 0 matched, page_index_rows_pruned=0 total → 0 matched, limit_pruned_row_groups=0 total → 0 matched, batches_split=0, bytes_scanned=0, file_open_errors=0, file_scan_errors=0, num_predicate_creation_errors=0, predicate_evaluation_errors=0, pushdown_rows_matched=0, pushdown_rows_pruned=0, predicate_cache_inner_records=0, predicate_cache_records=0, bloom_filter_eval_time=1.97ms, metadata_load_time=2.34ms, page_index_eval_time=2.45µs, row_pushdown_eval_time=32ns, statistics_eval_time=356.48µs, time_elapsed_opening=6.68ms, time_elapsed_processing=157.17ms, time_elapsed_scanning_total=43.26s, time_elapsed_scanning_until_data=51.66ms, scan_efficiency_ratio=N/A (0/0)]

Cache: entries=11540, mem=7MB, disk=17MB
  Hits: cache_hit=5868, eval_predicate=11540
  Misses: cache_miss=0
  IO: read=11915, write=0
  Squeeze: squeezed_success=0, squeezed_needs_io=0
Time: 2979ms

+-------------+----------+
| AdvEngineID | count(*) |
+-------------+----------+
| 2           | 404602   |
| 27          | 113167   |
| 13          | 45631    |
| 45          | 38960    |
| 44          | 9730     |
| 3           | 6896     |
| 62          | 5266     |
| 52          | 3554     |
| 50          | 938      |
| 28          | 836      |
| 53          | 350      |
| 25          | 343      |
| 61          | 158      |
| 21          | 38       |
| 42          | 20       |
| 16          | 7        |
| 7           | 3        |
| 22          | 1        |
+-------------+----------+

=== EXPLAIN ANALYZE (Query 7, Iteration 2) ===
ProjectionExec: expr=[AdvEngineID@0 as AdvEngineID, count(*)@1 as count(*)], metrics=[output_rows=18, elapsed_compute=1.20µs, output_bytes=180.0 B, output_batches=1, expr_0_eval_time=300ns, expr_1_eval_time=90ns]
  SortPreservingMergeExec: [count(Int64(1))@2 DESC], metrics=[output_rows=18, elapsed_compute=13.09µs, output_bytes=324.0 B, output_batches=1]
    SortExec: expr=[count(*)@1 DESC], preserve_partitioning=[true], metrics=[output_rows=18, elapsed_compute=14.72µs, output_bytes=0.0 B, output_batches=0, spill_count=0, spilled_bytes=0.0 B, spilled_rows=0]
      ProjectionExec: expr=[AdvEngineID@0 as AdvEngineID, count(Int64(1))@1 as count(*), count(Int64(1))@1 as count(Int64(1))], metrics=[output_rows=18, elapsed_compute=8.76µs, output_bytes=2.8 KB, output_batches=10, expr_0_eval_time=1.16µs, expr_1_eval_time=736ns, expr_2_eval_time=617ns]
        AggregateExec: mode=FinalPartitioned, gby=[AdvEngineID@0 as AdvEngineID], aggr=[count(Int64(1))], metrics=[output_rows=18, elapsed_compute=102.42µs, output_bytes=2.8 KB, output_batches=10, spill_count=0, spilled_bytes=0.0 B, spilled_rows=0, peak_mem_used=80.06 K, aggregate_arguments_time=4.32µs, aggregation_time=4.77µs, emitting_time=7.48µs, time_calculating_group_ids=9.48µs]
          RepartitionExec: partitioning=Hash([AdvEngineID@0], 16), input_partitions=16, metrics=[output_rows=164, elapsed_compute=153.02µs, output_bytes=800.0 KB, output_batches=10, spill_count=0, spilled_bytes=0.0 B, spilled_rows=0, fetch_time=59.10s, repartition_time=101.17µs, send_time=119.17µs]
            AggregateExec: mode=Partial, gby=[AdvEngineID@0 as AdvEngineID], aggr=[count(Int64(1))], metrics=[output_rows=164, elapsed_compute=15.18ms, output_bytes=5.8 KB, output_batches=16, spill_count=0, spilled_bytes=0.0 B, spilled_rows=0, skipped_aggregation_rows=0, peak_mem_used=342.8 K, aggregate_arguments_time=3.72ms, aggregation_time=1.69ms, emitting_time=20.60µs, time_calculating_group_ids=4.24ms, reduction_factor=0.026% (164/630.5 K)]
              DataSourceExec: file_groups={16 groups: [[home/ec2-user/liquid-cache/benchmark/clickbench/data/hits.parquet:0..923748528], [home/ec2-user/liquid-cache/benchmark/clickbench/data/hits.parquet:923748528..1847497056], [home/ec2-user/liquid-cache/benchmark/clickbench/data/hits.parquet:1847497056..2771245584], [home/ec2-user/liquid-cache/benchmark/clickbench/data/hits.parquet:2771245584..3694994112], [home/ec2-user/liquid-cache/benchmark/clickbench/data/hits.parquet:3694994112..4618742640], [home/ec2-user/liquid-cache/benchmark/clickbench/data/hits.parquet:4618742640..5542491168], [home/ec2-user/liquid-cache/benchmark/clickbench/data/hits.parquet:5542491168..6466239696], [home/ec2-user/liquid-cache/benchmark/clickbench/data/hits.parquet:6466239696..7389988224], [home/ec2-user/liquid-cache/benchmark/clickbench/data/hits.parquet:7389988224..8313736752], [home/ec2-user/liquid-cache/benchmark/clickbench/data/hits.parquet:8313736752..9237485280], [home/ec2-user/liquid-cache/benchmark/clickbench/data/hits.parquet:9237485280..10161233808], [home/ec2-user/liquid-cache/benchmark/clickbench/data/hits.parquet:10161233808..11084982336], [home/ec2-user/liquid-cache/benchmark/clickbench/data/hits.parquet:11084982336..12008730864], [home/ec2-user/liquid-cache/benchmark/clickbench/data/hits.parquet:12008730864..12932479392], [home/ec2-user/liquid-cache/benchmark/clickbench/data/hits.parquet:12932479392..13856227920], [home/ec2-user/liquid-cache/benchmark/clickbench/data/hits.parquet:13856227920..14779976446]]}, projection=[AdvEngineID], file_type=liquid_parquet, metrics=[output_rows=630.5 K, elapsed_compute=16ns, output_bytes=1469.4 KB, output_batches=5.87 K, files_ranges_pruned_statistics=16 total → 16 matched, row_groups_pruned_statistics=226 total → 212 matched, row_groups_pruned_bloom_filter=0 total → 0 matched, page_index_pages_pruned=0 total → 0 matched, page_index_rows_pruned=0 total → 0 matched, limit_pruned_row_groups=0 total → 0 matched, batches_split=0, bytes_scanned=0, file_open_errors=0, file_scan_errors=0, num_predicate_creation_errors=0, predicate_evaluation_errors=0, pushdown_rows_matched=0, pushdown_rows_pruned=0, predicate_cache_inner_records=0, predicate_cache_records=0, bloom_filter_eval_time=2.17ms, metadata_load_time=2.20ms, page_index_eval_time=3.11µs, row_pushdown_eval_time=32ns, statistics_eval_time=378.82µs, time_elapsed_opening=6.67ms, time_elapsed_processing=163.18ms, time_elapsed_scanning_total=59.09s, time_elapsed_scanning_until_data=458.19ms, scan_efficiency_ratio=N/A (0/0)]

Cache: entries=11540, mem=7MB, disk=17MB
  Hits: cache_hit=5868, eval_predicate=11540
  Misses: cache_miss=0
  IO: read=11915, write=0
  Squeeze: squeezed_success=0, squeezed_needs_io=0
Time: 3962ms

+-------------+----------+
| AdvEngineID | count(*) |
+-------------+----------+
| 2           | 404602   |
| 27          | 113167   |
| 13          | 45631    |
| 45          | 38960    |
| 44          | 9730     |
| 3           | 6896     |
| 62          | 5266     |
| 52          | 3554     |
| 50          | 938      |
| 28          | 836      |
| 53          | 350      |
| 25          | 343      |
| 61          | 158      |
| 21          | 38       |
| 42          | 20       |
| 16          | 7        |
| 7           | 3        |
| 22          | 1        |
+-------------+----------+

=== EXPLAIN ANALYZE (Query 7, Iteration 3) ===
ProjectionExec: expr=[AdvEngineID@0 as AdvEngineID, count(*)@1 as count(*)], metrics=[output_rows=18, elapsed_compute=1.01µs, output_bytes=180.0 B, output_batches=1, expr_0_eval_time=200ns, expr_1_eval_time=60ns]
  SortPreservingMergeExec: [count(Int64(1))@2 DESC], metrics=[output_rows=18, elapsed_compute=11.88µs, output_bytes=324.0 B, output_batches=1]
    SortExec: expr=[count(*)@1 DESC], preserve_partitioning=[true], metrics=[output_rows=18, elapsed_compute=17.91µs, output_bytes=0.0 B, output_batches=0, spill_count=0, spilled_bytes=0.0 B, spilled_rows=0]
      ProjectionExec: expr=[AdvEngineID@0 as AdvEngineID, count(Int64(1))@1 as count(*), count(Int64(1))@1 as count(Int64(1))], metrics=[output_rows=18, elapsed_compute=10.07µs, output_bytes=2.8 KB, output_batches=10, expr_0_eval_time=1.69µs, expr_1_eval_time=785ns, expr_2_eval_time=836ns]
        AggregateExec: mode=FinalPartitioned, gby=[AdvEngineID@0 as AdvEngineID], aggr=[count(Int64(1))], metrics=[output_rows=18, elapsed_compute=94.16µs, output_bytes=2.8 KB, output_batches=10, spill_count=0, spilled_bytes=0.0 B, spilled_rows=0, peak_mem_used=80.06 K, aggregate_arguments_time=4.94µs, aggregation_time=4.72µs, emitting_time=8.50µs, time_calculating_group_ids=9.70µs]
          RepartitionExec: partitioning=Hash([AdvEngineID@0], 16), input_partitions=16, metrics=[output_rows=164, elapsed_compute=161.25µs, output_bytes=800.0 KB, output_batches=10, spill_count=0, spilled_bytes=0.0 B, spilled_rows=0, fetch_time=59.09s, repartition_time=103.98µs, send_time=129.35µs]
            AggregateExec: mode=Partial, gby=[AdvEngineID@0 as AdvEngineID], aggr=[count(Int64(1))], metrics=[output_rows=164, elapsed_compute=15.33ms, output_bytes=5.8 KB, output_batches=16, spill_count=0, spilled_bytes=0.0 B, spilled_rows=0, skipped_aggregation_rows=0, peak_mem_used=342.8 K, aggregate_arguments_time=3.43ms, aggregation_time=1.81ms, emitting_time=20.73µs, time_calculating_group_ids=4.57ms, reduction_factor=0.026% (164/630.5 K)]
              DataSourceExec: file_groups={16 groups: [[home/ec2-user/liquid-cache/benchmark/clickbench/data/hits.parquet:0..923748528], [home/ec2-user/liquid-cache/benchmark/clickbench/data/hits.parquet:923748528..1847497056], [home/ec2-user/liquid-cache/benchmark/clickbench/data/hits.parquet:1847497056..2771245584], [home/ec2-user/liquid-cache/benchmark/clickbench/data/hits.parquet:2771245584..3694994112], [home/ec2-user/liquid-cache/benchmark/clickbench/data/hits.parquet:3694994112..4618742640], [home/ec2-user/liquid-cache/benchmark/clickbench/data/hits.parquet:4618742640..5542491168], [home/ec2-user/liquid-cache/benchmark/clickbench/data/hits.parquet:5542491168..6466239696], [home/ec2-user/liquid-cache/benchmark/clickbench/data/hits.parquet:6466239696..7389988224], [home/ec2-user/liquid-cache/benchmark/clickbench/data/hits.parquet:7389988224..8313736752], [home/ec2-user/liquid-cache/benchmark/clickbench/data/hits.parquet:8313736752..9237485280], [home/ec2-user/liquid-cache/benchmark/clickbench/data/hits.parquet:9237485280..10161233808], [home/ec2-user/liquid-cache/benchmark/clickbench/data/hits.parquet:10161233808..11084982336], [home/ec2-user/liquid-cache/benchmark/clickbench/data/hits.parquet:11084982336..12008730864], [home/ec2-user/liquid-cache/benchmark/clickbench/data/hits.parquet:12008730864..12932479392], [home/ec2-user/liquid-cache/benchmark/clickbench/data/hits.parquet:12932479392..13856227920], [home/ec2-user/liquid-cache/benchmark/clickbench/data/hits.parquet:13856227920..14779976446]]}, projection=[AdvEngineID], file_type=liquid_parquet, metrics=[output_rows=630.5 K, elapsed_compute=16ns, output_bytes=1469.4 KB, output_batches=5.87 K, files_ranges_pruned_statistics=16 total → 16 matched, row_groups_pruned_statistics=226 total → 212 matched, row_groups_pruned_bloom_filter=0 total → 0 matched, page_index_pages_pruned=0 total → 0 matched, page_index_rows_pruned=0 total → 0 matched, limit_pruned_row_groups=0 total → 0 matched, batches_split=0, bytes_scanned=0, file_open_errors=0, file_scan_errors=0, num_predicate_creation_errors=0, predicate_evaluation_errors=0, pushdown_rows_matched=0, pushdown_rows_pruned=0, predicate_cache_inner_records=0, predicate_cache_records=0, bloom_filter_eval_time=2.20ms, metadata_load_time=2.37ms, page_index_eval_time=2.69µs, row_pushdown_eval_time=32ns, statistics_eval_time=356.97µs, time_elapsed_opening=6.64ms, time_elapsed_processing=173.34ms, time_elapsed_scanning_total=59.09s, time_elapsed_scanning_until_data=468.12ms, scan_efficiency_ratio=N/A (0/0)]

Cache: entries=11540, mem=7MB, disk=17MB
  Hits: cache_hit=5868, eval_predicate=11540
  Misses: cache_miss=0
  IO: read=11915, write=0
  Squeeze: squeezed_success=0, squeezed_needs_io=0
Time: 3961ms

+-------------+----------+
| AdvEngineID | count(*) |
+-------------+----------+
| 2           | 404602   |
| 27          | 113167   |
| 13          | 45631    |
| 45          | 38960    |
| 44          | 9730     |
| 3           | 6896     |
| 62          | 5266     |
| 52          | 3554     |
| 50          | 938      |
| 28          | 836      |
| 53          | 350      |
| 25          | 343      |
| 61          | 158      |
| 21          | 38       |
| 42          | 20       |
| 16          | 7        |
| 7           | 3        |
| 22          | 1        |
+-------------+----------+

=== EXPLAIN ANALYZE (Query 7, Iteration 4) ===
ProjectionExec: expr=[AdvEngineID@0 as AdvEngineID, count(*)@1 as count(*)], metrics=[output_rows=18, elapsed_compute=950ns, output_bytes=180.0 B, output_batches=1, expr_0_eval_time=250ns, expr_1_eval_time=140ns]
  SortPreservingMergeExec: [count(Int64(1))@2 DESC], metrics=[output_rows=18, elapsed_compute=10.10µs, output_bytes=324.0 B, output_batches=1]
    SortExec: expr=[count(*)@1 DESC], preserve_partitioning=[true], metrics=[output_rows=18, elapsed_compute=14.56µs, output_bytes=0.0 B, output_batches=0, spill_count=0, spilled_bytes=0.0 B, spilled_rows=0]
      ProjectionExec: expr=[AdvEngineID@0 as AdvEngineID, count(Int64(1))@1 as count(*), count(Int64(1))@1 as count(Int64(1))], metrics=[output_rows=18, elapsed_compute=9.12µs, output_bytes=2.8 KB, output_batches=10, expr_0_eval_time=1.33µs, expr_1_eval_time=784ns, expr_2_eval_time=696ns]
        AggregateExec: mode=FinalPartitioned, gby=[AdvEngineID@0 as AdvEngineID], aggr=[count(Int64(1))], metrics=[output_rows=18, elapsed_compute=92.29µs, output_bytes=2.8 KB, output_batches=10, spill_count=0, spilled_bytes=0.0 B, spilled_rows=0, peak_mem_used=80.06 K, aggregate_arguments_time=5.02µs, aggregation_time=3.94µs, emitting_time=7.80µs, time_calculating_group_ids=9.29µs]
          RepartitionExec: partitioning=Hash([AdvEngineID@0], 16), input_partitions=16, metrics=[output_rows=164, elapsed_compute=165.90µs, output_bytes=800.0 KB, output_batches=10, spill_count=0, spilled_bytes=0.0 B, spilled_rows=0, fetch_time=59.14s, repartition_time=104.77µs, send_time=122.54µs]
            AggregateExec: mode=Partial, gby=[AdvEngineID@0 as AdvEngineID], aggr=[count(Int64(1))], metrics=[output_rows=164, elapsed_compute=14.71ms, output_bytes=5.8 KB, output_batches=16, spill_count=0, spilled_bytes=0.0 B, spilled_rows=0, skipped_aggregation_rows=0, peak_mem_used=342.8 K, aggregate_arguments_time=3.14ms, aggregation_time=1.68ms, emitting_time=21.11µs, time_calculating_group_ids=4.56ms, reduction_factor=0.026% (164/630.5 K)]
              DataSourceExec: file_groups={16 groups: [[home/ec2-user/liquid-cache/benchmark/clickbench/data/hits.parquet:0..923748528], [home/ec2-user/liquid-cache/benchmark/clickbench/data/hits.parquet:923748528..1847497056], [home/ec2-user/liquid-cache/benchmark/clickbench/data/hits.parquet:1847497056..2771245584], [home/ec2-user/liquid-cache/benchmark/clickbench/data/hits.parquet:2771245584..3694994112], [home/ec2-user/liquid-cache/benchmark/clickbench/data/hits.parquet:3694994112..4618742640], [home/ec2-user/liquid-cache/benchmark/clickbench/data/hits.parquet:4618742640..5542491168], [home/ec2-user/liquid-cache/benchmark/clickbench/data/hits.parquet:5542491168..6466239696], [home/ec2-user/liquid-cache/benchmark/clickbench/data/hits.parquet:6466239696..7389988224], [home/ec2-user/liquid-cache/benchmark/clickbench/data/hits.parquet:7389988224..8313736752], [home/ec2-user/liquid-cache/benchmark/clickbench/data/hits.parquet:8313736752..9237485280], [home/ec2-user/liquid-cache/benchmark/clickbench/data/hits.parquet:9237485280..10161233808], [home/ec2-user/liquid-cache/benchmark/clickbench/data/hits.parquet:10161233808..11084982336], [home/ec2-user/liquid-cache/benchmark/clickbench/data/hits.parquet:11084982336..12008730864], [home/ec2-user/liquid-cache/benchmark/clickbench/data/hits.parquet:12008730864..12932479392], [home/ec2-user/liquid-cache/benchmark/clickbench/data/hits.parquet:12932479392..13856227920], [home/ec2-user/liquid-cache/benchmark/clickbench/data/hits.parquet:13856227920..14779976446]]}, projection=[AdvEngineID], file_type=liquid_parquet, metrics=[output_rows=630.5 K, elapsed_compute=16ns, output_bytes=1469.4 KB, output_batches=5.87 K, files_ranges_pruned_statistics=16 total → 16 matched, row_groups_pruned_statistics=226 total → 212 matched, row_groups_pruned_bloom_filter=0 total → 0 matched, page_index_pages_pruned=0 total → 0 matched, page_index_rows_pruned=0 total → 0 matched, limit_pruned_row_groups=0 total → 0 matched, batches_split=0, bytes_scanned=0, file_open_errors=0, file_scan_errors=0, num_predicate_creation_errors=0, predicate_evaluation_errors=0, pushdown_rows_matched=0, pushdown_rows_pruned=0, predicate_cache_inner_records=0, predicate_cache_records=0, bloom_filter_eval_time=2.18ms, metadata_load_time=2.55ms, page_index_eval_time=2.83µs, row_pushdown_eval_time=32ns, statistics_eval_time=354.00µs, time_elapsed_opening=6.96ms, time_elapsed_processing=167.83ms, time_elapsed_scanning_total=59.13s, time_elapsed_scanning_until_data=454.03ms, scan_efficiency_ratio=N/A (0/0)]

Cache: entries=11540, mem=7MB, disk=17MB
  Hits: cache_hit=5868, eval_predicate=11540
  Misses: cache_miss=0
  IO: read=11915, write=0
  Squeeze: squeezed_success=0, squeezed_needs_io=0
Time: 3965ms

+-------------+----------+
| AdvEngineID | count(*) |
+-------------+----------+
| 2           | 404602   |
| 27          | 113167   |
| 13          | 45631    |
| 45          | 38960    |
| 44          | 9730     |
| 3           | 6896     |
| 62          | 5266     |
| 52          | 3554     |
| 50          | 938      |
| 28          | 836      |
| 53          | 350      |
| 25          | 343      |
| 61          | 158      |
| 21          | 38       |
| 42          | 20       |
| 16          | 7        |
| 7           | 3        |
| 22          | 1        |
+-------------+----------+
