
=== EXPLAIN ANALYZE (Query 19, Iteration 0) ===
DataSourceExec: file_groups={16 groups: [[home/ec2-user/liquid-cache/benchmark/clickbench/data/hits.parquet:0..923748528], [home/ec2-user/liquid-cache/benchmark/clickbench/data/hits.parquet:923748528..1847497056], [home/ec2-user/liquid-cache/benchmark/clickbench/data/hits.parquet:1847497056..2771245584], [home/ec2-user/liquid-cache/benchmark/clickbench/data/hits.parquet:2771245584..3694994112], [home/ec2-user/liquid-cache/benchmark/clickbench/data/hits.parquet:3694994112..4618742640], [home/ec2-user/liquid-cache/benchmark/clickbench/data/hits.parquet:4618742640..5542491168], [home/ec2-user/liquid-cache/benchmark/clickbench/data/hits.parquet:5542491168..6466239696], [home/ec2-user/liquid-cache/benchmark/clickbench/data/hits.parquet:6466239696..7389988224], [home/ec2-user/liquid-cache/benchmark/clickbench/data/hits.parquet:7389988224..8313736752], [home/ec2-user/liquid-cache/benchmark/clickbench/data/hits.parquet:8313736752..9237485280], [home/ec2-user/liquid-cache/benchmark/clickbench/data/hits.parquet:9237485280..10161233808], [home/ec2-user/liquid-cache/benchmark/clickbench/data/hits.parquet:10161233808..11084982336], [home/ec2-user/liquid-cache/benchmark/clickbench/data/hits.parquet:11084982336..12008730864], [home/ec2-user/liquid-cache/benchmark/clickbench/data/hits.parquet:12008730864..12932479392], [home/ec2-user/liquid-cache/benchmark/clickbench/data/hits.parquet:12932479392..13856227920], [home/ec2-user/liquid-cache/benchmark/clickbench/data/hits.parquet:13856227920..14779976446]]}, projection=[UserID], file_type=liquid_parquet, metrics=[output_rows=4, elapsed_compute=16ns, output_bytes=64.0 B, output_batches=1, files_ranges_pruned_statistics=16 total → 16 matched, row_groups_pruned_statistics=226 total → 202 matched, row_groups_pruned_bloom_filter=0 total → 0 matched, page_index_pages_pruned=0 total → 0 matched, page_index_rows_pruned=0 total → 0 matched, limit_pruned_row_groups=0 total → 0 matched, batches_split=0, bytes_scanned=231.7 M, file_open_errors=0, file_scan_errors=0, num_predicate_creation_errors=0, predicate_evaluation_errors=0, pushdown_rows_matched=0, pushdown_rows_pruned=0, predicate_cache_inner_records=0, predicate_cache_records=0, bloom_filter_eval_time=1.57ms, metadata_load_time=152.69ms, page_index_eval_time=2.56µs, row_pushdown_eval_time=32ns, statistics_eval_time=405.35µs, time_elapsed_opening=168.03ms, time_elapsed_processing=1.87s, time_elapsed_scanning_total=246.11s, time_elapsed_scanning_until_data=239.59s, scan_efficiency_ratio=N/A (0/0)]

Cache: entries=851, mem=31MB, disk=24MB
  Hits: cache_hit=1, eval_predicate=21336
  Misses: cache_miss=10668
  IO: read=0, write=10237
  Squeeze: squeezed_success=0, squeezed_needs_io=0
Time: 17749ms

+--------------------+
| UserID             |
+--------------------+
| 435090932899640449 |
| 435090932899640449 |
| 435090932899640449 |
| 435090932899640449 |
+--------------------+

=== EXPLAIN ANALYZE (Query 19, Iteration 1) ===
DataSourceExec: file_groups={16 groups: [[home/ec2-user/liquid-cache/benchmark/clickbench/data/hits.parquet:0..923748528], [home/ec2-user/liquid-cache/benchmark/clickbench/data/hits.parquet:923748528..1847497056], [home/ec2-user/liquid-cache/benchmark/clickbench/data/hits.parquet:1847497056..2771245584], [home/ec2-user/liquid-cache/benchmark/clickbench/data/hits.parquet:2771245584..3694994112], [home/ec2-user/liquid-cache/benchmark/clickbench/data/hits.parquet:3694994112..4618742640], [home/ec2-user/liquid-cache/benchmark/clickbench/data/hits.parquet:4618742640..5542491168], [home/ec2-user/liquid-cache/benchmark/clickbench/data/hits.parquet:5542491168..6466239696], [home/ec2-user/liquid-cache/benchmark/clickbench/data/hits.parquet:6466239696..7389988224], [home/ec2-user/liquid-cache/benchmark/clickbench/data/hits.parquet:7389988224..8313736752], [home/ec2-user/liquid-cache/benchmark/clickbench/data/hits.parquet:8313736752..9237485280], [home/ec2-user/liquid-cache/benchmark/clickbench/data/hits.parquet:9237485280..10161233808], [home/ec2-user/liquid-cache/benchmark/clickbench/data/hits.parquet:10161233808..11084982336], [home/ec2-user/liquid-cache/benchmark/clickbench/data/hits.parquet:11084982336..12008730864], [home/ec2-user/liquid-cache/benchmark/clickbench/data/hits.parquet:12008730864..12932479392], [home/ec2-user/liquid-cache/benchmark/clickbench/data/hits.parquet:12932479392..13856227920], [home/ec2-user/liquid-cache/benchmark/clickbench/data/hits.parquet:13856227920..14779976446]]}, projection=[UserID], file_type=liquid_parquet, metrics=[output_rows=4, elapsed_compute=16ns, output_bytes=64.0 B, output_batches=1, files_ranges_pruned_statistics=16 total → 16 matched, row_groups_pruned_statistics=226 total → 202 matched, row_groups_pruned_bloom_filter=0 total → 0 matched, page_index_pages_pruned=0 total → 0 matched, page_index_rows_pruned=0 total → 0 matched, limit_pruned_row_groups=0 total → 0 matched, batches_split=0, bytes_scanned=231.7 M, file_open_errors=0, file_scan_errors=0, num_predicate_creation_errors=0, predicate_evaluation_errors=0, pushdown_rows_matched=0, pushdown_rows_pruned=0, predicate_cache_inner_records=0, predicate_cache_records=0, bloom_filter_eval_time=2.34ms, metadata_load_time=2.35ms, page_index_eval_time=3.53µs, row_pushdown_eval_time=32ns, statistics_eval_time=527.23µs, time_elapsed_opening=7.18ms, time_elapsed_processing=1.59s, time_elapsed_scanning_total=255.96s, time_elapsed_scanning_until_data=249.06s, scan_efficiency_ratio=N/A (0/0)]

Cache: entries=853, mem=31MB, disk=24MB
  Hits: cache_hit=1, eval_predicate=21336
  Misses: cache_miss=10668
  IO: read=0, write=10671
  Squeeze: squeezed_success=0, squeezed_needs_io=0
Time: 18368ms

+--------------------+
| UserID             |
+--------------------+
| 435090932899640449 |
| 435090932899640449 |
| 435090932899640449 |
| 435090932899640449 |
+--------------------+

=== EXPLAIN ANALYZE (Query 19, Iteration 2) ===
DataSourceExec: file_groups={16 groups: [[home/ec2-user/liquid-cache/benchmark/clickbench/data/hits.parquet:0..923748528], [home/ec2-user/liquid-cache/benchmark/clickbench/data/hits.parquet:923748528..1847497056], [home/ec2-user/liquid-cache/benchmark/clickbench/data/hits.parquet:1847497056..2771245584], [home/ec2-user/liquid-cache/benchmark/clickbench/data/hits.parquet:2771245584..3694994112], [home/ec2-user/liquid-cache/benchmark/clickbench/data/hits.parquet:3694994112..4618742640], [home/ec2-user/liquid-cache/benchmark/clickbench/data/hits.parquet:4618742640..5542491168], [home/ec2-user/liquid-cache/benchmark/clickbench/data/hits.parquet:5542491168..6466239696], [home/ec2-user/liquid-cache/benchmark/clickbench/data/hits.parquet:6466239696..7389988224], [home/ec2-user/liquid-cache/benchmark/clickbench/data/hits.parquet:7389988224..8313736752], [home/ec2-user/liquid-cache/benchmark/clickbench/data/hits.parquet:8313736752..9237485280], [home/ec2-user/liquid-cache/benchmark/clickbench/data/hits.parquet:9237485280..10161233808], [home/ec2-user/liquid-cache/benchmark/clickbench/data/hits.parquet:10161233808..11084982336], [home/ec2-user/liquid-cache/benchmark/clickbench/data/hits.parquet:11084982336..12008730864], [home/ec2-user/liquid-cache/benchmark/clickbench/data/hits.parquet:12008730864..12932479392], [home/ec2-user/liquid-cache/benchmark/clickbench/data/hits.parquet:12932479392..13856227920], [home/ec2-user/liquid-cache/benchmark/clickbench/data/hits.parquet:13856227920..14779976446]]}, projection=[UserID], file_type=liquid_parquet, metrics=[output_rows=4, elapsed_compute=16ns, output_bytes=64.0 B, output_batches=1, files_ranges_pruned_statistics=16 total → 16 matched, row_groups_pruned_statistics=226 total → 202 matched, row_groups_pruned_bloom_filter=0 total → 0 matched, page_index_pages_pruned=0 total → 0 matched, page_index_rows_pruned=0 total → 0 matched, limit_pruned_row_groups=0 total → 0 matched, batches_split=0, bytes_scanned=231.7 M, file_open_errors=0, file_scan_errors=0, num_predicate_creation_errors=0, predicate_evaluation_errors=0, pushdown_rows_matched=0, pushdown_rows_pruned=0, predicate_cache_inner_records=0, predicate_cache_records=0, bloom_filter_eval_time=3.41ms, metadata_load_time=2.50ms, page_index_eval_time=5.13µs, row_pushdown_eval_time=32ns, statistics_eval_time=488.71µs, time_elapsed_opening=8.80ms, time_elapsed_processing=1.62s, time_elapsed_scanning_total=261.05s, time_elapsed_scanning_until_data=254.78s, scan_efficiency_ratio=N/A (0/0)]

Cache: entries=854, mem=31MB, disk=24MB
  Hits: cache_hit=1, eval_predicate=21336
  Misses: cache_miss=10668
  IO: read=0, write=10667
  Squeeze: squeezed_success=0, squeezed_needs_io=0
Time: 18381ms

+--------------------+
| UserID             |
+--------------------+
| 435090932899640449 |
| 435090932899640449 |
| 435090932899640449 |
| 435090932899640449 |
+--------------------+

=== EXPLAIN ANALYZE (Query 19, Iteration 3) ===
DataSourceExec: file_groups={16 groups: [[home/ec2-user/liquid-cache/benchmark/clickbench/data/hits.parquet:0..923748528], [home/ec2-user/liquid-cache/benchmark/clickbench/data/hits.parquet:923748528..1847497056], [home/ec2-user/liquid-cache/benchmark/clickbench/data/hits.parquet:1847497056..2771245584], [home/ec2-user/liquid-cache/benchmark/clickbench/data/hits.parquet:2771245584..3694994112], [home/ec2-user/liquid-cache/benchmark/clickbench/data/hits.parquet:3694994112..4618742640], [home/ec2-user/liquid-cache/benchmark/clickbench/data/hits.parquet:4618742640..5542491168], [home/ec2-user/liquid-cache/benchmark/clickbench/data/hits.parquet:5542491168..6466239696], [home/ec2-user/liquid-cache/benchmark/clickbench/data/hits.parquet:6466239696..7389988224], [home/ec2-user/liquid-cache/benchmark/clickbench/data/hits.parquet:7389988224..8313736752], [home/ec2-user/liquid-cache/benchmark/clickbench/data/hits.parquet:8313736752..9237485280], [home/ec2-user/liquid-cache/benchmark/clickbench/data/hits.parquet:9237485280..10161233808], [home/ec2-user/liquid-cache/benchmark/clickbench/data/hits.parquet:10161233808..11084982336], [home/ec2-user/liquid-cache/benchmark/clickbench/data/hits.parquet:11084982336..12008730864], [home/ec2-user/liquid-cache/benchmark/clickbench/data/hits.parquet:12008730864..12932479392], [home/ec2-user/liquid-cache/benchmark/clickbench/data/hits.parquet:12932479392..13856227920], [home/ec2-user/liquid-cache/benchmark/clickbench/data/hits.parquet:13856227920..14779976446]]}, projection=[UserID], file_type=liquid_parquet, metrics=[output_rows=4, elapsed_compute=16ns, output_bytes=64.0 B, output_batches=1, files_ranges_pruned_statistics=16 total → 16 matched, row_groups_pruned_statistics=226 total → 202 matched, row_groups_pruned_bloom_filter=0 total → 0 matched, page_index_pages_pruned=0 total → 0 matched, page_index_rows_pruned=0 total → 0 matched, limit_pruned_row_groups=0 total → 0 matched, batches_split=0, bytes_scanned=231.7 M, file_open_errors=0, file_scan_errors=0, num_predicate_creation_errors=0, predicate_evaluation_errors=0, pushdown_rows_matched=0, pushdown_rows_pruned=0, predicate_cache_inner_records=0, predicate_cache_records=0, bloom_filter_eval_time=3.64ms, metadata_load_time=3.06ms, page_index_eval_time=5.08µs, row_pushdown_eval_time=32ns, statistics_eval_time=542.67µs, time_elapsed_opening=9.75ms, time_elapsed_processing=1.63s, time_elapsed_scanning_total=260.55s, time_elapsed_scanning_until_data=253.69s, scan_efficiency_ratio=N/A (0/0)]

Cache: entries=856, mem=31MB, disk=24MB
  Hits: cache_hit=1, eval_predicate=21336
  Misses: cache_miss=10668
  IO: read=0, write=10667
  Squeeze: squeezed_success=0, squeezed_needs_io=0
Time: 18387ms

+--------------------+
| UserID             |
+--------------------+
| 435090932899640449 |
| 435090932899640449 |
| 435090932899640449 |
| 435090932899640449 |
+--------------------+

=== EXPLAIN ANALYZE (Query 19, Iteration 4) ===
DataSourceExec: file_groups={16 groups: [[home/ec2-user/liquid-cache/benchmark/clickbench/data/hits.parquet:0..923748528], [home/ec2-user/liquid-cache/benchmark/clickbench/data/hits.parquet:923748528..1847497056], [home/ec2-user/liquid-cache/benchmark/clickbench/data/hits.parquet:1847497056..2771245584], [home/ec2-user/liquid-cache/benchmark/clickbench/data/hits.parquet:2771245584..3694994112], [home/ec2-user/liquid-cache/benchmark/clickbench/data/hits.parquet:3694994112..4618742640], [home/ec2-user/liquid-cache/benchmark/clickbench/data/hits.parquet:4618742640..5542491168], [home/ec2-user/liquid-cache/benchmark/clickbench/data/hits.parquet:5542491168..6466239696], [home/ec2-user/liquid-cache/benchmark/clickbench/data/hits.parquet:6466239696..7389988224], [home/ec2-user/liquid-cache/benchmark/clickbench/data/hits.parquet:7389988224..8313736752], [home/ec2-user/liquid-cache/benchmark/clickbench/data/hits.parquet:8313736752..9237485280], [home/ec2-user/liquid-cache/benchmark/clickbench/data/hits.parquet:9237485280..10161233808], [home/ec2-user/liquid-cache/benchmark/clickbench/data/hits.parquet:10161233808..11084982336], [home/ec2-user/liquid-cache/benchmark/clickbench/data/hits.parquet:11084982336..12008730864], [home/ec2-user/liquid-cache/benchmark/clickbench/data/hits.parquet:12008730864..12932479392], [home/ec2-user/liquid-cache/benchmark/clickbench/data/hits.parquet:12932479392..13856227920], [home/ec2-user/liquid-cache/benchmark/clickbench/data/hits.parquet:13856227920..14779976446]]}, projection=[UserID], file_type=liquid_parquet, metrics=[output_rows=4, elapsed_compute=16ns, output_bytes=64.0 B, output_batches=1, files_ranges_pruned_statistics=16 total → 16 matched, row_groups_pruned_statistics=226 total → 202 matched, row_groups_pruned_bloom_filter=0 total → 0 matched, page_index_pages_pruned=0 total → 0 matched, page_index_rows_pruned=0 total → 0 matched, limit_pruned_row_groups=0 total → 0 matched, batches_split=0, bytes_scanned=231.7 M, file_open_errors=0, file_scan_errors=0, num_predicate_creation_errors=0, predicate_evaluation_errors=0, pushdown_rows_matched=0, pushdown_rows_pruned=0, predicate_cache_inner_records=0, predicate_cache_records=0, bloom_filter_eval_time=2.48ms, metadata_load_time=2.68ms, page_index_eval_time=3.42µs, row_pushdown_eval_time=32ns, statistics_eval_time=405.53µs, time_elapsed_opening=7.59ms, time_elapsed_processing=1.62s, time_elapsed_scanning_total=254.62s, time_elapsed_scanning_until_data=248.25s, scan_efficiency_ratio=N/A (0/0)]

Cache: entries=856, mem=31MB, disk=24MB
  Hits: cache_hit=1, eval_predicate=21336
  Misses: cache_miss=10668
  IO: read=0, write=10667
  Squeeze: squeezed_success=0, squeezed_needs_io=0
Time: 18370ms

+--------------------+
| UserID             |
+--------------------+
| 435090932899640449 |
| 435090932899640449 |
| 435090932899640449 |
| 435090932899640449 |
+--------------------+
