
=== EXPLAIN ANALYZE (Query 40, Iteration 0) ===
GlobalLimitExec: skip=100, fetch=10, metrics=[output_rows=10, elapsed_compute=12.82µs, output_bytes=2.1 KB, output_batches=1]
  SortPreservingMergeExec: [pageviews@2 DESC], fetch=110, metrics=[output_rows=110, elapsed_compute=12.92µs, output_bytes=2.1 KB, output_batches=1]
    SortExec: TopK(fetch=110), expr=[pageviews@2 DESC], preserve_partitioning=[true], filter=[pageviews@2 IS NULL OR pageviews@2 > 6], metrics=[output_rows=1.40 K, elapsed_compute=6.47ms, output_bytes=27.2 KB, output_batches=16, row_replacements=2.09 K]
      ProjectionExec: expr=[URLHash@0 as URLHash, hits.EventDate@1 as hits.EventDate, count(Int64(1))@2 as pageviews], metrics=[output_rows=41.19 K, elapsed_compute=41.97µs, output_bytes=1089.8 KB, output_batches=16, expr_0_eval_time=9.82µs, expr_1_eval_time=1.58µs, expr_2_eval_time=1.11µs]
        AggregateExec: mode=FinalPartitioned, gby=[URLHash@0 as URLHash, hits.EventDate@1 as hits.EventDate], aggr=[count(Int64(1))], metrics=[output_rows=41.19 K, elapsed_compute=32.18ms, output_bytes=1089.8 KB, output_batches=16, spill_count=0, spilled_bytes=0.0 B, spilled_rows=0, peak_mem_used=5.07 M, aggregate_arguments_time=24.18µs, aggregation_time=150.19µs, emitting_time=59.09µs, time_calculating_group_ids=31.62ms]
          RepartitionExec: partitioning=Hash([URLHash@0, hits.EventDate@1], 16), input_partitions=16, metrics=[output_rows=41.87 K, elapsed_compute=343.13µs, output_bytes=2.5 MB, output_batches=16, spill_count=0, spilled_bytes=0.0 B, spilled_rows=0, fetch_time=224.07ms, repartition_time=519.10µs, send_time=65.92µs]
            AggregateExec: mode=Partial, gby=[URLHash@1 as URLHash, CAST(CAST(EventDate@0 AS Int32) AS Date32) as hits.EventDate], aggr=[count(Int64(1))], metrics=[output_rows=41.87 K, elapsed_compute=3.95ms, output_bytes=5.8 MB, output_batches=6, spill_count=0, spilled_bytes=0.0 B, spilled_rows=0, skipped_aggregation_rows=0, peak_mem_used=2.57 M, aggregate_arguments_time=56.01µs, aggregation_time=512.04µs, emitting_time=18.39µs, time_calculating_group_ids=3.15ms, reduction_factor=47% (41.87 K/89.91 K)]
              DataSourceExec: file_groups={16 groups: [[home/ec2-user/liquid-cache/benchmark/clickbench/data/hits.parquet:0..923748528], [home/ec2-user/liquid-cache/benchmark/clickbench/data/hits.parquet:923748528..1847497056], [home/ec2-user/liquid-cache/benchmark/clickbench/data/hits.parquet:1847497056..2771245584], [home/ec2-user/liquid-cache/benchmark/clickbench/data/hits.parquet:2771245584..3694994112], [home/ec2-user/liquid-cache/benchmark/clickbench/data/hits.parquet:3694994112..4618742640], [home/ec2-user/liquid-cache/benchmark/clickbench/data/hits.parquet:4618742640..5542491168], [home/ec2-user/liquid-cache/benchmark/clickbench/data/hits.parquet:5542491168..6466239696], [home/ec2-user/liquid-cache/benchmark/clickbench/data/hits.parquet:6466239696..7389988224], [home/ec2-user/liquid-cache/benchmark/clickbench/data/hits.parquet:7389988224..8313736752], [home/ec2-user/liquid-cache/benchmark/clickbench/data/hits.parquet:8313736752..9237485280], [home/ec2-user/liquid-cache/benchmark/clickbench/data/hits.parquet:9237485280..10161233808], [home/ec2-user/liquid-cache/benchmark/clickbench/data/hits.parquet:10161233808..11084982336], [home/ec2-user/liquid-cache/benchmark/clickbench/data/hits.parquet:11084982336..12008730864], [home/ec2-user/liquid-cache/benchmark/clickbench/data/hits.parquet:12008730864..12932479392], [home/ec2-user/liquid-cache/benchmark/clickbench/data/hits.parquet:12932479392..13856227920], [home/ec2-user/liquid-cache/benchmark/clickbench/data/hits.parquet:13856227920..14779976446]]}, projection=[EventDate, URLHash], file_type=liquid_parquet, metrics=[output_rows=89.91 K, elapsed_compute=16ns, output_bytes=883.4 KB, output_batches=92, files_ranges_pruned_statistics=16 total → 16 matched, row_groups_pruned_statistics=226 total → 3 matched, row_groups_pruned_bloom_filter=0 total → 0 matched, page_index_pages_pruned=0 total → 0 matched, page_index_rows_pruned=0 total → 0 matched, limit_pruned_row_groups=0 total → 0 matched, batches_split=0, bytes_scanned=15.65 M, file_open_errors=0, file_scan_errors=0, num_predicate_creation_errors=0, predicate_evaluation_errors=0, pushdown_rows_matched=89.91 K, pushdown_rows_pruned=6.82 K, predicate_cache_inner_records=0, predicate_cache_records=0, bloom_filter_eval_time=230.48µs, metadata_load_time=161.61ms, page_index_eval_time=3.47µs, row_pushdown_eval_time=269.97µs, statistics_eval_time=703.85µs, time_elapsed_opening=191.72ms, time_elapsed_processing=69.32ms, time_elapsed_scanning_total=32.07ms, time_elapsed_scanning_until_data=8.22ms, scan_efficiency_ratio=N/A (0/0)]

Cache: entries=860, mem=24MB, disk=0MB
  Hits: cache_hit=184, eval_predicate=712
  Misses: cache_miss=172
  IO: read=0, write=0
  Squeeze: squeezed_success=0, squeezed_needs_io=0
Time: 46ms

+----------------------+----------------+-----------+
| URLHash              | hits.EventDate | pageviews |
+----------------------+----------------+-----------+
| 7199155066341437901  | 2013-07-15     | 27        |
| 1191678692164887503  | 2013-07-15     | 27        |
| 2512899255762264913  | 2013-07-15     | 26        |
| -8505838588544217213 | 2013-07-15     | 26        |
| -3611962581960090019 | 2013-07-15     | 25        |
| -6025761452198030778 | 2013-07-15     | 25        |
| -6048157399675510565 | 2013-07-15     | 25        |
| 6976198041684576969  | 2013-07-15     | 24        |
| 2033248414344857063  | 2013-07-15     | 24        |
| 5381918128490835791  | 2013-07-15     | 24        |
+----------------------+----------------+-----------+

=== EXPLAIN ANALYZE (Query 40, Iteration 1) ===
GlobalLimitExec: skip=100, fetch=10, metrics=[output_rows=10, elapsed_compute=10.17µs, output_bytes=2.1 KB, output_batches=1]
  SortPreservingMergeExec: [pageviews@2 DESC], fetch=110, metrics=[output_rows=110, elapsed_compute=13.51µs, output_bytes=2.1 KB, output_batches=1]
    SortExec: TopK(fetch=110), expr=[pageviews@2 DESC], preserve_partitioning=[true], filter=[pageviews@2 IS NULL OR pageviews@2 > 6], metrics=[output_rows=1.47 K, elapsed_compute=1.12ms, output_bytes=28.7 KB, output_batches=16, row_replacements=2.65 K]
      ProjectionExec: expr=[URLHash@0 as URLHash, hits.EventDate@1 as hits.EventDate, count(Int64(1))@2 as pageviews], metrics=[output_rows=41.19 K, elapsed_compute=27.55µs, output_bytes=1089.8 KB, output_batches=16, expr_0_eval_time=4.87µs, expr_1_eval_time=1.16µs, expr_2_eval_time=1.59µs]
        AggregateExec: mode=FinalPartitioned, gby=[URLHash@0 as URLHash, hits.EventDate@1 as hits.EventDate], aggr=[count(Int64(1))], metrics=[output_rows=41.19 K, elapsed_compute=2.20ms, output_bytes=1089.8 KB, output_batches=16, spill_count=0, spilled_bytes=0.0 B, spilled_rows=0, peak_mem_used=5.07 M, aggregate_arguments_time=12.00µs, aggregation_time=72.43µs, emitting_time=28.84µs, time_calculating_group_ids=1.98ms]
          RepartitionExec: partitioning=Hash([URLHash@0, hits.EventDate@1], 16), input_partitions=16, metrics=[output_rows=41.87 K, elapsed_compute=265.74µs, output_bytes=2.5 MB, output_batches=16, spill_count=0, spilled_bytes=0.0 B, spilled_rows=0, fetch_time=28.25ms, repartition_time=459.21µs, send_time=49.68µs]
            AggregateExec: mode=Partial, gby=[URLHash@1 as URLHash, CAST(CAST(EventDate@0 AS Int32) AS Date32) as hits.EventDate], aggr=[count(Int64(1))], metrics=[output_rows=41.87 K, elapsed_compute=3.27ms, output_bytes=5.8 MB, output_batches=6, spill_count=0, spilled_bytes=0.0 B, spilled_rows=0, skipped_aggregation_rows=0, peak_mem_used=2.57 M, aggregate_arguments_time=57.28µs, aggregation_time=255.69µs, emitting_time=6.96µs, time_calculating_group_ids=2.75ms, reduction_factor=47% (41.87 K/89.91 K)]
              DataSourceExec: file_groups={16 groups: [[home/ec2-user/liquid-cache/benchmark/clickbench/data/hits.parquet:0..923748528], [home/ec2-user/liquid-cache/benchmark/clickbench/data/hits.parquet:923748528..1847497056], [home/ec2-user/liquid-cache/benchmark/clickbench/data/hits.parquet:1847497056..2771245584], [home/ec2-user/liquid-cache/benchmark/clickbench/data/hits.parquet:2771245584..3694994112], [home/ec2-user/liquid-cache/benchmark/clickbench/data/hits.parquet:3694994112..4618742640], [home/ec2-user/liquid-cache/benchmark/clickbench/data/hits.parquet:4618742640..5542491168], [home/ec2-user/liquid-cache/benchmark/clickbench/data/hits.parquet:5542491168..6466239696], [home/ec2-user/liquid-cache/benchmark/clickbench/data/hits.parquet:6466239696..7389988224], [home/ec2-user/liquid-cache/benchmark/clickbench/data/hits.parquet:7389988224..8313736752], [home/ec2-user/liquid-cache/benchmark/clickbench/data/hits.parquet:8313736752..9237485280], [home/ec2-user/liquid-cache/benchmark/clickbench/data/hits.parquet:9237485280..10161233808], [home/ec2-user/liquid-cache/benchmark/clickbench/data/hits.parquet:10161233808..11084982336], [home/ec2-user/liquid-cache/benchmark/clickbench/data/hits.parquet:11084982336..12008730864], [home/ec2-user/liquid-cache/benchmark/clickbench/data/hits.parquet:12008730864..12932479392], [home/ec2-user/liquid-cache/benchmark/clickbench/data/hits.parquet:12932479392..13856227920], [home/ec2-user/liquid-cache/benchmark/clickbench/data/hits.parquet:13856227920..14779976446]]}, projection=[EventDate, URLHash], file_type=liquid_parquet, metrics=[output_rows=89.91 K, elapsed_compute=16ns, output_bytes=883.4 KB, output_batches=92, files_ranges_pruned_statistics=16 total → 16 matched, row_groups_pruned_statistics=226 total → 3 matched, row_groups_pruned_bloom_filter=0 total → 0 matched, page_index_pages_pruned=0 total → 0 matched, page_index_rows_pruned=0 total → 0 matched, limit_pruned_row_groups=0 total → 0 matched, batches_split=0, bytes_scanned=15.65 M, file_open_errors=0, file_scan_errors=0, num_predicate_creation_errors=0, predicate_evaluation_errors=0, pushdown_rows_matched=89.91 K, pushdown_rows_pruned=6.82 K, predicate_cache_inner_records=0, predicate_cache_records=0, bloom_filter_eval_time=188.28µs, metadata_load_time=3.44ms, page_index_eval_time=3.00µs, row_pushdown_eval_time=251.87µs, statistics_eval_time=687.97µs, time_elapsed_opening=7.75ms, time_elapsed_processing=22.28ms, time_elapsed_scanning_total=20.33ms, time_elapsed_scanning_until_data=4.98ms, scan_efficiency_ratio=N/A (0/0)]

Cache: entries=860, mem=24MB, disk=0MB
  Hits: cache_hit=184, eval_predicate=540
  Misses: cache_miss=0
  IO: read=0, write=0
  Squeeze: squeezed_success=0, squeezed_needs_io=0
Time: 20ms

+----------------------+----------------+-----------+
| URLHash              | hits.EventDate | pageviews |
+----------------------+----------------+-----------+
| 7199155066341437901  | 2013-07-15     | 27        |
| 1191678692164887503  | 2013-07-15     | 27        |
| 2512899255762264913  | 2013-07-15     | 26        |
| -8505838588544217213 | 2013-07-15     | 26        |
| -3611962581960090019 | 2013-07-15     | 25        |
| -6025761452198030778 | 2013-07-15     | 25        |
| -6048157399675510565 | 2013-07-15     | 25        |
| 6976198041684576969  | 2013-07-15     | 24        |
| 2033248414344857063  | 2013-07-15     | 24        |
| 5381918128490835791  | 2013-07-15     | 24        |
+----------------------+----------------+-----------+

=== EXPLAIN ANALYZE (Query 40, Iteration 2) ===
GlobalLimitExec: skip=100, fetch=10, metrics=[output_rows=10, elapsed_compute=11.07µs, output_bytes=2.1 KB, output_batches=1]
  SortPreservingMergeExec: [pageviews@2 DESC], fetch=110, metrics=[output_rows=110, elapsed_compute=14.43µs, output_bytes=2.1 KB, output_batches=1]
    SortExec: TopK(fetch=110), expr=[pageviews@2 DESC], preserve_partitioning=[true], filter=[pageviews@2 IS NULL OR pageviews@2 > 6], metrics=[output_rows=1.49 K, elapsed_compute=1.24ms, output_bytes=29.0 KB, output_batches=16, row_replacements=2.92 K]
      ProjectionExec: expr=[URLHash@0 as URLHash, hits.EventDate@1 as hits.EventDate, count(Int64(1))@2 as pageviews], metrics=[output_rows=41.19 K, elapsed_compute=26.94µs, output_bytes=1089.8 KB, output_batches=16, expr_0_eval_time=4.22µs, expr_1_eval_time=1.63µs, expr_2_eval_time=1.39µs]
        AggregateExec: mode=FinalPartitioned, gby=[URLHash@0 as URLHash, hits.EventDate@1 as hits.EventDate], aggr=[count(Int64(1))], metrics=[output_rows=41.19 K, elapsed_compute=2.26ms, output_bytes=1089.8 KB, output_batches=16, spill_count=0, spilled_bytes=0.0 B, spilled_rows=0, peak_mem_used=5.07 M, aggregate_arguments_time=12.43µs, aggregation_time=72.22µs, emitting_time=31.58µs, time_calculating_group_ids=2.03ms]
          RepartitionExec: partitioning=Hash([URLHash@0, hits.EventDate@1], 16), input_partitions=16, metrics=[output_rows=41.87 K, elapsed_compute=259.21µs, output_bytes=2.5 MB, output_batches=16, spill_count=0, spilled_bytes=0.0 B, spilled_rows=0, fetch_time=30.41ms, repartition_time=510.54µs, send_time=65.63µs]
            AggregateExec: mode=Partial, gby=[URLHash@1 as URLHash, CAST(CAST(EventDate@0 AS Int32) AS Date32) as hits.EventDate], aggr=[count(Int64(1))], metrics=[output_rows=41.87 K, elapsed_compute=3.18ms, output_bytes=5.8 MB, output_batches=6, spill_count=0, spilled_bytes=0.0 B, spilled_rows=0, skipped_aggregation_rows=0, peak_mem_used=2.57 M, aggregate_arguments_time=64.10µs, aggregation_time=137.34µs, emitting_time=6.75µs, time_calculating_group_ids=2.75ms, reduction_factor=47% (41.87 K/89.91 K)]
              DataSourceExec: file_groups={16 groups: [[home/ec2-user/liquid-cache/benchmark/clickbench/data/hits.parquet:0..923748528], [home/ec2-user/liquid-cache/benchmark/clickbench/data/hits.parquet:923748528..1847497056], [home/ec2-user/liquid-cache/benchmark/clickbench/data/hits.parquet:1847497056..2771245584], [home/ec2-user/liquid-cache/benchmark/clickbench/data/hits.parquet:2771245584..3694994112], [home/ec2-user/liquid-cache/benchmark/clickbench/data/hits.parquet:3694994112..4618742640], [home/ec2-user/liquid-cache/benchmark/clickbench/data/hits.parquet:4618742640..5542491168], [home/ec2-user/liquid-cache/benchmark/clickbench/data/hits.parquet:5542491168..6466239696], [home/ec2-user/liquid-cache/benchmark/clickbench/data/hits.parquet:6466239696..7389988224], [home/ec2-user/liquid-cache/benchmark/clickbench/data/hits.parquet:7389988224..8313736752], [home/ec2-user/liquid-cache/benchmark/clickbench/data/hits.parquet:8313736752..9237485280], [home/ec2-user/liquid-cache/benchmark/clickbench/data/hits.parquet:9237485280..10161233808], [home/ec2-user/liquid-cache/benchmark/clickbench/data/hits.parquet:10161233808..11084982336], [home/ec2-user/liquid-cache/benchmark/clickbench/data/hits.parquet:11084982336..12008730864], [home/ec2-user/liquid-cache/benchmark/clickbench/data/hits.parquet:12008730864..12932479392], [home/ec2-user/liquid-cache/benchmark/clickbench/data/hits.parquet:12932479392..13856227920], [home/ec2-user/liquid-cache/benchmark/clickbench/data/hits.parquet:13856227920..14779976446]]}, projection=[EventDate, URLHash], file_type=liquid_parquet, metrics=[output_rows=89.91 K, elapsed_compute=16ns, output_bytes=883.4 KB, output_batches=92, files_ranges_pruned_statistics=16 total → 16 matched, row_groups_pruned_statistics=226 total → 3 matched, row_groups_pruned_bloom_filter=0 total → 0 matched, page_index_pages_pruned=0 total → 0 matched, page_index_rows_pruned=0 total → 0 matched, limit_pruned_row_groups=0 total → 0 matched, batches_split=0, bytes_scanned=15.65 M, file_open_errors=0, file_scan_errors=0, num_predicate_creation_errors=0, predicate_evaluation_errors=0, pushdown_rows_matched=89.91 K, pushdown_rows_pruned=6.82 K, predicate_cache_inner_records=0, predicate_cache_records=0, bloom_filter_eval_time=268.49µs, metadata_load_time=3.47ms, page_index_eval_time=5.27µs, row_pushdown_eval_time=291.00µs, statistics_eval_time=862.42µs, time_elapsed_opening=8.40ms, time_elapsed_processing=24.50ms, time_elapsed_scanning_total=21.82ms, time_elapsed_scanning_until_data=5.27ms, scan_efficiency_ratio=N/A (0/0)]

Cache: entries=860, mem=24MB, disk=0MB
  Hits: cache_hit=184, eval_predicate=540
  Misses: cache_miss=0
  IO: read=0, write=0
  Squeeze: squeezed_success=0, squeezed_needs_io=0
Time: 21ms

+----------------------+----------------+-----------+
| URLHash              | hits.EventDate | pageviews |
+----------------------+----------------+-----------+
| 1191678692164887503  | 2013-07-15     | 27        |
| 7199155066341437901  | 2013-07-15     | 27        |
| 2512899255762264913  | 2013-07-15     | 26        |
| -8505838588544217213 | 2013-07-15     | 26        |
| -3611962581960090019 | 2013-07-15     | 25        |
| -6025761452198030778 | 2013-07-15     | 25        |
| -6048157399675510565 | 2013-07-15     | 25        |
| 5381918128490835791  | 2013-07-15     | 24        |
| 2033248414344857063  | 2013-07-15     | 24        |
| 6976198041684576969  | 2013-07-15     | 24        |
+----------------------+----------------+-----------+

=== EXPLAIN ANALYZE (Query 40, Iteration 3) ===
GlobalLimitExec: skip=100, fetch=10, metrics=[output_rows=10, elapsed_compute=9.76µs, output_bytes=2.1 KB, output_batches=1]
  SortPreservingMergeExec: [pageviews@2 DESC], fetch=110, metrics=[output_rows=110, elapsed_compute=13.80µs, output_bytes=2.1 KB, output_batches=1]
    SortExec: TopK(fetch=110), expr=[pageviews@2 DESC], preserve_partitioning=[true], filter=[pageviews@2 IS NULL OR pageviews@2 > 6], metrics=[output_rows=1.39 K, elapsed_compute=978.00µs, output_bytes=27.2 KB, output_batches=16, row_replacements=2.10 K]
      ProjectionExec: expr=[URLHash@0 as URLHash, hits.EventDate@1 as hits.EventDate, count(Int64(1))@2 as pageviews], metrics=[output_rows=41.19 K, elapsed_compute=27.95µs, output_bytes=1089.8 KB, output_batches=16, expr_0_eval_time=4.77µs, expr_1_eval_time=1.59µs, expr_2_eval_time=1.75µs]
        AggregateExec: mode=FinalPartitioned, gby=[URLHash@0 as URLHash, hits.EventDate@1 as hits.EventDate], aggr=[count(Int64(1))], metrics=[output_rows=41.19 K, elapsed_compute=2.22ms, output_bytes=1089.8 KB, output_batches=16, spill_count=0, spilled_bytes=0.0 B, spilled_rows=0, peak_mem_used=5.07 M, aggregate_arguments_time=13.24µs, aggregation_time=76.17µs, emitting_time=31.37µs, time_calculating_group_ids=1.99ms]
          RepartitionExec: partitioning=Hash([URLHash@0, hits.EventDate@1], 16), input_partitions=16, metrics=[output_rows=41.87 K, elapsed_compute=244.14µs, output_bytes=2.5 MB, output_batches=16, spill_count=0, spilled_bytes=0.0 B, spilled_rows=0, fetch_time=30.23ms, repartition_time=460.04µs, send_time=50.43µs]
            AggregateExec: mode=Partial, gby=[URLHash@1 as URLHash, CAST(CAST(EventDate@0 AS Int32) AS Date32) as hits.EventDate], aggr=[count(Int64(1))], metrics=[output_rows=41.87 K, elapsed_compute=2.86ms, output_bytes=5.8 MB, output_batches=6, spill_count=0, spilled_bytes=0.0 B, spilled_rows=0, skipped_aggregation_rows=0, peak_mem_used=2.57 M, aggregate_arguments_time=63.90µs, aggregation_time=130.71µs, emitting_time=5.93µs, time_calculating_group_ids=2.47ms, reduction_factor=47% (41.87 K/89.91 K)]
              DataSourceExec: file_groups={16 groups: [[home/ec2-user/liquid-cache/benchmark/clickbench/data/hits.parquet:0..923748528], [home/ec2-user/liquid-cache/benchmark/clickbench/data/hits.parquet:923748528..1847497056], [home/ec2-user/liquid-cache/benchmark/clickbench/data/hits.parquet:1847497056..2771245584], [home/ec2-user/liquid-cache/benchmark/clickbench/data/hits.parquet:2771245584..3694994112], [home/ec2-user/liquid-cache/benchmark/clickbench/data/hits.parquet:3694994112..4618742640], [home/ec2-user/liquid-cache/benchmark/clickbench/data/hits.parquet:4618742640..5542491168], [home/ec2-user/liquid-cache/benchmark/clickbench/data/hits.parquet:5542491168..6466239696], [home/ec2-user/liquid-cache/benchmark/clickbench/data/hits.parquet:6466239696..7389988224], [home/ec2-user/liquid-cache/benchmark/clickbench/data/hits.parquet:7389988224..8313736752], [home/ec2-user/liquid-cache/benchmark/clickbench/data/hits.parquet:8313736752..9237485280], [home/ec2-user/liquid-cache/benchmark/clickbench/data/hits.parquet:9237485280..10161233808], [home/ec2-user/liquid-cache/benchmark/clickbench/data/hits.parquet:10161233808..11084982336], [home/ec2-user/liquid-cache/benchmark/clickbench/data/hits.parquet:11084982336..12008730864], [home/ec2-user/liquid-cache/benchmark/clickbench/data/hits.parquet:12008730864..12932479392], [home/ec2-user/liquid-cache/benchmark/clickbench/data/hits.parquet:12932479392..13856227920], [home/ec2-user/liquid-cache/benchmark/clickbench/data/hits.parquet:13856227920..14779976446]]}, projection=[EventDate, URLHash], file_type=liquid_parquet, metrics=[output_rows=89.91 K, elapsed_compute=16ns, output_bytes=883.4 KB, output_batches=92, files_ranges_pruned_statistics=16 total → 16 matched, row_groups_pruned_statistics=226 total → 3 matched, row_groups_pruned_bloom_filter=0 total → 0 matched, page_index_pages_pruned=0 total → 0 matched, page_index_rows_pruned=0 total → 0 matched, limit_pruned_row_groups=0 total → 0 matched, batches_split=0, bytes_scanned=15.65 M, file_open_errors=0, file_scan_errors=0, num_predicate_creation_errors=0, predicate_evaluation_errors=0, pushdown_rows_matched=89.91 K, pushdown_rows_pruned=6.82 K, predicate_cache_inner_records=0, predicate_cache_records=0, bloom_filter_eval_time=243.07µs, metadata_load_time=4.01ms, page_index_eval_time=4.84µs, row_pushdown_eval_time=250.95µs, statistics_eval_time=1.04ms, time_elapsed_opening=10.22ms, time_elapsed_processing=24.70ms, time_elapsed_scanning_total=19.83ms, time_elapsed_scanning_until_data=4.93ms, scan_efficiency_ratio=N/A (0/0)]

Cache: entries=860, mem=24MB, disk=0MB
  Hits: cache_hit=184, eval_predicate=540
  Misses: cache_miss=0
  IO: read=0, write=0
  Squeeze: squeezed_success=0, squeezed_needs_io=0
Time: 20ms

+----------------------+----------------+-----------+
| URLHash              | hits.EventDate | pageviews |
+----------------------+----------------+-----------+
| 1191678692164887503  | 2013-07-15     | 27        |
| 7199155066341437901  | 2013-07-15     | 27        |
| 2512899255762264913  | 2013-07-15     | 26        |
| -8505838588544217213 | 2013-07-15     | 26        |
| -3611962581960090019 | 2013-07-15     | 25        |
| -6025761452198030778 | 2013-07-15     | 25        |
| -6048157399675510565 | 2013-07-15     | 25        |
| 6976198041684576969  | 2013-07-15     | 24        |
| 2033248414344857063  | 2013-07-15     | 24        |
| 5381918128490835791  | 2013-07-15     | 24        |
+----------------------+----------------+-----------+

=== EXPLAIN ANALYZE (Query 40, Iteration 4) ===
GlobalLimitExec: skip=100, fetch=10, metrics=[output_rows=10, elapsed_compute=11.27µs, output_bytes=2.1 KB, output_batches=1]
  SortPreservingMergeExec: [pageviews@2 DESC], fetch=110, metrics=[output_rows=110, elapsed_compute=14.65µs, output_bytes=2.1 KB, output_batches=1]
    SortExec: TopK(fetch=110), expr=[pageviews@2 DESC], preserve_partitioning=[true], filter=[pageviews@2 IS NULL OR pageviews@2 > 6], metrics=[output_rows=1.48 K, elapsed_compute=1.20ms, output_bytes=28.8 KB, output_batches=16, row_replacements=2.87 K]
      ProjectionExec: expr=[URLHash@0 as URLHash, hits.EventDate@1 as hits.EventDate, count(Int64(1))@2 as pageviews], metrics=[output_rows=41.19 K, elapsed_compute=26.36µs, output_bytes=1089.8 KB, output_batches=16, expr_0_eval_time=4.74µs, expr_1_eval_time=1.12µs, expr_2_eval_time=1.61µs]
        AggregateExec: mode=FinalPartitioned, gby=[URLHash@0 as URLHash, hits.EventDate@1 as hits.EventDate], aggr=[count(Int64(1))], metrics=[output_rows=41.19 K, elapsed_compute=2.19ms, output_bytes=1089.8 KB, output_batches=16, spill_count=0, spilled_bytes=0.0 B, spilled_rows=0, peak_mem_used=5.07 M, aggregate_arguments_time=12.09µs, aggregation_time=71.18µs, emitting_time=30.46µs, time_calculating_group_ids=1.97ms]
          RepartitionExec: partitioning=Hash([URLHash@0, hits.EventDate@1], 16), input_partitions=16, metrics=[output_rows=41.87 K, elapsed_compute=230.94µs, output_bytes=2.5 MB, output_batches=16, spill_count=0, spilled_bytes=0.0 B, spilled_rows=0, fetch_time=33.03ms, repartition_time=528.87µs, send_time=61.69µs]
            AggregateExec: mode=Partial, gby=[URLHash@1 as URLHash, CAST(CAST(EventDate@0 AS Int32) AS Date32) as hits.EventDate], aggr=[count(Int64(1))], metrics=[output_rows=41.87 K, elapsed_compute=3.71ms, output_bytes=5.8 MB, output_batches=6, spill_count=0, spilled_bytes=0.0 B, spilled_rows=0, skipped_aggregation_rows=0, peak_mem_used=2.57 M, aggregate_arguments_time=72.80µs, aggregation_time=147.90µs, emitting_time=6.23µs, time_calculating_group_ids=3.26ms, reduction_factor=47% (41.87 K/89.91 K)]
              DataSourceExec: file_groups={16 groups: [[home/ec2-user/liquid-cache/benchmark/clickbench/data/hits.parquet:0..923748528], [home/ec2-user/liquid-cache/benchmark/clickbench/data/hits.parquet:923748528..1847497056], [home/ec2-user/liquid-cache/benchmark/clickbench/data/hits.parquet:1847497056..2771245584], [home/ec2-user/liquid-cache/benchmark/clickbench/data/hits.parquet:2771245584..3694994112], [home/ec2-user/liquid-cache/benchmark/clickbench/data/hits.parquet:3694994112..4618742640], [home/ec2-user/liquid-cache/benchmark/clickbench/data/hits.parquet:4618742640..5542491168], [home/ec2-user/liquid-cache/benchmark/clickbench/data/hits.parquet:5542491168..6466239696], [home/ec2-user/liquid-cache/benchmark/clickbench/data/hits.parquet:6466239696..7389988224], [home/ec2-user/liquid-cache/benchmark/clickbench/data/hits.parquet:7389988224..8313736752], [home/ec2-user/liquid-cache/benchmark/clickbench/data/hits.parquet:8313736752..9237485280], [home/ec2-user/liquid-cache/benchmark/clickbench/data/hits.parquet:9237485280..10161233808], [home/ec2-user/liquid-cache/benchmark/clickbench/data/hits.parquet:10161233808..11084982336], [home/ec2-user/liquid-cache/benchmark/clickbench/data/hits.parquet:11084982336..12008730864], [home/ec2-user/liquid-cache/benchmark/clickbench/data/hits.parquet:12008730864..12932479392], [home/ec2-user/liquid-cache/benchmark/clickbench/data/hits.parquet:12932479392..13856227920], [home/ec2-user/liquid-cache/benchmark/clickbench/data/hits.parquet:13856227920..14779976446]]}, projection=[EventDate, URLHash], file_type=liquid_parquet, metrics=[output_rows=89.91 K, elapsed_compute=16ns, output_bytes=883.4 KB, output_batches=92, files_ranges_pruned_statistics=16 total → 16 matched, row_groups_pruned_statistics=226 total → 3 matched, row_groups_pruned_bloom_filter=0 total → 0 matched, page_index_pages_pruned=0 total → 0 matched, page_index_rows_pruned=0 total → 0 matched, limit_pruned_row_groups=0 total → 0 matched, batches_split=0, bytes_scanned=15.65 M, file_open_errors=0, file_scan_errors=0, num_predicate_creation_errors=0, predicate_evaluation_errors=0, pushdown_rows_matched=89.91 K, pushdown_rows_pruned=6.82 K, predicate_cache_inner_records=0, predicate_cache_records=0, bloom_filter_eval_time=228.63µs, metadata_load_time=3.55ms, page_index_eval_time=4.63µs, row_pushdown_eval_time=335.12µs, statistics_eval_time=789.23µs, time_elapsed_opening=8.67ms, time_elapsed_processing=26.75ms, time_elapsed_scanning_total=24.18ms, time_elapsed_scanning_until_data=5.01ms, scan_efficiency_ratio=N/A (0/0)]

Cache: entries=860, mem=24MB, disk=0MB
  Hits: cache_hit=184, eval_predicate=540
  Misses: cache_miss=0
  IO: read=0, write=0
  Squeeze: squeezed_success=0, squeezed_needs_io=0
Time: 24ms

+----------------------+----------------+-----------+
| URLHash              | hits.EventDate | pageviews |
+----------------------+----------------+-----------+
| 1191678692164887503  | 2013-07-15     | 27        |
| 7199155066341437901  | 2013-07-15     | 27        |
| 2512899255762264913  | 2013-07-15     | 26        |
| -8505838588544217213 | 2013-07-15     | 26        |
| -3611962581960090019 | 2013-07-15     | 25        |
| -6025761452198030778 | 2013-07-15     | 25        |
| -6048157399675510565 | 2013-07-15     | 25        |
| 5381918128490835791  | 2013-07-15     | 24        |
| 2033248414344857063  | 2013-07-15     | 24        |
| 6976198041684576969  | 2013-07-15     | 24        |
+----------------------+----------------+-----------+
