
=== EXPLAIN ANALYZE (Query 40, Iteration 0) ===
GlobalLimitExec: skip=100, fetch=10, metrics=[output_rows=10, elapsed_compute=13.22µs, output_bytes=2.1 KB, output_batches=1]
  SortPreservingMergeExec: [pageviews@2 DESC], fetch=110, metrics=[output_rows=110, elapsed_compute=13.52µs, output_bytes=2.1 KB, output_batches=1]
    SortExec: TopK(fetch=110), expr=[pageviews@2 DESC], preserve_partitioning=[true], filter=[pageviews@2 IS NULL OR pageviews@2 > 6], metrics=[output_rows=1.38 K, elapsed_compute=2.78ms, output_bytes=26.9 KB, output_batches=16, row_replacements=1.63 K]
      ProjectionExec: expr=[URLHash@0 as URLHash, hits.EventDate@1 as hits.EventDate, count(Int64(1))@2 as pageviews], metrics=[output_rows=41.19 K, elapsed_compute=53.76µs, output_bytes=1089.8 KB, output_batches=16, expr_0_eval_time=11.76µs, expr_1_eval_time=1.96µs, expr_2_eval_time=951ns]
        AggregateExec: mode=FinalPartitioned, gby=[URLHash@0 as URLHash, hits.EventDate@1 as hits.EventDate], aggr=[count(Int64(1))], metrics=[output_rows=41.19 K, elapsed_compute=29.62ms, output_bytes=1089.8 KB, output_batches=16, spill_count=0, spilled_bytes=0.0 B, spilled_rows=0, peak_mem_used=5.07 M, aggregate_arguments_time=24.97µs, aggregation_time=164.23µs, emitting_time=62.52µs, time_calculating_group_ids=28.77ms]
          RepartitionExec: partitioning=Hash([URLHash@0, hits.EventDate@1], 16), input_partitions=16, metrics=[output_rows=41.87 K, elapsed_compute=1.59ms, output_bytes=2.5 MB, output_batches=16, spill_count=0, spilled_bytes=0.0 B, spilled_rows=0, fetch_time=217.03ms, repartition_time=515.34µs, send_time=54.81µs]
            AggregateExec: mode=Partial, gby=[URLHash@1 as URLHash, CAST(CAST(EventDate@0 AS Int32) AS Date32) as hits.EventDate], aggr=[count(Int64(1))], metrics=[output_rows=41.87 K, elapsed_compute=3.65ms, output_bytes=5.8 MB, output_batches=6, spill_count=0, spilled_bytes=0.0 B, spilled_rows=0, skipped_aggregation_rows=0, peak_mem_used=2.57 M, aggregate_arguments_time=54.07µs, aggregation_time=325.77µs, emitting_time=18.30µs, time_calculating_group_ids=3.04ms, reduction_factor=47% (41.87 K/89.91 K)]
              DataSourceExec: file_groups={16 groups: [[home/ec2-user/liquid-cache/benchmark/clickbench/data/hits.parquet:0..923748528], [home/ec2-user/liquid-cache/benchmark/clickbench/data/hits.parquet:923748528..1847497056], [home/ec2-user/liquid-cache/benchmark/clickbench/data/hits.parquet:1847497056..2771245584], [home/ec2-user/liquid-cache/benchmark/clickbench/data/hits.parquet:2771245584..3694994112], [home/ec2-user/liquid-cache/benchmark/clickbench/data/hits.parquet:3694994112..4618742640], [home/ec2-user/liquid-cache/benchmark/clickbench/data/hits.parquet:4618742640..5542491168], [home/ec2-user/liquid-cache/benchmark/clickbench/data/hits.parquet:5542491168..6466239696], [home/ec2-user/liquid-cache/benchmark/clickbench/data/hits.parquet:6466239696..7389988224], [home/ec2-user/liquid-cache/benchmark/clickbench/data/hits.parquet:7389988224..8313736752], [home/ec2-user/liquid-cache/benchmark/clickbench/data/hits.parquet:8313736752..9237485280], [home/ec2-user/liquid-cache/benchmark/clickbench/data/hits.parquet:9237485280..10161233808], [home/ec2-user/liquid-cache/benchmark/clickbench/data/hits.parquet:10161233808..11084982336], [home/ec2-user/liquid-cache/benchmark/clickbench/data/hits.parquet:11084982336..12008730864], [home/ec2-user/liquid-cache/benchmark/clickbench/data/hits.parquet:12008730864..12932479392], [home/ec2-user/liquid-cache/benchmark/clickbench/data/hits.parquet:12932479392..13856227920], [home/ec2-user/liquid-cache/benchmark/clickbench/data/hits.parquet:13856227920..14779976446]]}, projection=[EventDate, URLHash], file_type=liquid_parquet, metrics=[output_rows=89.91 K, elapsed_compute=16ns, output_bytes=883.4 KB, output_batches=92, files_ranges_pruned_statistics=16 total → 16 matched, row_groups_pruned_statistics=226 total → 3 matched, row_groups_pruned_bloom_filter=0 total → 0 matched, page_index_pages_pruned=0 total → 0 matched, page_index_rows_pruned=0 total → 0 matched, limit_pruned_row_groups=0 total → 0 matched, batches_split=0, bytes_scanned=15.65 M, file_open_errors=0, file_scan_errors=0, num_predicate_creation_errors=0, predicate_evaluation_errors=0, pushdown_rows_matched=89.91 K, pushdown_rows_pruned=6.82 K, predicate_cache_inner_records=0, predicate_cache_records=0, bloom_filter_eval_time=185.21µs, metadata_load_time=154.97ms, page_index_eval_time=3.10µs, row_pushdown_eval_time=270.30µs, statistics_eval_time=726.98µs, time_elapsed_opening=184.76ms, time_elapsed_processing=67.76ms, time_elapsed_scanning_total=32.01ms, time_elapsed_scanning_until_data=8.52ms, scan_efficiency_ratio=N/A (0/0)]

Cache: entries=860, mem=24MB, disk=0MB
  Hits: cache_hit=184, eval_predicate=712
  Misses: cache_miss=172
  IO: read=0, write=0
  Squeeze: squeezed_success=0, squeezed_needs_io=0
Time: 45ms

+----------------------+----------------+-----------+
| URLHash              | hits.EventDate | pageviews |
+----------------------+----------------+-----------+
| 7199155066341437901  | 2013-07-15     | 27        |
| 1191678692164887503  | 2013-07-15     | 27        |
| 2512899255762264913  | 2013-07-15     | 26        |
| -8505838588544217213 | 2013-07-15     | 26        |
| -3611962581960090019 | 2013-07-15     | 25        |
| -6025761452198030778 | 2013-07-15     | 25        |
| -6048157399675510565 | 2013-07-15     | 25        |
| 6976198041684576969  | 2013-07-15     | 24        |
| 2033248414344857063  | 2013-07-15     | 24        |
| 5381918128490835791  | 2013-07-15     | 24        |
+----------------------+----------------+-----------+

=== EXPLAIN ANALYZE (Query 40, Iteration 1) ===
GlobalLimitExec: skip=100, fetch=10, metrics=[output_rows=10, elapsed_compute=10.29µs, output_bytes=2.1 KB, output_batches=1]
  SortPreservingMergeExec: [pageviews@2 DESC], fetch=110, metrics=[output_rows=110, elapsed_compute=13.86µs, output_bytes=2.1 KB, output_batches=1]
    SortExec: TopK(fetch=110), expr=[pageviews@2 DESC], preserve_partitioning=[true], filter=[pageviews@2 IS NULL OR pageviews@2 > 6], metrics=[output_rows=1.46 K, elapsed_compute=1.11ms, output_bytes=28.4 KB, output_batches=16, row_replacements=2.66 K]
      ProjectionExec: expr=[URLHash@0 as URLHash, hits.EventDate@1 as hits.EventDate, count(Int64(1))@2 as pageviews], metrics=[output_rows=41.19 K, elapsed_compute=26.96µs, output_bytes=1089.8 KB, output_batches=16, expr_0_eval_time=4.22µs, expr_1_eval_time=1.56µs, expr_2_eval_time=1.58µs]
        AggregateExec: mode=FinalPartitioned, gby=[URLHash@0 as URLHash, hits.EventDate@1 as hits.EventDate], aggr=[count(Int64(1))], metrics=[output_rows=41.19 K, elapsed_compute=2.21ms, output_bytes=1089.8 KB, output_batches=16, spill_count=0, spilled_bytes=0.0 B, spilled_rows=0, peak_mem_used=5.07 M, aggregate_arguments_time=12.63µs, aggregation_time=72.31µs, emitting_time=31.04µs, time_calculating_group_ids=1.99ms]
          RepartitionExec: partitioning=Hash([URLHash@0, hits.EventDate@1], 16), input_partitions=16, metrics=[output_rows=41.87 K, elapsed_compute=249.92µs, output_bytes=2.5 MB, output_batches=16, spill_count=0, spilled_bytes=0.0 B, spilled_rows=0, fetch_time=28.18ms, repartition_time=450.52µs, send_time=54.59µs]
            AggregateExec: mode=Partial, gby=[URLHash@1 as URLHash, CAST(CAST(EventDate@0 AS Int32) AS Date32) as hits.EventDate], aggr=[count(Int64(1))], metrics=[output_rows=41.87 K, elapsed_compute=3.43ms, output_bytes=5.8 MB, output_batches=6, spill_count=0, spilled_bytes=0.0 B, spilled_rows=0, skipped_aggregation_rows=0, peak_mem_used=2.57 M, aggregate_arguments_time=55.65µs, aggregation_time=260.06µs, emitting_time=5.93µs, time_calculating_group_ids=2.92ms, reduction_factor=47% (41.87 K/89.91 K)]
              DataSourceExec: file_groups={16 groups: [[home/ec2-user/liquid-cache/benchmark/clickbench/data/hits.parquet:0..923748528], [home/ec2-user/liquid-cache/benchmark/clickbench/data/hits.parquet:923748528..1847497056], [home/ec2-user/liquid-cache/benchmark/clickbench/data/hits.parquet:1847497056..2771245584], [home/ec2-user/liquid-cache/benchmark/clickbench/data/hits.parquet:2771245584..3694994112], [home/ec2-user/liquid-cache/benchmark/clickbench/data/hits.parquet:3694994112..4618742640], [home/ec2-user/liquid-cache/benchmark/clickbench/data/hits.parquet:4618742640..5542491168], [home/ec2-user/liquid-cache/benchmark/clickbench/data/hits.parquet:5542491168..6466239696], [home/ec2-user/liquid-cache/benchmark/clickbench/data/hits.parquet:6466239696..7389988224], [home/ec2-user/liquid-cache/benchmark/clickbench/data/hits.parquet:7389988224..8313736752], [home/ec2-user/liquid-cache/benchmark/clickbench/data/hits.parquet:8313736752..9237485280], [home/ec2-user/liquid-cache/benchmark/clickbench/data/hits.parquet:9237485280..10161233808], [home/ec2-user/liquid-cache/benchmark/clickbench/data/hits.parquet:10161233808..11084982336], [home/ec2-user/liquid-cache/benchmark/clickbench/data/hits.parquet:11084982336..12008730864], [home/ec2-user/liquid-cache/benchmark/clickbench/data/hits.parquet:12008730864..12932479392], [home/ec2-user/liquid-cache/benchmark/clickbench/data/hits.parquet:12932479392..13856227920], [home/ec2-user/liquid-cache/benchmark/clickbench/data/hits.parquet:13856227920..14779976446]]}, projection=[EventDate, URLHash], file_type=liquid_parquet, metrics=[output_rows=89.91 K, elapsed_compute=16ns, output_bytes=883.4 KB, output_batches=92, files_ranges_pruned_statistics=16 total → 16 matched, row_groups_pruned_statistics=226 total → 3 matched, row_groups_pruned_bloom_filter=0 total → 0 matched, page_index_pages_pruned=0 total → 0 matched, page_index_rows_pruned=0 total → 0 matched, limit_pruned_row_groups=0 total → 0 matched, batches_split=0, bytes_scanned=15.65 M, file_open_errors=0, file_scan_errors=0, num_predicate_creation_errors=0, predicate_evaluation_errors=0, pushdown_rows_matched=89.91 K, pushdown_rows_pruned=6.82 K, predicate_cache_inner_records=0, predicate_cache_records=0, bloom_filter_eval_time=177.03µs, metadata_load_time=3.54ms, page_index_eval_time=2.89µs, row_pushdown_eval_time=251.41µs, statistics_eval_time=667.45µs, time_elapsed_opening=7.75ms, time_elapsed_processing=21.94ms, time_elapsed_scanning_total=20.28ms, time_elapsed_scanning_until_data=4.92ms, scan_efficiency_ratio=N/A (0/0)]

Cache: entries=860, mem=24MB, disk=0MB
  Hits: cache_hit=184, eval_predicate=540
  Misses: cache_miss=0
  IO: read=0, write=0
  Squeeze: squeezed_success=0, squeezed_needs_io=0
Time: 20ms

+----------------------+----------------+-----------+
| URLHash              | hits.EventDate | pageviews |
+----------------------+----------------+-----------+
| 7199155066341437901  | 2013-07-15     | 27        |
| 1191678692164887503  | 2013-07-15     | 27        |
| 2512899255762264913  | 2013-07-15     | 26        |
| -8505838588544217213 | 2013-07-15     | 26        |
| -3611962581960090019 | 2013-07-15     | 25        |
| -6025761452198030778 | 2013-07-15     | 25        |
| -6048157399675510565 | 2013-07-15     | 25        |
| 6976198041684576969  | 2013-07-15     | 24        |
| 2033248414344857063  | 2013-07-15     | 24        |
| 5381918128490835791  | 2013-07-15     | 24        |
+----------------------+----------------+-----------+

=== EXPLAIN ANALYZE (Query 40, Iteration 2) ===
GlobalLimitExec: skip=100, fetch=10, metrics=[output_rows=10, elapsed_compute=10.92µs, output_bytes=2.1 KB, output_batches=1]
  SortPreservingMergeExec: [pageviews@2 DESC], fetch=110, metrics=[output_rows=110, elapsed_compute=14.33µs, output_bytes=2.1 KB, output_batches=1]
    SortExec: TopK(fetch=110), expr=[pageviews@2 DESC], preserve_partitioning=[true], filter=[pageviews@2 IS NULL OR pageviews@2 > 6], metrics=[output_rows=1.40 K, elapsed_compute=1.01ms, output_bytes=27.4 KB, output_batches=16, row_replacements=2.10 K]
      ProjectionExec: expr=[URLHash@0 as URLHash, hits.EventDate@1 as hits.EventDate, count(Int64(1))@2 as pageviews], metrics=[output_rows=41.19 K, elapsed_compute=26.79µs, output_bytes=1089.8 KB, output_batches=16, expr_0_eval_time=4.05µs, expr_1_eval_time=1.17µs, expr_2_eval_time=1.71µs]
        AggregateExec: mode=FinalPartitioned, gby=[URLHash@0 as URLHash, hits.EventDate@1 as hits.EventDate], aggr=[count(Int64(1))], metrics=[output_rows=41.19 K, elapsed_compute=2.26ms, output_bytes=1089.8 KB, output_batches=16, spill_count=0, spilled_bytes=0.0 B, spilled_rows=0, peak_mem_used=5.07 M, aggregate_arguments_time=13.63µs, aggregation_time=76.38µs, emitting_time=32.35µs, time_calculating_group_ids=2.03ms]
          RepartitionExec: partitioning=Hash([URLHash@0, hits.EventDate@1], 16), input_partitions=16, metrics=[output_rows=41.87 K, elapsed_compute=247.83µs, output_bytes=2.5 MB, output_batches=16, spill_count=0, spilled_bytes=0.0 B, spilled_rows=0, fetch_time=28.52ms, repartition_time=452.33µs, send_time=55.16µs]
            AggregateExec: mode=Partial, gby=[URLHash@1 as URLHash, CAST(CAST(EventDate@0 AS Int32) AS Date32) as hits.EventDate], aggr=[count(Int64(1))], metrics=[output_rows=41.87 K, elapsed_compute=2.87ms, output_bytes=5.8 MB, output_batches=6, spill_count=0, spilled_bytes=0.0 B, spilled_rows=0, skipped_aggregation_rows=0, peak_mem_used=2.57 M, aggregate_arguments_time=61.86µs, aggregation_time=110.66µs, emitting_time=5.80µs, time_calculating_group_ids=2.49ms, reduction_factor=47% (41.87 K/89.91 K)]
              DataSourceExec: file_groups={16 groups: [[home/ec2-user/liquid-cache/benchmark/clickbench/data/hits.parquet:0..923748528], [home/ec2-user/liquid-cache/benchmark/clickbench/data/hits.parquet:923748528..1847497056], [home/ec2-user/liquid-cache/benchmark/clickbench/data/hits.parquet:1847497056..2771245584], [home/ec2-user/liquid-cache/benchmark/clickbench/data/hits.parquet:2771245584..3694994112], [home/ec2-user/liquid-cache/benchmark/clickbench/data/hits.parquet:3694994112..4618742640], [home/ec2-user/liquid-cache/benchmark/clickbench/data/hits.parquet:4618742640..5542491168], [home/ec2-user/liquid-cache/benchmark/clickbench/data/hits.parquet:5542491168..6466239696], [home/ec2-user/liquid-cache/benchmark/clickbench/data/hits.parquet:6466239696..7389988224], [home/ec2-user/liquid-cache/benchmark/clickbench/data/hits.parquet:7389988224..8313736752], [home/ec2-user/liquid-cache/benchmark/clickbench/data/hits.parquet:8313736752..9237485280], [home/ec2-user/liquid-cache/benchmark/clickbench/data/hits.parquet:9237485280..10161233808], [home/ec2-user/liquid-cache/benchmark/clickbench/data/hits.parquet:10161233808..11084982336], [home/ec2-user/liquid-cache/benchmark/clickbench/data/hits.parquet:11084982336..12008730864], [home/ec2-user/liquid-cache/benchmark/clickbench/data/hits.parquet:12008730864..12932479392], [home/ec2-user/liquid-cache/benchmark/clickbench/data/hits.parquet:12932479392..13856227920], [home/ec2-user/liquid-cache/benchmark/clickbench/data/hits.parquet:13856227920..14779976446]]}, projection=[EventDate, URLHash], file_type=liquid_parquet, metrics=[output_rows=89.91 K, elapsed_compute=16ns, output_bytes=883.4 KB, output_batches=92, files_ranges_pruned_statistics=16 total → 16 matched, row_groups_pruned_statistics=226 total → 3 matched, row_groups_pruned_bloom_filter=0 total → 0 matched, page_index_pages_pruned=0 total → 0 matched, page_index_rows_pruned=0 total → 0 matched, limit_pruned_row_groups=0 total → 0 matched, batches_split=0, bytes_scanned=15.65 M, file_open_errors=0, file_scan_errors=0, num_predicate_creation_errors=0, predicate_evaluation_errors=0, pushdown_rows_matched=89.91 K, pushdown_rows_pruned=6.82 K, predicate_cache_inner_records=0, predicate_cache_records=0, bloom_filter_eval_time=232.67µs, metadata_load_time=3.56ms, page_index_eval_time=5.08µs, row_pushdown_eval_time=252.72µs, statistics_eval_time=764.67µs, time_elapsed_opening=8.59ms, time_elapsed_processing=22.97ms, time_elapsed_scanning_total=19.76ms, time_elapsed_scanning_until_data=4.94ms, scan_efficiency_ratio=N/A (0/0)]

Cache: entries=860, mem=24MB, disk=0MB
  Hits: cache_hit=184, eval_predicate=540
  Misses: cache_miss=0
  IO: read=0, write=0
  Squeeze: squeezed_success=0, squeezed_needs_io=0
Time: 20ms

+----------------------+----------------+-----------+
| URLHash              | hits.EventDate | pageviews |
+----------------------+----------------+-----------+
| 7199155066341437901  | 2013-07-15     | 27        |
| 1191678692164887503  | 2013-07-15     | 27        |
| 2512899255762264913  | 2013-07-15     | 26        |
| -8505838588544217213 | 2013-07-15     | 26        |
| -3611962581960090019 | 2013-07-15     | 25        |
| -6025761452198030778 | 2013-07-15     | 25        |
| -6048157399675510565 | 2013-07-15     | 25        |
| 6976198041684576969  | 2013-07-15     | 24        |
| 2033248414344857063  | 2013-07-15     | 24        |
| 5381918128490835791  | 2013-07-15     | 24        |
+----------------------+----------------+-----------+

=== EXPLAIN ANALYZE (Query 40, Iteration 3) ===
GlobalLimitExec: skip=100, fetch=10, metrics=[output_rows=10, elapsed_compute=10.49µs, output_bytes=2.1 KB, output_batches=1]
  SortPreservingMergeExec: [pageviews@2 DESC], fetch=110, metrics=[output_rows=110, elapsed_compute=14.67µs, output_bytes=2.1 KB, output_batches=1]
    SortExec: TopK(fetch=110), expr=[pageviews@2 DESC], preserve_partitioning=[true], filter=[pageviews@2 IS NULL OR pageviews@2 > 6], metrics=[output_rows=1.46 K, elapsed_compute=1.13ms, output_bytes=28.5 KB, output_batches=16, row_replacements=2.63 K]
      ProjectionExec: expr=[URLHash@0 as URLHash, hits.EventDate@1 as hits.EventDate, count(Int64(1))@2 as pageviews], metrics=[output_rows=41.19 K, elapsed_compute=27.13µs, output_bytes=1089.8 KB, output_batches=16, expr_0_eval_time=4.39µs, expr_1_eval_time=1.45µs, expr_2_eval_time=1.34µs]
        AggregateExec: mode=FinalPartitioned, gby=[URLHash@0 as URLHash, hits.EventDate@1 as hits.EventDate], aggr=[count(Int64(1))], metrics=[output_rows=41.19 K, elapsed_compute=2.24ms, output_bytes=1089.8 KB, output_batches=16, spill_count=0, spilled_bytes=0.0 B, spilled_rows=0, peak_mem_used=5.07 M, aggregate_arguments_time=12.51µs, aggregation_time=75.92µs, emitting_time=33.09µs, time_calculating_group_ids=2.01ms]
          RepartitionExec: partitioning=Hash([URLHash@0, hits.EventDate@1], 16), input_partitions=16, metrics=[output_rows=41.87 K, elapsed_compute=254.55µs, output_bytes=2.5 MB, output_batches=16, spill_count=0, spilled_bytes=0.0 B, spilled_rows=0, fetch_time=30.18ms, repartition_time=449.20µs, send_time=51.74µs]
            AggregateExec: mode=Partial, gby=[URLHash@1 as URLHash, CAST(CAST(EventDate@0 AS Int32) AS Date32) as hits.EventDate], aggr=[count(Int64(1))], metrics=[output_rows=41.87 K, elapsed_compute=3.67ms, output_bytes=5.8 MB, output_batches=6, spill_count=0, spilled_bytes=0.0 B, spilled_rows=0, skipped_aggregation_rows=0, peak_mem_used=2.57 M, aggregate_arguments_time=62.65µs, aggregation_time=422.11µs, emitting_time=6.67µs, time_calculating_group_ids=2.97ms, reduction_factor=47% (41.87 K/89.91 K)]
              DataSourceExec: file_groups={16 groups: [[home/ec2-user/liquid-cache/benchmark/clickbench/data/hits.parquet:0..923748528], [home/ec2-user/liquid-cache/benchmark/clickbench/data/hits.parquet:923748528..1847497056], [home/ec2-user/liquid-cache/benchmark/clickbench/data/hits.parquet:1847497056..2771245584], [home/ec2-user/liquid-cache/benchmark/clickbench/data/hits.parquet:2771245584..3694994112], [home/ec2-user/liquid-cache/benchmark/clickbench/data/hits.parquet:3694994112..4618742640], [home/ec2-user/liquid-cache/benchmark/clickbench/data/hits.parquet:4618742640..5542491168], [home/ec2-user/liquid-cache/benchmark/clickbench/data/hits.parquet:5542491168..6466239696], [home/ec2-user/liquid-cache/benchmark/clickbench/data/hits.parquet:6466239696..7389988224], [home/ec2-user/liquid-cache/benchmark/clickbench/data/hits.parquet:7389988224..8313736752], [home/ec2-user/liquid-cache/benchmark/clickbench/data/hits.parquet:8313736752..9237485280], [home/ec2-user/liquid-cache/benchmark/clickbench/data/hits.parquet:9237485280..10161233808], [home/ec2-user/liquid-cache/benchmark/clickbench/data/hits.parquet:10161233808..11084982336], [home/ec2-user/liquid-cache/benchmark/clickbench/data/hits.parquet:11084982336..12008730864], [home/ec2-user/liquid-cache/benchmark/clickbench/data/hits.parquet:12008730864..12932479392], [home/ec2-user/liquid-cache/benchmark/clickbench/data/hits.parquet:12932479392..13856227920], [home/ec2-user/liquid-cache/benchmark/clickbench/data/hits.parquet:13856227920..14779976446]]}, projection=[EventDate, URLHash], file_type=liquid_parquet, metrics=[output_rows=89.91 K, elapsed_compute=16ns, output_bytes=883.4 KB, output_batches=92, files_ranges_pruned_statistics=16 total → 16 matched, row_groups_pruned_statistics=226 total → 3 matched, row_groups_pruned_bloom_filter=0 total → 0 matched, page_index_pages_pruned=0 total → 0 matched, page_index_rows_pruned=0 total → 0 matched, limit_pruned_row_groups=0 total → 0 matched, batches_split=0, bytes_scanned=15.65 M, file_open_errors=0, file_scan_errors=0, num_predicate_creation_errors=0, predicate_evaluation_errors=0, pushdown_rows_matched=89.91 K, pushdown_rows_pruned=6.82 K, predicate_cache_inner_records=0, predicate_cache_records=0, bloom_filter_eval_time=247.90µs, metadata_load_time=3.72ms, page_index_eval_time=4.16µs, row_pushdown_eval_time=252.79µs, statistics_eval_time=772.73µs, time_elapsed_opening=8.71ms, time_elapsed_processing=23.68ms, time_elapsed_scanning_total=21.30ms, time_elapsed_scanning_until_data=5.26ms, scan_efficiency_ratio=N/A (0/0)]

Cache: entries=860, mem=24MB, disk=0MB
  Hits: cache_hit=184, eval_predicate=540
  Misses: cache_miss=0
  IO: read=0, write=0
  Squeeze: squeezed_success=0, squeezed_needs_io=0
Time: 21ms

+----------------------+----------------+-----------+
| URLHash              | hits.EventDate | pageviews |
+----------------------+----------------+-----------+
| 1191678692164887503  | 2013-07-15     | 27        |
| 7199155066341437901  | 2013-07-15     | 27        |
| 2512899255762264913  | 2013-07-15     | 26        |
| -8505838588544217213 | 2013-07-15     | 26        |
| -3611962581960090019 | 2013-07-15     | 25        |
| -6025761452198030778 | 2013-07-15     | 25        |
| -6048157399675510565 | 2013-07-15     | 25        |
| 6976198041684576969  | 2013-07-15     | 24        |
| 2033248414344857063  | 2013-07-15     | 24        |
| 5381918128490835791  | 2013-07-15     | 24        |
+----------------------+----------------+-----------+

=== EXPLAIN ANALYZE (Query 40, Iteration 4) ===
GlobalLimitExec: skip=100, fetch=10, metrics=[output_rows=10, elapsed_compute=9.18µs, output_bytes=2.1 KB, output_batches=1]
  SortPreservingMergeExec: [pageviews@2 DESC], fetch=110, metrics=[output_rows=110, elapsed_compute=14.27µs, output_bytes=2.1 KB, output_batches=1]
    SortExec: TopK(fetch=110), expr=[pageviews@2 DESC], preserve_partitioning=[true], filter=[pageviews@2 IS NULL OR pageviews@2 > 6], metrics=[output_rows=1.47 K, elapsed_compute=1.23ms, output_bytes=28.8 KB, output_batches=16, row_replacements=2.92 K]
      ProjectionExec: expr=[URLHash@0 as URLHash, hits.EventDate@1 as hits.EventDate, count(Int64(1))@2 as pageviews], metrics=[output_rows=41.19 K, elapsed_compute=26.41µs, output_bytes=1089.8 KB, output_batches=16, expr_0_eval_time=4.82µs, expr_1_eval_time=1.33µs, expr_2_eval_time=1.27µs]
        AggregateExec: mode=FinalPartitioned, gby=[URLHash@0 as URLHash, hits.EventDate@1 as hits.EventDate], aggr=[count(Int64(1))], metrics=[output_rows=41.19 K, elapsed_compute=2.27ms, output_bytes=1089.8 KB, output_batches=16, spill_count=0, spilled_bytes=0.0 B, spilled_rows=0, peak_mem_used=5.07 M, aggregate_arguments_time=12.91µs, aggregation_time=74.03µs, emitting_time=34.91µs, time_calculating_group_ids=2.04ms]
          RepartitionExec: partitioning=Hash([URLHash@0, hits.EventDate@1], 16), input_partitions=16, metrics=[output_rows=41.87 K, elapsed_compute=270.08µs, output_bytes=2.5 MB, output_batches=16, spill_count=0, spilled_bytes=0.0 B, spilled_rows=0, fetch_time=31.50ms, repartition_time=485.85µs, send_time=56.98µs]
            AggregateExec: mode=Partial, gby=[URLHash@1 as URLHash, CAST(CAST(EventDate@0 AS Int32) AS Date32) as hits.EventDate], aggr=[count(Int64(1))], metrics=[output_rows=41.87 K, elapsed_compute=3.12ms, output_bytes=5.8 MB, output_batches=6, spill_count=0, spilled_bytes=0.0 B, spilled_rows=0, skipped_aggregation_rows=0, peak_mem_used=2.57 M, aggregate_arguments_time=66.92µs, aggregation_time=127.27µs, emitting_time=6.15µs, time_calculating_group_ids=2.70ms, reduction_factor=47% (41.87 K/89.91 K)]
              DataSourceExec: file_groups={16 groups: [[home/ec2-user/liquid-cache/benchmark/clickbench/data/hits.parquet:0..923748528], [home/ec2-user/liquid-cache/benchmark/clickbench/data/hits.parquet:923748528..1847497056], [home/ec2-user/liquid-cache/benchmark/clickbench/data/hits.parquet:1847497056..2771245584], [home/ec2-user/liquid-cache/benchmark/clickbench/data/hits.parquet:2771245584..3694994112], [home/ec2-user/liquid-cache/benchmark/clickbench/data/hits.parquet:3694994112..4618742640], [home/ec2-user/liquid-cache/benchmark/clickbench/data/hits.parquet:4618742640..5542491168], [home/ec2-user/liquid-cache/benchmark/clickbench/data/hits.parquet:5542491168..6466239696], [home/ec2-user/liquid-cache/benchmark/clickbench/data/hits.parquet:6466239696..7389988224], [home/ec2-user/liquid-cache/benchmark/clickbench/data/hits.parquet:7389988224..8313736752], [home/ec2-user/liquid-cache/benchmark/clickbench/data/hits.parquet:8313736752..9237485280], [home/ec2-user/liquid-cache/benchmark/clickbench/data/hits.parquet:9237485280..10161233808], [home/ec2-user/liquid-cache/benchmark/clickbench/data/hits.parquet:10161233808..11084982336], [home/ec2-user/liquid-cache/benchmark/clickbench/data/hits.parquet:11084982336..12008730864], [home/ec2-user/liquid-cache/benchmark/clickbench/data/hits.parquet:12008730864..12932479392], [home/ec2-user/liquid-cache/benchmark/clickbench/data/hits.parquet:12932479392..13856227920], [home/ec2-user/liquid-cache/benchmark/clickbench/data/hits.parquet:13856227920..14779976446]]}, projection=[EventDate, URLHash], file_type=liquid_parquet, metrics=[output_rows=89.91 K, elapsed_compute=16ns, output_bytes=883.4 KB, output_batches=92, files_ranges_pruned_statistics=16 total → 16 matched, row_groups_pruned_statistics=226 total → 3 matched, row_groups_pruned_bloom_filter=0 total → 0 matched, page_index_pages_pruned=0 total → 0 matched, page_index_rows_pruned=0 total → 0 matched, limit_pruned_row_groups=0 total → 0 matched, batches_split=0, bytes_scanned=15.65 M, file_open_errors=0, file_scan_errors=0, num_predicate_creation_errors=0, predicate_evaluation_errors=0, pushdown_rows_matched=89.91 K, pushdown_rows_pruned=6.82 K, predicate_cache_inner_records=0, predicate_cache_records=0, bloom_filter_eval_time=246.40µs, metadata_load_time=4.02ms, page_index_eval_time=3.52µs, row_pushdown_eval_time=292.37µs, statistics_eval_time=882.55µs, time_elapsed_opening=9.34ms, time_elapsed_processing=25.62ms, time_elapsed_scanning_total=21.90ms, time_elapsed_scanning_until_data=5.40ms, scan_efficiency_ratio=N/A (0/0)]

Cache: entries=860, mem=24MB, disk=0MB
  Hits: cache_hit=184, eval_predicate=540
  Misses: cache_miss=0
  IO: read=0, write=0
  Squeeze: squeezed_success=0, squeezed_needs_io=0
Time: 21ms

+----------------------+----------------+-----------+
| URLHash              | hits.EventDate | pageviews |
+----------------------+----------------+-----------+
| 1191678692164887503  | 2013-07-15     | 27        |
| 7199155066341437901  | 2013-07-15     | 27        |
| 2512899255762264913  | 2013-07-15     | 26        |
| -8505838588544217213 | 2013-07-15     | 26        |
| -3611962581960090019 | 2013-07-15     | 25        |
| -6025761452198030778 | 2013-07-15     | 25        |
| -6048157399675510565 | 2013-07-15     | 25        |
| 5381918128490835791  | 2013-07-15     | 24        |
| 2033248414344857063  | 2013-07-15     | 24        |
| 6976198041684576969  | 2013-07-15     | 24        |
+----------------------+----------------+-----------+
