
=== EXPLAIN ANALYZE (Query 7, Iteration 0) ===
ProjectionExec: expr=[AdvEngineID@0 as AdvEngineID, count(*)@1 as count(*)], metrics=[output_rows=18, elapsed_compute=1.26µs, output_bytes=180.0 B, output_batches=1, expr_0_eval_time=290ns, expr_1_eval_time=150ns]
  SortPreservingMergeExec: [count(Int64(1))@2 DESC], metrics=[output_rows=18, elapsed_compute=28.91µs, output_bytes=324.0 B, output_batches=1]
    SortExec: expr=[count(*)@1 DESC], preserve_partitioning=[true], metrics=[output_rows=18, elapsed_compute=18.57µs, output_bytes=0.0 B, output_batches=0, spill_count=0, spilled_bytes=0.0 B, spilled_rows=0]
      ProjectionExec: expr=[AdvEngineID@0 as AdvEngineID, count(Int64(1))@1 as count(*), count(Int64(1))@1 as count(Int64(1))], metrics=[output_rows=18, elapsed_compute=10.36µs, output_bytes=2.8 KB, output_batches=10, expr_0_eval_time=1.49µs, expr_1_eval_time=616ns, expr_2_eval_time=757ns]
        AggregateExec: mode=FinalPartitioned, gby=[AdvEngineID@0 as AdvEngineID], aggr=[count(Int64(1))], metrics=[output_rows=18, elapsed_compute=857.77µs, output_bytes=2.8 KB, output_batches=10, spill_count=0, spilled_bytes=0.0 B, spilled_rows=0, peak_mem_used=80.06 K, aggregate_arguments_time=5.50µs, aggregation_time=6.27µs, emitting_time=22.34µs, time_calculating_group_ids=10.61µs]
          RepartitionExec: partitioning=Hash([AdvEngineID@0], 16), input_partitions=16, metrics=[output_rows=164, elapsed_compute=3.14ms, output_bytes=800.0 KB, output_batches=10, spill_count=0, spilled_bytes=0.0 B, spilled_rows=0, fetch_time=753.16ms, repartition_time=271.66µs, send_time=162.74µs]
            AggregateExec: mode=Partial, gby=[AdvEngineID@0 as AdvEngineID], aggr=[count(Int64(1))], metrics=[output_rows=164, elapsed_compute=23.62ms, output_bytes=5.8 KB, output_batches=16, spill_count=0, spilled_bytes=0.0 B, spilled_rows=0, skipped_aggregation_rows=0, peak_mem_used=342.8 K, aggregate_arguments_time=7.72ms, aggregation_time=1.97ms, emitting_time=76.04µs, time_calculating_group_ids=8.24ms, reduction_factor=0.026% (164/630.5 K)]
              DataSourceExec: file_groups={16 groups: [[home/ec2-user/liquid-cache/benchmark/clickbench/data/hits.parquet:0..923748528], [home/ec2-user/liquid-cache/benchmark/clickbench/data/hits.parquet:923748528..1847497056], [home/ec2-user/liquid-cache/benchmark/clickbench/data/hits.parquet:1847497056..2771245584], [home/ec2-user/liquid-cache/benchmark/clickbench/data/hits.parquet:2771245584..3694994112], [home/ec2-user/liquid-cache/benchmark/clickbench/data/hits.parquet:3694994112..4618742640], [home/ec2-user/liquid-cache/benchmark/clickbench/data/hits.parquet:4618742640..5542491168], [home/ec2-user/liquid-cache/benchmark/clickbench/data/hits.parquet:5542491168..6466239696], [home/ec2-user/liquid-cache/benchmark/clickbench/data/hits.parquet:6466239696..7389988224], [home/ec2-user/liquid-cache/benchmark/clickbench/data/hits.parquet:7389988224..8313736752], [home/ec2-user/liquid-cache/benchmark/clickbench/data/hits.parquet:8313736752..9237485280], [home/ec2-user/liquid-cache/benchmark/clickbench/data/hits.parquet:9237485280..10161233808], [home/ec2-user/liquid-cache/benchmark/clickbench/data/hits.parquet:10161233808..11084982336], [home/ec2-user/liquid-cache/benchmark/clickbench/data/hits.parquet:11084982336..12008730864], [home/ec2-user/liquid-cache/benchmark/clickbench/data/hits.parquet:12008730864..12932479392], [home/ec2-user/liquid-cache/benchmark/clickbench/data/hits.parquet:12932479392..13856227920], [home/ec2-user/liquid-cache/benchmark/clickbench/data/hits.parquet:13856227920..14779976446]]}, projection=[AdvEngineID], file_type=liquid_parquet, metrics=[output_rows=630.5 K, elapsed_compute=16ns, output_bytes=1469.4 KB, output_batches=5.87 K, files_ranges_pruned_statistics=16 total → 16 matched, row_groups_pruned_statistics=226 total → 212 matched, row_groups_pruned_bloom_filter=0 total → 0 matched, page_index_pages_pruned=0 total → 0 matched, page_index_rows_pruned=0 total → 0 matched, limit_pruned_row_groups=0 total → 0 matched, batches_split=0, bytes_scanned=941.5 K, file_open_errors=0, file_scan_errors=0, num_predicate_creation_errors=0, predicate_evaluation_errors=0, pushdown_rows_matched=0, pushdown_rows_pruned=0, predicate_cache_inner_records=0, predicate_cache_records=0, bloom_filter_eval_time=2.11ms, metadata_load_time=154.68ms, page_index_eval_time=2.40µs, row_pushdown_eval_time=32ns, statistics_eval_time=488.03µs, time_elapsed_opening=177.86ms, time_elapsed_processing=512.61ms, time_elapsed_scanning_total=574.63ms, time_elapsed_scanning_until_data=52.66ms, scan_efficiency_ratio=N/A (0/0)]

Cache: entries=11540, mem=181MB, disk=0MB
  Hits: cache_hit=5868, eval_predicate=23080
  Misses: cache_miss=11540
  IO: read=0, write=0
  Squeeze: squeezed_success=0, squeezed_needs_io=0
Time: 61ms

+-------------+----------+
| AdvEngineID | count(*) |
+-------------+----------+
| 2           | 404602   |
| 27          | 113167   |
| 13          | 45631    |
| 45          | 38960    |
| 44          | 9730     |
| 3           | 6896     |
| 62          | 5266     |
| 52          | 3554     |
| 50          | 938      |
| 28          | 836      |
| 53          | 350      |
| 25          | 343      |
| 61          | 158      |
| 21          | 38       |
| 42          | 20       |
| 16          | 7        |
| 7           | 3        |
| 22          | 1        |
+-------------+----------+

=== EXPLAIN ANALYZE (Query 7, Iteration 1) ===
ProjectionExec: expr=[AdvEngineID@0 as AdvEngineID, count(*)@1 as count(*)], metrics=[output_rows=18, elapsed_compute=1.25µs, output_bytes=180.0 B, output_batches=1, expr_0_eval_time=350ns, expr_1_eval_time=150ns]
  SortPreservingMergeExec: [count(Int64(1))@2 DESC], metrics=[output_rows=18, elapsed_compute=11.21µs, output_bytes=324.0 B, output_batches=1]
    SortExec: expr=[count(*)@1 DESC], preserve_partitioning=[true], metrics=[output_rows=18, elapsed_compute=17.28µs, output_bytes=0.0 B, output_batches=0, spill_count=0, spilled_bytes=0.0 B, spilled_rows=0]
      ProjectionExec: expr=[AdvEngineID@0 as AdvEngineID, count(Int64(1))@1 as count(*), count(Int64(1))@1 as count(Int64(1))], metrics=[output_rows=18, elapsed_compute=10.46µs, output_bytes=2.8 KB, output_batches=10, expr_0_eval_time=1.68µs, expr_1_eval_time=777ns, expr_2_eval_time=766ns]
        AggregateExec: mode=FinalPartitioned, gby=[AdvEngineID@0 as AdvEngineID], aggr=[count(Int64(1))], metrics=[output_rows=18, elapsed_compute=83.00µs, output_bytes=2.8 KB, output_batches=10, spill_count=0, spilled_bytes=0.0 B, spilled_rows=0, peak_mem_used=80.06 K, aggregate_arguments_time=5.75µs, aggregation_time=5.04µs, emitting_time=8.41µs, time_calculating_group_ids=8.48µs]
          RepartitionExec: partitioning=Hash([AdvEngineID@0], 16), input_partitions=16, metrics=[output_rows=164, elapsed_compute=146.06µs, output_bytes=800.0 KB, output_batches=10, spill_count=0, spilled_bytes=0.0 B, spilled_rows=0, fetch_time=151.75ms, repartition_time=115.68µs, send_time=145.83µs]
            AggregateExec: mode=Partial, gby=[AdvEngineID@0 as AdvEngineID], aggr=[count(Int64(1))], metrics=[output_rows=164, elapsed_compute=12.51ms, output_bytes=5.8 KB, output_batches=16, spill_count=0, spilled_bytes=0.0 B, spilled_rows=0, skipped_aggregation_rows=0, peak_mem_used=342.8 K, aggregate_arguments_time=2.28ms, aggregation_time=1.43ms, emitting_time=21.67µs, time_calculating_group_ids=5.24ms, reduction_factor=0.026% (164/630.5 K)]
              DataSourceExec: file_groups={16 groups: [[home/ec2-user/liquid-cache/benchmark/clickbench/data/hits.parquet:0..923748528], [home/ec2-user/liquid-cache/benchmark/clickbench/data/hits.parquet:923748528..1847497056], [home/ec2-user/liquid-cache/benchmark/clickbench/data/hits.parquet:1847497056..2771245584], [home/ec2-user/liquid-cache/benchmark/clickbench/data/hits.parquet:2771245584..3694994112], [home/ec2-user/liquid-cache/benchmark/clickbench/data/hits.parquet:3694994112..4618742640], [home/ec2-user/liquid-cache/benchmark/clickbench/data/hits.parquet:4618742640..5542491168], [home/ec2-user/liquid-cache/benchmark/clickbench/data/hits.parquet:5542491168..6466239696], [home/ec2-user/liquid-cache/benchmark/clickbench/data/hits.parquet:6466239696..7389988224], [home/ec2-user/liquid-cache/benchmark/clickbench/data/hits.parquet:7389988224..8313736752], [home/ec2-user/liquid-cache/benchmark/clickbench/data/hits.parquet:8313736752..9237485280], [home/ec2-user/liquid-cache/benchmark/clickbench/data/hits.parquet:9237485280..10161233808], [home/ec2-user/liquid-cache/benchmark/clickbench/data/hits.parquet:10161233808..11084982336], [home/ec2-user/liquid-cache/benchmark/clickbench/data/hits.parquet:11084982336..12008730864], [home/ec2-user/liquid-cache/benchmark/clickbench/data/hits.parquet:12008730864..12932479392], [home/ec2-user/liquid-cache/benchmark/clickbench/data/hits.parquet:12932479392..13856227920], [home/ec2-user/liquid-cache/benchmark/clickbench/data/hits.parquet:13856227920..14779976446]]}, projection=[AdvEngineID], file_type=liquid_parquet, metrics=[output_rows=630.5 K, elapsed_compute=16ns, output_bytes=1469.4 KB, output_batches=5.87 K, files_ranges_pruned_statistics=16 total → 16 matched, row_groups_pruned_statistics=226 total → 212 matched, row_groups_pruned_bloom_filter=0 total → 0 matched, page_index_pages_pruned=0 total → 0 matched, page_index_rows_pruned=0 total → 0 matched, limit_pruned_row_groups=0 total → 0 matched, batches_split=0, bytes_scanned=0, file_open_errors=0, file_scan_errors=0, num_predicate_creation_errors=0, predicate_evaluation_errors=0, pushdown_rows_matched=0, pushdown_rows_pruned=0, predicate_cache_inner_records=0, predicate_cache_records=0, bloom_filter_eval_time=2.07ms, metadata_load_time=2.71ms, page_index_eval_time=2.75µs, row_pushdown_eval_time=32ns, statistics_eval_time=343.95µs, time_elapsed_opening=6.94ms, time_elapsed_processing=136.23ms, time_elapsed_scanning_total=144.40ms, time_elapsed_scanning_until_data=1.84ms, scan_efficiency_ratio=N/A (0/0)]

Cache: entries=11540, mem=181MB, disk=0MB
  Hits: cache_hit=5868, eval_predicate=11540
  Misses: cache_miss=0
  IO: read=0, write=0
  Squeeze: squeezed_success=0, squeezed_needs_io=0
Time: 14ms

+-------------+----------+
| AdvEngineID | count(*) |
+-------------+----------+
| 2           | 404602   |
| 27          | 113167   |
| 13          | 45631    |
| 45          | 38960    |
| 44          | 9730     |
| 3           | 6896     |
| 62          | 5266     |
| 52          | 3554     |
| 50          | 938      |
| 28          | 836      |
| 53          | 350      |
| 25          | 343      |
| 61          | 158      |
| 21          | 38       |
| 42          | 20       |
| 16          | 7        |
| 7           | 3        |
| 22          | 1        |
+-------------+----------+

=== EXPLAIN ANALYZE (Query 7, Iteration 2) ===
ProjectionExec: expr=[AdvEngineID@0 as AdvEngineID, count(*)@1 as count(*)], metrics=[output_rows=18, elapsed_compute=940ns, output_bytes=180.0 B, output_batches=1, expr_0_eval_time=180ns, expr_1_eval_time=150ns]
  SortPreservingMergeExec: [count(Int64(1))@2 DESC], metrics=[output_rows=18, elapsed_compute=10.29µs, output_bytes=324.0 B, output_batches=1]
    SortExec: expr=[count(*)@1 DESC], preserve_partitioning=[true], metrics=[output_rows=18, elapsed_compute=14.78µs, output_bytes=0.0 B, output_batches=0, spill_count=0, spilled_bytes=0.0 B, spilled_rows=0]
      ProjectionExec: expr=[AdvEngineID@0 as AdvEngineID, count(Int64(1))@1 as count(*), count(Int64(1))@1 as count(Int64(1))], metrics=[output_rows=18, elapsed_compute=10.15µs, output_bytes=2.8 KB, output_batches=10, expr_0_eval_time=1.27µs, expr_1_eval_time=878ns, expr_2_eval_time=718ns]
        AggregateExec: mode=FinalPartitioned, gby=[AdvEngineID@0 as AdvEngineID], aggr=[count(Int64(1))], metrics=[output_rows=18, elapsed_compute=107.31µs, output_bytes=2.8 KB, output_batches=10, spill_count=0, spilled_bytes=0.0 B, spilled_rows=0, peak_mem_used=80.06 K, aggregate_arguments_time=5.27µs, aggregation_time=5.46µs, emitting_time=8.37µs, time_calculating_group_ids=9.19µs]
          RepartitionExec: partitioning=Hash([AdvEngineID@0], 16), input_partitions=16, metrics=[output_rows=164, elapsed_compute=149.95µs, output_bytes=800.0 KB, output_batches=10, spill_count=0, spilled_bytes=0.0 B, spilled_rows=0, fetch_time=148.09ms, repartition_time=112.28µs, send_time=109.28µs]
            AggregateExec: mode=Partial, gby=[AdvEngineID@0 as AdvEngineID], aggr=[count(Int64(1))], metrics=[output_rows=164, elapsed_compute=12.23ms, output_bytes=5.8 KB, output_batches=16, spill_count=0, spilled_bytes=0.0 B, spilled_rows=0, skipped_aggregation_rows=0, peak_mem_used=342.8 K, aggregate_arguments_time=2.13ms, aggregation_time=1.38ms, emitting_time=20.25µs, time_calculating_group_ids=5.10ms, reduction_factor=0.026% (164/630.5 K)]
              DataSourceExec: file_groups={16 groups: [[home/ec2-user/liquid-cache/benchmark/clickbench/data/hits.parquet:0..923748528], [home/ec2-user/liquid-cache/benchmark/clickbench/data/hits.parquet:923748528..1847497056], [home/ec2-user/liquid-cache/benchmark/clickbench/data/hits.parquet:1847497056..2771245584], [home/ec2-user/liquid-cache/benchmark/clickbench/data/hits.parquet:2771245584..3694994112], [home/ec2-user/liquid-cache/benchmark/clickbench/data/hits.parquet:3694994112..4618742640], [home/ec2-user/liquid-cache/benchmark/clickbench/data/hits.parquet:4618742640..5542491168], [home/ec2-user/liquid-cache/benchmark/clickbench/data/hits.parquet:5542491168..6466239696], [home/ec2-user/liquid-cache/benchmark/clickbench/data/hits.parquet:6466239696..7389988224], [home/ec2-user/liquid-cache/benchmark/clickbench/data/hits.parquet:7389988224..8313736752], [home/ec2-user/liquid-cache/benchmark/clickbench/data/hits.parquet:8313736752..9237485280], [home/ec2-user/liquid-cache/benchmark/clickbench/data/hits.parquet:9237485280..10161233808], [home/ec2-user/liquid-cache/benchmark/clickbench/data/hits.parquet:10161233808..11084982336], [home/ec2-user/liquid-cache/benchmark/clickbench/data/hits.parquet:11084982336..12008730864], [home/ec2-user/liquid-cache/benchmark/clickbench/data/hits.parquet:12008730864..12932479392], [home/ec2-user/liquid-cache/benchmark/clickbench/data/hits.parquet:12932479392..13856227920], [home/ec2-user/liquid-cache/benchmark/clickbench/data/hits.parquet:13856227920..14779976446]]}, projection=[AdvEngineID], file_type=liquid_parquet, metrics=[output_rows=630.5 K, elapsed_compute=16ns, output_bytes=1469.4 KB, output_batches=5.87 K, files_ranges_pruned_statistics=16 total → 16 matched, row_groups_pruned_statistics=226 total → 212 matched, row_groups_pruned_bloom_filter=0 total → 0 matched, page_index_pages_pruned=0 total → 0 matched, page_index_rows_pruned=0 total → 0 matched, limit_pruned_row_groups=0 total → 0 matched, batches_split=0, bytes_scanned=0, file_open_errors=0, file_scan_errors=0, num_predicate_creation_errors=0, predicate_evaluation_errors=0, pushdown_rows_matched=0, pushdown_rows_pruned=0, predicate_cache_inner_records=0, predicate_cache_records=0, bloom_filter_eval_time=2.03ms, metadata_load_time=1.88ms, page_index_eval_time=3.73µs, row_pushdown_eval_time=32ns, statistics_eval_time=318.07µs, time_elapsed_opening=5.79ms, time_elapsed_processing=132.82ms, time_elapsed_scanning_total=141.86ms, time_elapsed_scanning_until_data=1.67ms, scan_efficiency_ratio=N/A (0/0)]

Cache: entries=11540, mem=181MB, disk=0MB
  Hits: cache_hit=5868, eval_predicate=11540
  Misses: cache_miss=0
  IO: read=0, write=0
  Squeeze: squeezed_success=0, squeezed_needs_io=0
Time: 13ms

+-------------+----------+
| AdvEngineID | count(*) |
+-------------+----------+
| 2           | 404602   |
| 27          | 113167   |
| 13          | 45631    |
| 45          | 38960    |
| 44          | 9730     |
| 3           | 6896     |
| 62          | 5266     |
| 52          | 3554     |
| 50          | 938      |
| 28          | 836      |
| 53          | 350      |
| 25          | 343      |
| 61          | 158      |
| 21          | 38       |
| 42          | 20       |
| 16          | 7        |
| 7           | 3        |
| 22          | 1        |
+-------------+----------+

=== EXPLAIN ANALYZE (Query 7, Iteration 3) ===
ProjectionExec: expr=[AdvEngineID@0 as AdvEngineID, count(*)@1 as count(*)], metrics=[output_rows=18, elapsed_compute=1.00µs, output_bytes=180.0 B, output_batches=1, expr_0_eval_time=270ns, expr_1_eval_time=50ns]
  SortPreservingMergeExec: [count(Int64(1))@2 DESC], metrics=[output_rows=18, elapsed_compute=10.92µs, output_bytes=324.0 B, output_batches=1]
    SortExec: expr=[count(*)@1 DESC], preserve_partitioning=[true], metrics=[output_rows=18, elapsed_compute=18.09µs, output_bytes=0.0 B, output_batches=0, spill_count=0, spilled_bytes=0.0 B, spilled_rows=0]
      ProjectionExec: expr=[AdvEngineID@0 as AdvEngineID, count(Int64(1))@1 as count(*), count(Int64(1))@1 as count(Int64(1))], metrics=[output_rows=18, elapsed_compute=10.35µs, output_bytes=2.8 KB, output_batches=10, expr_0_eval_time=1.45µs, expr_1_eval_time=717ns, expr_2_eval_time=625ns]
        AggregateExec: mode=FinalPartitioned, gby=[AdvEngineID@0 as AdvEngineID], aggr=[count(Int64(1))], metrics=[output_rows=18, elapsed_compute=96.26µs, output_bytes=2.8 KB, output_batches=10, spill_count=0, spilled_bytes=0.0 B, spilled_rows=0, peak_mem_used=80.06 K, aggregate_arguments_time=4.99µs, aggregation_time=5.36µs, emitting_time=8.86µs, time_calculating_group_ids=9.15µs]
          RepartitionExec: partitioning=Hash([AdvEngineID@0], 16), input_partitions=16, metrics=[output_rows=164, elapsed_compute=137.47µs, output_bytes=800.0 KB, output_batches=10, spill_count=0, spilled_bytes=0.0 B, spilled_rows=0, fetch_time=147.63ms, repartition_time=114.64µs, send_time=117.65µs]
            AggregateExec: mode=Partial, gby=[AdvEngineID@0 as AdvEngineID], aggr=[count(Int64(1))], metrics=[output_rows=164, elapsed_compute=12.25ms, output_bytes=5.8 KB, output_batches=16, spill_count=0, spilled_bytes=0.0 B, spilled_rows=0, skipped_aggregation_rows=0, peak_mem_used=342.8 K, aggregate_arguments_time=2.09ms, aggregation_time=1.38ms, emitting_time=21.83µs, time_calculating_group_ids=5.18ms, reduction_factor=0.026% (164/630.5 K)]
              DataSourceExec: file_groups={16 groups: [[home/ec2-user/liquid-cache/benchmark/clickbench/data/hits.parquet:0..923748528], [home/ec2-user/liquid-cache/benchmark/clickbench/data/hits.parquet:923748528..1847497056], [home/ec2-user/liquid-cache/benchmark/clickbench/data/hits.parquet:1847497056..2771245584], [home/ec2-user/liquid-cache/benchmark/clickbench/data/hits.parquet:2771245584..3694994112], [home/ec2-user/liquid-cache/benchmark/clickbench/data/hits.parquet:3694994112..4618742640], [home/ec2-user/liquid-cache/benchmark/clickbench/data/hits.parquet:4618742640..5542491168], [home/ec2-user/liquid-cache/benchmark/clickbench/data/hits.parquet:5542491168..6466239696], [home/ec2-user/liquid-cache/benchmark/clickbench/data/hits.parquet:6466239696..7389988224], [home/ec2-user/liquid-cache/benchmark/clickbench/data/hits.parquet:7389988224..8313736752], [home/ec2-user/liquid-cache/benchmark/clickbench/data/hits.parquet:8313736752..9237485280], [home/ec2-user/liquid-cache/benchmark/clickbench/data/hits.parquet:9237485280..10161233808], [home/ec2-user/liquid-cache/benchmark/clickbench/data/hits.parquet:10161233808..11084982336], [home/ec2-user/liquid-cache/benchmark/clickbench/data/hits.parquet:11084982336..12008730864], [home/ec2-user/liquid-cache/benchmark/clickbench/data/hits.parquet:12008730864..12932479392], [home/ec2-user/liquid-cache/benchmark/clickbench/data/hits.parquet:12932479392..13856227920], [home/ec2-user/liquid-cache/benchmark/clickbench/data/hits.parquet:13856227920..14779976446]]}, projection=[AdvEngineID], file_type=liquid_parquet, metrics=[output_rows=630.5 K, elapsed_compute=16ns, output_bytes=1469.4 KB, output_batches=5.87 K, files_ranges_pruned_statistics=16 total → 16 matched, row_groups_pruned_statistics=226 total → 212 matched, row_groups_pruned_bloom_filter=0 total → 0 matched, page_index_pages_pruned=0 total → 0 matched, page_index_rows_pruned=0 total → 0 matched, limit_pruned_row_groups=0 total → 0 matched, batches_split=0, bytes_scanned=0, file_open_errors=0, file_scan_errors=0, num_predicate_creation_errors=0, predicate_evaluation_errors=0, pushdown_rows_matched=0, pushdown_rows_pruned=0, predicate_cache_inner_records=0, predicate_cache_records=0, bloom_filter_eval_time=1.98ms, metadata_load_time=1.77ms, page_index_eval_time=2.97µs, row_pushdown_eval_time=32ns, statistics_eval_time=322.92µs, time_elapsed_opening=5.69ms, time_elapsed_processing=132.41ms, time_elapsed_scanning_total=141.50ms, time_elapsed_scanning_until_data=1.67ms, scan_efficiency_ratio=N/A (0/0)]

Cache: entries=11540, mem=181MB, disk=0MB
  Hits: cache_hit=5868, eval_predicate=11540
  Misses: cache_miss=0
  IO: read=0, write=0
  Squeeze: squeezed_success=0, squeezed_needs_io=0
Time: 14ms

+-------------+----------+
| AdvEngineID | count(*) |
+-------------+----------+
| 2           | 404602   |
| 27          | 113167   |
| 13          | 45631    |
| 45          | 38960    |
| 44          | 9730     |
| 3           | 6896     |
| 62          | 5266     |
| 52          | 3554     |
| 50          | 938      |
| 28          | 836      |
| 53          | 350      |
| 25          | 343      |
| 61          | 158      |
| 21          | 38       |
| 42          | 20       |
| 16          | 7        |
| 7           | 3        |
| 22          | 1        |
+-------------+----------+

=== EXPLAIN ANALYZE (Query 7, Iteration 4) ===
ProjectionExec: expr=[AdvEngineID@0 as AdvEngineID, count(*)@1 as count(*)], metrics=[output_rows=18, elapsed_compute=1.10µs, output_bytes=180.0 B, output_batches=1, expr_0_eval_time=240ns, expr_1_eval_time=80ns]
  SortPreservingMergeExec: [count(Int64(1))@2 DESC], metrics=[output_rows=18, elapsed_compute=9.60µs, output_bytes=324.0 B, output_batches=1]
    SortExec: expr=[count(*)@1 DESC], preserve_partitioning=[true], metrics=[output_rows=18, elapsed_compute=17.02µs, output_bytes=0.0 B, output_batches=0, spill_count=0, spilled_bytes=0.0 B, spilled_rows=0]
      ProjectionExec: expr=[AdvEngineID@0 as AdvEngineID, count(Int64(1))@1 as count(*), count(Int64(1))@1 as count(Int64(1))], metrics=[output_rows=18, elapsed_compute=9.84µs, output_bytes=2.8 KB, output_batches=10, expr_0_eval_time=1.52µs, expr_1_eval_time=856ns, expr_2_eval_time=937ns]
        AggregateExec: mode=FinalPartitioned, gby=[AdvEngineID@0 as AdvEngineID], aggr=[count(Int64(1))], metrics=[output_rows=18, elapsed_compute=79.87µs, output_bytes=2.8 KB, output_batches=10, spill_count=0, spilled_bytes=0.0 B, spilled_rows=0, peak_mem_used=80.06 K, aggregate_arguments_time=4.81µs, aggregation_time=5.20µs, emitting_time=7.70µs, time_calculating_group_ids=8.51µs]
          RepartitionExec: partitioning=Hash([AdvEngineID@0], 16), input_partitions=16, metrics=[output_rows=164, elapsed_compute=145.65µs, output_bytes=800.0 KB, output_batches=10, spill_count=0, spilled_bytes=0.0 B, spilled_rows=0, fetch_time=152.52ms, repartition_time=114.61µs, send_time=145.60µs]
            AggregateExec: mode=Partial, gby=[AdvEngineID@0 as AdvEngineID], aggr=[count(Int64(1))], metrics=[output_rows=164, elapsed_compute=12.81ms, output_bytes=5.8 KB, output_batches=16, spill_count=0, spilled_bytes=0.0 B, spilled_rows=0, skipped_aggregation_rows=0, peak_mem_used=342.8 K, aggregate_arguments_time=2.22ms, aggregation_time=1.41ms, emitting_time=21.05µs, time_calculating_group_ids=5.47ms, reduction_factor=0.026% (164/630.5 K)]
              DataSourceExec: file_groups={16 groups: [[home/ec2-user/liquid-cache/benchmark/clickbench/data/hits.parquet:0..923748528], [home/ec2-user/liquid-cache/benchmark/clickbench/data/hits.parquet:923748528..1847497056], [home/ec2-user/liquid-cache/benchmark/clickbench/data/hits.parquet:1847497056..2771245584], [home/ec2-user/liquid-cache/benchmark/clickbench/data/hits.parquet:2771245584..3694994112], [home/ec2-user/liquid-cache/benchmark/clickbench/data/hits.parquet:3694994112..4618742640], [home/ec2-user/liquid-cache/benchmark/clickbench/data/hits.parquet:4618742640..5542491168], [home/ec2-user/liquid-cache/benchmark/clickbench/data/hits.parquet:5542491168..6466239696], [home/ec2-user/liquid-cache/benchmark/clickbench/data/hits.parquet:6466239696..7389988224], [home/ec2-user/liquid-cache/benchmark/clickbench/data/hits.parquet:7389988224..8313736752], [home/ec2-user/liquid-cache/benchmark/clickbench/data/hits.parquet:8313736752..9237485280], [home/ec2-user/liquid-cache/benchmark/clickbench/data/hits.parquet:9237485280..10161233808], [home/ec2-user/liquid-cache/benchmark/clickbench/data/hits.parquet:10161233808..11084982336], [home/ec2-user/liquid-cache/benchmark/clickbench/data/hits.parquet:11084982336..12008730864], [home/ec2-user/liquid-cache/benchmark/clickbench/data/hits.parquet:12008730864..12932479392], [home/ec2-user/liquid-cache/benchmark/clickbench/data/hits.parquet:12932479392..13856227920], [home/ec2-user/liquid-cache/benchmark/clickbench/data/hits.parquet:13856227920..14779976446]]}, projection=[AdvEngineID], file_type=liquid_parquet, metrics=[output_rows=630.5 K, elapsed_compute=16ns, output_bytes=1469.4 KB, output_batches=5.87 K, files_ranges_pruned_statistics=16 total → 16 matched, row_groups_pruned_statistics=226 total → 212 matched, row_groups_pruned_bloom_filter=0 total → 0 matched, page_index_pages_pruned=0 total → 0 matched, page_index_rows_pruned=0 total → 0 matched, limit_pruned_row_groups=0 total → 0 matched, batches_split=0, bytes_scanned=0, file_open_errors=0, file_scan_errors=0, num_predicate_creation_errors=0, predicate_evaluation_errors=0, pushdown_rows_matched=0, pushdown_rows_pruned=0, predicate_cache_inner_records=0, predicate_cache_records=0, bloom_filter_eval_time=1.96ms, metadata_load_time=1.83ms, page_index_eval_time=2.97µs, row_pushdown_eval_time=32ns, statistics_eval_time=269.59µs, time_elapsed_opening=8.18ms, time_elapsed_processing=136.54ms, time_elapsed_scanning_total=143.91ms, time_elapsed_scanning_until_data=1.66ms, scan_efficiency_ratio=N/A (0/0)]

Cache: entries=11540, mem=181MB, disk=0MB
  Hits: cache_hit=5868, eval_predicate=11540
  Misses: cache_miss=0
  IO: read=0, write=0
  Squeeze: squeezed_success=0, squeezed_needs_io=0
Time: 14ms

+-------------+----------+
| AdvEngineID | count(*) |
+-------------+----------+
| 2           | 404602   |
| 27          | 113167   |
| 13          | 45631    |
| 45          | 38960    |
| 44          | 9730     |
| 3           | 6896     |
| 62          | 5266     |
| 52          | 3554     |
| 50          | 938      |
| 28          | 836      |
| 53          | 350      |
| 25          | 343      |
| 61          | 158      |
| 21          | 38       |
| 42          | 20       |
| 16          | 7        |
| 7           | 3        |
| 22          | 1        |
+-------------+----------+
