
=== EXPLAIN ANALYZE (Query 7, Iteration 0) ===
ProjectionExec: expr=[AdvEngineID@0 as AdvEngineID, count(*)@1 as count(*)], metrics=[output_rows=18, elapsed_compute=1.24µs, output_bytes=180.0 B, output_batches=1, expr_0_eval_time=310ns, expr_1_eval_time=60ns]
  SortPreservingMergeExec: [count(Int64(1))@2 DESC], metrics=[output_rows=18, elapsed_compute=25.67µs, output_bytes=324.0 B, output_batches=1]
    SortExec: expr=[count(*)@1 DESC], preserve_partitioning=[true], metrics=[output_rows=18, elapsed_compute=17.78µs, output_bytes=0.0 B, output_batches=0, spill_count=0, spilled_bytes=0.0 B, spilled_rows=0]
      ProjectionExec: expr=[AdvEngineID@0 as AdvEngineID, count(Int64(1))@1 as count(*), count(Int64(1))@1 as count(Int64(1))], metrics=[output_rows=18, elapsed_compute=12.68µs, output_bytes=2.8 KB, output_batches=10, expr_0_eval_time=1.82µs, expr_1_eval_time=716ns, expr_2_eval_time=896ns]
        AggregateExec: mode=FinalPartitioned, gby=[AdvEngineID@0 as AdvEngineID], aggr=[count(Int64(1))], metrics=[output_rows=18, elapsed_compute=714.75µs, output_bytes=2.8 KB, output_batches=10, spill_count=0, spilled_bytes=0.0 B, spilled_rows=0, peak_mem_used=80.06 K, aggregate_arguments_time=6.90µs, aggregation_time=6.15µs, emitting_time=10.23µs, time_calculating_group_ids=12.05µs]
          RepartitionExec: partitioning=Hash([AdvEngineID@0], 16), input_partitions=16, metrics=[output_rows=164, elapsed_compute=1.93ms, output_bytes=800.0 KB, output_batches=10, spill_count=0, spilled_bytes=0.0 B, spilled_rows=0, fetch_time=125.04s, repartition_time=168.08µs, send_time=134.55µs]
            AggregateExec: mode=Partial, gby=[AdvEngineID@0 as AdvEngineID], aggr=[count(Int64(1))], metrics=[output_rows=164, elapsed_compute=17.81ms, output_bytes=5.8 KB, output_batches=16, spill_count=0, spilled_bytes=0.0 B, spilled_rows=0, skipped_aggregation_rows=0, peak_mem_used=342.8 K, aggregate_arguments_time=4.54ms, aggregation_time=1.97ms, emitting_time=42.71µs, time_calculating_group_ids=5.39ms, reduction_factor=0.026% (164/630.5 K)]
              DataSourceExec: file_groups={16 groups: [[home/ec2-user/liquid-cache/benchmark/clickbench/data/hits.parquet:0..923748528], [home/ec2-user/liquid-cache/benchmark/clickbench/data/hits.parquet:923748528..1847497056], [home/ec2-user/liquid-cache/benchmark/clickbench/data/hits.parquet:1847497056..2771245584], [home/ec2-user/liquid-cache/benchmark/clickbench/data/hits.parquet:2771245584..3694994112], [home/ec2-user/liquid-cache/benchmark/clickbench/data/hits.parquet:3694994112..4618742640], [home/ec2-user/liquid-cache/benchmark/clickbench/data/hits.parquet:4618742640..5542491168], [home/ec2-user/liquid-cache/benchmark/clickbench/data/hits.parquet:5542491168..6466239696], [home/ec2-user/liquid-cache/benchmark/clickbench/data/hits.parquet:6466239696..7389988224], [home/ec2-user/liquid-cache/benchmark/clickbench/data/hits.parquet:7389988224..8313736752], [home/ec2-user/liquid-cache/benchmark/clickbench/data/hits.parquet:8313736752..9237485280], [home/ec2-user/liquid-cache/benchmark/clickbench/data/hits.parquet:9237485280..10161233808], [home/ec2-user/liquid-cache/benchmark/clickbench/data/hits.parquet:10161233808..11084982336], [home/ec2-user/liquid-cache/benchmark/clickbench/data/hits.parquet:11084982336..12008730864], [home/ec2-user/liquid-cache/benchmark/clickbench/data/hits.parquet:12008730864..12932479392], [home/ec2-user/liquid-cache/benchmark/clickbench/data/hits.parquet:12932479392..13856227920], [home/ec2-user/liquid-cache/benchmark/clickbench/data/hits.parquet:13856227920..14779976446]]}, projection=[AdvEngineID], file_type=liquid_parquet, metrics=[output_rows=630.5 K, elapsed_compute=16ns, output_bytes=1469.4 KB, output_batches=5.87 K, files_ranges_pruned_statistics=16 total → 16 matched, row_groups_pruned_statistics=226 total → 212 matched, row_groups_pruned_bloom_filter=0 total → 0 matched, page_index_pages_pruned=0 total → 0 matched, page_index_rows_pruned=0 total → 0 matched, limit_pruned_row_groups=0 total → 0 matched, batches_split=0, bytes_scanned=941.5 K, file_open_errors=0, file_scan_errors=0, num_predicate_creation_errors=0, predicate_evaluation_errors=0, pushdown_rows_matched=0, pushdown_rows_pruned=0, predicate_cache_inner_records=0, predicate_cache_records=0, bloom_filter_eval_time=2.59ms, metadata_load_time=160.59ms, page_index_eval_time=3.06µs, row_pushdown_eval_time=32ns, statistics_eval_time=320.39µs, time_elapsed_opening=176.94ms, time_elapsed_processing=431.06ms, time_elapsed_scanning_total=124.86s, time_elapsed_scanning_until_data=75.06ms, scan_efficiency_ratio=N/A (0/0)]

Cache: entries=11540, mem=7MB, disk=17MB
  Hits: cache_hit=5868, eval_predicate=23080
  Misses: cache_miss=11540
  IO: read=0, write=7935
  Squeeze: squeezed_success=0, squeezed_needs_io=0
Time: 9331ms

+-------------+----------+
| AdvEngineID | count(*) |
+-------------+----------+
| 2           | 404602   |
| 27          | 113167   |
| 13          | 45631    |
| 45          | 38960    |
| 44          | 9730     |
| 3           | 6896     |
| 62          | 5266     |
| 52          | 3554     |
| 50          | 938      |
| 28          | 836      |
| 53          | 350      |
| 25          | 343      |
| 61          | 158      |
| 21          | 38       |
| 42          | 20       |
| 16          | 7        |
| 7           | 3        |
| 22          | 1        |
+-------------+----------+

=== EXPLAIN ANALYZE (Query 7, Iteration 1) ===
ProjectionExec: expr=[AdvEngineID@0 as AdvEngineID, count(*)@1 as count(*)], metrics=[output_rows=18, elapsed_compute=1.05µs, output_bytes=180.0 B, output_batches=1, expr_0_eval_time=170ns, expr_1_eval_time=130ns]
  SortPreservingMergeExec: [count(Int64(1))@2 DESC], metrics=[output_rows=18, elapsed_compute=11.03µs, output_bytes=324.0 B, output_batches=1]
    SortExec: expr=[count(*)@1 DESC], preserve_partitioning=[true], metrics=[output_rows=18, elapsed_compute=17.27µs, output_bytes=0.0 B, output_batches=0, spill_count=0, spilled_bytes=0.0 B, spilled_rows=0]
      ProjectionExec: expr=[AdvEngineID@0 as AdvEngineID, count(Int64(1))@1 as count(*), count(Int64(1))@1 as count(Int64(1))], metrics=[output_rows=18, elapsed_compute=11.69µs, output_bytes=2.8 KB, output_batches=10, expr_0_eval_time=1.58µs, expr_1_eval_time=899ns, expr_2_eval_time=814ns]
        AggregateExec: mode=FinalPartitioned, gby=[AdvEngineID@0 as AdvEngineID], aggr=[count(Int64(1))], metrics=[output_rows=18, elapsed_compute=89.05µs, output_bytes=2.8 KB, output_batches=10, spill_count=0, spilled_bytes=0.0 B, spilled_rows=0, peak_mem_used=80.06 K, aggregate_arguments_time=6.18µs, aggregation_time=5.93µs, emitting_time=9.59µs, time_calculating_group_ids=10.90µs]
          RepartitionExec: partitioning=Hash([AdvEngineID@0], 16), input_partitions=16, metrics=[output_rows=164, elapsed_compute=188.18µs, output_bytes=800.0 KB, output_batches=10, spill_count=0, spilled_bytes=0.0 B, spilled_rows=0, fetch_time=190.53s, repartition_time=141.21µs, send_time=116.75µs]
            AggregateExec: mode=Partial, gby=[AdvEngineID@0 as AdvEngineID], aggr=[count(Int64(1))], metrics=[output_rows=164, elapsed_compute=19.07ms, output_bytes=5.8 KB, output_batches=16, spill_count=0, spilled_bytes=0.0 B, spilled_rows=0, skipped_aggregation_rows=0, peak_mem_used=342.8 K, aggregate_arguments_time=4.82ms, aggregation_time=2.02ms, emitting_time=27.03µs, time_calculating_group_ids=5.52ms, reduction_factor=0.026% (164/630.5 K)]
              DataSourceExec: file_groups={16 groups: [[home/ec2-user/liquid-cache/benchmark/clickbench/data/hits.parquet:0..923748528], [home/ec2-user/liquid-cache/benchmark/clickbench/data/hits.parquet:923748528..1847497056], [home/ec2-user/liquid-cache/benchmark/clickbench/data/hits.parquet:1847497056..2771245584], [home/ec2-user/liquid-cache/benchmark/clickbench/data/hits.parquet:2771245584..3694994112], [home/ec2-user/liquid-cache/benchmark/clickbench/data/hits.parquet:3694994112..4618742640], [home/ec2-user/liquid-cache/benchmark/clickbench/data/hits.parquet:4618742640..5542491168], [home/ec2-user/liquid-cache/benchmark/clickbench/data/hits.parquet:5542491168..6466239696], [home/ec2-user/liquid-cache/benchmark/clickbench/data/hits.parquet:6466239696..7389988224], [home/ec2-user/liquid-cache/benchmark/clickbench/data/hits.parquet:7389988224..8313736752], [home/ec2-user/liquid-cache/benchmark/clickbench/data/hits.parquet:8313736752..9237485280], [home/ec2-user/liquid-cache/benchmark/clickbench/data/hits.parquet:9237485280..10161233808], [home/ec2-user/liquid-cache/benchmark/clickbench/data/hits.parquet:10161233808..11084982336], [home/ec2-user/liquid-cache/benchmark/clickbench/data/hits.parquet:11084982336..12008730864], [home/ec2-user/liquid-cache/benchmark/clickbench/data/hits.parquet:12008730864..12932479392], [home/ec2-user/liquid-cache/benchmark/clickbench/data/hits.parquet:12932479392..13856227920], [home/ec2-user/liquid-cache/benchmark/clickbench/data/hits.parquet:13856227920..14779976446]]}, projection=[AdvEngineID], file_type=liquid_parquet, metrics=[output_rows=630.5 K, elapsed_compute=16ns, output_bytes=1469.4 KB, output_batches=5.87 K, files_ranges_pruned_statistics=16 total → 16 matched, row_groups_pruned_statistics=226 total → 212 matched, row_groups_pruned_bloom_filter=0 total → 0 matched, page_index_pages_pruned=0 total → 0 matched, page_index_rows_pruned=0 total → 0 matched, limit_pruned_row_groups=0 total → 0 matched, batches_split=0, bytes_scanned=0, file_open_errors=0, file_scan_errors=0, num_predicate_creation_errors=0, predicate_evaluation_errors=0, pushdown_rows_matched=0, pushdown_rows_pruned=0, predicate_cache_inner_records=0, predicate_cache_records=0, bloom_filter_eval_time=2.03ms, metadata_load_time=2.32ms, page_index_eval_time=2.89µs, row_pushdown_eval_time=32ns, statistics_eval_time=294.59µs, time_elapsed_opening=6.77ms, time_elapsed_processing=266.83ms, time_elapsed_scanning_total=190.52s, time_elapsed_scanning_until_data=2.36s, scan_efficiency_ratio=N/A (0/0)]

Cache: entries=11540, mem=7MB, disk=43MB
  Hits: cache_hit=5868, eval_predicate=11540
  Misses: cache_miss=0
  IO: read=11540, write=11493
  Squeeze: squeezed_success=0, squeezed_needs_io=0
Time: 13555ms

+-------------+----------+
| AdvEngineID | count(*) |
+-------------+----------+
| 2           | 404602   |
| 27          | 113167   |
| 13          | 45631    |
| 45          | 38960    |
| 44          | 9730     |
| 3           | 6896     |
| 62          | 5266     |
| 52          | 3554     |
| 50          | 938      |
| 28          | 836      |
| 53          | 350      |
| 25          | 343      |
| 61          | 158      |
| 21          | 38       |
| 42          | 20       |
| 16          | 7        |
| 7           | 3        |
| 22          | 1        |
+-------------+----------+

=== EXPLAIN ANALYZE (Query 7, Iteration 2) ===
ProjectionExec: expr=[AdvEngineID@0 as AdvEngineID, count(*)@1 as count(*)], metrics=[output_rows=18, elapsed_compute=1.14µs, output_bytes=180.0 B, output_batches=1, expr_0_eval_time=300ns, expr_1_eval_time=80ns]
  SortPreservingMergeExec: [count(Int64(1))@2 DESC], metrics=[output_rows=18, elapsed_compute=11.04µs, output_bytes=324.0 B, output_batches=1]
    SortExec: expr=[count(*)@1 DESC], preserve_partitioning=[true], metrics=[output_rows=18, elapsed_compute=18.52µs, output_bytes=0.0 B, output_batches=0, spill_count=0, spilled_bytes=0.0 B, spilled_rows=0]
      ProjectionExec: expr=[AdvEngineID@0 as AdvEngineID, count(Int64(1))@1 as count(*), count(Int64(1))@1 as count(Int64(1))], metrics=[output_rows=18, elapsed_compute=10.63µs, output_bytes=2.8 KB, output_batches=10, expr_0_eval_time=1.24µs, expr_1_eval_time=987ns, expr_2_eval_time=1.02µs]
        AggregateExec: mode=FinalPartitioned, gby=[AdvEngineID@0 as AdvEngineID], aggr=[count(Int64(1))], metrics=[output_rows=18, elapsed_compute=88.89µs, output_bytes=2.8 KB, output_batches=10, spill_count=0, spilled_bytes=0.0 B, spilled_rows=0, peak_mem_used=80.06 K, aggregate_arguments_time=5.85µs, aggregation_time=5.28µs, emitting_time=8.13µs, time_calculating_group_ids=9.31µs]
          RepartitionExec: partitioning=Hash([AdvEngineID@0], 16), input_partitions=16, metrics=[output_rows=164, elapsed_compute=195.87µs, output_bytes=800.0 KB, output_batches=10, spill_count=0, spilled_bytes=0.0 B, spilled_rows=0, fetch_time=190.12s, repartition_time=141.08µs, send_time=128.02µs]
            AggregateExec: mode=Partial, gby=[AdvEngineID@0 as AdvEngineID], aggr=[count(Int64(1))], metrics=[output_rows=164, elapsed_compute=18.30ms, output_bytes=5.8 KB, output_batches=16, spill_count=0, spilled_bytes=0.0 B, spilled_rows=0, skipped_aggregation_rows=0, peak_mem_used=342.8 K, aggregate_arguments_time=4.39ms, aggregation_time=1.96ms, emitting_time=25.65µs, time_calculating_group_ids=4.98ms, reduction_factor=0.026% (164/630.5 K)]
              DataSourceExec: file_groups={16 groups: [[home/ec2-user/liquid-cache/benchmark/clickbench/data/hits.parquet:0..923748528], [home/ec2-user/liquid-cache/benchmark/clickbench/data/hits.parquet:923748528..1847497056], [home/ec2-user/liquid-cache/benchmark/clickbench/data/hits.parquet:1847497056..2771245584], [home/ec2-user/liquid-cache/benchmark/clickbench/data/hits.parquet:2771245584..3694994112], [home/ec2-user/liquid-cache/benchmark/clickbench/data/hits.parquet:3694994112..4618742640], [home/ec2-user/liquid-cache/benchmark/clickbench/data/hits.parquet:4618742640..5542491168], [home/ec2-user/liquid-cache/benchmark/clickbench/data/hits.parquet:5542491168..6466239696], [home/ec2-user/liquid-cache/benchmark/clickbench/data/hits.parquet:6466239696..7389988224], [home/ec2-user/liquid-cache/benchmark/clickbench/data/hits.parquet:7389988224..8313736752], [home/ec2-user/liquid-cache/benchmark/clickbench/data/hits.parquet:8313736752..9237485280], [home/ec2-user/liquid-cache/benchmark/clickbench/data/hits.parquet:9237485280..10161233808], [home/ec2-user/liquid-cache/benchmark/clickbench/data/hits.parquet:10161233808..11084982336], [home/ec2-user/liquid-cache/benchmark/clickbench/data/hits.parquet:11084982336..12008730864], [home/ec2-user/liquid-cache/benchmark/clickbench/data/hits.parquet:12008730864..12932479392], [home/ec2-user/liquid-cache/benchmark/clickbench/data/hits.parquet:12932479392..13856227920], [home/ec2-user/liquid-cache/benchmark/clickbench/data/hits.parquet:13856227920..14779976446]]}, projection=[AdvEngineID], file_type=liquid_parquet, metrics=[output_rows=630.5 K, elapsed_compute=16ns, output_bytes=1469.4 KB, output_batches=5.87 K, files_ranges_pruned_statistics=16 total → 16 matched, row_groups_pruned_statistics=226 total → 212 matched, row_groups_pruned_bloom_filter=0 total → 0 matched, page_index_pages_pruned=0 total → 0 matched, page_index_rows_pruned=0 total → 0 matched, limit_pruned_row_groups=0 total → 0 matched, batches_split=0, bytes_scanned=0, file_open_errors=0, file_scan_errors=0, num_predicate_creation_errors=0, predicate_evaluation_errors=0, pushdown_rows_matched=0, pushdown_rows_pruned=0, predicate_cache_inner_records=0, predicate_cache_records=0, bloom_filter_eval_time=2.07ms, metadata_load_time=2.45ms, page_index_eval_time=2.93µs, row_pushdown_eval_time=32ns, statistics_eval_time=381.70µs, time_elapsed_opening=6.78ms, time_elapsed_processing=272.96ms, time_elapsed_scanning_total=190.12s, time_elapsed_scanning_until_data=4.69s, scan_efficiency_ratio=N/A (0/0)]

Cache: entries=11540, mem=7MB, disk=69MB
  Hits: cache_hit=5868, eval_predicate=11540
  Misses: cache_miss=0
  IO: read=11540, write=11544
  Squeeze: squeezed_success=0, squeezed_needs_io=0
Time: 13494ms

+-------------+----------+
| AdvEngineID | count(*) |
+-------------+----------+
| 2           | 404602   |
| 27          | 113167   |
| 13          | 45631    |
| 45          | 38960    |
| 44          | 9730     |
| 3           | 6896     |
| 62          | 5266     |
| 52          | 3554     |
| 50          | 938      |
| 28          | 836      |
| 53          | 350      |
| 25          | 343      |
| 61          | 158      |
| 21          | 38       |
| 42          | 20       |
| 16          | 7        |
| 7           | 3        |
| 22          | 1        |
+-------------+----------+

=== EXPLAIN ANALYZE (Query 7, Iteration 3) ===
ProjectionExec: expr=[AdvEngineID@0 as AdvEngineID, count(*)@1 as count(*)], metrics=[output_rows=18, elapsed_compute=1.12µs, output_bytes=180.0 B, output_batches=1, expr_0_eval_time=230ns, expr_1_eval_time=150ns]
  SortPreservingMergeExec: [count(Int64(1))@2 DESC], metrics=[output_rows=18, elapsed_compute=11.09µs, output_bytes=324.0 B, output_batches=1]
    SortExec: expr=[count(*)@1 DESC], preserve_partitioning=[true], metrics=[output_rows=18, elapsed_compute=21.34µs, output_bytes=0.0 B, output_batches=0, spill_count=0, spilled_bytes=0.0 B, spilled_rows=0]
      ProjectionExec: expr=[AdvEngineID@0 as AdvEngineID, count(Int64(1))@1 as count(*), count(Int64(1))@1 as count(Int64(1))], metrics=[output_rows=18, elapsed_compute=10.74µs, output_bytes=2.8 KB, output_batches=10, expr_0_eval_time=1.38µs, expr_1_eval_time=767ns, expr_2_eval_time=747ns]
        AggregateExec: mode=FinalPartitioned, gby=[AdvEngineID@0 as AdvEngineID], aggr=[count(Int64(1))], metrics=[output_rows=18, elapsed_compute=95.25µs, output_bytes=2.8 KB, output_batches=10, spill_count=0, spilled_bytes=0.0 B, spilled_rows=0, peak_mem_used=80.06 K, aggregate_arguments_time=5.83µs, aggregation_time=6.07µs, emitting_time=8.43µs, time_calculating_group_ids=18.48µs]
          RepartitionExec: partitioning=Hash([AdvEngineID@0], 16), input_partitions=16, metrics=[output_rows=164, elapsed_compute=196.72µs, output_bytes=800.0 KB, output_batches=10, spill_count=0, spilled_bytes=0.0 B, spilled_rows=0, fetch_time=193.01s, repartition_time=142.32µs, send_time=133.17µs]
            AggregateExec: mode=Partial, gby=[AdvEngineID@0 as AdvEngineID], aggr=[count(Int64(1))], metrics=[output_rows=164, elapsed_compute=19.04ms, output_bytes=5.8 KB, output_batches=16, spill_count=0, spilled_bytes=0.0 B, spilled_rows=0, skipped_aggregation_rows=0, peak_mem_used=342.8 K, aggregate_arguments_time=4.92ms, aggregation_time=2.04ms, emitting_time=28.09µs, time_calculating_group_ids=5.04ms, reduction_factor=0.026% (164/630.5 K)]
              DataSourceExec: file_groups={16 groups: [[home/ec2-user/liquid-cache/benchmark/clickbench/data/hits.parquet:0..923748528], [home/ec2-user/liquid-cache/benchmark/clickbench/data/hits.parquet:923748528..1847497056], [home/ec2-user/liquid-cache/benchmark/clickbench/data/hits.parquet:1847497056..2771245584], [home/ec2-user/liquid-cache/benchmark/clickbench/data/hits.parquet:2771245584..3694994112], [home/ec2-user/liquid-cache/benchmark/clickbench/data/hits.parquet:3694994112..4618742640], [home/ec2-user/liquid-cache/benchmark/clickbench/data/hits.parquet:4618742640..5542491168], [home/ec2-user/liquid-cache/benchmark/clickbench/data/hits.parquet:5542491168..6466239696], [home/ec2-user/liquid-cache/benchmark/clickbench/data/hits.parquet:6466239696..7389988224], [home/ec2-user/liquid-cache/benchmark/clickbench/data/hits.parquet:7389988224..8313736752], [home/ec2-user/liquid-cache/benchmark/clickbench/data/hits.parquet:8313736752..9237485280], [home/ec2-user/liquid-cache/benchmark/clickbench/data/hits.parquet:9237485280..10161233808], [home/ec2-user/liquid-cache/benchmark/clickbench/data/hits.parquet:10161233808..11084982336], [home/ec2-user/liquid-cache/benchmark/clickbench/data/hits.parquet:11084982336..12008730864], [home/ec2-user/liquid-cache/benchmark/clickbench/data/hits.parquet:12008730864..12932479392], [home/ec2-user/liquid-cache/benchmark/clickbench/data/hits.parquet:12932479392..13856227920], [home/ec2-user/liquid-cache/benchmark/clickbench/data/hits.parquet:13856227920..14779976446]]}, projection=[AdvEngineID], file_type=liquid_parquet, metrics=[output_rows=630.5 K, elapsed_compute=16ns, output_bytes=1469.4 KB, output_batches=5.87 K, files_ranges_pruned_statistics=16 total → 16 matched, row_groups_pruned_statistics=226 total → 212 matched, row_groups_pruned_bloom_filter=0 total → 0 matched, page_index_pages_pruned=0 total → 0 matched, page_index_rows_pruned=0 total → 0 matched, limit_pruned_row_groups=0 total → 0 matched, batches_split=0, bytes_scanned=0, file_open_errors=0, file_scan_errors=0, num_predicate_creation_errors=0, predicate_evaluation_errors=0, pushdown_rows_matched=0, pushdown_rows_pruned=0, predicate_cache_inner_records=0, predicate_cache_records=0, bloom_filter_eval_time=2.60ms, metadata_load_time=2.67ms, page_index_eval_time=2.98µs, row_pushdown_eval_time=32ns, statistics_eval_time=313.76µs, time_elapsed_opening=7.84ms, time_elapsed_processing=280.25ms, time_elapsed_scanning_total=193.00s, time_elapsed_scanning_until_data=4.52s, scan_efficiency_ratio=N/A (0/0)]

Cache: entries=11540, mem=7MB, disk=94MB
  Hits: cache_hit=5868, eval_predicate=11540
  Misses: cache_miss=0
  IO: read=11540, write=11544
  Squeeze: squeezed_success=0, squeezed_needs_io=0
Time: 13613ms

+-------------+----------+
| AdvEngineID | count(*) |
+-------------+----------+
| 2           | 404602   |
| 27          | 113167   |
| 13          | 45631    |
| 45          | 38960    |
| 44          | 9730     |
| 3           | 6896     |
| 62          | 5266     |
| 52          | 3554     |
| 50          | 938      |
| 28          | 836      |
| 53          | 350      |
| 25          | 343      |
| 61          | 158      |
| 21          | 38       |
| 42          | 20       |
| 16          | 7        |
| 7           | 3        |
| 22          | 1        |
+-------------+----------+

=== EXPLAIN ANALYZE (Query 7, Iteration 4) ===
ProjectionExec: expr=[AdvEngineID@0 as AdvEngineID, count(*)@1 as count(*)], metrics=[output_rows=18, elapsed_compute=990ns, output_bytes=180.0 B, output_batches=1, expr_0_eval_time=210ns, expr_1_eval_time=160ns]
  SortPreservingMergeExec: [count(Int64(1))@2 DESC], metrics=[output_rows=18, elapsed_compute=11.63µs, output_bytes=324.0 B, output_batches=1]
    SortExec: expr=[count(*)@1 DESC], preserve_partitioning=[true], metrics=[output_rows=18, elapsed_compute=21.40µs, output_bytes=0.0 B, output_batches=0, spill_count=0, spilled_bytes=0.0 B, spilled_rows=0]
      ProjectionExec: expr=[AdvEngineID@0 as AdvEngineID, count(Int64(1))@1 as count(*), count(Int64(1))@1 as count(Int64(1))], metrics=[output_rows=18, elapsed_compute=12.28µs, output_bytes=2.8 KB, output_batches=10, expr_0_eval_time=1.48µs, expr_1_eval_time=936ns, expr_2_eval_time=975ns]
        AggregateExec: mode=FinalPartitioned, gby=[AdvEngineID@0 as AdvEngineID], aggr=[count(Int64(1))], metrics=[output_rows=18, elapsed_compute=92.83µs, output_bytes=2.8 KB, output_batches=10, spill_count=0, spilled_bytes=0.0 B, spilled_rows=0, peak_mem_used=80.06 K, aggregate_arguments_time=5.65µs, aggregation_time=5.58µs, emitting_time=9.46µs, time_calculating_group_ids=11.55µs]
          RepartitionExec: partitioning=Hash([AdvEngineID@0], 16), input_partitions=16, metrics=[output_rows=164, elapsed_compute=200.48µs, output_bytes=800.0 KB, output_batches=10, spill_count=0, spilled_bytes=0.0 B, spilled_rows=0, fetch_time=189.99s, repartition_time=140.98µs, send_time=118.51µs]
            AggregateExec: mode=Partial, gby=[AdvEngineID@0 as AdvEngineID], aggr=[count(Int64(1))], metrics=[output_rows=164, elapsed_compute=18.86ms, output_bytes=5.8 KB, output_batches=16, spill_count=0, spilled_bytes=0.0 B, spilled_rows=0, skipped_aggregation_rows=0, peak_mem_used=342.8 K, aggregate_arguments_time=4.48ms, aggregation_time=1.99ms, emitting_time=26.72µs, time_calculating_group_ids=5.17ms, reduction_factor=0.026% (164/630.5 K)]
              DataSourceExec: file_groups={16 groups: [[home/ec2-user/liquid-cache/benchmark/clickbench/data/hits.parquet:0..923748528], [home/ec2-user/liquid-cache/benchmark/clickbench/data/hits.parquet:923748528..1847497056], [home/ec2-user/liquid-cache/benchmark/clickbench/data/hits.parquet:1847497056..2771245584], [home/ec2-user/liquid-cache/benchmark/clickbench/data/hits.parquet:2771245584..3694994112], [home/ec2-user/liquid-cache/benchmark/clickbench/data/hits.parquet:3694994112..4618742640], [home/ec2-user/liquid-cache/benchmark/clickbench/data/hits.parquet:4618742640..5542491168], [home/ec2-user/liquid-cache/benchmark/clickbench/data/hits.parquet:5542491168..6466239696], [home/ec2-user/liquid-cache/benchmark/clickbench/data/hits.parquet:6466239696..7389988224], [home/ec2-user/liquid-cache/benchmark/clickbench/data/hits.parquet:7389988224..8313736752], [home/ec2-user/liquid-cache/benchmark/clickbench/data/hits.parquet:8313736752..9237485280], [home/ec2-user/liquid-cache/benchmark/clickbench/data/hits.parquet:9237485280..10161233808], [home/ec2-user/liquid-cache/benchmark/clickbench/data/hits.parquet:10161233808..11084982336], [home/ec2-user/liquid-cache/benchmark/clickbench/data/hits.parquet:11084982336..12008730864], [home/ec2-user/liquid-cache/benchmark/clickbench/data/hits.parquet:12008730864..12932479392], [home/ec2-user/liquid-cache/benchmark/clickbench/data/hits.parquet:12932479392..13856227920], [home/ec2-user/liquid-cache/benchmark/clickbench/data/hits.parquet:13856227920..14779976446]]}, projection=[AdvEngineID], file_type=liquid_parquet, metrics=[output_rows=630.5 K, elapsed_compute=16ns, output_bytes=1469.4 KB, output_batches=5.87 K, files_ranges_pruned_statistics=16 total → 16 matched, row_groups_pruned_statistics=226 total → 212 matched, row_groups_pruned_bloom_filter=0 total → 0 matched, page_index_pages_pruned=0 total → 0 matched, page_index_rows_pruned=0 total → 0 matched, limit_pruned_row_groups=0 total → 0 matched, batches_split=0, bytes_scanned=0, file_open_errors=0, file_scan_errors=0, num_predicate_creation_errors=0, predicate_evaluation_errors=0, pushdown_rows_matched=0, pushdown_rows_pruned=0, predicate_cache_inner_records=0, predicate_cache_records=0, bloom_filter_eval_time=2.12ms, metadata_load_time=2.64ms, page_index_eval_time=2.80µs, row_pushdown_eval_time=32ns, statistics_eval_time=342.06µs, time_elapsed_opening=6.94ms, time_elapsed_processing=278.06ms, time_elapsed_scanning_total=189.99s, time_elapsed_scanning_until_data=4.33s, scan_efficiency_ratio=N/A (0/0)]

Cache: entries=11540, mem=7MB, disk=120MB
  Hits: cache_hit=5868, eval_predicate=11540
  Misses: cache_miss=0
  IO: read=11540, write=11552
  Squeeze: squeezed_success=0, squeezed_needs_io=0
Time: 13530ms

+-------------+----------+
| AdvEngineID | count(*) |
+-------------+----------+
| 2           | 404602   |
| 27          | 113167   |
| 13          | 45631    |
| 45          | 38960    |
| 44          | 9730     |
| 3           | 6896     |
| 62          | 5266     |
| 52          | 3554     |
| 50          | 938      |
| 28          | 836      |
| 53          | 350      |
| 25          | 343      |
| 61          | 158      |
| 21          | 38       |
| 42          | 20       |
| 16          | 7        |
| 7           | 3        |
| 22          | 1        |
+-------------+----------+
