
=== EXPLAIN ANALYZE (Query 1, Iteration 0) ===
ProjectionExec: expr=[count(Int64(1))@0 as count(*), avg(hits.ResolutionWidth)@1 as avg(hits.ResolutionWidth), sum(hits.AdvEngineID)@2 as sum(hits.AdvEngineID)], metrics=[output_rows=1, elapsed_compute=2.10µs, output_bytes=26.0 B, output_batches=1, expr_0_eval_time=490ns, expr_1_eval_time=70ns, expr_2_eval_time=140ns]
  AggregateExec: mode=Final, gby=[], aggr=[count(Int64(1)), avg(hits.ResolutionWidth), sum(hits.AdvEngineID)], metrics=[output_rows=1, elapsed_compute=20.88µs, output_bytes=26.0 B, output_batches=1]
    CoalescePartitionsExec, metrics=[output_rows=16, elapsed_compute=24.08µs, output_bytes=544.0 B, output_batches=16]
      AggregateExec: mode=Partial, gby=[], aggr=[count(Int64(1)), avg(hits.ResolutionWidth), sum(hits.AdvEngineID)], metrics=[output_rows=16, elapsed_compute=136.02µs, output_bytes=544.0 B, output_batches=16]
        DataSourceExec: file_groups={16 groups: [[home/ec2-user/liquid-cache/benchmark/clickbench/data/hits.parquet:0..923748528], [home/ec2-user/liquid-cache/benchmark/clickbench/data/hits.parquet:923748528..1847497056], [home/ec2-user/liquid-cache/benchmark/clickbench/data/hits.parquet:1847497056..2771245584], [home/ec2-user/liquid-cache/benchmark/clickbench/data/hits.parquet:2771245584..3694994112], [home/ec2-user/liquid-cache/benchmark/clickbench/data/hits.parquet:3694994112..4618742640], [home/ec2-user/liquid-cache/benchmark/clickbench/data/hits.parquet:4618742640..5542491168], [home/ec2-user/liquid-cache/benchmark/clickbench/data/hits.parquet:5542491168..6466239696], [home/ec2-user/liquid-cache/benchmark/clickbench/data/hits.parquet:6466239696..7389988224], [home/ec2-user/liquid-cache/benchmark/clickbench/data/hits.parquet:7389988224..8313736752], [home/ec2-user/liquid-cache/benchmark/clickbench/data/hits.parquet:8313736752..9237485280], [home/ec2-user/liquid-cache/benchmark/clickbench/data/hits.parquet:9237485280..10161233808], [home/ec2-user/liquid-cache/benchmark/clickbench/data/hits.parquet:10161233808..11084982336], [home/ec2-user/liquid-cache/benchmark/clickbench/data/hits.parquet:11084982336..12008730864], [home/ec2-user/liquid-cache/benchmark/clickbench/data/hits.parquet:12008730864..12932479392], [home/ec2-user/liquid-cache/benchmark/clickbench/data/hits.parquet:12932479392..13856227920], [home/ec2-user/liquid-cache/benchmark/clickbench/data/hits.parquet:13856227920..14779976446]]}, projection=[ResolutionWidth, AdvEngineID], file_type=liquid_parquet, metrics=[output_rows=0, elapsed_compute=16ns, output_bytes=0.0 B, output_batches=0, files_ranges_pruned_statistics=16 total → 16 matched, row_groups_pruned_statistics=226 total → 2 matched, row_groups_pruned_bloom_filter=0 total → 0 matched, page_index_pages_pruned=0 total → 0 matched, page_index_rows_pruned=0 total → 0 matched, limit_pruned_row_groups=0 total → 0 matched, batches_split=0, bytes_scanned=282.9 K, file_open_errors=0, file_scan_errors=0, num_predicate_creation_errors=0, predicate_evaluation_errors=0, pushdown_rows_matched=0, pushdown_rows_pruned=0, predicate_cache_inner_records=0, predicate_cache_records=0, bloom_filter_eval_time=62.74µs, metadata_load_time=156.59ms, page_index_eval_time=3.81µs, row_pushdown_eval_time=32ns, statistics_eval_time=534.53µs, time_elapsed_opening=175.19ms, time_elapsed_processing=39.12ms, time_elapsed_scanning_total=8.75ms, time_elapsed_scanning_until_data=8.75ms, scan_efficiency_ratio=N/A (0/0)]

Cache: entries=291, mem=6MB, disk=0MB
  Hits: cache_hit=0, eval_predicate=454
  Misses: cache_miss=97
  IO: read=0, write=0
  Squeeze: squeezed_success=0, squeezed_needs_io=0
Time: 25ms

+----------+---------------------------+-----------------------+
| count(*) | avg(hits.ResolutionWidth) | sum(hits.AdvEngineID) |
+----------+---------------------------+-----------------------+
| 0        |                           |                       |
+----------+---------------------------+-----------------------+

=== EXPLAIN ANALYZE (Query 1, Iteration 1) ===
ProjectionExec: expr=[count(Int64(1))@0 as count(*), avg(hits.ResolutionWidth)@1 as avg(hits.ResolutionWidth), sum(hits.AdvEngineID)@2 as sum(hits.AdvEngineID)], metrics=[output_rows=1, elapsed_compute=1.31µs, output_bytes=26.0 B, output_batches=1, expr_0_eval_time=160ns, expr_1_eval_time=80ns, expr_2_eval_time=80ns]
  AggregateExec: mode=Final, gby=[], aggr=[count(Int64(1)), avg(hits.ResolutionWidth), sum(hits.AdvEngineID)], metrics=[output_rows=1, elapsed_compute=20.76µs, output_bytes=26.0 B, output_batches=1]
    CoalescePartitionsExec, metrics=[output_rows=16, elapsed_compute=27.40µs, output_bytes=544.0 B, output_batches=16]
      AggregateExec: mode=Partial, gby=[], aggr=[count(Int64(1)), avg(hits.ResolutionWidth), sum(hits.AdvEngineID)], metrics=[output_rows=16, elapsed_compute=113.36µs, output_bytes=544.0 B, output_batches=16]
        DataSourceExec: file_groups={16 groups: [[home/ec2-user/liquid-cache/benchmark/clickbench/data/hits.parquet:0..923748528], [home/ec2-user/liquid-cache/benchmark/clickbench/data/hits.parquet:923748528..1847497056], [home/ec2-user/liquid-cache/benchmark/clickbench/data/hits.parquet:1847497056..2771245584], [home/ec2-user/liquid-cache/benchmark/clickbench/data/hits.parquet:2771245584..3694994112], [home/ec2-user/liquid-cache/benchmark/clickbench/data/hits.parquet:3694994112..4618742640], [home/ec2-user/liquid-cache/benchmark/clickbench/data/hits.parquet:4618742640..5542491168], [home/ec2-user/liquid-cache/benchmark/clickbench/data/hits.parquet:5542491168..6466239696], [home/ec2-user/liquid-cache/benchmark/clickbench/data/hits.parquet:6466239696..7389988224], [home/ec2-user/liquid-cache/benchmark/clickbench/data/hits.parquet:7389988224..8313736752], [home/ec2-user/liquid-cache/benchmark/clickbench/data/hits.parquet:8313736752..9237485280], [home/ec2-user/liquid-cache/benchmark/clickbench/data/hits.parquet:9237485280..10161233808], [home/ec2-user/liquid-cache/benchmark/clickbench/data/hits.parquet:10161233808..11084982336], [home/ec2-user/liquid-cache/benchmark/clickbench/data/hits.parquet:11084982336..12008730864], [home/ec2-user/liquid-cache/benchmark/clickbench/data/hits.parquet:12008730864..12932479392], [home/ec2-user/liquid-cache/benchmark/clickbench/data/hits.parquet:12932479392..13856227920], [home/ec2-user/liquid-cache/benchmark/clickbench/data/hits.parquet:13856227920..14779976446]]}, projection=[ResolutionWidth, AdvEngineID], file_type=liquid_parquet, metrics=[output_rows=0, elapsed_compute=16ns, output_bytes=0.0 B, output_batches=0, files_ranges_pruned_statistics=16 total → 16 matched, row_groups_pruned_statistics=226 total → 2 matched, row_groups_pruned_bloom_filter=0 total → 0 matched, page_index_pages_pruned=0 total → 0 matched, page_index_rows_pruned=0 total → 0 matched, limit_pruned_row_groups=0 total → 0 matched, batches_split=0, bytes_scanned=0, file_open_errors=0, file_scan_errors=0, num_predicate_creation_errors=0, predicate_evaluation_errors=0, pushdown_rows_matched=0, pushdown_rows_pruned=0, predicate_cache_inner_records=0, predicate_cache_records=0, bloom_filter_eval_time=95.59µs, metadata_load_time=2.51ms, page_index_eval_time=3.99µs, row_pushdown_eval_time=32ns, statistics_eval_time=528.03µs, time_elapsed_opening=5.51ms, time_elapsed_processing=9.88ms, time_elapsed_scanning_total=4.37ms, time_elapsed_scanning_until_data=4.36ms, scan_efficiency_ratio=N/A (0/0)]

Cache: entries=291, mem=6MB, disk=0MB
  Hits: cache_hit=0, eval_predicate=357
  Misses: cache_miss=0
  IO: read=0, write=0
  Squeeze: squeezed_success=0, squeezed_needs_io=0
Time: 5ms

+----------+---------------------------+-----------------------+
| count(*) | avg(hits.ResolutionWidth) | sum(hits.AdvEngineID) |
+----------+---------------------------+-----------------------+
| 0        |                           |                       |
+----------+---------------------------+-----------------------+

=== EXPLAIN ANALYZE (Query 1, Iteration 2) ===
ProjectionExec: expr=[count(Int64(1))@0 as count(*), avg(hits.ResolutionWidth)@1 as avg(hits.ResolutionWidth), sum(hits.AdvEngineID)@2 as sum(hits.AdvEngineID)], metrics=[output_rows=1, elapsed_compute=1.19µs, output_bytes=26.0 B, output_batches=1, expr_0_eval_time=250ns, expr_1_eval_time=70ns, expr_2_eval_time=60ns]
  AggregateExec: mode=Final, gby=[], aggr=[count(Int64(1)), avg(hits.ResolutionWidth), sum(hits.AdvEngineID)], metrics=[output_rows=1, elapsed_compute=16.66µs, output_bytes=26.0 B, output_batches=1]
    CoalescePartitionsExec, metrics=[output_rows=16, elapsed_compute=15.48µs, output_bytes=544.0 B, output_batches=16]
      AggregateExec: mode=Partial, gby=[], aggr=[count(Int64(1)), avg(hits.ResolutionWidth), sum(hits.AdvEngineID)], metrics=[output_rows=16, elapsed_compute=101.91µs, output_bytes=544.0 B, output_batches=16]
        DataSourceExec: file_groups={16 groups: [[home/ec2-user/liquid-cache/benchmark/clickbench/data/hits.parquet:0..923748528], [home/ec2-user/liquid-cache/benchmark/clickbench/data/hits.parquet:923748528..1847497056], [home/ec2-user/liquid-cache/benchmark/clickbench/data/hits.parquet:1847497056..2771245584], [home/ec2-user/liquid-cache/benchmark/clickbench/data/hits.parquet:2771245584..3694994112], [home/ec2-user/liquid-cache/benchmark/clickbench/data/hits.parquet:3694994112..4618742640], [home/ec2-user/liquid-cache/benchmark/clickbench/data/hits.parquet:4618742640..5542491168], [home/ec2-user/liquid-cache/benchmark/clickbench/data/hits.parquet:5542491168..6466239696], [home/ec2-user/liquid-cache/benchmark/clickbench/data/hits.parquet:6466239696..7389988224], [home/ec2-user/liquid-cache/benchmark/clickbench/data/hits.parquet:7389988224..8313736752], [home/ec2-user/liquid-cache/benchmark/clickbench/data/hits.parquet:8313736752..9237485280], [home/ec2-user/liquid-cache/benchmark/clickbench/data/hits.parquet:9237485280..10161233808], [home/ec2-user/liquid-cache/benchmark/clickbench/data/hits.parquet:10161233808..11084982336], [home/ec2-user/liquid-cache/benchmark/clickbench/data/hits.parquet:11084982336..12008730864], [home/ec2-user/liquid-cache/benchmark/clickbench/data/hits.parquet:12008730864..12932479392], [home/ec2-user/liquid-cache/benchmark/clickbench/data/hits.parquet:12932479392..13856227920], [home/ec2-user/liquid-cache/benchmark/clickbench/data/hits.parquet:13856227920..14779976446]]}, projection=[ResolutionWidth, AdvEngineID], file_type=liquid_parquet, metrics=[output_rows=0, elapsed_compute=16ns, output_bytes=0.0 B, output_batches=0, files_ranges_pruned_statistics=16 total → 16 matched, row_groups_pruned_statistics=226 total → 2 matched, row_groups_pruned_bloom_filter=0 total → 0 matched, page_index_pages_pruned=0 total → 0 matched, page_index_rows_pruned=0 total → 0 matched, limit_pruned_row_groups=0 total → 0 matched, batches_split=0, bytes_scanned=0, file_open_errors=0, file_scan_errors=0, num_predicate_creation_errors=0, predicate_evaluation_errors=0, pushdown_rows_matched=0, pushdown_rows_pruned=0, predicate_cache_inner_records=0, predicate_cache_records=0, bloom_filter_eval_time=99.33µs, metadata_load_time=2.44ms, page_index_eval_time=3.75µs, row_pushdown_eval_time=32ns, statistics_eval_time=523.44µs, time_elapsed_opening=5.34ms, time_elapsed_processing=8.39ms, time_elapsed_scanning_total=3.04ms, time_elapsed_scanning_until_data=3.04ms, scan_efficiency_ratio=N/A (0/0)]

Cache: entries=291, mem=6MB, disk=0MB
  Hits: cache_hit=0, eval_predicate=357
  Misses: cache_miss=0
  IO: read=0, write=0
  Squeeze: squeezed_success=0, squeezed_needs_io=0
Time: 4ms

+----------+---------------------------+-----------------------+
| count(*) | avg(hits.ResolutionWidth) | sum(hits.AdvEngineID) |
+----------+---------------------------+-----------------------+
| 0        |                           |                       |
+----------+---------------------------+-----------------------+

=== EXPLAIN ANALYZE (Query 1, Iteration 3) ===
ProjectionExec: expr=[count(Int64(1))@0 as count(*), avg(hits.ResolutionWidth)@1 as avg(hits.ResolutionWidth), sum(hits.AdvEngineID)@2 as sum(hits.AdvEngineID)], metrics=[output_rows=1, elapsed_compute=900ns, output_bytes=26.0 B, output_batches=1, expr_0_eval_time=140ns, expr_1_eval_time=80ns, expr_2_eval_time=60ns]
  AggregateExec: mode=Final, gby=[], aggr=[count(Int64(1)), avg(hits.ResolutionWidth), sum(hits.AdvEngineID)], metrics=[output_rows=1, elapsed_compute=17.37µs, output_bytes=26.0 B, output_batches=1]
    CoalescePartitionsExec, metrics=[output_rows=16, elapsed_compute=13.35µs, output_bytes=544.0 B, output_batches=16]
      AggregateExec: mode=Partial, gby=[], aggr=[count(Int64(1)), avg(hits.ResolutionWidth), sum(hits.AdvEngineID)], metrics=[output_rows=16, elapsed_compute=96.17µs, output_bytes=544.0 B, output_batches=16]
        DataSourceExec: file_groups={16 groups: [[home/ec2-user/liquid-cache/benchmark/clickbench/data/hits.parquet:0..923748528], [home/ec2-user/liquid-cache/benchmark/clickbench/data/hits.parquet:923748528..1847497056], [home/ec2-user/liquid-cache/benchmark/clickbench/data/hits.parquet:1847497056..2771245584], [home/ec2-user/liquid-cache/benchmark/clickbench/data/hits.parquet:2771245584..3694994112], [home/ec2-user/liquid-cache/benchmark/clickbench/data/hits.parquet:3694994112..4618742640], [home/ec2-user/liquid-cache/benchmark/clickbench/data/hits.parquet:4618742640..5542491168], [home/ec2-user/liquid-cache/benchmark/clickbench/data/hits.parquet:5542491168..6466239696], [home/ec2-user/liquid-cache/benchmark/clickbench/data/hits.parquet:6466239696..7389988224], [home/ec2-user/liquid-cache/benchmark/clickbench/data/hits.parquet:7389988224..8313736752], [home/ec2-user/liquid-cache/benchmark/clickbench/data/hits.parquet:8313736752..9237485280], [home/ec2-user/liquid-cache/benchmark/clickbench/data/hits.parquet:9237485280..10161233808], [home/ec2-user/liquid-cache/benchmark/clickbench/data/hits.parquet:10161233808..11084982336], [home/ec2-user/liquid-cache/benchmark/clickbench/data/hits.parquet:11084982336..12008730864], [home/ec2-user/liquid-cache/benchmark/clickbench/data/hits.parquet:12008730864..12932479392], [home/ec2-user/liquid-cache/benchmark/clickbench/data/hits.parquet:12932479392..13856227920], [home/ec2-user/liquid-cache/benchmark/clickbench/data/hits.parquet:13856227920..14779976446]]}, projection=[ResolutionWidth, AdvEngineID], file_type=liquid_parquet, metrics=[output_rows=0, elapsed_compute=16ns, output_bytes=0.0 B, output_batches=0, files_ranges_pruned_statistics=16 total → 16 matched, row_groups_pruned_statistics=226 total → 2 matched, row_groups_pruned_bloom_filter=0 total → 0 matched, page_index_pages_pruned=0 total → 0 matched, page_index_rows_pruned=0 total → 0 matched, limit_pruned_row_groups=0 total → 0 matched, batches_split=0, bytes_scanned=0, file_open_errors=0, file_scan_errors=0, num_predicate_creation_errors=0, predicate_evaluation_errors=0, pushdown_rows_matched=0, pushdown_rows_pruned=0, predicate_cache_inner_records=0, predicate_cache_records=0, bloom_filter_eval_time=91.47µs, metadata_load_time=2.35ms, page_index_eval_time=3.74µs, row_pushdown_eval_time=32ns, statistics_eval_time=495.82µs, time_elapsed_opening=5.01ms, time_elapsed_processing=8.19ms, time_elapsed_scanning_total=3.17ms, time_elapsed_scanning_until_data=3.17ms, scan_efficiency_ratio=N/A (0/0)]

Cache: entries=291, mem=6MB, disk=0MB
  Hits: cache_hit=0, eval_predicate=357
  Misses: cache_miss=0
  IO: read=0, write=0
  Squeeze: squeezed_success=0, squeezed_needs_io=0
Time: 4ms

+----------+---------------------------+-----------------------+
| count(*) | avg(hits.ResolutionWidth) | sum(hits.AdvEngineID) |
+----------+---------------------------+-----------------------+
| 0        |                           |                       |
+----------+---------------------------+-----------------------+

=== EXPLAIN ANALYZE (Query 1, Iteration 4) ===
ProjectionExec: expr=[count(Int64(1))@0 as count(*), avg(hits.ResolutionWidth)@1 as avg(hits.ResolutionWidth), sum(hits.AdvEngineID)@2 as sum(hits.AdvEngineID)], metrics=[output_rows=1, elapsed_compute=750ns, output_bytes=26.0 B, output_batches=1, expr_0_eval_time=120ns, expr_1_eval_time=60ns, expr_2_eval_time=60ns]
  AggregateExec: mode=Final, gby=[], aggr=[count(Int64(1)), avg(hits.ResolutionWidth), sum(hits.AdvEngineID)], metrics=[output_rows=1, elapsed_compute=16.54µs, output_bytes=26.0 B, output_batches=1]
    CoalescePartitionsExec, metrics=[output_rows=16, elapsed_compute=13.39µs, output_bytes=544.0 B, output_batches=16]
      AggregateExec: mode=Partial, gby=[], aggr=[count(Int64(1)), avg(hits.ResolutionWidth), sum(hits.AdvEngineID)], metrics=[output_rows=16, elapsed_compute=100.44µs, output_bytes=544.0 B, output_batches=16]
        DataSourceExec: file_groups={16 groups: [[home/ec2-user/liquid-cache/benchmark/clickbench/data/hits.parquet:0..923748528], [home/ec2-user/liquid-cache/benchmark/clickbench/data/hits.parquet:923748528..1847497056], [home/ec2-user/liquid-cache/benchmark/clickbench/data/hits.parquet:1847497056..2771245584], [home/ec2-user/liquid-cache/benchmark/clickbench/data/hits.parquet:2771245584..3694994112], [home/ec2-user/liquid-cache/benchmark/clickbench/data/hits.parquet:3694994112..4618742640], [home/ec2-user/liquid-cache/benchmark/clickbench/data/hits.parquet:4618742640..5542491168], [home/ec2-user/liquid-cache/benchmark/clickbench/data/hits.parquet:5542491168..6466239696], [home/ec2-user/liquid-cache/benchmark/clickbench/data/hits.parquet:6466239696..7389988224], [home/ec2-user/liquid-cache/benchmark/clickbench/data/hits.parquet:7389988224..8313736752], [home/ec2-user/liquid-cache/benchmark/clickbench/data/hits.parquet:8313736752..9237485280], [home/ec2-user/liquid-cache/benchmark/clickbench/data/hits.parquet:9237485280..10161233808], [home/ec2-user/liquid-cache/benchmark/clickbench/data/hits.parquet:10161233808..11084982336], [home/ec2-user/liquid-cache/benchmark/clickbench/data/hits.parquet:11084982336..12008730864], [home/ec2-user/liquid-cache/benchmark/clickbench/data/hits.parquet:12008730864..12932479392], [home/ec2-user/liquid-cache/benchmark/clickbench/data/hits.parquet:12932479392..13856227920], [home/ec2-user/liquid-cache/benchmark/clickbench/data/hits.parquet:13856227920..14779976446]]}, projection=[ResolutionWidth, AdvEngineID], file_type=liquid_parquet, metrics=[output_rows=0, elapsed_compute=16ns, output_bytes=0.0 B, output_batches=0, files_ranges_pruned_statistics=16 total → 16 matched, row_groups_pruned_statistics=226 total → 2 matched, row_groups_pruned_bloom_filter=0 total → 0 matched, page_index_pages_pruned=0 total → 0 matched, page_index_rows_pruned=0 total → 0 matched, limit_pruned_row_groups=0 total → 0 matched, batches_split=0, bytes_scanned=0, file_open_errors=0, file_scan_errors=0, num_predicate_creation_errors=0, predicate_evaluation_errors=0, pushdown_rows_matched=0, pushdown_rows_pruned=0, predicate_cache_inner_records=0, predicate_cache_records=0, bloom_filter_eval_time=95.78µs, metadata_load_time=2.45ms, page_index_eval_time=4.20µs, row_pushdown_eval_time=32ns, statistics_eval_time=498.07µs, time_elapsed_opening=5.22ms, time_elapsed_processing=8.26ms, time_elapsed_scanning_total=3.04ms, time_elapsed_scanning_until_data=3.04ms, scan_efficiency_ratio=N/A (0/0)]

Cache: entries=291, mem=6MB, disk=0MB
  Hits: cache_hit=0, eval_predicate=357
  Misses: cache_miss=0
  IO: read=0, write=0
  Squeeze: squeezed_success=0, squeezed_needs_io=0
Time: 3ms

+----------+---------------------------+-----------------------+
| count(*) | avg(hits.ResolutionWidth) | sum(hits.AdvEngineID) |
+----------+---------------------------+-----------------------+
| 0        |                           |                       |
+----------+---------------------------+-----------------------+
