
=== EXPLAIN ANALYZE (Query 1, Iteration 0) ===
ProjectionExec: expr=[count(Int64(1))@0 as count(*)], metrics=[output_rows=1, elapsed_compute=1.20µs, output_bytes=8.0 B, output_batches=1, expr_0_eval_time=300ns]
  AggregateExec: mode=Final, gby=[], aggr=[count(Int64(1))], metrics=[output_rows=1, elapsed_compute=23.67µs, output_bytes=8.0 B, output_batches=1]
    CoalescePartitionsExec, metrics=[output_rows=16, elapsed_compute=24.21µs, output_bytes=128.0 B, output_batches=16]
      AggregateExec: mode=Partial, gby=[], aggr=[count(Int64(1))], metrics=[output_rows=16, elapsed_compute=8.91ms, output_bytes=128.0 B, output_batches=16]
        DataSourceExec: file_groups={16 groups: [[home/ec2-user/liquid-cache/benchmark/clickbench/data/hits.parquet:0..923748528], [home/ec2-user/liquid-cache/benchmark/clickbench/data/hits.parquet:923748528..1847497056], [home/ec2-user/liquid-cache/benchmark/clickbench/data/hits.parquet:1847497056..2771245584], [home/ec2-user/liquid-cache/benchmark/clickbench/data/hits.parquet:2771245584..3694994112], [home/ec2-user/liquid-cache/benchmark/clickbench/data/hits.parquet:3694994112..4618742640], [home/ec2-user/liquid-cache/benchmark/clickbench/data/hits.parquet:4618742640..5542491168], [home/ec2-user/liquid-cache/benchmark/clickbench/data/hits.parquet:5542491168..6466239696], [home/ec2-user/liquid-cache/benchmark/clickbench/data/hits.parquet:6466239696..7389988224], [home/ec2-user/liquid-cache/benchmark/clickbench/data/hits.parquet:7389988224..8313736752], [home/ec2-user/liquid-cache/benchmark/clickbench/data/hits.parquet:8313736752..9237485280], [home/ec2-user/liquid-cache/benchmark/clickbench/data/hits.parquet:9237485280..10161233808], [home/ec2-user/liquid-cache/benchmark/clickbench/data/hits.parquet:10161233808..11084982336], [home/ec2-user/liquid-cache/benchmark/clickbench/data/hits.parquet:11084982336..12008730864], [home/ec2-user/liquid-cache/benchmark/clickbench/data/hits.parquet:12008730864..12932479392], [home/ec2-user/liquid-cache/benchmark/clickbench/data/hits.parquet:12932479392..13856227920], [home/ec2-user/liquid-cache/benchmark/clickbench/data/hits.parquet:13856227920..14779976446]]}, file_type=liquid_parquet, metrics=[output_rows=630.5 K, elapsed_compute=16ns, output_bytes=0.0 B, output_batches=5.87 K, files_ranges_pruned_statistics=16 total → 16 matched, row_groups_pruned_statistics=226 total → 212 matched, row_groups_pruned_bloom_filter=0 total → 0 matched, page_index_pages_pruned=0 total → 0 matched, page_index_rows_pruned=0 total → 0 matched, limit_pruned_row_groups=0 total → 0 matched, batches_split=0, bytes_scanned=941.5 K, file_open_errors=0, file_scan_errors=0, num_predicate_creation_errors=0, predicate_evaluation_errors=0, pushdown_rows_matched=0, pushdown_rows_pruned=0, predicate_cache_inner_records=0, predicate_cache_records=0, bloom_filter_eval_time=2.19ms, metadata_load_time=156.16ms, page_index_eval_time=2.78µs, row_pushdown_eval_time=32ns, statistics_eval_time=273.50µs, time_elapsed_opening=170.55ms, time_elapsed_processing=521.06ms, time_elapsed_scanning_total=587.34ms, time_elapsed_scanning_until_data=59.29ms, scan_efficiency_ratio=N/A (0/0)]

Cache: entries=11540, mem=181MB, disk=0MB
  Hits: cache_hit=0, eval_predicate=23080
  Misses: cache_miss=11540
  IO: read=0, write=0
  Squeeze: squeezed_success=0, squeezed_needs_io=0
Time: 59ms

+----------+
| count(*) |
+----------+
| 630500   |
+----------+

=== EXPLAIN ANALYZE (Query 1, Iteration 1) ===
ProjectionExec: expr=[count(Int64(1))@0 as count(*)], metrics=[output_rows=1, elapsed_compute=1.38µs, output_bytes=8.0 B, output_batches=1, expr_0_eval_time=420ns]
  AggregateExec: mode=Final, gby=[], aggr=[count(Int64(1))], metrics=[output_rows=1, elapsed_compute=9.46µs, output_bytes=8.0 B, output_batches=1]
    CoalescePartitionsExec, metrics=[output_rows=16, elapsed_compute=17.30µs, output_bytes=128.0 B, output_batches=16]
      AggregateExec: mode=Partial, gby=[], aggr=[count(Int64(1))], metrics=[output_rows=16, elapsed_compute=2.23ms, output_bytes=128.0 B, output_batches=16]
        DataSourceExec: file_groups={16 groups: [[home/ec2-user/liquid-cache/benchmark/clickbench/data/hits.parquet:0..923748528], [home/ec2-user/liquid-cache/benchmark/clickbench/data/hits.parquet:923748528..1847497056], [home/ec2-user/liquid-cache/benchmark/clickbench/data/hits.parquet:1847497056..2771245584], [home/ec2-user/liquid-cache/benchmark/clickbench/data/hits.parquet:2771245584..3694994112], [home/ec2-user/liquid-cache/benchmark/clickbench/data/hits.parquet:3694994112..4618742640], [home/ec2-user/liquid-cache/benchmark/clickbench/data/hits.parquet:4618742640..5542491168], [home/ec2-user/liquid-cache/benchmark/clickbench/data/hits.parquet:5542491168..6466239696], [home/ec2-user/liquid-cache/benchmark/clickbench/data/hits.parquet:6466239696..7389988224], [home/ec2-user/liquid-cache/benchmark/clickbench/data/hits.parquet:7389988224..8313736752], [home/ec2-user/liquid-cache/benchmark/clickbench/data/hits.parquet:8313736752..9237485280], [home/ec2-user/liquid-cache/benchmark/clickbench/data/hits.parquet:9237485280..10161233808], [home/ec2-user/liquid-cache/benchmark/clickbench/data/hits.parquet:10161233808..11084982336], [home/ec2-user/liquid-cache/benchmark/clickbench/data/hits.parquet:11084982336..12008730864], [home/ec2-user/liquid-cache/benchmark/clickbench/data/hits.parquet:12008730864..12932479392], [home/ec2-user/liquid-cache/benchmark/clickbench/data/hits.parquet:12932479392..13856227920], [home/ec2-user/liquid-cache/benchmark/clickbench/data/hits.parquet:13856227920..14779976446]]}, file_type=liquid_parquet, metrics=[output_rows=630.5 K, elapsed_compute=16ns, output_bytes=0.0 B, output_batches=5.87 K, files_ranges_pruned_statistics=16 total → 16 matched, row_groups_pruned_statistics=226 total → 212 matched, row_groups_pruned_bloom_filter=0 total → 0 matched, page_index_pages_pruned=0 total → 0 matched, page_index_rows_pruned=0 total → 0 matched, limit_pruned_row_groups=0 total → 0 matched, batches_split=0, bytes_scanned=0, file_open_errors=0, file_scan_errors=0, num_predicate_creation_errors=0, predicate_evaluation_errors=0, pushdown_rows_matched=0, pushdown_rows_pruned=0, predicate_cache_inner_records=0, predicate_cache_records=0, bloom_filter_eval_time=1.72ms, metadata_load_time=1.73ms, page_index_eval_time=2.57µs, row_pushdown_eval_time=32ns, statistics_eval_time=262.08µs, time_elapsed_opening=4.96ms, time_elapsed_processing=112.21ms, time_elapsed_scanning_total=121.44ms, time_elapsed_scanning_until_data=1.42ms, scan_efficiency_ratio=N/A (0/0)]

Cache: entries=11540, mem=181MB, disk=0MB
  Hits: cache_hit=0, eval_predicate=11540
  Misses: cache_miss=0
  IO: read=0, write=0
  Squeeze: squeezed_success=0, squeezed_needs_io=0
Time: 11ms

+----------+
| count(*) |
+----------+
| 630500   |
+----------+

=== EXPLAIN ANALYZE (Query 1, Iteration 2) ===
ProjectionExec: expr=[count(Int64(1))@0 as count(*)], metrics=[output_rows=1, elapsed_compute=910ns, output_bytes=8.0 B, output_batches=1, expr_0_eval_time=310ns]
  AggregateExec: mode=Final, gby=[], aggr=[count(Int64(1))], metrics=[output_rows=1, elapsed_compute=9.04µs, output_bytes=8.0 B, output_batches=1]
    CoalescePartitionsExec, metrics=[output_rows=16, elapsed_compute=14.07µs, output_bytes=128.0 B, output_batches=16]
      AggregateExec: mode=Partial, gby=[], aggr=[count(Int64(1))], metrics=[output_rows=16, elapsed_compute=2.28ms, output_bytes=128.0 B, output_batches=16]
        DataSourceExec: file_groups={16 groups: [[home/ec2-user/liquid-cache/benchmark/clickbench/data/hits.parquet:0..923748528], [home/ec2-user/liquid-cache/benchmark/clickbench/data/hits.parquet:923748528..1847497056], [home/ec2-user/liquid-cache/benchmark/clickbench/data/hits.parquet:1847497056..2771245584], [home/ec2-user/liquid-cache/benchmark/clickbench/data/hits.parquet:2771245584..3694994112], [home/ec2-user/liquid-cache/benchmark/clickbench/data/hits.parquet:3694994112..4618742640], [home/ec2-user/liquid-cache/benchmark/clickbench/data/hits.parquet:4618742640..5542491168], [home/ec2-user/liquid-cache/benchmark/clickbench/data/hits.parquet:5542491168..6466239696], [home/ec2-user/liquid-cache/benchmark/clickbench/data/hits.parquet:6466239696..7389988224], [home/ec2-user/liquid-cache/benchmark/clickbench/data/hits.parquet:7389988224..8313736752], [home/ec2-user/liquid-cache/benchmark/clickbench/data/hits.parquet:8313736752..9237485280], [home/ec2-user/liquid-cache/benchmark/clickbench/data/hits.parquet:9237485280..10161233808], [home/ec2-user/liquid-cache/benchmark/clickbench/data/hits.parquet:10161233808..11084982336], [home/ec2-user/liquid-cache/benchmark/clickbench/data/hits.parquet:11084982336..12008730864], [home/ec2-user/liquid-cache/benchmark/clickbench/data/hits.parquet:12008730864..12932479392], [home/ec2-user/liquid-cache/benchmark/clickbench/data/hits.parquet:12932479392..13856227920], [home/ec2-user/liquid-cache/benchmark/clickbench/data/hits.parquet:13856227920..14779976446]]}, file_type=liquid_parquet, metrics=[output_rows=630.5 K, elapsed_compute=16ns, output_bytes=0.0 B, output_batches=5.87 K, files_ranges_pruned_statistics=16 total → 16 matched, row_groups_pruned_statistics=226 total → 212 matched, row_groups_pruned_bloom_filter=0 total → 0 matched, page_index_pages_pruned=0 total → 0 matched, page_index_rows_pruned=0 total → 0 matched, limit_pruned_row_groups=0 total → 0 matched, batches_split=0, bytes_scanned=0, file_open_errors=0, file_scan_errors=0, num_predicate_creation_errors=0, predicate_evaluation_errors=0, pushdown_rows_matched=0, pushdown_rows_pruned=0, predicate_cache_inner_records=0, predicate_cache_records=0, bloom_filter_eval_time=1.87ms, metadata_load_time=1.74ms, page_index_eval_time=2.68µs, row_pushdown_eval_time=32ns, statistics_eval_time=301.47µs, time_elapsed_opening=5.27ms, time_elapsed_processing=114.22ms, time_elapsed_scanning_total=119.66ms, time_elapsed_scanning_until_data=1.38ms, scan_efficiency_ratio=N/A (0/0)]

Cache: entries=11540, mem=181MB, disk=0MB
  Hits: cache_hit=0, eval_predicate=11540
  Misses: cache_miss=0
  IO: read=0, write=0
  Squeeze: squeezed_success=0, squeezed_needs_io=0
Time: 11ms

+----------+
| count(*) |
+----------+
| 630500   |
+----------+

=== EXPLAIN ANALYZE (Query 1, Iteration 3) ===
ProjectionExec: expr=[count(Int64(1))@0 as count(*)], metrics=[output_rows=1, elapsed_compute=1.15µs, output_bytes=8.0 B, output_batches=1, expr_0_eval_time=269ns]
  AggregateExec: mode=Final, gby=[], aggr=[count(Int64(1))], metrics=[output_rows=1, elapsed_compute=10.11µs, output_bytes=8.0 B, output_batches=1]
    CoalescePartitionsExec, metrics=[output_rows=16, elapsed_compute=15.02µs, output_bytes=128.0 B, output_batches=16]
      AggregateExec: mode=Partial, gby=[], aggr=[count(Int64(1))], metrics=[output_rows=16, elapsed_compute=2.27ms, output_bytes=128.0 B, output_batches=16]
        DataSourceExec: file_groups={16 groups: [[home/ec2-user/liquid-cache/benchmark/clickbench/data/hits.parquet:0..923748528], [home/ec2-user/liquid-cache/benchmark/clickbench/data/hits.parquet:923748528..1847497056], [home/ec2-user/liquid-cache/benchmark/clickbench/data/hits.parquet:1847497056..2771245584], [home/ec2-user/liquid-cache/benchmark/clickbench/data/hits.parquet:2771245584..3694994112], [home/ec2-user/liquid-cache/benchmark/clickbench/data/hits.parquet:3694994112..4618742640], [home/ec2-user/liquid-cache/benchmark/clickbench/data/hits.parquet:4618742640..5542491168], [home/ec2-user/liquid-cache/benchmark/clickbench/data/hits.parquet:5542491168..6466239696], [home/ec2-user/liquid-cache/benchmark/clickbench/data/hits.parquet:6466239696..7389988224], [home/ec2-user/liquid-cache/benchmark/clickbench/data/hits.parquet:7389988224..8313736752], [home/ec2-user/liquid-cache/benchmark/clickbench/data/hits.parquet:8313736752..9237485280], [home/ec2-user/liquid-cache/benchmark/clickbench/data/hits.parquet:9237485280..10161233808], [home/ec2-user/liquid-cache/benchmark/clickbench/data/hits.parquet:10161233808..11084982336], [home/ec2-user/liquid-cache/benchmark/clickbench/data/hits.parquet:11084982336..12008730864], [home/ec2-user/liquid-cache/benchmark/clickbench/data/hits.parquet:12008730864..12932479392], [home/ec2-user/liquid-cache/benchmark/clickbench/data/hits.parquet:12932479392..13856227920], [home/ec2-user/liquid-cache/benchmark/clickbench/data/hits.parquet:13856227920..14779976446]]}, file_type=liquid_parquet, metrics=[output_rows=630.5 K, elapsed_compute=16ns, output_bytes=0.0 B, output_batches=5.87 K, files_ranges_pruned_statistics=16 total → 16 matched, row_groups_pruned_statistics=226 total → 212 matched, row_groups_pruned_bloom_filter=0 total → 0 matched, page_index_pages_pruned=0 total → 0 matched, page_index_rows_pruned=0 total → 0 matched, limit_pruned_row_groups=0 total → 0 matched, batches_split=0, bytes_scanned=0, file_open_errors=0, file_scan_errors=0, num_predicate_creation_errors=0, predicate_evaluation_errors=0, pushdown_rows_matched=0, pushdown_rows_pruned=0, predicate_cache_inner_records=0, predicate_cache_records=0, bloom_filter_eval_time=1.98ms, metadata_load_time=1.67ms, page_index_eval_time=2.67µs, row_pushdown_eval_time=32ns, statistics_eval_time=272.12µs, time_elapsed_opening=5.17ms, time_elapsed_processing=113.81ms, time_elapsed_scanning_total=116.38ms, time_elapsed_scanning_until_data=1.53ms, scan_efficiency_ratio=N/A (0/0)]

Cache: entries=11540, mem=181MB, disk=0MB
  Hits: cache_hit=0, eval_predicate=11540
  Misses: cache_miss=0
  IO: read=0, write=0
  Squeeze: squeezed_success=0, squeezed_needs_io=0
Time: 11ms

+----------+
| count(*) |
+----------+
| 630500   |
+----------+

=== EXPLAIN ANALYZE (Query 1, Iteration 4) ===
ProjectionExec: expr=[count(Int64(1))@0 as count(*)], metrics=[output_rows=1, elapsed_compute=1.02µs, output_bytes=8.0 B, output_batches=1, expr_0_eval_time=310ns]
  AggregateExec: mode=Final, gby=[], aggr=[count(Int64(1))], metrics=[output_rows=1, elapsed_compute=8.72µs, output_bytes=8.0 B, output_batches=1]
    CoalescePartitionsExec, metrics=[output_rows=16, elapsed_compute=15.33µs, output_bytes=128.0 B, output_batches=16]
      AggregateExec: mode=Partial, gby=[], aggr=[count(Int64(1))], metrics=[output_rows=16, elapsed_compute=2.21ms, output_bytes=128.0 B, output_batches=16]
        DataSourceExec: file_groups={16 groups: [[home/ec2-user/liquid-cache/benchmark/clickbench/data/hits.parquet:0..923748528], [home/ec2-user/liquid-cache/benchmark/clickbench/data/hits.parquet:923748528..1847497056], [home/ec2-user/liquid-cache/benchmark/clickbench/data/hits.parquet:1847497056..2771245584], [home/ec2-user/liquid-cache/benchmark/clickbench/data/hits.parquet:2771245584..3694994112], [home/ec2-user/liquid-cache/benchmark/clickbench/data/hits.parquet:3694994112..4618742640], [home/ec2-user/liquid-cache/benchmark/clickbench/data/hits.parquet:4618742640..5542491168], [home/ec2-user/liquid-cache/benchmark/clickbench/data/hits.parquet:5542491168..6466239696], [home/ec2-user/liquid-cache/benchmark/clickbench/data/hits.parquet:6466239696..7389988224], [home/ec2-user/liquid-cache/benchmark/clickbench/data/hits.parquet:7389988224..8313736752], [home/ec2-user/liquid-cache/benchmark/clickbench/data/hits.parquet:8313736752..9237485280], [home/ec2-user/liquid-cache/benchmark/clickbench/data/hits.parquet:9237485280..10161233808], [home/ec2-user/liquid-cache/benchmark/clickbench/data/hits.parquet:10161233808..11084982336], [home/ec2-user/liquid-cache/benchmark/clickbench/data/hits.parquet:11084982336..12008730864], [home/ec2-user/liquid-cache/benchmark/clickbench/data/hits.parquet:12008730864..12932479392], [home/ec2-user/liquid-cache/benchmark/clickbench/data/hits.parquet:12932479392..13856227920], [home/ec2-user/liquid-cache/benchmark/clickbench/data/hits.parquet:13856227920..14779976446]]}, file_type=liquid_parquet, metrics=[output_rows=630.5 K, elapsed_compute=16ns, output_bytes=0.0 B, output_batches=5.87 K, files_ranges_pruned_statistics=16 total → 16 matched, row_groups_pruned_statistics=226 total → 212 matched, row_groups_pruned_bloom_filter=0 total → 0 matched, page_index_pages_pruned=0 total → 0 matched, page_index_rows_pruned=0 total → 0 matched, limit_pruned_row_groups=0 total → 0 matched, batches_split=0, bytes_scanned=0, file_open_errors=0, file_scan_errors=0, num_predicate_creation_errors=0, predicate_evaluation_errors=0, pushdown_rows_matched=0, pushdown_rows_pruned=0, predicate_cache_inner_records=0, predicate_cache_records=0, bloom_filter_eval_time=1.88ms, metadata_load_time=1.52ms, page_index_eval_time=2.59µs, row_pushdown_eval_time=32ns, statistics_eval_time=237.96µs, time_elapsed_opening=4.79ms, time_elapsed_processing=110.91ms, time_elapsed_scanning_total=115.13ms, time_elapsed_scanning_until_data=1.59ms, scan_efficiency_ratio=N/A (0/0)]

Cache: entries=11540, mem=181MB, disk=0MB
  Hits: cache_hit=0, eval_predicate=11540
  Misses: cache_miss=0
  IO: read=0, write=0
  Squeeze: squeezed_success=0, squeezed_needs_io=0
Time: 11ms

+----------+
| count(*) |
+----------+
| 630500   |
+----------+
