
=== EXPLAIN ANALYZE (Query 3, Iteration 0) ===
ProjectionExec: expr=[RegionID@0 as RegionID, count(*)@1 as count(*), avg(hits.ResolutionWidth)@2 as avg(hits.ResolutionWidth)], metrics=[output_rows=20, elapsed_compute=1.36µs, output_bytes=400.0 B, output_batches=1, expr_0_eval_time=340ns, expr_1_eval_time=60ns, expr_2_eval_time=60ns]
  SortPreservingMergeExec: [count(Int64(1))@3 DESC], fetch=20, metrics=[output_rows=20, elapsed_compute=7.10µs, output_bytes=560.0 B, output_batches=1]
    SortExec: TopK(fetch=20), expr=[count(*)@1 DESC], preserve_partitioning=[true], filter=[count(*)@1 IS NULL OR count(*)@1 > 253], metrics=[output_rows=237, elapsed_compute=758.65µs, output_bytes=6.5 KB, output_batches=16, row_replacements=349]
      ProjectionExec: expr=[RegionID@0 as RegionID, count(Int64(1))@1 as count(*), avg(hits.ResolutionWidth)@2 as avg(hits.ResolutionWidth), count(Int64(1))@1 as count(Int64(1))], metrics=[output_rows=1.95 K, elapsed_compute=24.21µs, output_bytes=41.0 KB, output_batches=16, expr_0_eval_time=2.74µs, expr_1_eval_time=1.30µs, expr_2_eval_time=1.60µs, expr_3_eval_time=1.11µs]
        AggregateExec: mode=FinalPartitioned, gby=[RegionID@0 as RegionID], aggr=[count(Int64(1)), avg(hits.ResolutionWidth)], metrics=[output_rows=1.95 K, elapsed_compute=1.19ms, output_bytes=41.0 KB, output_batches=16, spill_count=0, spilled_bytes=0.0 B, spilled_rows=0, peak_mem_used=330.7 K, aggregate_arguments_time=18.64µs, aggregation_time=121.51µs, emitting_time=79.69µs, time_calculating_group_ids=218.13µs]
          RepartitionExec: partitioning=Hash([RegionID@0], 16), input_partitions=16, metrics=[output_rows=10.68 K, elapsed_compute=683.09µs, output_bytes=3.5 MB, output_batches=16, spill_count=0, spilled_bytes=0.0 B, spilled_rows=0, fetch_time=2.10s, repartition_time=656.30µs, send_time=284.22µs]
            AggregateExec: mode=Partial, gby=[RegionID@0 as RegionID], aggr=[count(Int64(1)), avg(hits.ResolutionWidth)], metrics=[output_rows=10.68 K, elapsed_compute=37.54ms, output_bytes=426.2 KB, output_batches=16, spill_count=0, spilled_bytes=0.0 B, spilled_rows=0, skipped_aggregation_rows=0, peak_mem_used=772.5 K, aggregate_arguments_time=12.68ms, aggregation_time=8.71ms, emitting_time=99.57µs, time_calculating_group_ids=10.71ms, reduction_factor=1.8% (10.68 K/585.4 K)]
              DataSourceExec: file_groups={16 groups: [[home/ec2-user/liquid-cache/benchmark/clickbench/data/hits.parquet:0..923748528], [home/ec2-user/liquid-cache/benchmark/clickbench/data/hits.parquet:923748528..1847497056], [home/ec2-user/liquid-cache/benchmark/clickbench/data/hits.parquet:1847497056..2771245584], [home/ec2-user/liquid-cache/benchmark/clickbench/data/hits.parquet:2771245584..3694994112], [home/ec2-user/liquid-cache/benchmark/clickbench/data/hits.parquet:3694994112..4618742640], [home/ec2-user/liquid-cache/benchmark/clickbench/data/hits.parquet:4618742640..5542491168], [home/ec2-user/liquid-cache/benchmark/clickbench/data/hits.parquet:5542491168..6466239696], [home/ec2-user/liquid-cache/benchmark/clickbench/data/hits.parquet:6466239696..7389988224], [home/ec2-user/liquid-cache/benchmark/clickbench/data/hits.parquet:7389988224..8313736752], [home/ec2-user/liquid-cache/benchmark/clickbench/data/hits.parquet:8313736752..9237485280], [home/ec2-user/liquid-cache/benchmark/clickbench/data/hits.parquet:9237485280..10161233808], [home/ec2-user/liquid-cache/benchmark/clickbench/data/hits.parquet:10161233808..11084982336], [home/ec2-user/liquid-cache/benchmark/clickbench/data/hits.parquet:11084982336..12008730864], [home/ec2-user/liquid-cache/benchmark/clickbench/data/hits.parquet:12008730864..12932479392], [home/ec2-user/liquid-cache/benchmark/clickbench/data/hits.parquet:12932479392..13856227920], [home/ec2-user/liquid-cache/benchmark/clickbench/data/hits.parquet:13856227920..14779976446]]}, projection=[RegionID, ResolutionWidth], file_type=liquid_parquet, metrics=[output_rows=585.4 K, elapsed_compute=16ns, output_bytes=3.8 MB, output_batches=5.86 K, files_ranges_pruned_statistics=16 total → 16 matched, row_groups_pruned_statistics=226 total → 212 matched, row_groups_pruned_bloom_filter=0 total → 0 matched, page_index_pages_pruned=0 total → 0 matched, page_index_rows_pruned=0 total → 0 matched, limit_pruned_row_groups=0 total → 0 matched, batches_split=0, bytes_scanned=101.3 M, file_open_errors=0, file_scan_errors=0, num_predicate_creation_errors=0, predicate_evaluation_errors=0, pushdown_rows_matched=0, pushdown_rows_pruned=0, predicate_cache_inner_records=0, predicate_cache_records=0, bloom_filter_eval_time=2.77ms, metadata_load_time=162.22ms, page_index_eval_time=3.33µs, row_pushdown_eval_time=32ns, statistics_eval_time=398.82µs, time_elapsed_opening=183.38ms, time_elapsed_processing=1.70s, time_elapsed_scanning_total=1.92s, time_elapsed_scanning_until_data=188.20ms, scan_efficiency_ratio=N/A (0/0)]

Cache: entries=23080, mem=362MB, disk=0MB
  Hits: cache_hit=0, eval_predicate=34620
  Misses: cache_miss=11540
  IO: read=0, write=0
  Squeeze: squeezed_success=0, squeezed_needs_io=0
Time: 161ms

+----------+----------+---------------------------+
| RegionID | count(*) | avg(hits.ResolutionWidth) |
+----------+----------+---------------------------+
| 229      | 127718   | 1490.9539923894831        |
| 2        | 37162    | 1463.62012270599          |
| 208      | 29099    | 1303.4156500223376        |
| 34       | 12023    | 1538.5385511103718        |
| 107      | 10802    | 1579.703203110535         |
| 169      | 10464    | 1542.529243119266         |
| 55       | 10247    | 1342.4106567775934        |
| 44       | 8942     | 1370.9150078282264        |
| 1        | 8834     | 1519.2714512112293        |
| 23       | 8538     | 1254.0892480674631        |
| 42       | 7917     | 1559.5702917771882        |
| 51       | 7820     | 1569.3202046035806        |
| 106      | 7783     | 1556.2761146087628        |
| 32       | 7165     | 1544.8288904396372        |
| 47       | 6711     | 1534.2136790344211        |
| 184      | 6628     | 1522.5264031382017        |
| 54       | 6263     | 1336.4619192080472        |
| 36       | 6180     | 1571.9715210355987        |
| 38       | 5868     | 1561.2220518064075        |
| 226      | 5640     | 1571.5643617021276        |
+----------+----------+---------------------------+

=== EXPLAIN ANALYZE (Query 3, Iteration 1) ===
ProjectionExec: expr=[RegionID@0 as RegionID, count(*)@1 as count(*), avg(hits.ResolutionWidth)@2 as avg(hits.ResolutionWidth)], metrics=[output_rows=20, elapsed_compute=1.37µs, output_bytes=400.0 B, output_batches=1, expr_0_eval_time=280ns, expr_1_eval_time=60ns, expr_2_eval_time=140ns]
  SortPreservingMergeExec: [count(Int64(1))@3 DESC], fetch=20, metrics=[output_rows=20, elapsed_compute=8.13µs, output_bytes=560.0 B, output_batches=1]
    SortExec: TopK(fetch=20), expr=[count(*)@1 DESC], preserve_partitioning=[true], filter=[count(*)@1 IS NULL OR count(*)@1 > 253], metrics=[output_rows=235, elapsed_compute=403.01µs, output_bytes=6.4 KB, output_batches=16, row_replacements=275]
      ProjectionExec: expr=[RegionID@0 as RegionID, count(Int64(1))@1 as count(*), avg(hits.ResolutionWidth)@2 as avg(hits.ResolutionWidth), count(Int64(1))@1 as count(Int64(1))], metrics=[output_rows=1.95 K, elapsed_compute=26.27µs, output_bytes=41.0 KB, output_batches=16, expr_0_eval_time=2.85µs, expr_1_eval_time=1.67µs, expr_2_eval_time=1.15µs, expr_3_eval_time=1.16µs]
        AggregateExec: mode=FinalPartitioned, gby=[RegionID@0 as RegionID], aggr=[count(Int64(1)), avg(hits.ResolutionWidth)], metrics=[output_rows=1.95 K, elapsed_compute=439.52µs, output_bytes=41.0 KB, output_batches=16, spill_count=0, spilled_bytes=0.0 B, spilled_rows=0, peak_mem_used=330.7 K, aggregate_arguments_time=21.83µs, aggregation_time=92.42µs, emitting_time=36.87µs, time_calculating_group_ids=186.71µs]
          RepartitionExec: partitioning=Hash([RegionID@0], 16), input_partitions=16, metrics=[output_rows=10.68 K, elapsed_compute=543.16µs, output_bytes=3.5 MB, output_batches=16, spill_count=0, spilled_bytes=0.0 B, spilled_rows=0, fetch_time=2.22s, repartition_time=687.39µs, send_time=242.79µs]
            AggregateExec: mode=Partial, gby=[RegionID@0 as RegionID], aggr=[count(Int64(1)), avg(hits.ResolutionWidth)], metrics=[output_rows=10.68 K, elapsed_compute=31.92ms, output_bytes=426.2 KB, output_batches=16, spill_count=0, spilled_bytes=0.0 B, spilled_rows=0, skipped_aggregation_rows=0, peak_mem_used=772.5 K, aggregate_arguments_time=9.90ms, aggregation_time=7.58ms, emitting_time=81.05µs, time_calculating_group_ids=9.85ms, reduction_factor=1.8% (10.68 K/585.4 K)]
              DataSourceExec: file_groups={16 groups: [[home/ec2-user/liquid-cache/benchmark/clickbench/data/hits.parquet:0..923748528], [home/ec2-user/liquid-cache/benchmark/clickbench/data/hits.parquet:923748528..1847497056], [home/ec2-user/liquid-cache/benchmark/clickbench/data/hits.parquet:1847497056..2771245584], [home/ec2-user/liquid-cache/benchmark/clickbench/data/hits.parquet:2771245584..3694994112], [home/ec2-user/liquid-cache/benchmark/clickbench/data/hits.parquet:3694994112..4618742640], [home/ec2-user/liquid-cache/benchmark/clickbench/data/hits.parquet:4618742640..5542491168], [home/ec2-user/liquid-cache/benchmark/clickbench/data/hits.parquet:5542491168..6466239696], [home/ec2-user/liquid-cache/benchmark/clickbench/data/hits.parquet:6466239696..7389988224], [home/ec2-user/liquid-cache/benchmark/clickbench/data/hits.parquet:7389988224..8313736752], [home/ec2-user/liquid-cache/benchmark/clickbench/data/hits.parquet:8313736752..9237485280], [home/ec2-user/liquid-cache/benchmark/clickbench/data/hits.parquet:9237485280..10161233808], [home/ec2-user/liquid-cache/benchmark/clickbench/data/hits.parquet:10161233808..11084982336], [home/ec2-user/liquid-cache/benchmark/clickbench/data/hits.parquet:11084982336..12008730864], [home/ec2-user/liquid-cache/benchmark/clickbench/data/hits.parquet:12008730864..12932479392], [home/ec2-user/liquid-cache/benchmark/clickbench/data/hits.parquet:12932479392..13856227920], [home/ec2-user/liquid-cache/benchmark/clickbench/data/hits.parquet:13856227920..14779976446]]}, projection=[RegionID, ResolutionWidth], file_type=liquid_parquet, metrics=[output_rows=585.4 K, elapsed_compute=16ns, output_bytes=3.8 MB, output_batches=5.86 K, files_ranges_pruned_statistics=16 total → 16 matched, row_groups_pruned_statistics=226 total → 212 matched, row_groups_pruned_bloom_filter=0 total → 0 matched, page_index_pages_pruned=0 total → 0 matched, page_index_rows_pruned=0 total → 0 matched, limit_pruned_row_groups=0 total → 0 matched, batches_split=0, bytes_scanned=550.5 M, file_open_errors=0, file_scan_errors=0, num_predicate_creation_errors=0, predicate_evaluation_errors=0, pushdown_rows_matched=0, pushdown_rows_pruned=0, predicate_cache_inner_records=0, predicate_cache_records=0, bloom_filter_eval_time=2.91ms, metadata_load_time=2.24ms, page_index_eval_time=3.19µs, row_pushdown_eval_time=32ns, statistics_eval_time=414.27µs, time_elapsed_opening=7.71ms, time_elapsed_processing=1.96s, time_elapsed_scanning_total=2.21s, time_elapsed_scanning_until_data=30.27ms, scan_efficiency_ratio=N/A (0/0)]

Cache: entries=23080, mem=362MB, disk=0MB
  Hits: cache_hit=0, eval_predicate=23080
  Misses: cache_miss=0
  IO: read=0, write=0
  Squeeze: squeezed_success=0, squeezed_needs_io=0
Time: 228ms

+----------+----------+---------------------------+
| RegionID | count(*) | avg(hits.ResolutionWidth) |
+----------+----------+---------------------------+
| 229      | 127718   | 1490.9539923894831        |
| 2        | 37162    | 1463.62012270599          |
| 208      | 29099    | 1303.4156500223376        |
| 34       | 12023    | 1538.5385511103718        |
| 107      | 10802    | 1579.703203110535         |
| 169      | 10464    | 1542.529243119266         |
| 55       | 10247    | 1342.4106567775934        |
| 44       | 8942     | 1370.9150078282264        |
| 1        | 8834     | 1519.2714512112293        |
| 23       | 8538     | 1254.0892480674631        |
| 42       | 7917     | 1559.5702917771882        |
| 51       | 7820     | 1569.3202046035806        |
| 106      | 7783     | 1556.2761146087628        |
| 32       | 7165     | 1544.8288904396372        |
| 47       | 6711     | 1534.2136790344211        |
| 184      | 6628     | 1522.5264031382017        |
| 54       | 6263     | 1336.4619192080472        |
| 36       | 6180     | 1571.9715210355987        |
| 38       | 5868     | 1561.2220518064075        |
| 226      | 5640     | 1571.5643617021276        |
+----------+----------+---------------------------+

=== EXPLAIN ANALYZE (Query 3, Iteration 2) ===
ProjectionExec: expr=[RegionID@0 as RegionID, count(*)@1 as count(*), avg(hits.ResolutionWidth)@2 as avg(hits.ResolutionWidth)], metrics=[output_rows=20, elapsed_compute=1.77µs, output_bytes=400.0 B, output_batches=1, expr_0_eval_time=230ns, expr_1_eval_time=40ns, expr_2_eval_time=130ns]
  SortPreservingMergeExec: [count(Int64(1))@3 DESC], fetch=20, metrics=[output_rows=20, elapsed_compute=7.84µs, output_bytes=560.0 B, output_batches=1]
    SortExec: TopK(fetch=20), expr=[count(*)@1 DESC], preserve_partitioning=[true], filter=[count(*)@1 IS NULL OR count(*)@1 > 253], metrics=[output_rows=216, elapsed_compute=449.44µs, output_bytes=5.9 KB, output_batches=16, row_replacements=267]
      ProjectionExec: expr=[RegionID@0 as RegionID, count(Int64(1))@1 as count(*), avg(hits.ResolutionWidth)@2 as avg(hits.ResolutionWidth), count(Int64(1))@1 as count(Int64(1))], metrics=[output_rows=1.95 K, elapsed_compute=28.47µs, output_bytes=41.0 KB, output_batches=16, expr_0_eval_time=3.93µs, expr_1_eval_time=1.39µs, expr_2_eval_time=1.24µs, expr_3_eval_time=1.75µs]
        AggregateExec: mode=FinalPartitioned, gby=[RegionID@0 as RegionID], aggr=[count(Int64(1)), avg(hits.ResolutionWidth)], metrics=[output_rows=1.95 K, elapsed_compute=457.76µs, output_bytes=41.0 KB, output_batches=16, spill_count=0, spilled_bytes=0.0 B, spilled_rows=0, peak_mem_used=330.7 K, aggregate_arguments_time=22.21µs, aggregation_time=101.79µs, emitting_time=40.71µs, time_calculating_group_ids=196.49µs]
          RepartitionExec: partitioning=Hash([RegionID@0], 16), input_partitions=16, metrics=[output_rows=10.68 K, elapsed_compute=497.98µs, output_bytes=3.5 MB, output_batches=16, spill_count=0, spilled_bytes=0.0 B, spilled_rows=0, fetch_time=2.18s, repartition_time=701.95µs, send_time=204.43µs]
            AggregateExec: mode=Partial, gby=[RegionID@0 as RegionID], aggr=[count(Int64(1)), avg(hits.ResolutionWidth)], metrics=[output_rows=10.68 K, elapsed_compute=31.32ms, output_bytes=426.2 KB, output_batches=16, spill_count=0, spilled_bytes=0.0 B, spilled_rows=0, skipped_aggregation_rows=0, peak_mem_used=772.5 K, aggregate_arguments_time=9.76ms, aggregation_time=7.99ms, emitting_time=80.39µs, time_calculating_group_ids=9.26ms, reduction_factor=1.8% (10.68 K/585.4 K)]
              DataSourceExec: file_groups={16 groups: [[home/ec2-user/liquid-cache/benchmark/clickbench/data/hits.parquet:0..923748528], [home/ec2-user/liquid-cache/benchmark/clickbench/data/hits.parquet:923748528..1847497056], [home/ec2-user/liquid-cache/benchmark/clickbench/data/hits.parquet:1847497056..2771245584], [home/ec2-user/liquid-cache/benchmark/clickbench/data/hits.parquet:2771245584..3694994112], [home/ec2-user/liquid-cache/benchmark/clickbench/data/hits.parquet:3694994112..4618742640], [home/ec2-user/liquid-cache/benchmark/clickbench/data/hits.parquet:4618742640..5542491168], [home/ec2-user/liquid-cache/benchmark/clickbench/data/hits.parquet:5542491168..6466239696], [home/ec2-user/liquid-cache/benchmark/clickbench/data/hits.parquet:6466239696..7389988224], [home/ec2-user/liquid-cache/benchmark/clickbench/data/hits.parquet:7389988224..8313736752], [home/ec2-user/liquid-cache/benchmark/clickbench/data/hits.parquet:8313736752..9237485280], [home/ec2-user/liquid-cache/benchmark/clickbench/data/hits.parquet:9237485280..10161233808], [home/ec2-user/liquid-cache/benchmark/clickbench/data/hits.parquet:10161233808..11084982336], [home/ec2-user/liquid-cache/benchmark/clickbench/data/hits.parquet:11084982336..12008730864], [home/ec2-user/liquid-cache/benchmark/clickbench/data/hits.parquet:12008730864..12932479392], [home/ec2-user/liquid-cache/benchmark/clickbench/data/hits.parquet:12932479392..13856227920], [home/ec2-user/liquid-cache/benchmark/clickbench/data/hits.parquet:13856227920..14779976446]]}, projection=[RegionID, ResolutionWidth], file_type=liquid_parquet, metrics=[output_rows=585.4 K, elapsed_compute=16ns, output_bytes=3.8 MB, output_batches=5.86 K, files_ranges_pruned_statistics=16 total → 16 matched, row_groups_pruned_statistics=226 total → 212 matched, row_groups_pruned_bloom_filter=0 total → 0 matched, page_index_pages_pruned=0 total → 0 matched, page_index_rows_pruned=0 total → 0 matched, limit_pruned_row_groups=0 total → 0 matched, batches_split=0, bytes_scanned=550.5 M, file_open_errors=0, file_scan_errors=0, num_predicate_creation_errors=0, predicate_evaluation_errors=0, pushdown_rows_matched=0, pushdown_rows_pruned=0, predicate_cache_inner_records=0, predicate_cache_records=0, bloom_filter_eval_time=3.93ms, metadata_load_time=2.53ms, page_index_eval_time=3.56µs, row_pushdown_eval_time=32ns, statistics_eval_time=432.35µs, time_elapsed_opening=9.08ms, time_elapsed_processing=1.95s, time_elapsed_scanning_total=2.17s, time_elapsed_scanning_until_data=30.12ms, scan_efficiency_ratio=N/A (0/0)]

Cache: entries=23080, mem=362MB, disk=0MB
  Hits: cache_hit=0, eval_predicate=23080
  Misses: cache_miss=0
  IO: read=0, write=0
  Squeeze: squeezed_success=0, squeezed_needs_io=0
Time: 225ms

+----------+----------+---------------------------+
| RegionID | count(*) | avg(hits.ResolutionWidth) |
+----------+----------+---------------------------+
| 229      | 127718   | 1490.9539923894831        |
| 2        | 37162    | 1463.62012270599          |
| 208      | 29099    | 1303.4156500223376        |
| 34       | 12023    | 1538.5385511103718        |
| 107      | 10802    | 1579.703203110535         |
| 169      | 10464    | 1542.529243119266         |
| 55       | 10247    | 1342.4106567775934        |
| 44       | 8942     | 1370.9150078282264        |
| 1        | 8834     | 1519.2714512112293        |
| 23       | 8538     | 1254.0892480674631        |
| 42       | 7917     | 1559.5702917771882        |
| 51       | 7820     | 1569.3202046035806        |
| 106      | 7783     | 1556.2761146087628        |
| 32       | 7165     | 1544.8288904396372        |
| 47       | 6711     | 1534.2136790344211        |
| 184      | 6628     | 1522.5264031382017        |
| 54       | 6263     | 1336.4619192080472        |
| 36       | 6180     | 1571.9715210355987        |
| 38       | 5868     | 1561.2220518064075        |
| 226      | 5640     | 1571.5643617021276        |
+----------+----------+---------------------------+

=== EXPLAIN ANALYZE (Query 3, Iteration 3) ===
ProjectionExec: expr=[RegionID@0 as RegionID, count(*)@1 as count(*), avg(hits.ResolutionWidth)@2 as avg(hits.ResolutionWidth)], metrics=[output_rows=20, elapsed_compute=1.84µs, output_bytes=400.0 B, output_batches=1, expr_0_eval_time=200ns, expr_1_eval_time=80ns, expr_2_eval_time=140ns]
  SortPreservingMergeExec: [count(Int64(1))@3 DESC], fetch=20, metrics=[output_rows=20, elapsed_compute=8.02µs, output_bytes=560.0 B, output_batches=1]
    SortExec: TopK(fetch=20), expr=[count(*)@1 DESC], preserve_partitioning=[true], filter=[count(*)@1 IS NULL OR count(*)@1 > 253], metrics=[output_rows=262, elapsed_compute=439.85µs, output_bytes=7.2 KB, output_batches=16, row_replacements=294]
      ProjectionExec: expr=[RegionID@0 as RegionID, count(Int64(1))@1 as count(*), avg(hits.ResolutionWidth)@2 as avg(hits.ResolutionWidth), count(Int64(1))@1 as count(Int64(1))], metrics=[output_rows=1.95 K, elapsed_compute=26.54µs, output_bytes=41.0 KB, output_batches=16, expr_0_eval_time=3.42µs, expr_1_eval_time=1.67µs, expr_2_eval_time=1.49µs, expr_3_eval_time=1.40µs]
        AggregateExec: mode=FinalPartitioned, gby=[RegionID@0 as RegionID], aggr=[count(Int64(1)), avg(hits.ResolutionWidth)], metrics=[output_rows=1.95 K, elapsed_compute=424.12µs, output_bytes=41.0 KB, output_batches=16, spill_count=0, spilled_bytes=0.0 B, spilled_rows=0, peak_mem_used=330.7 K, aggregate_arguments_time=20.24µs, aggregation_time=93.89µs, emitting_time=38.88µs, time_calculating_group_ids=195.72µs]
          RepartitionExec: partitioning=Hash([RegionID@0], 16), input_partitions=16, metrics=[output_rows=10.68 K, elapsed_compute=666.30µs, output_bytes=3.5 MB, output_batches=16, spill_count=0, spilled_bytes=0.0 B, spilled_rows=0, fetch_time=2.23s, repartition_time=686.45µs, send_time=236.81µs]
            AggregateExec: mode=Partial, gby=[RegionID@0 as RegionID], aggr=[count(Int64(1)), avg(hits.ResolutionWidth)], metrics=[output_rows=10.68 K, elapsed_compute=30.62ms, output_bytes=426.2 KB, output_batches=16, spill_count=0, spilled_bytes=0.0 B, spilled_rows=0, skipped_aggregation_rows=0, peak_mem_used=772.5 K, aggregate_arguments_time=9.58ms, aggregation_time=7.87ms, emitting_time=84.92µs, time_calculating_group_ids=8.89ms, reduction_factor=1.8% (10.68 K/585.4 K)]
              DataSourceExec: file_groups={16 groups: [[home/ec2-user/liquid-cache/benchmark/clickbench/data/hits.parquet:0..923748528], [home/ec2-user/liquid-cache/benchmark/clickbench/data/hits.parquet:923748528..1847497056], [home/ec2-user/liquid-cache/benchmark/clickbench/data/hits.parquet:1847497056..2771245584], [home/ec2-user/liquid-cache/benchmark/clickbench/data/hits.parquet:2771245584..3694994112], [home/ec2-user/liquid-cache/benchmark/clickbench/data/hits.parquet:3694994112..4618742640], [home/ec2-user/liquid-cache/benchmark/clickbench/data/hits.parquet:4618742640..5542491168], [home/ec2-user/liquid-cache/benchmark/clickbench/data/hits.parquet:5542491168..6466239696], [home/ec2-user/liquid-cache/benchmark/clickbench/data/hits.parquet:6466239696..7389988224], [home/ec2-user/liquid-cache/benchmark/clickbench/data/hits.parquet:7389988224..8313736752], [home/ec2-user/liquid-cache/benchmark/clickbench/data/hits.parquet:8313736752..9237485280], [home/ec2-user/liquid-cache/benchmark/clickbench/data/hits.parquet:9237485280..10161233808], [home/ec2-user/liquid-cache/benchmark/clickbench/data/hits.parquet:10161233808..11084982336], [home/ec2-user/liquid-cache/benchmark/clickbench/data/hits.parquet:11084982336..12008730864], [home/ec2-user/liquid-cache/benchmark/clickbench/data/hits.parquet:12008730864..12932479392], [home/ec2-user/liquid-cache/benchmark/clickbench/data/hits.parquet:12932479392..13856227920], [home/ec2-user/liquid-cache/benchmark/clickbench/data/hits.parquet:13856227920..14779976446]]}, projection=[RegionID, ResolutionWidth], file_type=liquid_parquet, metrics=[output_rows=585.4 K, elapsed_compute=16ns, output_bytes=3.8 MB, output_batches=5.86 K, files_ranges_pruned_statistics=16 total → 16 matched, row_groups_pruned_statistics=226 total → 212 matched, row_groups_pruned_bloom_filter=0 total → 0 matched, page_index_pages_pruned=0 total → 0 matched, page_index_rows_pruned=0 total → 0 matched, limit_pruned_row_groups=0 total → 0 matched, batches_split=0, bytes_scanned=550.5 M, file_open_errors=0, file_scan_errors=0, num_predicate_creation_errors=0, predicate_evaluation_errors=0, pushdown_rows_matched=0, pushdown_rows_pruned=0, predicate_cache_inner_records=0, predicate_cache_records=0, bloom_filter_eval_time=3.34ms, metadata_load_time=3.76ms, page_index_eval_time=3.38µs, row_pushdown_eval_time=32ns, statistics_eval_time=620.20µs, time_elapsed_opening=10.22ms, time_elapsed_processing=1.95s, time_elapsed_scanning_total=2.22s, time_elapsed_scanning_until_data=29.22ms, scan_efficiency_ratio=N/A (0/0)]

Cache: entries=23080, mem=362MB, disk=0MB
  Hits: cache_hit=0, eval_predicate=23080
  Misses: cache_miss=0
  IO: read=0, write=0
  Squeeze: squeezed_success=0, squeezed_needs_io=0
Time: 238ms

+----------+----------+---------------------------+
| RegionID | count(*) | avg(hits.ResolutionWidth) |
+----------+----------+---------------------------+
| 229      | 127718   | 1490.9539923894831        |
| 2        | 37162    | 1463.62012270599          |
| 208      | 29099    | 1303.4156500223376        |
| 34       | 12023    | 1538.5385511103718        |
| 107      | 10802    | 1579.703203110535         |
| 169      | 10464    | 1542.529243119266         |
| 55       | 10247    | 1342.4106567775934        |
| 44       | 8942     | 1370.9150078282264        |
| 1        | 8834     | 1519.2714512112293        |
| 23       | 8538     | 1254.0892480674631        |
| 42       | 7917     | 1559.5702917771882        |
| 51       | 7820     | 1569.3202046035806        |
| 106      | 7783     | 1556.2761146087628        |
| 32       | 7165     | 1544.8288904396372        |
| 47       | 6711     | 1534.2136790344211        |
| 184      | 6628     | 1522.5264031382017        |
| 54       | 6263     | 1336.4619192080472        |
| 36       | 6180     | 1571.9715210355987        |
| 38       | 5868     | 1561.2220518064075        |
| 226      | 5640     | 1571.5643617021276        |
+----------+----------+---------------------------+

=== EXPLAIN ANALYZE (Query 3, Iteration 4) ===
ProjectionExec: expr=[RegionID@0 as RegionID, count(*)@1 as count(*), avg(hits.ResolutionWidth)@2 as avg(hits.ResolutionWidth)], metrics=[output_rows=20, elapsed_compute=1.66µs, output_bytes=400.0 B, output_batches=1, expr_0_eval_time=269ns, expr_1_eval_time=131ns, expr_2_eval_time=49ns]
  SortPreservingMergeExec: [count(Int64(1))@3 DESC], fetch=20, metrics=[output_rows=20, elapsed_compute=7.56µs, output_bytes=560.0 B, output_batches=1]
    SortExec: TopK(fetch=20), expr=[count(*)@1 DESC], preserve_partitioning=[true], filter=[count(*)@1 IS NULL OR count(*)@1 > 253], metrics=[output_rows=259, elapsed_compute=455.63µs, output_bytes=7.1 KB, output_batches=16, row_replacements=318]
      ProjectionExec: expr=[RegionID@0 as RegionID, count(Int64(1))@1 as count(*), avg(hits.ResolutionWidth)@2 as avg(hits.ResolutionWidth), count(Int64(1))@1 as count(Int64(1))], metrics=[output_rows=1.95 K, elapsed_compute=27.44µs, output_bytes=41.0 KB, output_batches=16, expr_0_eval_time=3.14µs, expr_1_eval_time=1.62µs, expr_2_eval_time=1.41µs, expr_3_eval_time=1.15µs]
        AggregateExec: mode=FinalPartitioned, gby=[RegionID@0 as RegionID], aggr=[count(Int64(1)), avg(hits.ResolutionWidth)], metrics=[output_rows=1.95 K, elapsed_compute=437.80µs, output_bytes=41.0 KB, output_batches=16, spill_count=0, spilled_bytes=0.0 B, spilled_rows=0, peak_mem_used=330.7 K, aggregate_arguments_time=32.96µs, aggregation_time=98.34µs, emitting_time=40.27µs, time_calculating_group_ids=188.58µs]
          RepartitionExec: partitioning=Hash([RegionID@0], 16), input_partitions=16, metrics=[output_rows=10.68 K, elapsed_compute=759.54µs, output_bytes=3.5 MB, output_batches=16, spill_count=0, spilled_bytes=0.0 B, spilled_rows=0, fetch_time=2.20s, repartition_time=753.02µs, send_time=233.74µs]
            AggregateExec: mode=Partial, gby=[RegionID@0 as RegionID], aggr=[count(Int64(1)), avg(hits.ResolutionWidth)], metrics=[output_rows=10.68 K, elapsed_compute=31.94ms, output_bytes=426.2 KB, output_batches=16, spill_count=0, spilled_bytes=0.0 B, spilled_rows=0, skipped_aggregation_rows=0, peak_mem_used=772.5 K, aggregate_arguments_time=9.96ms, aggregation_time=7.58ms, emitting_time=74.76µs, time_calculating_group_ids=9.39ms, reduction_factor=1.8% (10.68 K/585.4 K)]
              DataSourceExec: file_groups={16 groups: [[home/ec2-user/liquid-cache/benchmark/clickbench/data/hits.parquet:0..923748528], [home/ec2-user/liquid-cache/benchmark/clickbench/data/hits.parquet:923748528..1847497056], [home/ec2-user/liquid-cache/benchmark/clickbench/data/hits.parquet:1847497056..2771245584], [home/ec2-user/liquid-cache/benchmark/clickbench/data/hits.parquet:2771245584..3694994112], [home/ec2-user/liquid-cache/benchmark/clickbench/data/hits.parquet:3694994112..4618742640], [home/ec2-user/liquid-cache/benchmark/clickbench/data/hits.parquet:4618742640..5542491168], [home/ec2-user/liquid-cache/benchmark/clickbench/data/hits.parquet:5542491168..6466239696], [home/ec2-user/liquid-cache/benchmark/clickbench/data/hits.parquet:6466239696..7389988224], [home/ec2-user/liquid-cache/benchmark/clickbench/data/hits.parquet:7389988224..8313736752], [home/ec2-user/liquid-cache/benchmark/clickbench/data/hits.parquet:8313736752..9237485280], [home/ec2-user/liquid-cache/benchmark/clickbench/data/hits.parquet:9237485280..10161233808], [home/ec2-user/liquid-cache/benchmark/clickbench/data/hits.parquet:10161233808..11084982336], [home/ec2-user/liquid-cache/benchmark/clickbench/data/hits.parquet:11084982336..12008730864], [home/ec2-user/liquid-cache/benchmark/clickbench/data/hits.parquet:12008730864..12932479392], [home/ec2-user/liquid-cache/benchmark/clickbench/data/hits.parquet:12932479392..13856227920], [home/ec2-user/liquid-cache/benchmark/clickbench/data/hits.parquet:13856227920..14779976446]]}, projection=[RegionID, ResolutionWidth], file_type=liquid_parquet, metrics=[output_rows=585.4 K, elapsed_compute=16ns, output_bytes=3.8 MB, output_batches=5.86 K, files_ranges_pruned_statistics=16 total → 16 matched, row_groups_pruned_statistics=226 total → 212 matched, row_groups_pruned_bloom_filter=0 total → 0 matched, page_index_pages_pruned=0 total → 0 matched, page_index_rows_pruned=0 total → 0 matched, limit_pruned_row_groups=0 total → 0 matched, batches_split=0, bytes_scanned=550.5 M, file_open_errors=0, file_scan_errors=0, num_predicate_creation_errors=0, predicate_evaluation_errors=0, pushdown_rows_matched=0, pushdown_rows_pruned=0, predicate_cache_inner_records=0, predicate_cache_records=0, bloom_filter_eval_time=3.19ms, metadata_load_time=3.37ms, page_index_eval_time=3.71µs, row_pushdown_eval_time=32ns, statistics_eval_time=470.08µs, time_elapsed_opening=9.38ms, time_elapsed_processing=1.98s, time_elapsed_scanning_total=2.19s, time_elapsed_scanning_until_data=30.53ms, scan_efficiency_ratio=N/A (0/0)]

Cache: entries=23080, mem=362MB, disk=0MB
  Hits: cache_hit=0, eval_predicate=23080
  Misses: cache_miss=0
  IO: read=0, write=0
  Squeeze: squeezed_success=0, squeezed_needs_io=0
Time: 236ms

+----------+----------+---------------------------+
| RegionID | count(*) | avg(hits.ResolutionWidth) |
+----------+----------+---------------------------+
| 229      | 127718   | 1490.9539923894831        |
| 2        | 37162    | 1463.62012270599          |
| 208      | 29099    | 1303.4156500223376        |
| 34       | 12023    | 1538.5385511103718        |
| 107      | 10802    | 1579.703203110535         |
| 169      | 10464    | 1542.529243119266         |
| 55       | 10247    | 1342.4106567775934        |
| 44       | 8942     | 1370.9150078282264        |
| 1        | 8834     | 1519.2714512112293        |
| 23       | 8538     | 1254.0892480674631        |
| 42       | 7917     | 1559.5702917771882        |
| 51       | 7820     | 1569.3202046035806        |
| 106      | 7783     | 1556.2761146087628        |
| 32       | 7165     | 1544.8288904396372        |
| 47       | 6711     | 1534.2136790344211        |
| 184      | 6628     | 1522.5264031382017        |
| 54       | 6263     | 1336.4619192080472        |
| 36       | 6180     | 1571.9715210355987        |
| 38       | 5868     | 1561.2220518064075        |
| 226      | 5640     | 1571.5643617021276        |
+----------+----------+---------------------------+
