
=== EXPLAIN ANALYZE (Query 1, Iteration 0) ===
ProjectionExec: expr=[count(Int64(1))@0 as count(*)], metrics=[output_rows=1, elapsed_compute=1.22µs, output_bytes=8.0 B, output_batches=1, expr_0_eval_time=340ns]
  AggregateExec: mode=Final, gby=[], aggr=[count(Int64(1))], metrics=[output_rows=1, elapsed_compute=16.03µs, output_bytes=8.0 B, output_batches=1]
    CoalescePartitionsExec, metrics=[output_rows=16, elapsed_compute=25.25µs, output_bytes=128.0 B, output_batches=16]
      AggregateExec: mode=Partial, gby=[], aggr=[count(Int64(1))], metrics=[output_rows=16, elapsed_compute=10.65ms, output_bytes=128.0 B, output_batches=16]
        DataSourceExec: file_groups={16 groups: [[home/ec2-user/liquid-cache/benchmark/clickbench/data/hits.parquet:0..923748528], [home/ec2-user/liquid-cache/benchmark/clickbench/data/hits.parquet:923748528..1847497056], [home/ec2-user/liquid-cache/benchmark/clickbench/data/hits.parquet:1847497056..2771245584], [home/ec2-user/liquid-cache/benchmark/clickbench/data/hits.parquet:2771245584..3694994112], [home/ec2-user/liquid-cache/benchmark/clickbench/data/hits.parquet:3694994112..4618742640], [home/ec2-user/liquid-cache/benchmark/clickbench/data/hits.parquet:4618742640..5542491168], [home/ec2-user/liquid-cache/benchmark/clickbench/data/hits.parquet:5542491168..6466239696], [home/ec2-user/liquid-cache/benchmark/clickbench/data/hits.parquet:6466239696..7389988224], [home/ec2-user/liquid-cache/benchmark/clickbench/data/hits.parquet:7389988224..8313736752], [home/ec2-user/liquid-cache/benchmark/clickbench/data/hits.parquet:8313736752..9237485280], [home/ec2-user/liquid-cache/benchmark/clickbench/data/hits.parquet:9237485280..10161233808], [home/ec2-user/liquid-cache/benchmark/clickbench/data/hits.parquet:10161233808..11084982336], [home/ec2-user/liquid-cache/benchmark/clickbench/data/hits.parquet:11084982336..12008730864], [home/ec2-user/liquid-cache/benchmark/clickbench/data/hits.parquet:12008730864..12932479392], [home/ec2-user/liquid-cache/benchmark/clickbench/data/hits.parquet:12932479392..13856227920], [home/ec2-user/liquid-cache/benchmark/clickbench/data/hits.parquet:13856227920..14779976446]]}, file_type=liquid_parquet, metrics=[output_rows=630.5 K, elapsed_compute=16ns, output_bytes=0.0 B, output_batches=5.87 K, files_ranges_pruned_statistics=16 total → 16 matched, row_groups_pruned_statistics=226 total → 212 matched, row_groups_pruned_bloom_filter=0 total → 0 matched, page_index_pages_pruned=0 total → 0 matched, page_index_rows_pruned=0 total → 0 matched, limit_pruned_row_groups=0 total → 0 matched, batches_split=0, bytes_scanned=941.5 K, file_open_errors=0, file_scan_errors=0, num_predicate_creation_errors=0, predicate_evaluation_errors=0, pushdown_rows_matched=0, pushdown_rows_pruned=0, predicate_cache_inner_records=0, predicate_cache_records=0, bloom_filter_eval_time=1.75ms, metadata_load_time=158.82ms, page_index_eval_time=2.85µs, row_pushdown_eval_time=32ns, statistics_eval_time=297.31µs, time_elapsed_opening=172.86ms, time_elapsed_processing=542.09ms, time_elapsed_scanning_total=598.11ms, time_elapsed_scanning_until_data=58.17ms, scan_efficiency_ratio=N/A (0/0)]

Cache: entries=11540, mem=127MB, disk=0MB
  Hits: cache_hit=0, eval_predicate=23080
  Misses: cache_miss=11540
  IO: read=0, write=0
  Squeeze: squeezed_success=0, squeezed_needs_io=0
Time: 63ms

+----------+
| count(*) |
+----------+
| 630500   |
+----------+

=== EXPLAIN ANALYZE (Query 1, Iteration 1) ===
ProjectionExec: expr=[count(Int64(1))@0 as count(*)], metrics=[output_rows=1, elapsed_compute=1.05µs, output_bytes=8.0 B, output_batches=1, expr_0_eval_time=230ns]
  AggregateExec: mode=Final, gby=[], aggr=[count(Int64(1))], metrics=[output_rows=1, elapsed_compute=9.36µs, output_bytes=8.0 B, output_batches=1]
    CoalescePartitionsExec, metrics=[output_rows=16, elapsed_compute=17.63µs, output_bytes=128.0 B, output_batches=16]
      AggregateExec: mode=Partial, gby=[], aggr=[count(Int64(1))], metrics=[output_rows=16, elapsed_compute=2.21ms, output_bytes=128.0 B, output_batches=16]
        DataSourceExec: file_groups={16 groups: [[home/ec2-user/liquid-cache/benchmark/clickbench/data/hits.parquet:0..923748528], [home/ec2-user/liquid-cache/benchmark/clickbench/data/hits.parquet:923748528..1847497056], [home/ec2-user/liquid-cache/benchmark/clickbench/data/hits.parquet:1847497056..2771245584], [home/ec2-user/liquid-cache/benchmark/clickbench/data/hits.parquet:2771245584..3694994112], [home/ec2-user/liquid-cache/benchmark/clickbench/data/hits.parquet:3694994112..4618742640], [home/ec2-user/liquid-cache/benchmark/clickbench/data/hits.parquet:4618742640..5542491168], [home/ec2-user/liquid-cache/benchmark/clickbench/data/hits.parquet:5542491168..6466239696], [home/ec2-user/liquid-cache/benchmark/clickbench/data/hits.parquet:6466239696..7389988224], [home/ec2-user/liquid-cache/benchmark/clickbench/data/hits.parquet:7389988224..8313736752], [home/ec2-user/liquid-cache/benchmark/clickbench/data/hits.parquet:8313736752..9237485280], [home/ec2-user/liquid-cache/benchmark/clickbench/data/hits.parquet:9237485280..10161233808], [home/ec2-user/liquid-cache/benchmark/clickbench/data/hits.parquet:10161233808..11084982336], [home/ec2-user/liquid-cache/benchmark/clickbench/data/hits.parquet:11084982336..12008730864], [home/ec2-user/liquid-cache/benchmark/clickbench/data/hits.parquet:12008730864..12932479392], [home/ec2-user/liquid-cache/benchmark/clickbench/data/hits.parquet:12932479392..13856227920], [home/ec2-user/liquid-cache/benchmark/clickbench/data/hits.parquet:13856227920..14779976446]]}, file_type=liquid_parquet, metrics=[output_rows=630.5 K, elapsed_compute=16ns, output_bytes=0.0 B, output_batches=5.87 K, files_ranges_pruned_statistics=16 total → 16 matched, row_groups_pruned_statistics=226 total → 212 matched, row_groups_pruned_bloom_filter=0 total → 0 matched, page_index_pages_pruned=0 total → 0 matched, page_index_rows_pruned=0 total → 0 matched, limit_pruned_row_groups=0 total → 0 matched, batches_split=0, bytes_scanned=0, file_open_errors=0, file_scan_errors=0, num_predicate_creation_errors=0, predicate_evaluation_errors=0, pushdown_rows_matched=0, pushdown_rows_pruned=0, predicate_cache_inner_records=0, predicate_cache_records=0, bloom_filter_eval_time=2.19ms, metadata_load_time=7.65ms, page_index_eval_time=3.19µs, row_pushdown_eval_time=32ns, statistics_eval_time=330.55µs, time_elapsed_opening=11.80ms, time_elapsed_processing=122.91ms, time_elapsed_scanning_total=114.40ms, time_elapsed_scanning_until_data=1.82ms, scan_efficiency_ratio=N/A (0/0)]

Cache: entries=11540, mem=127MB, disk=0MB
  Hits: cache_hit=0, eval_predicate=11540
  Misses: cache_miss=0
  IO: read=0, write=0
  Squeeze: squeezed_success=0, squeezed_needs_io=0
Time: 11ms

+----------+
| count(*) |
+----------+
| 630500   |
+----------+

=== EXPLAIN ANALYZE (Query 1, Iteration 2) ===
ProjectionExec: expr=[count(Int64(1))@0 as count(*)], metrics=[output_rows=1, elapsed_compute=1.36µs, output_bytes=8.0 B, output_batches=1, expr_0_eval_time=540ns]
  AggregateExec: mode=Final, gby=[], aggr=[count(Int64(1))], metrics=[output_rows=1, elapsed_compute=10.65µs, output_bytes=8.0 B, output_batches=1]
    CoalescePartitionsExec, metrics=[output_rows=16, elapsed_compute=15.48µs, output_bytes=128.0 B, output_batches=16]
      AggregateExec: mode=Partial, gby=[], aggr=[count(Int64(1))], metrics=[output_rows=16, elapsed_compute=2.26ms, output_bytes=128.0 B, output_batches=16]
        DataSourceExec: file_groups={16 groups: [[home/ec2-user/liquid-cache/benchmark/clickbench/data/hits.parquet:0..923748528], [home/ec2-user/liquid-cache/benchmark/clickbench/data/hits.parquet:923748528..1847497056], [home/ec2-user/liquid-cache/benchmark/clickbench/data/hits.parquet:1847497056..2771245584], [home/ec2-user/liquid-cache/benchmark/clickbench/data/hits.parquet:2771245584..3694994112], [home/ec2-user/liquid-cache/benchmark/clickbench/data/hits.parquet:3694994112..4618742640], [home/ec2-user/liquid-cache/benchmark/clickbench/data/hits.parquet:4618742640..5542491168], [home/ec2-user/liquid-cache/benchmark/clickbench/data/hits.parquet:5542491168..6466239696], [home/ec2-user/liquid-cache/benchmark/clickbench/data/hits.parquet:6466239696..7389988224], [home/ec2-user/liquid-cache/benchmark/clickbench/data/hits.parquet:7389988224..8313736752], [home/ec2-user/liquid-cache/benchmark/clickbench/data/hits.parquet:8313736752..9237485280], [home/ec2-user/liquid-cache/benchmark/clickbench/data/hits.parquet:9237485280..10161233808], [home/ec2-user/liquid-cache/benchmark/clickbench/data/hits.parquet:10161233808..11084982336], [home/ec2-user/liquid-cache/benchmark/clickbench/data/hits.parquet:11084982336..12008730864], [home/ec2-user/liquid-cache/benchmark/clickbench/data/hits.parquet:12008730864..12932479392], [home/ec2-user/liquid-cache/benchmark/clickbench/data/hits.parquet:12932479392..13856227920], [home/ec2-user/liquid-cache/benchmark/clickbench/data/hits.parquet:13856227920..14779976446]]}, file_type=liquid_parquet, metrics=[output_rows=630.5 K, elapsed_compute=16ns, output_bytes=0.0 B, output_batches=5.87 K, files_ranges_pruned_statistics=16 total → 16 matched, row_groups_pruned_statistics=226 total → 212 matched, row_groups_pruned_bloom_filter=0 total → 0 matched, page_index_pages_pruned=0 total → 0 matched, page_index_rows_pruned=0 total → 0 matched, limit_pruned_row_groups=0 total → 0 matched, batches_split=0, bytes_scanned=0, file_open_errors=0, file_scan_errors=0, num_predicate_creation_errors=0, predicate_evaluation_errors=0, pushdown_rows_matched=0, pushdown_rows_pruned=0, predicate_cache_inner_records=0, predicate_cache_records=0, bloom_filter_eval_time=2.06ms, metadata_load_time=1.65ms, page_index_eval_time=3.14µs, row_pushdown_eval_time=32ns, statistics_eval_time=261.21µs, time_elapsed_opening=5.22ms, time_elapsed_processing=114.27ms, time_elapsed_scanning_total=117.09ms, time_elapsed_scanning_until_data=1.83ms, scan_efficiency_ratio=N/A (0/0)]

Cache: entries=11540, mem=127MB, disk=0MB
  Hits: cache_hit=0, eval_predicate=11540
  Misses: cache_miss=0
  IO: read=0, write=0
  Squeeze: squeezed_success=0, squeezed_needs_io=0
Time: 11ms

+----------+
| count(*) |
+----------+
| 630500   |
+----------+

=== EXPLAIN ANALYZE (Query 1, Iteration 3) ===
ProjectionExec: expr=[count(Int64(1))@0 as count(*)], metrics=[output_rows=1, elapsed_compute=950ns, output_bytes=8.0 B, output_batches=1, expr_0_eval_time=370ns]
  AggregateExec: mode=Final, gby=[], aggr=[count(Int64(1))], metrics=[output_rows=1, elapsed_compute=8.17µs, output_bytes=8.0 B, output_batches=1]
    CoalescePartitionsExec, metrics=[output_rows=16, elapsed_compute=15.55µs, output_bytes=128.0 B, output_batches=16]
      AggregateExec: mode=Partial, gby=[], aggr=[count(Int64(1))], metrics=[output_rows=16, elapsed_compute=2.23ms, output_bytes=128.0 B, output_batches=16]
        DataSourceExec: file_groups={16 groups: [[home/ec2-user/liquid-cache/benchmark/clickbench/data/hits.parquet:0..923748528], [home/ec2-user/liquid-cache/benchmark/clickbench/data/hits.parquet:923748528..1847497056], [home/ec2-user/liquid-cache/benchmark/clickbench/data/hits.parquet:1847497056..2771245584], [home/ec2-user/liquid-cache/benchmark/clickbench/data/hits.parquet:2771245584..3694994112], [home/ec2-user/liquid-cache/benchmark/clickbench/data/hits.parquet:3694994112..4618742640], [home/ec2-user/liquid-cache/benchmark/clickbench/data/hits.parquet:4618742640..5542491168], [home/ec2-user/liquid-cache/benchmark/clickbench/data/hits.parquet:5542491168..6466239696], [home/ec2-user/liquid-cache/benchmark/clickbench/data/hits.parquet:6466239696..7389988224], [home/ec2-user/liquid-cache/benchmark/clickbench/data/hits.parquet:7389988224..8313736752], [home/ec2-user/liquid-cache/benchmark/clickbench/data/hits.parquet:8313736752..9237485280], [home/ec2-user/liquid-cache/benchmark/clickbench/data/hits.parquet:9237485280..10161233808], [home/ec2-user/liquid-cache/benchmark/clickbench/data/hits.parquet:10161233808..11084982336], [home/ec2-user/liquid-cache/benchmark/clickbench/data/hits.parquet:11084982336..12008730864], [home/ec2-user/liquid-cache/benchmark/clickbench/data/hits.parquet:12008730864..12932479392], [home/ec2-user/liquid-cache/benchmark/clickbench/data/hits.parquet:12932479392..13856227920], [home/ec2-user/liquid-cache/benchmark/clickbench/data/hits.parquet:13856227920..14779976446]]}, file_type=liquid_parquet, metrics=[output_rows=630.5 K, elapsed_compute=16ns, output_bytes=0.0 B, output_batches=5.87 K, files_ranges_pruned_statistics=16 total → 16 matched, row_groups_pruned_statistics=226 total → 212 matched, row_groups_pruned_bloom_filter=0 total → 0 matched, page_index_pages_pruned=0 total → 0 matched, page_index_rows_pruned=0 total → 0 matched, limit_pruned_row_groups=0 total → 0 matched, batches_split=0, bytes_scanned=0, file_open_errors=0, file_scan_errors=0, num_predicate_creation_errors=0, predicate_evaluation_errors=0, pushdown_rows_matched=0, pushdown_rows_pruned=0, predicate_cache_inner_records=0, predicate_cache_records=0, bloom_filter_eval_time=1.89ms, metadata_load_time=1.63ms, page_index_eval_time=3.28µs, row_pushdown_eval_time=32ns, statistics_eval_time=240.70µs, time_elapsed_opening=5.04ms, time_elapsed_processing=114.92ms, time_elapsed_scanning_total=113.31ms, time_elapsed_scanning_until_data=1.74ms, scan_efficiency_ratio=N/A (0/0)]

Cache: entries=11540, mem=127MB, disk=0MB
  Hits: cache_hit=0, eval_predicate=11540
  Misses: cache_miss=0
  IO: read=0, write=0
  Squeeze: squeezed_success=0, squeezed_needs_io=0
Time: 12ms

+----------+
| count(*) |
+----------+
| 630500   |
+----------+

=== EXPLAIN ANALYZE (Query 1, Iteration 4) ===
ProjectionExec: expr=[count(Int64(1))@0 as count(*)], metrics=[output_rows=1, elapsed_compute=1.18µs, output_bytes=8.0 B, output_batches=1, expr_0_eval_time=420ns]
  AggregateExec: mode=Final, gby=[], aggr=[count(Int64(1))], metrics=[output_rows=1, elapsed_compute=10.31µs, output_bytes=8.0 B, output_batches=1]
    CoalescePartitionsExec, metrics=[output_rows=16, elapsed_compute=14.42µs, output_bytes=128.0 B, output_batches=16]
      AggregateExec: mode=Partial, gby=[], aggr=[count(Int64(1))], metrics=[output_rows=16, elapsed_compute=2.16ms, output_bytes=128.0 B, output_batches=16]
        DataSourceExec: file_groups={16 groups: [[home/ec2-user/liquid-cache/benchmark/clickbench/data/hits.parquet:0..923748528], [home/ec2-user/liquid-cache/benchmark/clickbench/data/hits.parquet:923748528..1847497056], [home/ec2-user/liquid-cache/benchmark/clickbench/data/hits.parquet:1847497056..2771245584], [home/ec2-user/liquid-cache/benchmark/clickbench/data/hits.parquet:2771245584..3694994112], [home/ec2-user/liquid-cache/benchmark/clickbench/data/hits.parquet:3694994112..4618742640], [home/ec2-user/liquid-cache/benchmark/clickbench/data/hits.parquet:4618742640..5542491168], [home/ec2-user/liquid-cache/benchmark/clickbench/data/hits.parquet:5542491168..6466239696], [home/ec2-user/liquid-cache/benchmark/clickbench/data/hits.parquet:6466239696..7389988224], [home/ec2-user/liquid-cache/benchmark/clickbench/data/hits.parquet:7389988224..8313736752], [home/ec2-user/liquid-cache/benchmark/clickbench/data/hits.parquet:8313736752..9237485280], [home/ec2-user/liquid-cache/benchmark/clickbench/data/hits.parquet:9237485280..10161233808], [home/ec2-user/liquid-cache/benchmark/clickbench/data/hits.parquet:10161233808..11084982336], [home/ec2-user/liquid-cache/benchmark/clickbench/data/hits.parquet:11084982336..12008730864], [home/ec2-user/liquid-cache/benchmark/clickbench/data/hits.parquet:12008730864..12932479392], [home/ec2-user/liquid-cache/benchmark/clickbench/data/hits.parquet:12932479392..13856227920], [home/ec2-user/liquid-cache/benchmark/clickbench/data/hits.parquet:13856227920..14779976446]]}, file_type=liquid_parquet, metrics=[output_rows=630.5 K, elapsed_compute=16ns, output_bytes=0.0 B, output_batches=5.87 K, files_ranges_pruned_statistics=16 total → 16 matched, row_groups_pruned_statistics=226 total → 212 matched, row_groups_pruned_bloom_filter=0 total → 0 matched, page_index_pages_pruned=0 total → 0 matched, page_index_rows_pruned=0 total → 0 matched, limit_pruned_row_groups=0 total → 0 matched, batches_split=0, bytes_scanned=0, file_open_errors=0, file_scan_errors=0, num_predicate_creation_errors=0, predicate_evaluation_errors=0, pushdown_rows_matched=0, pushdown_rows_pruned=0, predicate_cache_inner_records=0, predicate_cache_records=0, bloom_filter_eval_time=1.96ms, metadata_load_time=1.67ms, page_index_eval_time=2.98µs, row_pushdown_eval_time=32ns, statistics_eval_time=237.98µs, time_elapsed_opening=5.11ms, time_elapsed_processing=120.28ms, time_elapsed_scanning_total=118.49ms, time_elapsed_scanning_until_data=7.03ms, scan_efficiency_ratio=N/A (0/0)]

Cache: entries=11540, mem=127MB, disk=0MB
  Hits: cache_hit=0, eval_predicate=11540
  Misses: cache_miss=0
  IO: read=0, write=0
  Squeeze: squeezed_success=0, squeezed_needs_io=0
Time: 12ms

+----------+
| count(*) |
+----------+
| 630500   |
+----------+
