
=== EXPLAIN ANALYZE (Query 6, Iteration 0) ===
AggregateExec: mode=Final, gby=[], aggr=[avg(hits.ResolutionWidth), avg(hits.ResolutionHeight), avg(hits.ClientIP), avg(hits.WindowClientWidth), avg(hits.WindowClientHeight), avg(hits.CounterID), avg(hits.RegionID)], metrics=[output_rows=1, elapsed_compute=83.50µs, output_bytes=56.0 B, output_batches=1]
  CoalescePartitionsExec, metrics=[output_rows=16, elapsed_compute=30.12µs, output_bytes=1792.0 B, output_batches=16]
    AggregateExec: mode=Partial, gby=[], aggr=[avg(hits.ResolutionWidth), avg(hits.ResolutionHeight), avg(hits.ClientIP), avg(hits.WindowClientWidth), avg(hits.WindowClientHeight), avg(hits.CounterID), avg(hits.RegionID)], metrics=[output_rows=16, elapsed_compute=474.46ms, output_bytes=1792.0 B, output_batches=16]
      DataSourceExec: file_groups={16 groups: [[home/ec2-user/liquid-cache/benchmark/clickbench/data/hits.parquet:0..923748528], [home/ec2-user/liquid-cache/benchmark/clickbench/data/hits.parquet:923748528..1847497056], [home/ec2-user/liquid-cache/benchmark/clickbench/data/hits.parquet:1847497056..2771245584], [home/ec2-user/liquid-cache/benchmark/clickbench/data/hits.parquet:2771245584..3694994112], [home/ec2-user/liquid-cache/benchmark/clickbench/data/hits.parquet:3694994112..4618742640], [home/ec2-user/liquid-cache/benchmark/clickbench/data/hits.parquet:4618742640..5542491168], [home/ec2-user/liquid-cache/benchmark/clickbench/data/hits.parquet:5542491168..6466239696], [home/ec2-user/liquid-cache/benchmark/clickbench/data/hits.parquet:6466239696..7389988224], [home/ec2-user/liquid-cache/benchmark/clickbench/data/hits.parquet:7389988224..8313736752], [home/ec2-user/liquid-cache/benchmark/clickbench/data/hits.parquet:8313736752..9237485280], [home/ec2-user/liquid-cache/benchmark/clickbench/data/hits.parquet:9237485280..10161233808], [home/ec2-user/liquid-cache/benchmark/clickbench/data/hits.parquet:10161233808..11084982336], [home/ec2-user/liquid-cache/benchmark/clickbench/data/hits.parquet:11084982336..12008730864], [home/ec2-user/liquid-cache/benchmark/clickbench/data/hits.parquet:12008730864..12932479392], [home/ec2-user/liquid-cache/benchmark/clickbench/data/hits.parquet:12932479392..13856227920], [home/ec2-user/liquid-cache/benchmark/clickbench/data/hits.parquet:13856227920..14779976446]]}, projection=[CounterID, ClientIP, RegionID, ResolutionWidth, ResolutionHeight, WindowClientWidth, WindowClientHeight], file_type=liquid_parquet, metrics=[output_rows=92.74 M, elapsed_compute=16ns, output_bytes=1769.3 MB, output_batches=12.22 K, files_ranges_pruned_statistics=16 total → 16 matched, row_groups_pruned_statistics=226 total → 226 matched, row_groups_pruned_bloom_filter=0 total → 0 matched, page_index_pages_pruned=0 total → 0 matched, page_index_rows_pruned=0 total → 0 matched, limit_pruned_row_groups=0 total → 0 matched, batches_split=0, bytes_scanned=488.2 M, file_open_errors=0, file_scan_errors=0, num_predicate_creation_errors=0, predicate_evaluation_errors=0, pushdown_rows_matched=0, pushdown_rows_pruned=0, predicate_cache_inner_records=0, predicate_cache_records=0, bloom_filter_eval_time=3.93ms, metadata_load_time=155.83ms, page_index_eval_time=2.80µs, row_pushdown_eval_time=32ns, statistics_eval_time=416.50µs, time_elapsed_opening=173.87ms, time_elapsed_processing=3.73s, time_elapsed_scanning_total=4.61s, time_elapsed_scanning_until_data=331.15ms, scan_efficiency_ratio=N/A (0/0)]

Cache: entries=24436, mem=63MB, disk=0MB
  Hits: cache_hit=0, eval_predicate=36654
  Misses: cache_miss=12218
  IO: read=0, write=0
  Squeeze: squeezed_success=0, squeezed_needs_io=0
Time: 369ms

+---------------------------+----------------------------+--------------------+-----------------------------+------------------------------+---------------------+--------------------+
| avg(hits.ResolutionWidth) | avg(hits.ResolutionHeight) | avg(hits.ClientIP) | avg(hits.WindowClientWidth) | avg(hits.WindowClientHeight) | avg(hits.CounterID) | avg(hits.RegionID) |
+---------------------------+----------------------------+--------------------+-----------------------------+------------------------------+---------------------+--------------------+
| 1511.1626520370016        | 978.6929029940453          | 563293425.7787501  | 1226.578310859947           | 706.7523128243456            | 132688.23576338214  | 3388.0068872130396 |
+---------------------------+----------------------------+--------------------+-----------------------------+------------------------------+---------------------+--------------------+

=== EXPLAIN ANALYZE (Query 6, Iteration 1) ===
AggregateExec: mode=Final, gby=[], aggr=[avg(hits.ResolutionWidth), avg(hits.ResolutionHeight), avg(hits.ClientIP), avg(hits.WindowClientWidth), avg(hits.WindowClientHeight), avg(hits.CounterID), avg(hits.RegionID)], metrics=[output_rows=1, elapsed_compute=81.82µs, output_bytes=56.0 B, output_batches=1]
  CoalescePartitionsExec, metrics=[output_rows=16, elapsed_compute=18.24µs, output_bytes=1792.0 B, output_batches=16]
    AggregateExec: mode=Partial, gby=[], aggr=[avg(hits.ResolutionWidth), avg(hits.ResolutionHeight), avg(hits.ClientIP), avg(hits.WindowClientWidth), avg(hits.WindowClientHeight), avg(hits.CounterID), avg(hits.RegionID)], metrics=[output_rows=16, elapsed_compute=463.01ms, output_bytes=1792.0 B, output_batches=16]
      DataSourceExec: file_groups={16 groups: [[home/ec2-user/liquid-cache/benchmark/clickbench/data/hits.parquet:0..923748528], [home/ec2-user/liquid-cache/benchmark/clickbench/data/hits.parquet:923748528..1847497056], [home/ec2-user/liquid-cache/benchmark/clickbench/data/hits.parquet:1847497056..2771245584], [home/ec2-user/liquid-cache/benchmark/clickbench/data/hits.parquet:2771245584..3694994112], [home/ec2-user/liquid-cache/benchmark/clickbench/data/hits.parquet:3694994112..4618742640], [home/ec2-user/liquid-cache/benchmark/clickbench/data/hits.parquet:4618742640..5542491168], [home/ec2-user/liquid-cache/benchmark/clickbench/data/hits.parquet:5542491168..6466239696], [home/ec2-user/liquid-cache/benchmark/clickbench/data/hits.parquet:6466239696..7389988224], [home/ec2-user/liquid-cache/benchmark/clickbench/data/hits.parquet:7389988224..8313736752], [home/ec2-user/liquid-cache/benchmark/clickbench/data/hits.parquet:8313736752..9237485280], [home/ec2-user/liquid-cache/benchmark/clickbench/data/hits.parquet:9237485280..10161233808], [home/ec2-user/liquid-cache/benchmark/clickbench/data/hits.parquet:10161233808..11084982336], [home/ec2-user/liquid-cache/benchmark/clickbench/data/hits.parquet:11084982336..12008730864], [home/ec2-user/liquid-cache/benchmark/clickbench/data/hits.parquet:12008730864..12932479392], [home/ec2-user/liquid-cache/benchmark/clickbench/data/hits.parquet:12932479392..13856227920], [home/ec2-user/liquid-cache/benchmark/clickbench/data/hits.parquet:13856227920..14779976446]]}, projection=[CounterID, ClientIP, RegionID, ResolutionWidth, ResolutionHeight, WindowClientWidth, WindowClientHeight], file_type=liquid_parquet, metrics=[output_rows=92.74 M, elapsed_compute=16ns, output_bytes=1769.3 MB, output_batches=12.22 K, files_ranges_pruned_statistics=16 total → 16 matched, row_groups_pruned_statistics=226 total → 226 matched, row_groups_pruned_bloom_filter=0 total → 0 matched, page_index_pages_pruned=0 total → 0 matched, page_index_rows_pruned=0 total → 0 matched, limit_pruned_row_groups=0 total → 0 matched, batches_split=0, bytes_scanned=488.2 M, file_open_errors=0, file_scan_errors=0, num_predicate_creation_errors=0, predicate_evaluation_errors=0, pushdown_rows_matched=0, pushdown_rows_pruned=0, predicate_cache_inner_records=0, predicate_cache_records=0, bloom_filter_eval_time=3.93ms, metadata_load_time=3.21ms, page_index_eval_time=4.05µs, row_pushdown_eval_time=32ns, statistics_eval_time=476.78µs, time_elapsed_opening=10.19ms, time_elapsed_processing=3.20s, time_elapsed_scanning_total=3.94s, time_elapsed_scanning_until_data=112.97ms, scan_efficiency_ratio=N/A (0/0)]

Cache: entries=24436, mem=63MB, disk=0MB
  Hits: cache_hit=0, eval_predicate=24436
  Misses: cache_miss=0
  IO: read=0, write=0
  Squeeze: squeezed_success=0, squeezed_needs_io=0
Time: 309ms

+---------------------------+----------------------------+--------------------+-----------------------------+------------------------------+---------------------+--------------------+
| avg(hits.ResolutionWidth) | avg(hits.ResolutionHeight) | avg(hits.ClientIP) | avg(hits.WindowClientWidth) | avg(hits.WindowClientHeight) | avg(hits.CounterID) | avg(hits.RegionID) |
+---------------------------+----------------------------+--------------------+-----------------------------+------------------------------+---------------------+--------------------+
| 1511.1626520370016        | 978.6929029940453          | 563293425.7787501  | 1226.578310859947           | 706.7523128243456            | 132688.23576338214  | 3388.0068872130396 |
+---------------------------+----------------------------+--------------------+-----------------------------+------------------------------+---------------------+--------------------+

=== EXPLAIN ANALYZE (Query 6, Iteration 2) ===
AggregateExec: mode=Final, gby=[], aggr=[avg(hits.ResolutionWidth), avg(hits.ResolutionHeight), avg(hits.ClientIP), avg(hits.WindowClientWidth), avg(hits.WindowClientHeight), avg(hits.CounterID), avg(hits.RegionID)], metrics=[output_rows=1, elapsed_compute=83.83µs, output_bytes=56.0 B, output_batches=1]
  CoalescePartitionsExec, metrics=[output_rows=16, elapsed_compute=15.73µs, output_bytes=1792.0 B, output_batches=16]
    AggregateExec: mode=Partial, gby=[], aggr=[avg(hits.ResolutionWidth), avg(hits.ResolutionHeight), avg(hits.ClientIP), avg(hits.WindowClientWidth), avg(hits.WindowClientHeight), avg(hits.CounterID), avg(hits.RegionID)], metrics=[output_rows=16, elapsed_compute=457.76ms, output_bytes=1792.0 B, output_batches=16]
      DataSourceExec: file_groups={16 groups: [[home/ec2-user/liquid-cache/benchmark/clickbench/data/hits.parquet:0..923748528], [home/ec2-user/liquid-cache/benchmark/clickbench/data/hits.parquet:923748528..1847497056], [home/ec2-user/liquid-cache/benchmark/clickbench/data/hits.parquet:1847497056..2771245584], [home/ec2-user/liquid-cache/benchmark/clickbench/data/hits.parquet:2771245584..3694994112], [home/ec2-user/liquid-cache/benchmark/clickbench/data/hits.parquet:3694994112..4618742640], [home/ec2-user/liquid-cache/benchmark/clickbench/data/hits.parquet:4618742640..5542491168], [home/ec2-user/liquid-cache/benchmark/clickbench/data/hits.parquet:5542491168..6466239696], [home/ec2-user/liquid-cache/benchmark/clickbench/data/hits.parquet:6466239696..7389988224], [home/ec2-user/liquid-cache/benchmark/clickbench/data/hits.parquet:7389988224..8313736752], [home/ec2-user/liquid-cache/benchmark/clickbench/data/hits.parquet:8313736752..9237485280], [home/ec2-user/liquid-cache/benchmark/clickbench/data/hits.parquet:9237485280..10161233808], [home/ec2-user/liquid-cache/benchmark/clickbench/data/hits.parquet:10161233808..11084982336], [home/ec2-user/liquid-cache/benchmark/clickbench/data/hits.parquet:11084982336..12008730864], [home/ec2-user/liquid-cache/benchmark/clickbench/data/hits.parquet:12008730864..12932479392], [home/ec2-user/liquid-cache/benchmark/clickbench/data/hits.parquet:12932479392..13856227920], [home/ec2-user/liquid-cache/benchmark/clickbench/data/hits.parquet:13856227920..14779976446]]}, projection=[CounterID, ClientIP, RegionID, ResolutionWidth, ResolutionHeight, WindowClientWidth, WindowClientHeight], file_type=liquid_parquet, metrics=[output_rows=92.74 M, elapsed_compute=16ns, output_bytes=1769.3 MB, output_batches=12.22 K, files_ranges_pruned_statistics=16 total → 16 matched, row_groups_pruned_statistics=226 total → 226 matched, row_groups_pruned_bloom_filter=0 total → 0 matched, page_index_pages_pruned=0 total → 0 matched, page_index_rows_pruned=0 total → 0 matched, limit_pruned_row_groups=0 total → 0 matched, batches_split=0, bytes_scanned=488.2 M, file_open_errors=0, file_scan_errors=0, num_predicate_creation_errors=0, predicate_evaluation_errors=0, pushdown_rows_matched=0, pushdown_rows_pruned=0, predicate_cache_inner_records=0, predicate_cache_records=0, bloom_filter_eval_time=4.93ms, metadata_load_time=2.51ms, page_index_eval_time=4.58µs, row_pushdown_eval_time=32ns, statistics_eval_time=379.65µs, time_elapsed_opening=10.17ms, time_elapsed_processing=3.25s, time_elapsed_scanning_total=4.01s, time_elapsed_scanning_until_data=136.95ms, scan_efficiency_ratio=N/A (0/0)]

Cache: entries=24436, mem=63MB, disk=0MB
  Hits: cache_hit=0, eval_predicate=24436
  Misses: cache_miss=0
  IO: read=0, write=0
  Squeeze: squeezed_success=0, squeezed_needs_io=0
Time: 312ms

+---------------------------+----------------------------+--------------------+-----------------------------+------------------------------+---------------------+--------------------+
| avg(hits.ResolutionWidth) | avg(hits.ResolutionHeight) | avg(hits.ClientIP) | avg(hits.WindowClientWidth) | avg(hits.WindowClientHeight) | avg(hits.CounterID) | avg(hits.RegionID) |
+---------------------------+----------------------------+--------------------+-----------------------------+------------------------------+---------------------+--------------------+
| 1511.1626520370016        | 978.6929029940453          | 563293425.7787501  | 1226.578310859947           | 706.7523128243456            | 132688.23576338214  | 3388.0068872130396 |
+---------------------------+----------------------------+--------------------+-----------------------------+------------------------------+---------------------+--------------------+

=== EXPLAIN ANALYZE (Query 6, Iteration 3) ===
AggregateExec: mode=Final, gby=[], aggr=[avg(hits.ResolutionWidth), avg(hits.ResolutionHeight), avg(hits.ClientIP), avg(hits.WindowClientWidth), avg(hits.WindowClientHeight), avg(hits.CounterID), avg(hits.RegionID)], metrics=[output_rows=1, elapsed_compute=71.81µs, output_bytes=56.0 B, output_batches=1]
  CoalescePartitionsExec, metrics=[output_rows=16, elapsed_compute=14.49µs, output_bytes=1792.0 B, output_batches=16]
    AggregateExec: mode=Partial, gby=[], aggr=[avg(hits.ResolutionWidth), avg(hits.ResolutionHeight), avg(hits.ClientIP), avg(hits.WindowClientWidth), avg(hits.WindowClientHeight), avg(hits.CounterID), avg(hits.RegionID)], metrics=[output_rows=16, elapsed_compute=464.87ms, output_bytes=1792.0 B, output_batches=16]
      DataSourceExec: file_groups={16 groups: [[home/ec2-user/liquid-cache/benchmark/clickbench/data/hits.parquet:0..923748528], [home/ec2-user/liquid-cache/benchmark/clickbench/data/hits.parquet:923748528..1847497056], [home/ec2-user/liquid-cache/benchmark/clickbench/data/hits.parquet:1847497056..2771245584], [home/ec2-user/liquid-cache/benchmark/clickbench/data/hits.parquet:2771245584..3694994112], [home/ec2-user/liquid-cache/benchmark/clickbench/data/hits.parquet:3694994112..4618742640], [home/ec2-user/liquid-cache/benchmark/clickbench/data/hits.parquet:4618742640..5542491168], [home/ec2-user/liquid-cache/benchmark/clickbench/data/hits.parquet:5542491168..6466239696], [home/ec2-user/liquid-cache/benchmark/clickbench/data/hits.parquet:6466239696..7389988224], [home/ec2-user/liquid-cache/benchmark/clickbench/data/hits.parquet:7389988224..8313736752], [home/ec2-user/liquid-cache/benchmark/clickbench/data/hits.parquet:8313736752..9237485280], [home/ec2-user/liquid-cache/benchmark/clickbench/data/hits.parquet:9237485280..10161233808], [home/ec2-user/liquid-cache/benchmark/clickbench/data/hits.parquet:10161233808..11084982336], [home/ec2-user/liquid-cache/benchmark/clickbench/data/hits.parquet:11084982336..12008730864], [home/ec2-user/liquid-cache/benchmark/clickbench/data/hits.parquet:12008730864..12932479392], [home/ec2-user/liquid-cache/benchmark/clickbench/data/hits.parquet:12932479392..13856227920], [home/ec2-user/liquid-cache/benchmark/clickbench/data/hits.parquet:13856227920..14779976446]]}, projection=[CounterID, ClientIP, RegionID, ResolutionWidth, ResolutionHeight, WindowClientWidth, WindowClientHeight], file_type=liquid_parquet, metrics=[output_rows=92.74 M, elapsed_compute=16ns, output_bytes=1769.3 MB, output_batches=12.22 K, files_ranges_pruned_statistics=16 total → 16 matched, row_groups_pruned_statistics=226 total → 226 matched, row_groups_pruned_bloom_filter=0 total → 0 matched, page_index_pages_pruned=0 total → 0 matched, page_index_rows_pruned=0 total → 0 matched, limit_pruned_row_groups=0 total → 0 matched, batches_split=0, bytes_scanned=488.2 M, file_open_errors=0, file_scan_errors=0, num_predicate_creation_errors=0, predicate_evaluation_errors=0, pushdown_rows_matched=0, pushdown_rows_pruned=0, predicate_cache_inner_records=0, predicate_cache_records=0, bloom_filter_eval_time=4.84ms, metadata_load_time=2.57ms, page_index_eval_time=5.24µs, row_pushdown_eval_time=32ns, statistics_eval_time=403.42µs, time_elapsed_opening=10.24ms, time_elapsed_processing=3.26s, time_elapsed_scanning_total=4.04s, time_elapsed_scanning_until_data=102.48ms, scan_efficiency_ratio=N/A (0/0)]

Cache: entries=24436, mem=63MB, disk=0MB
  Hits: cache_hit=0, eval_predicate=24436
  Misses: cache_miss=0
  IO: read=0, write=0
  Squeeze: squeezed_success=0, squeezed_needs_io=0
Time: 317ms

+---------------------------+----------------------------+--------------------+-----------------------------+------------------------------+---------------------+--------------------+
| avg(hits.ResolutionWidth) | avg(hits.ResolutionHeight) | avg(hits.ClientIP) | avg(hits.WindowClientWidth) | avg(hits.WindowClientHeight) | avg(hits.CounterID) | avg(hits.RegionID) |
+---------------------------+----------------------------+--------------------+-----------------------------+------------------------------+---------------------+--------------------+
| 1511.1626520370016        | 978.6929029940453          | 563293425.7787501  | 1226.578310859947           | 706.7523128243456            | 132688.23576338214  | 3388.0068872130396 |
+---------------------------+----------------------------+--------------------+-----------------------------+------------------------------+---------------------+--------------------+

=== EXPLAIN ANALYZE (Query 6, Iteration 4) ===
AggregateExec: mode=Final, gby=[], aggr=[avg(hits.ResolutionWidth), avg(hits.ResolutionHeight), avg(hits.ClientIP), avg(hits.WindowClientWidth), avg(hits.WindowClientHeight), avg(hits.CounterID), avg(hits.RegionID)], metrics=[output_rows=1, elapsed_compute=82.79µs, output_bytes=56.0 B, output_batches=1]
  CoalescePartitionsExec, metrics=[output_rows=16, elapsed_compute=14.32µs, output_bytes=1792.0 B, output_batches=16]
    AggregateExec: mode=Partial, gby=[], aggr=[avg(hits.ResolutionWidth), avg(hits.ResolutionHeight), avg(hits.ClientIP), avg(hits.WindowClientWidth), avg(hits.WindowClientHeight), avg(hits.CounterID), avg(hits.RegionID)], metrics=[output_rows=16, elapsed_compute=455.05ms, output_bytes=1792.0 B, output_batches=16]
      DataSourceExec: file_groups={16 groups: [[home/ec2-user/liquid-cache/benchmark/clickbench/data/hits.parquet:0..923748528], [home/ec2-user/liquid-cache/benchmark/clickbench/data/hits.parquet:923748528..1847497056], [home/ec2-user/liquid-cache/benchmark/clickbench/data/hits.parquet:1847497056..2771245584], [home/ec2-user/liquid-cache/benchmark/clickbench/data/hits.parquet:2771245584..3694994112], [home/ec2-user/liquid-cache/benchmark/clickbench/data/hits.parquet:3694994112..4618742640], [home/ec2-user/liquid-cache/benchmark/clickbench/data/hits.parquet:4618742640..5542491168], [home/ec2-user/liquid-cache/benchmark/clickbench/data/hits.parquet:5542491168..6466239696], [home/ec2-user/liquid-cache/benchmark/clickbench/data/hits.parquet:6466239696..7389988224], [home/ec2-user/liquid-cache/benchmark/clickbench/data/hits.parquet:7389988224..8313736752], [home/ec2-user/liquid-cache/benchmark/clickbench/data/hits.parquet:8313736752..9237485280], [home/ec2-user/liquid-cache/benchmark/clickbench/data/hits.parquet:9237485280..10161233808], [home/ec2-user/liquid-cache/benchmark/clickbench/data/hits.parquet:10161233808..11084982336], [home/ec2-user/liquid-cache/benchmark/clickbench/data/hits.parquet:11084982336..12008730864], [home/ec2-user/liquid-cache/benchmark/clickbench/data/hits.parquet:12008730864..12932479392], [home/ec2-user/liquid-cache/benchmark/clickbench/data/hits.parquet:12932479392..13856227920], [home/ec2-user/liquid-cache/benchmark/clickbench/data/hits.parquet:13856227920..14779976446]]}, projection=[CounterID, ClientIP, RegionID, ResolutionWidth, ResolutionHeight, WindowClientWidth, WindowClientHeight], file_type=liquid_parquet, metrics=[output_rows=92.74 M, elapsed_compute=16ns, output_bytes=1769.3 MB, output_batches=12.22 K, files_ranges_pruned_statistics=16 total → 16 matched, row_groups_pruned_statistics=226 total → 226 matched, row_groups_pruned_bloom_filter=0 total → 0 matched, page_index_pages_pruned=0 total → 0 matched, page_index_rows_pruned=0 total → 0 matched, limit_pruned_row_groups=0 total → 0 matched, batches_split=0, bytes_scanned=488.2 M, file_open_errors=0, file_scan_errors=0, num_predicate_creation_errors=0, predicate_evaluation_errors=0, pushdown_rows_matched=0, pushdown_rows_pruned=0, predicate_cache_inner_records=0, predicate_cache_records=0, bloom_filter_eval_time=3.95ms, metadata_load_time=2.91ms, page_index_eval_time=3.37µs, row_pushdown_eval_time=32ns, statistics_eval_time=441.60µs, time_elapsed_opening=10.43ms, time_elapsed_processing=3.22s, time_elapsed_scanning_total=3.98s, time_elapsed_scanning_until_data=113.94ms, scan_efficiency_ratio=N/A (0/0)]

Cache: entries=24436, mem=63MB, disk=0MB
  Hits: cache_hit=0, eval_predicate=24436
  Misses: cache_miss=0
  IO: read=0, write=0
  Squeeze: squeezed_success=0, squeezed_needs_io=0
Time: 299ms

+---------------------------+----------------------------+--------------------+-----------------------------+------------------------------+---------------------+--------------------+
| avg(hits.ResolutionWidth) | avg(hits.ResolutionHeight) | avg(hits.ClientIP) | avg(hits.WindowClientWidth) | avg(hits.WindowClientHeight) | avg(hits.CounterID) | avg(hits.RegionID) |
+---------------------------+----------------------------+--------------------+-----------------------------+------------------------------+---------------------+--------------------+
| 1511.1626520370016        | 978.6929029940453          | 563293425.7787501  | 1226.578310859947           | 706.7523128243456            | 132688.23576338214  | 3388.0068872130396 |
+---------------------------+----------------------------+--------------------+-----------------------------+------------------------------+---------------------+--------------------+
