
=== EXPLAIN ANALYZE (Query 0, Iteration 0) ===
ProjectionExec: expr=[count(Int64(1))@0 as count(*)], metrics=[output_rows=1, elapsed_compute=1.61µs, output_bytes=8.0 B, output_batches=1, expr_0_eval_time=420ns]
  AggregateExec: mode=Final, gby=[], aggr=[count(Int64(1))], metrics=[output_rows=1, elapsed_compute=28.68µs, output_bytes=8.0 B, output_batches=1]
    CoalescePartitionsExec, metrics=[output_rows=16, elapsed_compute=27.09µs, output_bytes=128.0 B, output_batches=16]
      AggregateExec: mode=Partial, gby=[], aggr=[count(Int64(1))], metrics=[output_rows=16, elapsed_compute=9.50ms, output_bytes=128.0 B, output_batches=16]
        DataSourceExec: file_groups={16 groups: [[home/ec2-user/liquid-cache/benchmark/clickbench/data/hits.parquet:0..923748528], [home/ec2-user/liquid-cache/benchmark/clickbench/data/hits.parquet:923748528..1847497056], [home/ec2-user/liquid-cache/benchmark/clickbench/data/hits.parquet:1847497056..2771245584], [home/ec2-user/liquid-cache/benchmark/clickbench/data/hits.parquet:2771245584..3694994112], [home/ec2-user/liquid-cache/benchmark/clickbench/data/hits.parquet:3694994112..4618742640], [home/ec2-user/liquid-cache/benchmark/clickbench/data/hits.parquet:4618742640..5542491168], [home/ec2-user/liquid-cache/benchmark/clickbench/data/hits.parquet:5542491168..6466239696], [home/ec2-user/liquid-cache/benchmark/clickbench/data/hits.parquet:6466239696..7389988224], [home/ec2-user/liquid-cache/benchmark/clickbench/data/hits.parquet:7389988224..8313736752], [home/ec2-user/liquid-cache/benchmark/clickbench/data/hits.parquet:8313736752..9237485280], [home/ec2-user/liquid-cache/benchmark/clickbench/data/hits.parquet:9237485280..10161233808], [home/ec2-user/liquid-cache/benchmark/clickbench/data/hits.parquet:10161233808..11084982336], [home/ec2-user/liquid-cache/benchmark/clickbench/data/hits.parquet:11084982336..12008730864], [home/ec2-user/liquid-cache/benchmark/clickbench/data/hits.parquet:12008730864..12932479392], [home/ec2-user/liquid-cache/benchmark/clickbench/data/hits.parquet:12932479392..13856227920], [home/ec2-user/liquid-cache/benchmark/clickbench/data/hits.parquet:13856227920..14779976446]]}, file_type=liquid_parquet, metrics=[output_rows=477.2 K, elapsed_compute=16ns, output_bytes=0.0 B, output_batches=5.60 K, files_ranges_pruned_statistics=16 total → 16 matched, row_groups_pruned_statistics=226 total → 212 matched, row_groups_pruned_bloom_filter=0 total → 0 matched, page_index_pages_pruned=0 total → 0 matched, page_index_rows_pruned=0 total → 0 matched, limit_pruned_row_groups=0 total → 0 matched, batches_split=0, bytes_scanned=40.39 M, file_open_errors=0, file_scan_errors=0, num_predicate_creation_errors=0, predicate_evaluation_errors=0, pushdown_rows_matched=0, pushdown_rows_pruned=0, predicate_cache_inner_records=0, predicate_cache_records=0, bloom_filter_eval_time=2.87ms, metadata_load_time=199.46ms, page_index_eval_time=2.94µs, row_pushdown_eval_time=32ns, statistics_eval_time=467.61µs, time_elapsed_opening=213.30ms, time_elapsed_processing=2.15s, time_elapsed_scanning_total=2.46s, time_elapsed_scanning_until_data=192.50ms, scan_efficiency_ratio=N/A (0/0)]

Cache: entries=23080, mem=255MB, disk=0MB
  Hits: cache_hit=0, eval_predicate=34701
  Misses: cache_miss=11540
  IO: read=0, write=0
  Squeeze: squeezed_success=0, squeezed_needs_io=0
Time: 211ms

+----------+
| count(*) |
+----------+
| 477198   |
+----------+

=== EXPLAIN ANALYZE (Query 1, Iteration 0) ===
ProjectionExec: expr=[count(Int64(1))@0 as count(*), avg(hits.ResolutionWidth)@1 as avg(hits.ResolutionWidth), sum(hits.AdvEngineID)@2 as sum(hits.AdvEngineID)], metrics=[output_rows=1, elapsed_compute=3.24µs, output_bytes=26.0 B, output_batches=1, expr_0_eval_time=400ns, expr_1_eval_time=300ns, expr_2_eval_time=160ns]
  AggregateExec: mode=Final, gby=[], aggr=[count(Int64(1)), avg(hits.ResolutionWidth), sum(hits.AdvEngineID)], metrics=[output_rows=1, elapsed_compute=30.02µs, output_bytes=26.0 B, output_batches=1]
    CoalescePartitionsExec, metrics=[output_rows=16, elapsed_compute=28.61µs, output_bytes=544.0 B, output_batches=16]
      AggregateExec: mode=Partial, gby=[], aggr=[count(Int64(1)), avg(hits.ResolutionWidth), sum(hits.AdvEngineID)], metrics=[output_rows=16, elapsed_compute=119.45µs, output_bytes=544.0 B, output_batches=16]
        DataSourceExec: file_groups={16 groups: [[home/ec2-user/liquid-cache/benchmark/clickbench/data/hits.parquet:0..923748528], [home/ec2-user/liquid-cache/benchmark/clickbench/data/hits.parquet:923748528..1847497056], [home/ec2-user/liquid-cache/benchmark/clickbench/data/hits.parquet:1847497056..2771245584], [home/ec2-user/liquid-cache/benchmark/clickbench/data/hits.parquet:2771245584..3694994112], [home/ec2-user/liquid-cache/benchmark/clickbench/data/hits.parquet:3694994112..4618742640], [home/ec2-user/liquid-cache/benchmark/clickbench/data/hits.parquet:4618742640..5542491168], [home/ec2-user/liquid-cache/benchmark/clickbench/data/hits.parquet:5542491168..6466239696], [home/ec2-user/liquid-cache/benchmark/clickbench/data/hits.parquet:6466239696..7389988224], [home/ec2-user/liquid-cache/benchmark/clickbench/data/hits.parquet:7389988224..8313736752], [home/ec2-user/liquid-cache/benchmark/clickbench/data/hits.parquet:8313736752..9237485280], [home/ec2-user/liquid-cache/benchmark/clickbench/data/hits.parquet:9237485280..10161233808], [home/ec2-user/liquid-cache/benchmark/clickbench/data/hits.parquet:10161233808..11084982336], [home/ec2-user/liquid-cache/benchmark/clickbench/data/hits.parquet:11084982336..12008730864], [home/ec2-user/liquid-cache/benchmark/clickbench/data/hits.parquet:12008730864..12932479392], [home/ec2-user/liquid-cache/benchmark/clickbench/data/hits.parquet:12932479392..13856227920], [home/ec2-user/liquid-cache/benchmark/clickbench/data/hits.parquet:13856227920..14779976446]]}, projection=[ResolutionWidth, AdvEngineID], file_type=liquid_parquet, metrics=[output_rows=0, elapsed_compute=16ns, output_bytes=0.0 B, output_batches=0, files_ranges_pruned_statistics=16 total → 16 matched, row_groups_pruned_statistics=226 total → 2 matched, row_groups_pruned_bloom_filter=0 total → 0 matched, page_index_pages_pruned=0 total → 0 matched, page_index_rows_pruned=0 total → 0 matched, limit_pruned_row_groups=0 total → 0 matched, batches_split=0, bytes_scanned=282.9 K, file_open_errors=0, file_scan_errors=0, num_predicate_creation_errors=0, predicate_evaluation_errors=0, pushdown_rows_matched=0, pushdown_rows_pruned=0, predicate_cache_inner_records=0, predicate_cache_records=0, bloom_filter_eval_time=77.32µs, metadata_load_time=2.22ms, page_index_eval_time=2.98µs, row_pushdown_eval_time=32ns, statistics_eval_time=432.14µs, time_elapsed_opening=6.05ms, time_elapsed_processing=20.04ms, time_elapsed_scanning_total=14.79ms, time_elapsed_scanning_until_data=14.79ms, scan_efficiency_ratio=N/A (0/0)]

Cache: entries=23371, mem=255MB, disk=0MB
  Hits: cache_hit=0, eval_predicate=454
  Misses: cache_miss=97
  IO: read=0, write=0
  Squeeze: squeezed_success=0, squeezed_needs_io=0
Time: 13ms

+----------+---------------------------+-----------------------+
| count(*) | avg(hits.ResolutionWidth) | sum(hits.AdvEngineID) |
+----------+---------------------------+-----------------------+
| 0        |                           |                       |
+----------+---------------------------+-----------------------+

=== EXPLAIN ANALYZE (Query 2, Iteration 0) ===
CoalescePartitionsExec: fetch=100, metrics=[output_rows=13, elapsed_compute=753.00µs, output_bytes=256.0 B, output_batches=1]
  DataSourceExec: file_groups={16 groups: [[home/ec2-user/liquid-cache/benchmark/clickbench/data/hits.parquet:0..923748528], [home/ec2-user/liquid-cache/benchmark/clickbench/data/hits.parquet:923748528..1847497056], [home/ec2-user/liquid-cache/benchmark/clickbench/data/hits.parquet:1847497056..2771245584], [home/ec2-user/liquid-cache/benchmark/clickbench/data/hits.parquet:2771245584..3694994112], [home/ec2-user/liquid-cache/benchmark/clickbench/data/hits.parquet:3694994112..4618742640], [home/ec2-user/liquid-cache/benchmark/clickbench/data/hits.parquet:4618742640..5542491168], [home/ec2-user/liquid-cache/benchmark/clickbench/data/hits.parquet:5542491168..6466239696], [home/ec2-user/liquid-cache/benchmark/clickbench/data/hits.parquet:6466239696..7389988224], [home/ec2-user/liquid-cache/benchmark/clickbench/data/hits.parquet:7389988224..8313736752], [home/ec2-user/liquid-cache/benchmark/clickbench/data/hits.parquet:8313736752..9237485280], [home/ec2-user/liquid-cache/benchmark/clickbench/data/hits.parquet:9237485280..10161233808], [home/ec2-user/liquid-cache/benchmark/clickbench/data/hits.parquet:10161233808..11084982336], [home/ec2-user/liquid-cache/benchmark/clickbench/data/hits.parquet:11084982336..12008730864], [home/ec2-user/liquid-cache/benchmark/clickbench/data/hits.parquet:12008730864..12932479392], [home/ec2-user/liquid-cache/benchmark/clickbench/data/hits.parquet:12932479392..13856227920], [home/ec2-user/liquid-cache/benchmark/clickbench/data/hits.parquet:13856227920..14779976446]]}, projection=[UserID, CounterID, RegionID], limit=100, file_type=liquid_parquet, metrics=[output_rows=13, elapsed_compute=16ns, output_bytes=256.0 B, output_batches=1, files_ranges_pruned_statistics=16 total → 16 matched, row_groups_pruned_statistics=226 total → 3 matched, row_groups_pruned_bloom_filter=0 total → 0 matched, page_index_pages_pruned=0 total → 0 matched, page_index_rows_pruned=0 total → 0 matched, limit_pruned_row_groups=0 total → 0 matched, batches_split=0, bytes_scanned=2.78 M, file_open_errors=0, file_scan_errors=0, num_predicate_creation_errors=0, predicate_evaluation_errors=0, pushdown_rows_matched=0, pushdown_rows_pruned=0, predicate_cache_inner_records=0, predicate_cache_records=0, bloom_filter_eval_time=90.55µs, metadata_load_time=1.86ms, page_index_eval_time=3.33µs, row_pushdown_eval_time=32ns, statistics_eval_time=361.33µs, time_elapsed_opening=3.89ms, time_elapsed_processing=6.41ms, time_elapsed_scanning_total=3.42ms, time_elapsed_scanning_until_data=3.39ms, scan_efficiency_ratio=N/A (0/0)]

Cache: entries=23375, mem=255MB, disk=0MB
  Hits: cache_hit=2, eval_predicate=6
  Misses: cache_miss=2
  IO: read=0, write=0
  Squeeze: squeezed_success=0, squeezed_needs_io=0
Time: 5ms

+----------------------+-----------+----------+
| UserID               | CounterID | RegionID |
+----------------------+-----------+----------+
| -9169641491093342987 | 62        | 229      |
| -9169641491093342987 | 62        | 229      |
| -9169641491093342987 | 62        | 229      |
| -9164706819442030649 | 62        | 229      |
| -9164706819442030649 | 62        | 229      |
| -9164706819442030649 | 62        | 229      |
| -9164706819442030649 | 62        | 229      |
| -9164706819442030649 | 62        | 229      |
| -9164706819442030649 | 62        | 229      |
| -9164706819442030649 | 62        | 229      |
| -9164706819442030649 | 62        | 229      |
| -9164706819442030649 | 62        | 229      |
| -9164706819442030649 | 62        | 229      |
+----------------------+-----------+----------+

=== EXPLAIN ANALYZE (Query 3, Iteration 0) ===
ProjectionExec: expr=[RegionID@0 as RegionID, count(*)@1 as count(*), avg(hits.ResolutionWidth)@2 as avg(hits.ResolutionWidth)], metrics=[output_rows=20, elapsed_compute=2.01µs, output_bytes=400.0 B, output_batches=1, expr_0_eval_time=320ns, expr_1_eval_time=80ns, expr_2_eval_time=80ns]
  SortPreservingMergeExec: [count(Int64(1))@3 DESC], fetch=20, metrics=[output_rows=20, elapsed_compute=7.52µs, output_bytes=560.0 B, output_batches=1]
    SortExec: TopK(fetch=20), expr=[count(*)@1 DESC], preserve_partitioning=[true], filter=[count(*)@1 IS NULL OR count(*)@1 > 253], metrics=[output_rows=299, elapsed_compute=599.72µs, output_bytes=8.2 KB, output_batches=16, row_replacements=363]
      ProjectionExec: expr=[RegionID@0 as RegionID, count(Int64(1))@1 as count(*), avg(hits.ResolutionWidth)@2 as avg(hits.ResolutionWidth), count(Int64(1))@1 as count(Int64(1))], metrics=[output_rows=1.95 K, elapsed_compute=24.93µs, output_bytes=41.0 KB, output_batches=16, expr_0_eval_time=3.35µs, expr_1_eval_time=1.56µs, expr_2_eval_time=1.36µs, expr_3_eval_time=1.13µs]
        AggregateExec: mode=FinalPartitioned, gby=[RegionID@0 as RegionID], aggr=[count(Int64(1)), avg(hits.ResolutionWidth)], metrics=[output_rows=1.95 K, elapsed_compute=539.54µs, output_bytes=41.0 KB, output_batches=16, spill_count=0, spilled_bytes=0.0 B, spilled_rows=0, peak_mem_used=330.7 K, aggregate_arguments_time=26.71µs, aggregation_time=90.57µs, emitting_time=58.53µs, time_calculating_group_ids=197.83µs]
          RepartitionExec: partitioning=Hash([RegionID@0], 16), input_partitions=16, metrics=[output_rows=10.68 K, elapsed_compute=712.36µs, output_bytes=3.5 MB, output_batches=16, spill_count=0, spilled_bytes=0.0 B, spilled_rows=0, fetch_time=2.29s, repartition_time=688.52µs, send_time=249.92µs]
            AggregateExec: mode=Partial, gby=[RegionID@0 as RegionID], aggr=[count(Int64(1)), avg(hits.ResolutionWidth)], metrics=[output_rows=10.68 K, elapsed_compute=30.80ms, output_bytes=426.2 KB, output_batches=16, spill_count=0, spilled_bytes=0.0 B, spilled_rows=0, skipped_aggregation_rows=0, peak_mem_used=772.5 K, aggregate_arguments_time=9.23ms, aggregation_time=7.39ms, emitting_time=76.26µs, time_calculating_group_ids=8.76ms, reduction_factor=1.8% (10.68 K/585.4 K)]
              DataSourceExec: file_groups={16 groups: [[home/ec2-user/liquid-cache/benchmark/clickbench/data/hits.parquet:0..923748528], [home/ec2-user/liquid-cache/benchmark/clickbench/data/hits.parquet:923748528..1847497056], [home/ec2-user/liquid-cache/benchmark/clickbench/data/hits.parquet:1847497056..2771245584], [home/ec2-user/liquid-cache/benchmark/clickbench/data/hits.parquet:2771245584..3694994112], [home/ec2-user/liquid-cache/benchmark/clickbench/data/hits.parquet:3694994112..4618742640], [home/ec2-user/liquid-cache/benchmark/clickbench/data/hits.parquet:4618742640..5542491168], [home/ec2-user/liquid-cache/benchmark/clickbench/data/hits.parquet:5542491168..6466239696], [home/ec2-user/liquid-cache/benchmark/clickbench/data/hits.parquet:6466239696..7389988224], [home/ec2-user/liquid-cache/benchmark/clickbench/data/hits.parquet:7389988224..8313736752], [home/ec2-user/liquid-cache/benchmark/clickbench/data/hits.parquet:8313736752..9237485280], [home/ec2-user/liquid-cache/benchmark/clickbench/data/hits.parquet:9237485280..10161233808], [home/ec2-user/liquid-cache/benchmark/clickbench/data/hits.parquet:10161233808..11084982336], [home/ec2-user/liquid-cache/benchmark/clickbench/data/hits.parquet:11084982336..12008730864], [home/ec2-user/liquid-cache/benchmark/clickbench/data/hits.parquet:12008730864..12932479392], [home/ec2-user/liquid-cache/benchmark/clickbench/data/hits.parquet:12932479392..13856227920], [home/ec2-user/liquid-cache/benchmark/clickbench/data/hits.parquet:13856227920..14779976446]]}, projection=[RegionID, ResolutionWidth], file_type=liquid_parquet, metrics=[output_rows=585.4 K, elapsed_compute=16ns, output_bytes=3.8 MB, output_batches=5.86 K, files_ranges_pruned_statistics=16 total → 16 matched, row_groups_pruned_statistics=226 total → 212 matched, row_groups_pruned_bloom_filter=0 total → 0 matched, page_index_pages_pruned=0 total → 0 matched, page_index_rows_pruned=0 total → 0 matched, limit_pruned_row_groups=0 total → 0 matched, batches_split=0, bytes_scanned=104.1 M, file_open_errors=0, file_scan_errors=0, num_predicate_creation_errors=0, predicate_evaluation_errors=0, pushdown_rows_matched=0, pushdown_rows_pruned=0, predicate_cache_inner_records=0, predicate_cache_records=0, bloom_filter_eval_time=2.79ms, metadata_load_time=2.03ms, page_index_eval_time=3.04µs, row_pushdown_eval_time=32ns, statistics_eval_time=358.60µs, time_elapsed_opening=6.96ms, time_elapsed_processing=2.05s, time_elapsed_scanning_total=2.28s, time_elapsed_scanning_until_data=290.63ms, scan_efficiency_ratio=N/A (0/0)]

Cache: entries=34817, mem=255MB, disk=0MB
  Hits: cache_hit=0, eval_predicate=34522
  Misses: cache_miss=11442
  IO: read=0, write=0
  Squeeze: squeezed_success=0, squeezed_needs_io=0
Time: 177ms

+----------+----------+---------------------------+
| RegionID | count(*) | avg(hits.ResolutionWidth) |
+----------+----------+---------------------------+
| 229      | 127718   | 1490.9539923894831        |
| 2        | 37162    | 1463.62012270599          |
| 208      | 29099    | 1303.4156500223376        |
| 34       | 12023    | 1538.5385511103718        |
| 107      | 10802    | 1579.703203110535         |
| 169      | 10464    | 1542.529243119266         |
| 55       | 10247    | 1342.4106567775934        |
| 44       | 8942     | 1370.9150078282264        |
| 1        | 8834     | 1519.2714512112293        |
| 23       | 8538     | 1254.0892480674631        |
| 42       | 7917     | 1559.5702917771882        |
| 51       | 7820     | 1569.3202046035806        |
| 106      | 7783     | 1556.2761146087628        |
| 32       | 7165     | 1544.8288904396372        |
| 47       | 6711     | 1534.2136790344211        |
| 184      | 6628     | 1522.5264031382017        |
| 54       | 6263     | 1336.4619192080472        |
| 36       | 6180     | 1571.9715210355987        |
| 38       | 5868     | 1561.2220518064075        |
| 226      | 5640     | 1571.5643617021276        |
+----------+----------+---------------------------+

=== EXPLAIN ANALYZE (Query 4, Iteration 0) ===
SortPreservingMergeExec: [hits.EventDate@0 ASC NULLS LAST], metrics=[output_rows=9, elapsed_compute=10.81µs, output_bytes=252.0 B, output_batches=1]
  SortExec: expr=[hits.EventDate@0 ASC NULLS LAST], preserve_partitioning=[true], metrics=[output_rows=9, elapsed_compute=13.35µs, output_bytes=0.0 B, output_batches=0, spill_count=0, spilled_bytes=0.0 B, spilled_rows=0]
    ProjectionExec: expr=[hits.EventDate@0 as hits.EventDate, count(Int64(1))@1 as count(*), sum(hits.IsRefresh)@2 as sum(hits.IsRefresh), avg(hits.ResolutionWidth)@3 as avg(hits.ResolutionWidth)], metrics=[output_rows=9, elapsed_compute=7.33µs, output_bytes=3.0 KB, output_batches=5, expr_0_eval_time=891ns, expr_1_eval_time=561ns, expr_2_eval_time=452ns, expr_3_eval_time=401ns]
      AggregateExec: mode=FinalPartitioned, gby=[hits.EventDate@0 as hits.EventDate], aggr=[count(Int64(1)), sum(hits.IsRefresh), avg(hits.ResolutionWidth)], metrics=[output_rows=9, elapsed_compute=145.00µs, output_bytes=3.0 KB, output_batches=5, spill_count=0, spilled_bytes=0.0 B, spilled_rows=0, peak_mem_used=44.22 K, aggregate_arguments_time=7.41µs, aggregation_time=24.07µs, emitting_time=12.12µs, time_calculating_group_ids=10.86µs]
        RepartitionExec: partitioning=Hash([hits.EventDate@0], 16), input_partitions=16, metrics=[output_rows=111, elapsed_compute=179.84µs, output_bytes=1440.0 KB, output_batches=5, spill_count=0, spilled_bytes=0.0 B, spilled_rows=0, fetch_time=2.19s, repartition_time=260.40µs, send_time=352.23µs]
          AggregateExec: mode=Partial, gby=[CAST(CAST(EventDate@0 AS Int32) AS Date32) as hits.EventDate], aggr=[count(Int64(1)), sum(hits.IsRefresh), avg(hits.ResolutionWidth)], metrics=[output_rows=111, elapsed_compute=855.71ms, output_bytes=13.6 KB, output_batches=16, spill_count=0, spilled_bytes=0.0 B, spilled_rows=0, skipped_aggregation_rows=0, peak_mem_used=1.12 M, aggregate_arguments_time=99.34ms, aggregation_time=389.27ms, emitting_time=95.74µs, time_calculating_group_ids=445.65ms, reduction_factor=0.00018% (111/60.21 M)]
            DataSourceExec: file_groups={16 groups: [[home/ec2-user/liquid-cache/benchmark/clickbench/data/hits.parquet:0..923748528], [home/ec2-user/liquid-cache/benchmark/clickbench/data/hits.parquet:923748528..1847497056], [home/ec2-user/liquid-cache/benchmark/clickbench/data/hits.parquet:1847497056..2771245584], [home/ec2-user/liquid-cache/benchmark/clickbench/data/hits.parquet:2771245584..3694994112], [home/ec2-user/liquid-cache/benchmark/clickbench/data/hits.parquet:3694994112..4618742640], [home/ec2-user/liquid-cache/benchmark/clickbench/data/hits.parquet:4618742640..5542491168], [home/ec2-user/liquid-cache/benchmark/clickbench/data/hits.parquet:5542491168..6466239696], [home/ec2-user/liquid-cache/benchmark/clickbench/data/hits.parquet:6466239696..7389988224], [home/ec2-user/liquid-cache/benchmark/clickbench/data/hits.parquet:7389988224..8313736752], [home/ec2-user/liquid-cache/benchmark/clickbench/data/hits.parquet:8313736752..9237485280], [home/ec2-user/liquid-cache/benchmark/clickbench/data/hits.parquet:9237485280..10161233808], [home/ec2-user/liquid-cache/benchmark/clickbench/data/hits.parquet:10161233808..11084982336], [home/ec2-user/liquid-cache/benchmark/clickbench/data/hits.parquet:11084982336..12008730864], [home/ec2-user/liquid-cache/benchmark/clickbench/data/hits.parquet:12008730864..12932479392], [home/ec2-user/liquid-cache/benchmark/clickbench/data/hits.parquet:12932479392..13856227920], [home/ec2-user/liquid-cache/benchmark/clickbench/data/hits.parquet:13856227920..14779976446]]}, projection=[EventDate, IsRefresh, ResolutionWidth], file_type=liquid_parquet, metrics=[output_rows=60.21 M, elapsed_compute=16ns, output_bytes=344.6 MB, output_batches=7.81 K, files_ranges_pruned_statistics=16 total → 16 matched, row_groups_pruned_statistics=226 total → 198 matched, row_groups_pruned_bloom_filter=0 total → 0 matched, page_index_pages_pruned=0 total → 0 matched, page_index_rows_pruned=0 total → 0 matched, limit_pruned_row_groups=0 total → 0 matched, batches_split=0, bytes_scanned=40.34 M, file_open_errors=0, file_scan_errors=0, num_predicate_creation_errors=0, predicate_evaluation_errors=0, pushdown_rows_matched=0, pushdown_rows_pruned=0, predicate_cache_inner_records=0, predicate_cache_records=0, bloom_filter_eval_time=3.42ms, metadata_load_time=3.02ms, page_index_eval_time=3.09µs, row_pushdown_eval_time=32ns, statistics_eval_time=506.63µs, time_elapsed_opening=10.39ms, time_elapsed_processing=1.24s, time_elapsed_scanning_total=2.18s, time_elapsed_scanning_until_data=38.37ms, scan_efficiency_ratio=N/A (0/0)]

Cache: entries=56205, mem=255MB, disk=0MB
  Hits: cache_hit=7808, eval_predicate=40037
  Misses: cache_miss=10743
  IO: read=0, write=0
  Squeeze: squeezed_success=0, squeezed_needs_io=0
Time: 185ms

+----------------+----------+---------------------+---------------------------+
| hits.EventDate | count(*) | sum(hits.IsRefresh) | avg(hits.ResolutionWidth) |
+----------------+----------+---------------------+---------------------------+
| 2013-07-02     | 3704833  | 101727              | 1539.6128780973393        |
| 2013-07-03     | 9829176  | 2124998             | 1525.046648874738         |
| 2013-07-05     | 4489531  | 473006              | 1548.6441810959764        |
| 2013-07-06     | 6813120  | 321599              | 1480.4534853341788        |
| 2013-07-07     | 1126867  | 28811               | 1449.443904205199         |
| 2013-07-08     | 2350577  | 60006               | 1469.3531392504904        |
| 2013-07-09     | 13465700 | 327895              | 1503.552273777078         |
| 2013-07-10     | 5808207  | 165786              | 1518.7116108292973        |
| 2013-07-15     | 12621831 | 459511              | 1546.7553391421577        |
+----------------+----------+---------------------+---------------------------+

=== EXPLAIN ANALYZE (Query 5, Iteration 0) ===
CoalescePartitionsExec: fetch=50, metrics=[output_rows=35, elapsed_compute=14.90µs, output_bytes=704.0 B, output_batches=1]
  DataSourceExec: file_groups={16 groups: [[home/ec2-user/liquid-cache/benchmark/clickbench/data/hits.parquet:0..923748528], [home/ec2-user/liquid-cache/benchmark/clickbench/data/hits.parquet:923748528..1847497056], [home/ec2-user/liquid-cache/benchmark/clickbench/data/hits.parquet:1847497056..2771245584], [home/ec2-user/liquid-cache/benchmark/clickbench/data/hits.parquet:2771245584..3694994112], [home/ec2-user/liquid-cache/benchmark/clickbench/data/hits.parquet:3694994112..4618742640], [home/ec2-user/liquid-cache/benchmark/clickbench/data/hits.parquet:4618742640..5542491168], [home/ec2-user/liquid-cache/benchmark/clickbench/data/hits.parquet:5542491168..6466239696], [home/ec2-user/liquid-cache/benchmark/clickbench/data/hits.parquet:6466239696..7389988224], [home/ec2-user/liquid-cache/benchmark/clickbench/data/hits.parquet:7389988224..8313736752], [home/ec2-user/liquid-cache/benchmark/clickbench/data/hits.parquet:8313736752..9237485280], [home/ec2-user/liquid-cache/benchmark/clickbench/data/hits.parquet:9237485280..10161233808], [home/ec2-user/liquid-cache/benchmark/clickbench/data/hits.parquet:10161233808..11084982336], [home/ec2-user/liquid-cache/benchmark/clickbench/data/hits.parquet:11084982336..12008730864], [home/ec2-user/liquid-cache/benchmark/clickbench/data/hits.parquet:12008730864..12932479392], [home/ec2-user/liquid-cache/benchmark/clickbench/data/hits.parquet:12932479392..13856227920], [home/ec2-user/liquid-cache/benchmark/clickbench/data/hits.parquet:13856227920..14779976446]]}, projection=[UserID, RegionID, CounterID], limit=50, file_type=liquid_parquet, metrics=[output_rows=35, elapsed_compute=16ns, output_bytes=704.0 B, output_batches=1, files_ranges_pruned_statistics=16 total → 16 matched, row_groups_pruned_statistics=226 total → 3 matched, row_groups_pruned_bloom_filter=0 total → 0 matched, page_index_pages_pruned=0 total → 0 matched, page_index_rows_pruned=0 total → 0 matched, limit_pruned_row_groups=0 total → 0 matched, batches_split=0, bytes_scanned=2.05 M, file_open_errors=0, file_scan_errors=0, num_predicate_creation_errors=0, predicate_evaluation_errors=0, pushdown_rows_matched=35, pushdown_rows_pruned=11, predicate_cache_inner_records=0, predicate_cache_records=0, bloom_filter_eval_time=191.42µs, metadata_load_time=3.53ms, page_index_eval_time=3.02µs, row_pushdown_eval_time=4.48µs, statistics_eval_time=622.97µs, time_elapsed_opening=7.87ms, time_elapsed_processing=8.94ms, time_elapsed_scanning_total=1.44ms, time_elapsed_scanning_until_data=1.42ms, scan_efficiency_ratio=N/A (0/0)]

Cache: entries=56206, mem=255MB, disk=0MB
  Hits: cache_hit=2, eval_predicate=5
  Misses: cache_miss=1
  IO: read=0, write=0
  Squeeze: squeezed_success=0, squeezed_needs_io=0
Time: 4ms

+----------------------+----------+-----------+
| UserID               | RegionID | CounterID |
+----------------------+----------+-----------+
| -9198080625391903804 | 2        | 62        |
| -9193011485273158162 | 2        | 62        |
| -9193011485273158162 | 2        | 62        |
| -9193011485273158162 | 2        | 62        |
| -9193011485273158162 | 2        | 62        |
| -9193011485273158162 | 2        | 62        |
| -9193011485273158162 | 2        | 62        |
| -9193011485273158162 | 2        | 62        |
| -9193011485273158162 | 2        | 62        |
| -9169641491093342987 | 229      | 62        |
| -9164706819442030649 | 229      | 62        |
| -9164706819442030649 | 229      | 62        |
| -9164706819442030649 | 229      | 62        |
| -9164706819442030649 | 229      | 62        |
| -9164706819442030649 | 229      | 62        |
| -9164706819442030649 | 229      | 62        |
| -9164706819442030649 | 229      | 62        |
| -9164706819442030649 | 229      | 62        |
| -9164706819442030649 | 229      | 62        |
| -9164706819442030649 | 229      | 62        |
| -9119482473471174352 | 238      | 62        |
| -9119482473471174352 | 238      | 62        |
| -9119482473471174352 | 238      | 62        |
| -9119482473471174352 | 238      | 62        |
| -9119482473471174352 | 238      | 62        |
| -9119482473471174352 | 238      | 62        |
| -9119482473471174352 | 238      | 62        |
| -9119482473471174352 | 238      | 62        |
| -9119482473471174352 | 238      | 62        |
| -9119482473471174352 | 238      | 62        |
| -9119482473471174352 | 238      | 62        |
| -9119482473471174352 | 238      | 62        |
| -9119482473471174352 | 238      | 62        |
| -9119482473471174352 | 238      | 62        |
| -9119482473471174352 | 238      | 62        |
+----------------------+----------+-----------+

=== EXPLAIN ANALYZE (Query 6, Iteration 0) ===
AggregateExec: mode=Final, gby=[], aggr=[avg(hits.ResolutionWidth), avg(hits.ResolutionHeight), avg(hits.ClientIP), avg(hits.WindowClientWidth), avg(hits.WindowClientHeight), avg(hits.CounterID), avg(hits.RegionID)], metrics=[output_rows=1, elapsed_compute=74.38µs, output_bytes=56.0 B, output_batches=1]
  CoalescePartitionsExec, metrics=[output_rows=16, elapsed_compute=13.76µs, output_bytes=1792.0 B, output_batches=16]
    AggregateExec: mode=Partial, gby=[], aggr=[avg(hits.ResolutionWidth), avg(hits.ResolutionHeight), avg(hits.ClientIP), avg(hits.WindowClientWidth), avg(hits.WindowClientHeight), avg(hits.CounterID), avg(hits.RegionID)], metrics=[output_rows=16, elapsed_compute=460.31ms, output_bytes=1792.0 B, output_batches=16]
      DataSourceExec: file_groups={16 groups: [[home/ec2-user/liquid-cache/benchmark/clickbench/data/hits.parquet:0..923748528], [home/ec2-user/liquid-cache/benchmark/clickbench/data/hits.parquet:923748528..1847497056], [home/ec2-user/liquid-cache/benchmark/clickbench/data/hits.parquet:1847497056..2771245584], [home/ec2-user/liquid-cache/benchmark/clickbench/data/hits.parquet:2771245584..3694994112], [home/ec2-user/liquid-cache/benchmark/clickbench/data/hits.parquet:3694994112..4618742640], [home/ec2-user/liquid-cache/benchmark/clickbench/data/hits.parquet:4618742640..5542491168], [home/ec2-user/liquid-cache/benchmark/clickbench/data/hits.parquet:5542491168..6466239696], [home/ec2-user/liquid-cache/benchmark/clickbench/data/hits.parquet:6466239696..7389988224], [home/ec2-user/liquid-cache/benchmark/clickbench/data/hits.parquet:7389988224..8313736752], [home/ec2-user/liquid-cache/benchmark/clickbench/data/hits.parquet:8313736752..9237485280], [home/ec2-user/liquid-cache/benchmark/clickbench/data/hits.parquet:9237485280..10161233808], [home/ec2-user/liquid-cache/benchmark/clickbench/data/hits.parquet:10161233808..11084982336], [home/ec2-user/liquid-cache/benchmark/clickbench/data/hits.parquet:11084982336..12008730864], [home/ec2-user/liquid-cache/benchmark/clickbench/data/hits.parquet:12008730864..12932479392], [home/ec2-user/liquid-cache/benchmark/clickbench/data/hits.parquet:12932479392..13856227920], [home/ec2-user/liquid-cache/benchmark/clickbench/data/hits.parquet:13856227920..14779976446]]}, projection=[CounterID, ClientIP, RegionID, ResolutionWidth, ResolutionHeight, WindowClientWidth, WindowClientHeight], file_type=liquid_parquet, metrics=[output_rows=92.74 M, elapsed_compute=16ns, output_bytes=1769.3 MB, output_batches=12.22 K, files_ranges_pruned_statistics=16 total → 16 matched, row_groups_pruned_statistics=226 total → 226 matched, row_groups_pruned_bloom_filter=0 total → 0 matched, page_index_pages_pruned=0 total → 0 matched, page_index_rows_pruned=0 total → 0 matched, limit_pruned_row_groups=0 total → 0 matched, batches_split=0, bytes_scanned=488.2 M, file_open_errors=0, file_scan_errors=0, num_predicate_creation_errors=0, predicate_evaluation_errors=0, pushdown_rows_matched=0, pushdown_rows_pruned=0, predicate_cache_inner_records=0, predicate_cache_records=0, bloom_filter_eval_time=4.11ms, metadata_load_time=2.12ms, page_index_eval_time=4.09µs, row_pushdown_eval_time=32ns, statistics_eval_time=352.97µs, time_elapsed_opening=8.45ms, time_elapsed_processing=3.28s, time_elapsed_scanning_total=4.04s, time_elapsed_scanning_until_data=139.08ms, scan_efficiency_ratio=N/A (0/0)]

Cache: entries=57562, mem=255MB, disk=0MB
  Hits: cache_hit=0, eval_predicate=25114
  Misses: cache_miss=678
  IO: read=0, write=0
  Squeeze: squeezed_success=0, squeezed_needs_io=0
Time: 319ms

+---------------------------+----------------------------+--------------------+-----------------------------+------------------------------+---------------------+--------------------+
| avg(hits.ResolutionWidth) | avg(hits.ResolutionHeight) | avg(hits.ClientIP) | avg(hits.WindowClientWidth) | avg(hits.WindowClientHeight) | avg(hits.CounterID) | avg(hits.RegionID) |
+---------------------------+----------------------------+--------------------+-----------------------------+------------------------------+---------------------+--------------------+
| 1511.1626520370016        | 978.6929029940453          | 563293425.77875    | 1226.578310859947           | 706.7523128243456            | 132688.23576338214  | 3388.0068872130396 |
+---------------------------+----------------------------+--------------------+-----------------------------+------------------------------+---------------------+--------------------+

=== EXPLAIN ANALYZE (Query 1, Iteration 0) ===
ProjectionExec: expr=[count(Int64(1))@0 as count(*)], metrics=[output_rows=1, elapsed_compute=1.54µs, output_bytes=8.0 B, output_batches=1, expr_0_eval_time=640ns]
  AggregateExec: mode=Final, gby=[], aggr=[count(Int64(1))], metrics=[output_rows=1, elapsed_compute=8.29µs, output_bytes=8.0 B, output_batches=1]
    CoalescePartitionsExec, metrics=[output_rows=16, elapsed_compute=17.67µs, output_bytes=128.0 B, output_batches=16]
      AggregateExec: mode=Partial, gby=[], aggr=[count(Int64(1))], metrics=[output_rows=16, elapsed_compute=2.33ms, output_bytes=128.0 B, output_batches=16]
        DataSourceExec: file_groups={16 groups: [[home/ec2-user/liquid-cache/benchmark/clickbench/data/hits.parquet:0..923748528], [home/ec2-user/liquid-cache/benchmark/clickbench/data/hits.parquet:923748528..1847497056], [home/ec2-user/liquid-cache/benchmark/clickbench/data/hits.parquet:1847497056..2771245584], [home/ec2-user/liquid-cache/benchmark/clickbench/data/hits.parquet:2771245584..3694994112], [home/ec2-user/liquid-cache/benchmark/clickbench/data/hits.parquet:3694994112..4618742640], [home/ec2-user/liquid-cache/benchmark/clickbench/data/hits.parquet:4618742640..5542491168], [home/ec2-user/liquid-cache/benchmark/clickbench/data/hits.parquet:5542491168..6466239696], [home/ec2-user/liquid-cache/benchmark/clickbench/data/hits.parquet:6466239696..7389988224], [home/ec2-user/liquid-cache/benchmark/clickbench/data/hits.parquet:7389988224..8313736752], [home/ec2-user/liquid-cache/benchmark/clickbench/data/hits.parquet:8313736752..9237485280], [home/ec2-user/liquid-cache/benchmark/clickbench/data/hits.parquet:9237485280..10161233808], [home/ec2-user/liquid-cache/benchmark/clickbench/data/hits.parquet:10161233808..11084982336], [home/ec2-user/liquid-cache/benchmark/clickbench/data/hits.parquet:11084982336..12008730864], [home/ec2-user/liquid-cache/benchmark/clickbench/data/hits.parquet:12008730864..12932479392], [home/ec2-user/liquid-cache/benchmark/clickbench/data/hits.parquet:12932479392..13856227920], [home/ec2-user/liquid-cache/benchmark/clickbench/data/hits.parquet:13856227920..14779976446]]}, file_type=liquid_parquet, metrics=[output_rows=630.5 K, elapsed_compute=16ns, output_bytes=0.0 B, output_batches=5.87 K, files_ranges_pruned_statistics=16 total → 16 matched, row_groups_pruned_statistics=226 total → 212 matched, row_groups_pruned_bloom_filter=0 total → 0 matched, page_index_pages_pruned=0 total → 0 matched, page_index_rows_pruned=0 total → 0 matched, limit_pruned_row_groups=0 total → 0 matched, batches_split=0, bytes_scanned=0, file_open_errors=0, file_scan_errors=0, num_predicate_creation_errors=0, predicate_evaluation_errors=0, pushdown_rows_matched=0, pushdown_rows_pruned=0, predicate_cache_inner_records=0, predicate_cache_records=0, bloom_filter_eval_time=1.94ms, metadata_load_time=7.50ms, page_index_eval_time=2.76µs, row_pushdown_eval_time=32ns, statistics_eval_time=275.68µs, time_elapsed_opening=11.19ms, time_elapsed_processing=125.79ms, time_elapsed_scanning_total=118.06ms, time_elapsed_scanning_until_data=1.75ms, scan_efficiency_ratio=N/A (0/0)]

Cache: entries=57562, mem=255MB, disk=0MB
  Hits: cache_hit=0, eval_predicate=11540
  Misses: cache_miss=0
  IO: read=0, write=0
  Squeeze: squeezed_success=0, squeezed_needs_io=0
Time: 13ms

+----------+
| count(*) |
+----------+
| 630500   |
+----------+

=== EXPLAIN ANALYZE (Query 7, Iteration 0) ===
ProjectionExec: expr=[AdvEngineID@0 as AdvEngineID, count(*)@1 as count(*)], metrics=[output_rows=18, elapsed_compute=1.05µs, output_bytes=180.0 B, output_batches=1, expr_0_eval_time=160ns, expr_1_eval_time=160ns]
  SortPreservingMergeExec: [count(Int64(1))@2 DESC], metrics=[output_rows=18, elapsed_compute=11.94µs, output_bytes=324.0 B, output_batches=1]
    SortExec: expr=[count(*)@1 DESC], preserve_partitioning=[true], metrics=[output_rows=18, elapsed_compute=16.43µs, output_bytes=0.0 B, output_batches=0, spill_count=0, spilled_bytes=0.0 B, spilled_rows=0]
      ProjectionExec: expr=[AdvEngineID@0 as AdvEngineID, count(Int64(1))@1 as count(*), count(Int64(1))@1 as count(Int64(1))], metrics=[output_rows=18, elapsed_compute=8.82µs, output_bytes=2.8 KB, output_batches=10, expr_0_eval_time=1.49µs, expr_1_eval_time=776ns, expr_2_eval_time=656ns]
        AggregateExec: mode=FinalPartitioned, gby=[AdvEngineID@0 as AdvEngineID], aggr=[count(Int64(1))], metrics=[output_rows=18, elapsed_compute=84.24µs, output_bytes=2.8 KB, output_batches=10, spill_count=0, spilled_bytes=0.0 B, spilled_rows=0, peak_mem_used=80.06 K, aggregate_arguments_time=3.87µs, aggregation_time=4.57µs, emitting_time=7.21µs, time_calculating_group_ids=8.68µs]
          RepartitionExec: partitioning=Hash([AdvEngineID@0], 16), input_partitions=16, metrics=[output_rows=164, elapsed_compute=137.71µs, output_bytes=800.0 KB, output_batches=10, spill_count=0, spilled_bytes=0.0 B, spilled_rows=0, fetch_time=151.10ms, repartition_time=116.81µs, send_time=129.79µs]
            AggregateExec: mode=Partial, gby=[AdvEngineID@0 as AdvEngineID], aggr=[count(Int64(1))], metrics=[output_rows=164, elapsed_compute=12.12ms, output_bytes=5.8 KB, output_batches=16, spill_count=0, spilled_bytes=0.0 B, spilled_rows=0, skipped_aggregation_rows=0, peak_mem_used=342.8 K, aggregate_arguments_time=2.17ms, aggregation_time=1.35ms, emitting_time=20.44µs, time_calculating_group_ids=4.93ms, reduction_factor=0.026% (164/630.5 K)]
              DataSourceExec: file_groups={16 groups: [[home/ec2-user/liquid-cache/benchmark/clickbench/data/hits.parquet:0..923748528], [home/ec2-user/liquid-cache/benchmark/clickbench/data/hits.parquet:923748528..1847497056], [home/ec2-user/liquid-cache/benchmark/clickbench/data/hits.parquet:1847497056..2771245584], [home/ec2-user/liquid-cache/benchmark/clickbench/data/hits.parquet:2771245584..3694994112], [home/ec2-user/liquid-cache/benchmark/clickbench/data/hits.parquet:3694994112..4618742640], [home/ec2-user/liquid-cache/benchmark/clickbench/data/hits.parquet:4618742640..5542491168], [home/ec2-user/liquid-cache/benchmark/clickbench/data/hits.parquet:5542491168..6466239696], [home/ec2-user/liquid-cache/benchmark/clickbench/data/hits.parquet:6466239696..7389988224], [home/ec2-user/liquid-cache/benchmark/clickbench/data/hits.parquet:7389988224..8313736752], [home/ec2-user/liquid-cache/benchmark/clickbench/data/hits.parquet:8313736752..9237485280], [home/ec2-user/liquid-cache/benchmark/clickbench/data/hits.parquet:9237485280..10161233808], [home/ec2-user/liquid-cache/benchmark/clickbench/data/hits.parquet:10161233808..11084982336], [home/ec2-user/liquid-cache/benchmark/clickbench/data/hits.parquet:11084982336..12008730864], [home/ec2-user/liquid-cache/benchmark/clickbench/data/hits.parquet:12008730864..12932479392], [home/ec2-user/liquid-cache/benchmark/clickbench/data/hits.parquet:12932479392..13856227920], [home/ec2-user/liquid-cache/benchmark/clickbench/data/hits.parquet:13856227920..14779976446]]}, projection=[AdvEngineID], file_type=liquid_parquet, metrics=[output_rows=630.5 K, elapsed_compute=16ns, output_bytes=1469.4 KB, output_batches=5.87 K, files_ranges_pruned_statistics=16 total → 16 matched, row_groups_pruned_statistics=226 total → 212 matched, row_groups_pruned_bloom_filter=0 total → 0 matched, page_index_pages_pruned=0 total → 0 matched, page_index_rows_pruned=0 total → 0 matched, limit_pruned_row_groups=0 total → 0 matched, batches_split=0, bytes_scanned=0, file_open_errors=0, file_scan_errors=0, num_predicate_creation_errors=0, predicate_evaluation_errors=0, pushdown_rows_matched=0, pushdown_rows_pruned=0, predicate_cache_inner_records=0, predicate_cache_records=0, bloom_filter_eval_time=1.91ms, metadata_load_time=1.79ms, page_index_eval_time=2.83µs, row_pushdown_eval_time=32ns, statistics_eval_time=258.22µs, time_elapsed_opening=5.38ms, time_elapsed_processing=129.98ms, time_elapsed_scanning_total=145.24ms, time_elapsed_scanning_until_data=1.64ms, scan_efficiency_ratio=N/A (0/0)]

Cache: entries=57562, mem=255MB, disk=0MB
  Hits: cache_hit=5868, eval_predicate=11540
  Misses: cache_miss=0
  IO: read=0, write=0
  Squeeze: squeezed_success=0, squeezed_needs_io=0
Time: 16ms

+-------------+----------+
| AdvEngineID | count(*) |
+-------------+----------+
| 2           | 404602   |
| 27          | 113167   |
| 13          | 45631    |
| 45          | 38960    |
| 44          | 9730     |
| 3           | 6896     |
| 62          | 5266     |
| 52          | 3554     |
| 50          | 938      |
| 28          | 836      |
| 53          | 350      |
| 25          | 343      |
| 61          | 158      |
| 21          | 38       |
| 42          | 20       |
| 16          | 7        |
| 7           | 3        |
| 22          | 1        |
+-------------+----------+

=== EXPLAIN ANALYZE (Query 40, Iteration 0) ===
GlobalLimitExec: skip=100, fetch=10, metrics=[output_rows=10, elapsed_compute=11.29µs, output_bytes=2.1 KB, output_batches=1]
  SortPreservingMergeExec: [pageviews@2 DESC], fetch=110, metrics=[output_rows=110, elapsed_compute=13.67µs, output_bytes=2.1 KB, output_batches=1]
    SortExec: TopK(fetch=110), expr=[pageviews@2 DESC], preserve_partitioning=[true], filter=[pageviews@2 IS NULL OR pageviews@2 > 6], metrics=[output_rows=1.47 K, elapsed_compute=1.23ms, output_bytes=28.7 KB, output_batches=16, row_replacements=2.87 K]
      ProjectionExec: expr=[URLHash@0 as URLHash, hits.EventDate@1 as hits.EventDate, count(Int64(1))@2 as pageviews], metrics=[output_rows=41.19 K, elapsed_compute=28.02µs, output_bytes=1089.8 KB, output_batches=16, expr_0_eval_time=5.22µs, expr_1_eval_time=1.75µs, expr_2_eval_time=1.71µs]
        AggregateExec: mode=FinalPartitioned, gby=[URLHash@0 as URLHash, hits.EventDate@1 as hits.EventDate], aggr=[count(Int64(1))], metrics=[output_rows=41.19 K, elapsed_compute=2.76ms, output_bytes=1089.8 KB, output_batches=16, spill_count=0, spilled_bytes=0.0 B, spilled_rows=0, peak_mem_used=5.07 M, aggregate_arguments_time=13.51µs, aggregation_time=78.16µs, emitting_time=35.40µs, time_calculating_group_ids=2.52ms]
          RepartitionExec: partitioning=Hash([URLHash@0, hits.EventDate@1], 16), input_partitions=16, metrics=[output_rows=41.87 K, elapsed_compute=265.67µs, output_bytes=2.5 MB, output_batches=16, spill_count=0, spilled_bytes=0.0 B, spilled_rows=0, fetch_time=32.84ms, repartition_time=469.81µs, send_time=56.77µs]
            AggregateExec: mode=Partial, gby=[URLHash@1 as URLHash, CAST(CAST(EventDate@0 AS Int32) AS Date32) as hits.EventDate], aggr=[count(Int64(1))], metrics=[output_rows=41.87 K, elapsed_compute=3.01ms, output_bytes=5.8 MB, output_batches=6, spill_count=0, spilled_bytes=0.0 B, spilled_rows=0, skipped_aggregation_rows=0, peak_mem_used=2.57 M, aggregate_arguments_time=104.58µs, aggregation_time=142.72µs, emitting_time=12.11µs, time_calculating_group_ids=2.51ms, reduction_factor=47% (41.87 K/89.91 K)]
              DataSourceExec: file_groups={16 groups: [[home/ec2-user/liquid-cache/benchmark/clickbench/data/hits.parquet:0..923748528], [home/ec2-user/liquid-cache/benchmark/clickbench/data/hits.parquet:923748528..1847497056], [home/ec2-user/liquid-cache/benchmark/clickbench/data/hits.parquet:1847497056..2771245584], [home/ec2-user/liquid-cache/benchmark/clickbench/data/hits.parquet:2771245584..3694994112], [home/ec2-user/liquid-cache/benchmark/clickbench/data/hits.parquet:3694994112..4618742640], [home/ec2-user/liquid-cache/benchmark/clickbench/data/hits.parquet:4618742640..5542491168], [home/ec2-user/liquid-cache/benchmark/clickbench/data/hits.parquet:5542491168..6466239696], [home/ec2-user/liquid-cache/benchmark/clickbench/data/hits.parquet:6466239696..7389988224], [home/ec2-user/liquid-cache/benchmark/clickbench/data/hits.parquet:7389988224..8313736752], [home/ec2-user/liquid-cache/benchmark/clickbench/data/hits.parquet:8313736752..9237485280], [home/ec2-user/liquid-cache/benchmark/clickbench/data/hits.parquet:9237485280..10161233808], [home/ec2-user/liquid-cache/benchmark/clickbench/data/hits.parquet:10161233808..11084982336], [home/ec2-user/liquid-cache/benchmark/clickbench/data/hits.parquet:11084982336..12008730864], [home/ec2-user/liquid-cache/benchmark/clickbench/data/hits.parquet:12008730864..12932479392], [home/ec2-user/liquid-cache/benchmark/clickbench/data/hits.parquet:12932479392..13856227920], [home/ec2-user/liquid-cache/benchmark/clickbench/data/hits.parquet:13856227920..14779976446]]}, projection=[EventDate, URLHash], file_type=liquid_parquet, metrics=[output_rows=89.91 K, elapsed_compute=16ns, output_bytes=883.4 KB, output_batches=92, files_ranges_pruned_statistics=16 total → 16 matched, row_groups_pruned_statistics=226 total → 3 matched, row_groups_pruned_bloom_filter=0 total → 0 matched, page_index_pages_pruned=0 total → 0 matched, page_index_rows_pruned=0 total → 0 matched, limit_pruned_row_groups=0 total → 0 matched, batches_split=0, bytes_scanned=15.65 M, file_open_errors=0, file_scan_errors=0, num_predicate_creation_errors=0, predicate_evaluation_errors=0, pushdown_rows_matched=89.91 K, pushdown_rows_pruned=6.82 K, predicate_cache_inner_records=0, predicate_cache_records=0, bloom_filter_eval_time=220.83µs, metadata_load_time=3.68ms, page_index_eval_time=4.04µs, row_pushdown_eval_time=289.76µs, statistics_eval_time=739.58µs, time_elapsed_opening=8.17ms, time_elapsed_processing=25.77ms, time_elapsed_scanning_total=24.49ms, time_elapsed_scanning_until_data=6.12ms, scan_efficiency_ratio=N/A (0/0)]

Cache: entries=57745, mem=255MB, disk=0MB
  Hits: cache_hit=184, eval_predicate=632
  Misses: cache_miss=92
  IO: read=0, write=0
  Squeeze: squeezed_success=0, squeezed_needs_io=0
Time: 23ms

+----------------------+----------------+-----------+
| URLHash              | hits.EventDate | pageviews |
+----------------------+----------------+-----------+
| 1191678692164887503  | 2013-07-15     | 27        |
| 7199155066341437901  | 2013-07-15     | 27        |
| 2512899255762264913  | 2013-07-15     | 26        |
| -8505838588544217213 | 2013-07-15     | 26        |
| -3611962581960090019 | 2013-07-15     | 25        |
| -6025761452198030778 | 2013-07-15     | 25        |
| -6048157399675510565 | 2013-07-15     | 25        |
| 5381918128490835791  | 2013-07-15     | 24        |
| 2033248414344857063  | 2013-07-15     | 24        |
| 6976198041684576969  | 2013-07-15     | 24        |
+----------------------+----------------+-----------+

=== EXPLAIN ANALYZE (Query 41, Iteration 0) ===
GlobalLimitExec: skip=10000, fetch=10, metrics=[output_rows=10, elapsed_compute=7.58µs, output_bytes=21.3 KB, output_batches=1]
  SortPreservingMergeExec: [pageviews@2 DESC], fetch=10010, metrics=[output_rows=10.01 K, elapsed_compute=380.12µs, output_bytes=117.3 KB, output_batches=2]
    SortExec: TopK(fetch=10010), expr=[pageviews@2 DESC], preserve_partitioning=[true], metrics=[output_rows=10.95 K, elapsed_compute=2.52ms, output_bytes=128.3 KB, output_batches=16, row_replacements=10.95 K]
      ProjectionExec: expr=[WindowClientWidth@0 as WindowClientWidth, WindowClientHeight@1 as WindowClientHeight, count(Int64(1))@2 as pageviews], metrics=[output_rows=10.95 K, elapsed_compute=20.22µs, output_bytes=149.5 KB, output_batches=16, expr_0_eval_time=3.15µs, expr_1_eval_time=1.45µs, expr_2_eval_time=1.31µs]
        AggregateExec: mode=FinalPartitioned, gby=[WindowClientWidth@0 as WindowClientWidth, WindowClientHeight@1 as WindowClientHeight], aggr=[count(Int64(1))], metrics=[output_rows=10.95 K, elapsed_compute=841.50µs, output_bytes=149.5 KB, output_batches=16, spill_count=0, spilled_bytes=0.0 B, spilled_rows=0, peak_mem_used=1.06 M, aggregate_arguments_time=12.31µs, aggregation_time=30.18µs, emitting_time=21.56µs, time_calculating_group_ids=679.00µs]
          RepartitionExec: partitioning=Hash([WindowClientWidth@0, WindowClientHeight@1], 16), input_partitions=16, metrics=[output_rows=12.33 K, elapsed_compute=143.26µs, output_bytes=1536.0 KB, output_batches=16, spill_count=0, spilled_bytes=0.0 B, spilled_rows=0, fetch_time=31.76ms, repartition_time=163.66µs, send_time=26.49µs]
            AggregateExec: mode=Partial, gby=[WindowClientWidth@0 as WindowClientWidth, WindowClientHeight@1 as WindowClientHeight], aggr=[count(Int64(1))], metrics=[output_rows=12.33 K, elapsed_compute=2.05ms, output_bytes=386.2 KB, output_batches=3, spill_count=0, spilled_bytes=0.0 B, spilled_rows=0, skipped_aggregation_rows=0, peak_mem_used=583.4 K, aggregate_arguments_time=92.91µs, aggregation_time=118.85µs, emitting_time=3.59µs, time_calculating_group_ids=1.69ms, reduction_factor=12% (12.33 K/102.7 K)]
              DataSourceExec: file_groups={16 groups: [[home/ec2-user/liquid-cache/benchmark/clickbench/data/hits.parquet:0..923748528], [home/ec2-user/liquid-cache/benchmark/clickbench/data/hits.parquet:923748528..1847497056], [home/ec2-user/liquid-cache/benchmark/clickbench/data/hits.parquet:1847497056..2771245584], [home/ec2-user/liquid-cache/benchmark/clickbench/data/hits.parquet:2771245584..3694994112], [home/ec2-user/liquid-cache/benchmark/clickbench/data/hits.parquet:3694994112..4618742640], [home/ec2-user/liquid-cache/benchmark/clickbench/data/hits.parquet:4618742640..5542491168], [home/ec2-user/liquid-cache/benchmark/clickbench/data/hits.parquet:5542491168..6466239696], [home/ec2-user/liquid-cache/benchmark/clickbench/data/hits.parquet:6466239696..7389988224], [home/ec2-user/liquid-cache/benchmark/clickbench/data/hits.parquet:7389988224..8313736752], [home/ec2-user/liquid-cache/benchmark/clickbench/data/hits.parquet:8313736752..9237485280], [home/ec2-user/liquid-cache/benchmark/clickbench/data/hits.parquet:9237485280..10161233808], [home/ec2-user/liquid-cache/benchmark/clickbench/data/hits.parquet:10161233808..11084982336], [home/ec2-user/liquid-cache/benchmark/clickbench/data/hits.parquet:11084982336..12008730864], [home/ec2-user/liquid-cache/benchmark/clickbench/data/hits.parquet:12008730864..12932479392], [home/ec2-user/liquid-cache/benchmark/clickbench/data/hits.parquet:12932479392..13856227920], [home/ec2-user/liquid-cache/benchmark/clickbench/data/hits.parquet:13856227920..14779976446]]}, projection=[WindowClientWidth, WindowClientHeight], file_type=liquid_parquet, metrics=[output_rows=102.7 K, elapsed_compute=16ns, output_bytes=406.5 KB, output_batches=92, files_ranges_pruned_statistics=16 total → 16 matched, row_groups_pruned_statistics=226 total → 3 matched, row_groups_pruned_bloom_filter=0 total → 0 matched, page_index_pages_pruned=0 total → 0 matched, page_index_rows_pruned=0 total → 0 matched, limit_pruned_row_groups=0 total → 0 matched, batches_split=0, bytes_scanned=9.85 M, file_open_errors=0, file_scan_errors=0, num_predicate_creation_errors=0, predicate_evaluation_errors=0, pushdown_rows_matched=0, pushdown_rows_pruned=0, predicate_cache_inner_records=0, predicate_cache_records=0, bloom_filter_eval_time=224.09µs, metadata_load_time=4.23ms, page_index_eval_time=4.11µs, row_pushdown_eval_time=32ns, statistics_eval_time=778.36µs, time_elapsed_opening=9.02ms, time_elapsed_processing=27.49ms, time_elapsed_scanning_total=22.58ms, time_elapsed_scanning_until_data=4.86ms, scan_efficiency_ratio=N/A (0/0)]

Cache: entries=57896, mem=255MB, disk=0MB
  Hits: cache_hit=0, eval_predicate=724
  Misses: cache_miss=92
  IO: read=0, write=0
  Squeeze: squeezed_success=0, squeezed_needs_io=0
Time: 22ms

+-------------------+--------------------+-----------+
| WindowClientWidth | WindowClientHeight | pageviews |
+-------------------+--------------------+-----------+
| 1033              | 384                | 1         |
| 1408              | 844                | 1         |
| 1705              | 532                | 1         |
| 1232              | 893                | 1         |
| 1638              | 809                | 1         |
| 746               | 296                | 1         |
| 1668              | 611                | 1         |
| 1285              | 787                | 1         |
| 2004              | 617                | 1         |
| 1201              | 926                | 1         |
+-------------------+--------------------+-----------+

=== EXPLAIN ANALYZE (Query 42, Iteration 0) ===
GlobalLimitExec: skip=1000, fetch=10, metrics=[output_rows=10, elapsed_compute=7.94µs, output_bytes=15.8 KB, output_batches=1]
  SortPreservingMergeExec: [date_trunc(minute, m@0) ASC NULLS LAST], fetch=1010, metrics=[output_rows=1.01 K, elapsed_compute=49.35µs, output_bytes=15.8 KB, output_batches=1]
    SortExec: TopK(fetch=1010), expr=[date_trunc(minute, m@0) ASC NULLS LAST], preserve_partitioning=[true], metrics=[output_rows=1.44 K, elapsed_compute=447.40µs, output_bytes=22.5 KB, output_batches=16, row_replacements=1.44 K]
      ProjectionExec: expr=[date_trunc(Utf8("minute"),to_timestamp_seconds(hits.EventTime))@0 as m, count(Int64(1))@1 as pageviews], metrics=[output_rows=1.44 K, elapsed_compute=13.44µs, output_bytes=27.2 KB, output_batches=16, expr_0_eval_time=2.54µs, expr_1_eval_time=1.21µs]
        AggregateExec: mode=FinalPartitioned, gby=[date_trunc(Utf8("minute"),to_timestamp_seconds(hits.EventTime))@0 as date_trunc(Utf8("minute"),to_timestamp_seconds(hits.EventTime))], aggr=[count(Int64(1))], metrics=[output_rows=1.44 K, elapsed_compute=189.41µs, output_bytes=27.2 KB, output_batches=16, spill_count=0, spilled_bytes=0.0 B, spilled_rows=0, peak_mem_used=204.3 K, aggregate_arguments_time=8.01µs, aggregation_time=12.40µs, emitting_time=14.42µs, time_calculating_group_ids=77.18µs]
          RepartitionExec: partitioning=Hash([date_trunc(Utf8("minute"),to_timestamp_seconds(hits.EventTime))@0], 16), input_partitions=16, metrics=[output_rows=2.88 K, elapsed_compute=114.81µs, output_bytes=2.0 MB, output_batches=16, spill_count=0, spilled_bytes=0.0 B, spilled_rows=0, fetch_time=28.92ms, repartition_time=74.93µs, send_time=20.53µs]
            AggregateExec: mode=Partial, gby=[date_trunc(minute, to_timestamp_seconds(EventTime@0)) as date_trunc(Utf8("minute"),to_timestamp_seconds(hits.EventTime))], aggr=[count(Int64(1))], metrics=[output_rows=2.88 K, elapsed_compute=6.19ms, output_bytes=68.7 KB, output_batches=2, spill_count=0, spilled_bytes=0.0 B, spilled_rows=0, skipped_aggregation_rows=0, peak_mem_used=259.8 K, aggregate_arguments_time=161.60µs, aggregation_time=361.54µs, emitting_time=3.46µs, time_calculating_group_ids=4.07ms, reduction_factor=0.43% (2.88 K/671.5 K)]
              DataSourceExec: file_groups={16 groups: [[home/ec2-user/liquid-cache/benchmark/clickbench/data/hits.parquet:0..923748528], [home/ec2-user/liquid-cache/benchmark/clickbench/data/hits.parquet:923748528..1847497056], [home/ec2-user/liquid-cache/benchmark/clickbench/data/hits.parquet:1847497056..2771245584], [home/ec2-user/liquid-cache/benchmark/clickbench/data/hits.parquet:2771245584..3694994112], [home/ec2-user/liquid-cache/benchmark/clickbench/data/hits.parquet:3694994112..4618742640], [home/ec2-user/liquid-cache/benchmark/clickbench/data/hits.parquet:4618742640..5542491168], [home/ec2-user/liquid-cache/benchmark/clickbench/data/hits.parquet:5542491168..6466239696], [home/ec2-user/liquid-cache/benchmark/clickbench/data/hits.parquet:6466239696..7389988224], [home/ec2-user/liquid-cache/benchmark/clickbench/data/hits.parquet:7389988224..8313736752], [home/ec2-user/liquid-cache/benchmark/clickbench/data/hits.parquet:8313736752..9237485280], [home/ec2-user/liquid-cache/benchmark/clickbench/data/hits.parquet:9237485280..10161233808], [home/ec2-user/liquid-cache/benchmark/clickbench/data/hits.parquet:10161233808..11084982336], [home/ec2-user/liquid-cache/benchmark/clickbench/data/hits.parquet:11084982336..12008730864], [home/ec2-user/liquid-cache/benchmark/clickbench/data/hits.parquet:12008730864..12932479392], [home/ec2-user/liquid-cache/benchmark/clickbench/data/hits.parquet:12932479392..13856227920], [home/ec2-user/liquid-cache/benchmark/clickbench/data/hits.parquet:13856227920..14779976446]]}, projection=[EventTime], file_type=liquid_parquet, metrics=[output_rows=671.5 K, elapsed_compute=16ns, output_bytes=5.1 MB, output_batches=92, files_ranges_pruned_statistics=16 total → 16 matched, row_groups_pruned_statistics=226 total → 3 matched, row_groups_pruned_bloom_filter=0 total → 0 matched, page_index_pages_pruned=0 total → 0 matched, page_index_rows_pruned=0 total → 0 matched, limit_pruned_row_groups=0 total → 0 matched, batches_split=0, bytes_scanned=4.78 M, file_open_errors=0, file_scan_errors=0, num_predicate_creation_errors=0, predicate_evaluation_errors=0, pushdown_rows_matched=0, pushdown_rows_pruned=0, predicate_cache_inner_records=0, predicate_cache_records=0, bloom_filter_eval_time=158.84µs, metadata_load_time=3.51ms, page_index_eval_time=4.33µs, row_pushdown_eval_time=32ns, statistics_eval_time=617.98µs, time_elapsed_opening=7.91ms, time_elapsed_processing=21.50ms, time_elapsed_scanning_total=20.85ms, time_elapsed_scanning_until_data=3.41ms, scan_efficiency_ratio=N/A (0/0)]

Cache: entries=57896, mem=255MB, disk=0MB
  Hits: cache_hit=0, eval_predicate=540
  Misses: cache_miss=0
  IO: read=0, write=0
  Squeeze: squeezed_success=0, squeezed_needs_io=0
Time: 19ms

+---------------------+-----------+
| m                   | pageviews |
+---------------------+-----------+
| 2013-07-15T12:40:00 | 513       |
| 2013-07-15T12:41:00 | 457       |
| 2013-07-15T12:42:00 | 470       |
| 2013-07-15T12:43:00 | 468       |
| 2013-07-15T12:44:00 | 453       |
| 2013-07-15T12:45:00 | 462       |
| 2013-07-15T12:46:00 | 481       |
| 2013-07-15T12:47:00 | 458       |
| 2013-07-15T12:48:00 | 466       |
| 2013-07-15T12:49:00 | 467       |
+---------------------+-----------+
