
=== EXPLAIN ANALYZE (Query 0, Iteration 0) ===
ProjectionExec: expr=[count(Int64(1))@0 as count(*)], metrics=[output_rows=1, elapsed_compute=1.34µs, output_bytes=8.0 B, output_batches=1, expr_0_eval_time=360ns]
  AggregateExec: mode=Final, gby=[], aggr=[count(Int64(1))], metrics=[output_rows=1, elapsed_compute=55.95µs, output_bytes=8.0 B, output_batches=1]
    CoalescePartitionsExec, metrics=[output_rows=16, elapsed_compute=39.38µs, output_bytes=128.0 B, output_batches=16]
      AggregateExec: mode=Partial, gby=[], aggr=[count(Int64(1))], metrics=[output_rows=16, elapsed_compute=30.53ms, output_bytes=128.0 B, output_batches=16]
        DataSourceExec: file_groups={16 groups: [[home/ec2-user/liquid-cache/benchmark/clickbench/data/hits.parquet:0..923748528], [home/ec2-user/liquid-cache/benchmark/clickbench/data/hits.parquet:923748528..1847497056], [home/ec2-user/liquid-cache/benchmark/clickbench/data/hits.parquet:1847497056..2771245584], [home/ec2-user/liquid-cache/benchmark/clickbench/data/hits.parquet:2771245584..3694994112], [home/ec2-user/liquid-cache/benchmark/clickbench/data/hits.parquet:3694994112..4618742640], [home/ec2-user/liquid-cache/benchmark/clickbench/data/hits.parquet:4618742640..5542491168], [home/ec2-user/liquid-cache/benchmark/clickbench/data/hits.parquet:5542491168..6466239696], [home/ec2-user/liquid-cache/benchmark/clickbench/data/hits.parquet:6466239696..7389988224], [home/ec2-user/liquid-cache/benchmark/clickbench/data/hits.parquet:7389988224..8313736752], [home/ec2-user/liquid-cache/benchmark/clickbench/data/hits.parquet:8313736752..9237485280], [home/ec2-user/liquid-cache/benchmark/clickbench/data/hits.parquet:9237485280..10161233808], [home/ec2-user/liquid-cache/benchmark/clickbench/data/hits.parquet:10161233808..11084982336], [home/ec2-user/liquid-cache/benchmark/clickbench/data/hits.parquet:11084982336..12008730864], [home/ec2-user/liquid-cache/benchmark/clickbench/data/hits.parquet:12008730864..12932479392], [home/ec2-user/liquid-cache/benchmark/clickbench/data/hits.parquet:12932479392..13856227920], [home/ec2-user/liquid-cache/benchmark/clickbench/data/hits.parquet:13856227920..14779976446]]}, file_type=liquid_parquet, metrics=[output_rows=477.2 K, elapsed_compute=16ns, output_bytes=0.0 B, output_batches=5.60 K, files_ranges_pruned_statistics=16 total → 16 matched, row_groups_pruned_statistics=226 total → 212 matched, row_groups_pruned_bloom_filter=0 total → 0 matched, page_index_pages_pruned=0 total → 0 matched, page_index_rows_pruned=0 total → 0 matched, limit_pruned_row_groups=0 total → 0 matched, batches_split=0, bytes_scanned=40.39 M, file_open_errors=0, file_scan_errors=0, num_predicate_creation_errors=0, predicate_evaluation_errors=0, pushdown_rows_matched=0, pushdown_rows_pruned=0, predicate_cache_inner_records=0, predicate_cache_records=0, bloom_filter_eval_time=2.80ms, metadata_load_time=169.45ms, page_index_eval_time=2.72µs, row_pushdown_eval_time=32ns, statistics_eval_time=454.33µs, time_elapsed_opening=175.30ms, time_elapsed_processing=2.75s, time_elapsed_scanning_total=3.33s, time_elapsed_scanning_until_data=401.38ms, scan_efficiency_ratio=N/A (0/0)]

Cache: entries=23080, mem=255MB, disk=0MB
  Hits: cache_hit=0, eval_predicate=34701
  Misses: cache_miss=11540
  IO: read=0, write=0
  Squeeze: squeezed_success=0, squeezed_needs_io=0
Time: 279ms

+----------+
| count(*) |
+----------+
| 477198   |
+----------+

=== EXPLAIN ANALYZE (Query 1, Iteration 0) ===
ProjectionExec: expr=[count(Int64(1))@0 as count(*), avg(hits.ResolutionWidth)@1 as avg(hits.ResolutionWidth), sum(hits.AdvEngineID)@2 as sum(hits.AdvEngineID)], metrics=[output_rows=1, elapsed_compute=3.19µs, output_bytes=26.0 B, output_batches=1, expr_0_eval_time=390ns, expr_1_eval_time=170ns, expr_2_eval_time=180ns]
  AggregateExec: mode=Final, gby=[], aggr=[count(Int64(1)), avg(hits.ResolutionWidth), sum(hits.AdvEngineID)], metrics=[output_rows=1, elapsed_compute=29.82µs, output_bytes=26.0 B, output_batches=1]
    CoalescePartitionsExec, metrics=[output_rows=16, elapsed_compute=35.87µs, output_bytes=544.0 B, output_batches=16]
      AggregateExec: mode=Partial, gby=[], aggr=[count(Int64(1)), avg(hits.ResolutionWidth), sum(hits.AdvEngineID)], metrics=[output_rows=16, elapsed_compute=109.07µs, output_bytes=544.0 B, output_batches=16]
        DataSourceExec: file_groups={16 groups: [[home/ec2-user/liquid-cache/benchmark/clickbench/data/hits.parquet:0..923748528], [home/ec2-user/liquid-cache/benchmark/clickbench/data/hits.parquet:923748528..1847497056], [home/ec2-user/liquid-cache/benchmark/clickbench/data/hits.parquet:1847497056..2771245584], [home/ec2-user/liquid-cache/benchmark/clickbench/data/hits.parquet:2771245584..3694994112], [home/ec2-user/liquid-cache/benchmark/clickbench/data/hits.parquet:3694994112..4618742640], [home/ec2-user/liquid-cache/benchmark/clickbench/data/hits.parquet:4618742640..5542491168], [home/ec2-user/liquid-cache/benchmark/clickbench/data/hits.parquet:5542491168..6466239696], [home/ec2-user/liquid-cache/benchmark/clickbench/data/hits.parquet:6466239696..7389988224], [home/ec2-user/liquid-cache/benchmark/clickbench/data/hits.parquet:7389988224..8313736752], [home/ec2-user/liquid-cache/benchmark/clickbench/data/hits.parquet:8313736752..9237485280], [home/ec2-user/liquid-cache/benchmark/clickbench/data/hits.parquet:9237485280..10161233808], [home/ec2-user/liquid-cache/benchmark/clickbench/data/hits.parquet:10161233808..11084982336], [home/ec2-user/liquid-cache/benchmark/clickbench/data/hits.parquet:11084982336..12008730864], [home/ec2-user/liquid-cache/benchmark/clickbench/data/hits.parquet:12008730864..12932479392], [home/ec2-user/liquid-cache/benchmark/clickbench/data/hits.parquet:12932479392..13856227920], [home/ec2-user/liquid-cache/benchmark/clickbench/data/hits.parquet:13856227920..14779976446]]}, projection=[ResolutionWidth, AdvEngineID], file_type=liquid_parquet, metrics=[output_rows=0, elapsed_compute=16ns, output_bytes=0.0 B, output_batches=0, files_ranges_pruned_statistics=16 total → 16 matched, row_groups_pruned_statistics=226 total → 2 matched, row_groups_pruned_bloom_filter=0 total → 0 matched, page_index_pages_pruned=0 total → 0 matched, page_index_rows_pruned=0 total → 0 matched, limit_pruned_row_groups=0 total → 0 matched, batches_split=0, bytes_scanned=282.9 K, file_open_errors=0, file_scan_errors=0, num_predicate_creation_errors=0, predicate_evaluation_errors=0, pushdown_rows_matched=0, pushdown_rows_pruned=0, predicate_cache_inner_records=0, predicate_cache_records=0, bloom_filter_eval_time=75.84µs, metadata_load_time=1.91ms, page_index_eval_time=2.00µs, row_pushdown_eval_time=32ns, statistics_eval_time=377.15µs, time_elapsed_opening=3.99ms, time_elapsed_processing=19.27ms, time_elapsed_scanning_total=17.64ms, time_elapsed_scanning_until_data=17.64ms, scan_efficiency_ratio=N/A (0/0)]

Cache: entries=23371, mem=255MB, disk=0MB
  Hits: cache_hit=0, eval_predicate=454
  Misses: cache_miss=97
  IO: read=0, write=0
  Squeeze: squeezed_success=0, squeezed_needs_io=0
Time: 18ms

+----------+---------------------------+-----------------------+
| count(*) | avg(hits.ResolutionWidth) | sum(hits.AdvEngineID) |
+----------+---------------------------+-----------------------+
| 0        |                           |                       |
+----------+---------------------------+-----------------------+

=== EXPLAIN ANALYZE (Query 2, Iteration 0) ===
CoalescePartitionsExec: fetch=100, metrics=[output_rows=13, elapsed_compute=4.24ms, output_bytes=256.0 B, output_batches=1]
  DataSourceExec: file_groups={16 groups: [[home/ec2-user/liquid-cache/benchmark/clickbench/data/hits.parquet:0..923748528], [home/ec2-user/liquid-cache/benchmark/clickbench/data/hits.parquet:923748528..1847497056], [home/ec2-user/liquid-cache/benchmark/clickbench/data/hits.parquet:1847497056..2771245584], [home/ec2-user/liquid-cache/benchmark/clickbench/data/hits.parquet:2771245584..3694994112], [home/ec2-user/liquid-cache/benchmark/clickbench/data/hits.parquet:3694994112..4618742640], [home/ec2-user/liquid-cache/benchmark/clickbench/data/hits.parquet:4618742640..5542491168], [home/ec2-user/liquid-cache/benchmark/clickbench/data/hits.parquet:5542491168..6466239696], [home/ec2-user/liquid-cache/benchmark/clickbench/data/hits.parquet:6466239696..7389988224], [home/ec2-user/liquid-cache/benchmark/clickbench/data/hits.parquet:7389988224..8313736752], [home/ec2-user/liquid-cache/benchmark/clickbench/data/hits.parquet:8313736752..9237485280], [home/ec2-user/liquid-cache/benchmark/clickbench/data/hits.parquet:9237485280..10161233808], [home/ec2-user/liquid-cache/benchmark/clickbench/data/hits.parquet:10161233808..11084982336], [home/ec2-user/liquid-cache/benchmark/clickbench/data/hits.parquet:11084982336..12008730864], [home/ec2-user/liquid-cache/benchmark/clickbench/data/hits.parquet:12008730864..12932479392], [home/ec2-user/liquid-cache/benchmark/clickbench/data/hits.parquet:12932479392..13856227920], [home/ec2-user/liquid-cache/benchmark/clickbench/data/hits.parquet:13856227920..14779976446]]}, projection=[UserID, CounterID, RegionID], limit=100, file_type=liquid_parquet, metrics=[output_rows=13, elapsed_compute=16ns, output_bytes=256.0 B, output_batches=1, files_ranges_pruned_statistics=16 total → 16 matched, row_groups_pruned_statistics=226 total → 3 matched, row_groups_pruned_bloom_filter=0 total → 0 matched, page_index_pages_pruned=0 total → 0 matched, page_index_rows_pruned=0 total → 0 matched, limit_pruned_row_groups=0 total → 0 matched, batches_split=0, bytes_scanned=2.78 M, file_open_errors=0, file_scan_errors=0, num_predicate_creation_errors=0, predicate_evaluation_errors=0, pushdown_rows_matched=0, pushdown_rows_pruned=0, predicate_cache_inner_records=0, predicate_cache_records=0, bloom_filter_eval_time=138.34µs, metadata_load_time=2.11ms, page_index_eval_time=2.86µs, row_pushdown_eval_time=32ns, statistics_eval_time=416.91µs, time_elapsed_opening=5.50ms, time_elapsed_processing=7.91ms, time_elapsed_scanning_total=3.29ms, time_elapsed_scanning_until_data=3.25ms, scan_efficiency_ratio=N/A (0/0)]

Cache: entries=23375, mem=255MB, disk=0MB
  Hits: cache_hit=2, eval_predicate=6
  Misses: cache_miss=2
  IO: read=0, write=0
  Squeeze: squeezed_success=0, squeezed_needs_io=0
Time: 19ms

+----------------------+-----------+----------+
| UserID               | CounterID | RegionID |
+----------------------+-----------+----------+
| -9169641491093342987 | 62        | 229      |
| -9169641491093342987 | 62        | 229      |
| -9169641491093342987 | 62        | 229      |
| -9164706819442030649 | 62        | 229      |
| -9164706819442030649 | 62        | 229      |
| -9164706819442030649 | 62        | 229      |
| -9164706819442030649 | 62        | 229      |
| -9164706819442030649 | 62        | 229      |
| -9164706819442030649 | 62        | 229      |
| -9164706819442030649 | 62        | 229      |
| -9164706819442030649 | 62        | 229      |
| -9164706819442030649 | 62        | 229      |
| -9164706819442030649 | 62        | 229      |
+----------------------+-----------+----------+

=== EXPLAIN ANALYZE (Query 3, Iteration 0) ===
ProjectionExec: expr=[RegionID@0 as RegionID, count(*)@1 as count(*), avg(hits.ResolutionWidth)@2 as avg(hits.ResolutionWidth)], metrics=[output_rows=20, elapsed_compute=1.77µs, output_bytes=400.0 B, output_batches=1, expr_0_eval_time=120ns, expr_1_eval_time=50ns, expr_2_eval_time=470ns]
  SortPreservingMergeExec: [count(Int64(1))@3 DESC], fetch=20, metrics=[output_rows=20, elapsed_compute=6.69µs, output_bytes=560.0 B, output_batches=1]
    SortExec: TopK(fetch=20), expr=[count(*)@1 DESC], preserve_partitioning=[true], filter=[count(*)@1 IS NULL OR count(*)@1 > 253], metrics=[output_rows=204, elapsed_compute=1.18ms, output_bytes=5.6 KB, output_batches=16, row_replacements=255]
      ProjectionExec: expr=[RegionID@0 as RegionID, count(Int64(1))@1 as count(*), avg(hits.ResolutionWidth)@2 as avg(hits.ResolutionWidth), count(Int64(1))@1 as count(Int64(1))], metrics=[output_rows=1.95 K, elapsed_compute=23.03µs, output_bytes=41.0 KB, output_batches=16, expr_0_eval_time=2.11µs, expr_1_eval_time=1.37µs, expr_2_eval_time=1.50µs, expr_3_eval_time=1.10µs]
        AggregateExec: mode=FinalPartitioned, gby=[RegionID@0 as RegionID], aggr=[count(Int64(1)), avg(hits.ResolutionWidth)], metrics=[output_rows=1.95 K, elapsed_compute=549.76µs, output_bytes=41.0 KB, output_batches=16, spill_count=0, spilled_bytes=0.0 B, spilled_rows=0, peak_mem_used=330.7 K, aggregate_arguments_time=22.05µs, aggregation_time=195.26µs, emitting_time=28.63µs, time_calculating_group_ids=207.24µs]
          RepartitionExec: partitioning=Hash([RegionID@0], 16), input_partitions=16, metrics=[output_rows=10.68 K, elapsed_compute=621.40µs, output_bytes=3.5 MB, output_batches=16, spill_count=0, spilled_bytes=0.0 B, spilled_rows=0, fetch_time=4.91s, repartition_time=957.13µs, send_time=873.39µs]
            AggregateExec: mode=Partial, gby=[RegionID@0 as RegionID], aggr=[count(Int64(1)), avg(hits.ResolutionWidth)], metrics=[output_rows=10.68 K, elapsed_compute=102.00ms, output_bytes=426.2 KB, output_batches=16, spill_count=0, spilled_bytes=0.0 B, spilled_rows=0, skipped_aggregation_rows=0, peak_mem_used=772.5 K, aggregate_arguments_time=27.10ms, aggregation_time=21.21ms, emitting_time=170.27µs, time_calculating_group_ids=12.75ms, reduction_factor=1.8% (10.68 K/585.4 K)]
              DataSourceExec: file_groups={16 groups: [[home/ec2-user/liquid-cache/benchmark/clickbench/data/hits.parquet:0..923748528], [home/ec2-user/liquid-cache/benchmark/clickbench/data/hits.parquet:923748528..1847497056], [home/ec2-user/liquid-cache/benchmark/clickbench/data/hits.parquet:1847497056..2771245584], [home/ec2-user/liquid-cache/benchmark/clickbench/data/hits.parquet:2771245584..3694994112], [home/ec2-user/liquid-cache/benchmark/clickbench/data/hits.parquet:3694994112..4618742640], [home/ec2-user/liquid-cache/benchmark/clickbench/data/hits.parquet:4618742640..5542491168], [home/ec2-user/liquid-cache/benchmark/clickbench/data/hits.parquet:5542491168..6466239696], [home/ec2-user/liquid-cache/benchmark/clickbench/data/hits.parquet:6466239696..7389988224], [home/ec2-user/liquid-cache/benchmark/clickbench/data/hits.parquet:7389988224..8313736752], [home/ec2-user/liquid-cache/benchmark/clickbench/data/hits.parquet:8313736752..9237485280], [home/ec2-user/liquid-cache/benchmark/clickbench/data/hits.parquet:9237485280..10161233808], [home/ec2-user/liquid-cache/benchmark/clickbench/data/hits.parquet:10161233808..11084982336], [home/ec2-user/liquid-cache/benchmark/clickbench/data/hits.parquet:11084982336..12008730864], [home/ec2-user/liquid-cache/benchmark/clickbench/data/hits.parquet:12008730864..12932479392], [home/ec2-user/liquid-cache/benchmark/clickbench/data/hits.parquet:12932479392..13856227920], [home/ec2-user/liquid-cache/benchmark/clickbench/data/hits.parquet:13856227920..14779976446]]}, projection=[RegionID, ResolutionWidth], file_type=liquid_parquet, metrics=[output_rows=585.4 K, elapsed_compute=16ns, output_bytes=3.8 MB, output_batches=5.86 K, files_ranges_pruned_statistics=16 total → 16 matched, row_groups_pruned_statistics=226 total → 212 matched, row_groups_pruned_bloom_filter=0 total → 0 matched, page_index_pages_pruned=0 total → 0 matched, page_index_rows_pruned=0 total → 0 matched, limit_pruned_row_groups=0 total → 0 matched, batches_split=0, bytes_scanned=104.1 M, file_open_errors=0, file_scan_errors=0, num_predicate_creation_errors=0, predicate_evaluation_errors=0, pushdown_rows_matched=0, pushdown_rows_pruned=0, predicate_cache_inner_records=0, predicate_cache_records=0, bloom_filter_eval_time=2.78ms, metadata_load_time=1.80ms, page_index_eval_time=2.81µs, row_pushdown_eval_time=32ns, statistics_eval_time=328.59µs, time_elapsed_opening=6.60ms, time_elapsed_processing=4.24s, time_elapsed_scanning_total=4.90s, time_elapsed_scanning_until_data=179.08ms, scan_efficiency_ratio=N/A (0/0)]

Cache: entries=34817, mem=255MB, disk=0MB
  Hits: cache_hit=0, eval_predicate=34522
  Misses: cache_miss=11442
  IO: read=0, write=0
  Squeeze: squeezed_success=0, squeezed_needs_io=0
Time: 392ms

+----------+----------+---------------------------+
| RegionID | count(*) | avg(hits.ResolutionWidth) |
+----------+----------+---------------------------+
| 229      | 127718   | 1490.9539923894831        |
| 2        | 37162    | 1463.62012270599          |
| 208      | 29099    | 1303.4156500223376        |
| 34       | 12023    | 1538.5385511103718        |
| 107      | 10802    | 1579.703203110535         |
| 169      | 10464    | 1542.529243119266         |
| 55       | 10247    | 1342.4106567775934        |
| 44       | 8942     | 1370.9150078282264        |
| 1        | 8834     | 1519.2714512112293        |
| 23       | 8538     | 1254.0892480674631        |
| 42       | 7917     | 1559.5702917771882        |
| 51       | 7820     | 1569.3202046035806        |
| 106      | 7783     | 1556.2761146087628        |
| 32       | 7165     | 1544.8288904396372        |
| 47       | 6711     | 1534.2136790344211        |
| 184      | 6628     | 1522.5264031382017        |
| 54       | 6263     | 1336.4619192080472        |
| 36       | 6180     | 1571.9715210355987        |
| 38       | 5868     | 1561.2220518064075        |
| 226      | 5640     | 1571.5643617021276        |
+----------+----------+---------------------------+

=== EXPLAIN ANALYZE (Query 4, Iteration 0) ===
SortPreservingMergeExec: [hits.EventDate@0 ASC NULLS LAST], metrics=[output_rows=9, elapsed_compute=10.40µs, output_bytes=252.0 B, output_batches=1]
  SortExec: expr=[hits.EventDate@0 ASC NULLS LAST], preserve_partitioning=[true], metrics=[output_rows=9, elapsed_compute=16.08µs, output_bytes=0.0 B, output_batches=0, spill_count=0, spilled_bytes=0.0 B, spilled_rows=0]
    ProjectionExec: expr=[hits.EventDate@0 as hits.EventDate, count(Int64(1))@1 as count(*), sum(hits.IsRefresh)@2 as sum(hits.IsRefresh), avg(hits.ResolutionWidth)@3 as avg(hits.ResolutionWidth)], metrics=[output_rows=9, elapsed_compute=7.28µs, output_bytes=3.0 KB, output_batches=5, expr_0_eval_time=802ns, expr_1_eval_time=502ns, expr_2_eval_time=381ns, expr_3_eval_time=371ns]
      AggregateExec: mode=FinalPartitioned, gby=[hits.EventDate@0 as hits.EventDate], aggr=[count(Int64(1)), sum(hits.IsRefresh), avg(hits.ResolutionWidth)], metrics=[output_rows=9, elapsed_compute=128.21µs, output_bytes=3.0 KB, output_batches=5, spill_count=0, spilled_bytes=0.0 B, spilled_rows=0, peak_mem_used=44.22 K, aggregate_arguments_time=6.71µs, aggregation_time=20.72µs, emitting_time=11.66µs, time_calculating_group_ids=8.17µs]
        RepartitionExec: partitioning=Hash([hits.EventDate@0], 16), input_partitions=16, metrics=[output_rows=111, elapsed_compute=182.43µs, output_bytes=1440.0 KB, output_batches=5, spill_count=0, spilled_bytes=0.0 B, spilled_rows=0, fetch_time=2.24s, repartition_time=235.04µs, send_time=216.78µs]
          AggregateExec: mode=Partial, gby=[CAST(CAST(EventDate@0 AS Int32) AS Date32) as hits.EventDate], aggr=[count(Int64(1)), sum(hits.IsRefresh), avg(hits.ResolutionWidth)], metrics=[output_rows=111, elapsed_compute=875.68ms, output_bytes=13.6 KB, output_batches=16, spill_count=0, spilled_bytes=0.0 B, spilled_rows=0, skipped_aggregation_rows=0, peak_mem_used=1.12 M, aggregate_arguments_time=107.71ms, aggregation_time=392.36ms, emitting_time=100.22µs, time_calculating_group_ids=452.71ms, reduction_factor=0.00018% (111/60.21 M)]
            DataSourceExec: file_groups={16 groups: [[home/ec2-user/liquid-cache/benchmark/clickbench/data/hits.parquet:0..923748528], [home/ec2-user/liquid-cache/benchmark/clickbench/data/hits.parquet:923748528..1847497056], [home/ec2-user/liquid-cache/benchmark/clickbench/data/hits.parquet:1847497056..2771245584], [home/ec2-user/liquid-cache/benchmark/clickbench/data/hits.parquet:2771245584..3694994112], [home/ec2-user/liquid-cache/benchmark/clickbench/data/hits.parquet:3694994112..4618742640], [home/ec2-user/liquid-cache/benchmark/clickbench/data/hits.parquet:4618742640..5542491168], [home/ec2-user/liquid-cache/benchmark/clickbench/data/hits.parquet:5542491168..6466239696], [home/ec2-user/liquid-cache/benchmark/clickbench/data/hits.parquet:6466239696..7389988224], [home/ec2-user/liquid-cache/benchmark/clickbench/data/hits.parquet:7389988224..8313736752], [home/ec2-user/liquid-cache/benchmark/clickbench/data/hits.parquet:8313736752..9237485280], [home/ec2-user/liquid-cache/benchmark/clickbench/data/hits.parquet:9237485280..10161233808], [home/ec2-user/liquid-cache/benchmark/clickbench/data/hits.parquet:10161233808..11084982336], [home/ec2-user/liquid-cache/benchmark/clickbench/data/hits.parquet:11084982336..12008730864], [home/ec2-user/liquid-cache/benchmark/clickbench/data/hits.parquet:12008730864..12932479392], [home/ec2-user/liquid-cache/benchmark/clickbench/data/hits.parquet:12932479392..13856227920], [home/ec2-user/liquid-cache/benchmark/clickbench/data/hits.parquet:13856227920..14779976446]]}, projection=[EventDate, IsRefresh, ResolutionWidth], file_type=liquid_parquet, metrics=[output_rows=60.21 M, elapsed_compute=16ns, output_bytes=344.6 MB, output_batches=7.81 K, files_ranges_pruned_statistics=16 total → 16 matched, row_groups_pruned_statistics=226 total → 198 matched, row_groups_pruned_bloom_filter=0 total → 0 matched, page_index_pages_pruned=0 total → 0 matched, page_index_rows_pruned=0 total → 0 matched, limit_pruned_row_groups=0 total → 0 matched, batches_split=0, bytes_scanned=40.34 M, file_open_errors=0, file_scan_errors=0, num_predicate_creation_errors=0, predicate_evaluation_errors=0, pushdown_rows_matched=0, pushdown_rows_pruned=0, predicate_cache_inner_records=0, predicate_cache_records=0, bloom_filter_eval_time=2.77ms, metadata_load_time=2.43ms, page_index_eval_time=3.02µs, row_pushdown_eval_time=32ns, statistics_eval_time=396.81µs, time_elapsed_opening=7.92ms, time_elapsed_processing=1.31s, time_elapsed_scanning_total=2.23s, time_elapsed_scanning_until_data=61.35ms, scan_efficiency_ratio=N/A (0/0)]

Cache: entries=56205, mem=255MB, disk=0MB
  Hits: cache_hit=7808, eval_predicate=40037
  Misses: cache_miss=10743
  IO: read=0, write=0
  Squeeze: squeezed_success=0, squeezed_needs_io=0
Time: 184ms

+----------------+----------+---------------------+---------------------------+
| hits.EventDate | count(*) | sum(hits.IsRefresh) | avg(hits.ResolutionWidth) |
+----------------+----------+---------------------+---------------------------+
| 2013-07-02     | 3704833  | 101727              | 1539.6128780973393        |
| 2013-07-03     | 9829176  | 2124998             | 1525.046648874738         |
| 2013-07-05     | 4489531  | 473006              | 1548.6441810959764        |
| 2013-07-06     | 6813120  | 321599              | 1480.4534853341788        |
| 2013-07-07     | 1126867  | 28811               | 1449.443904205199         |
| 2013-07-08     | 2350577  | 60006               | 1469.3531392504904        |
| 2013-07-09     | 13465700 | 327895              | 1503.552273777078         |
| 2013-07-10     | 5808207  | 165786              | 1518.7116108292973        |
| 2013-07-15     | 12621831 | 459511              | 1546.7553391421577        |
+----------------+----------+---------------------+---------------------------+

=== EXPLAIN ANALYZE (Query 5, Iteration 0) ===
CoalescePartitionsExec: fetch=50, metrics=[output_rows=35, elapsed_compute=14.06µs, output_bytes=704.0 B, output_batches=1]
  DataSourceExec: file_groups={16 groups: [[home/ec2-user/liquid-cache/benchmark/clickbench/data/hits.parquet:0..923748528], [home/ec2-user/liquid-cache/benchmark/clickbench/data/hits.parquet:923748528..1847497056], [home/ec2-user/liquid-cache/benchmark/clickbench/data/hits.parquet:1847497056..2771245584], [home/ec2-user/liquid-cache/benchmark/clickbench/data/hits.parquet:2771245584..3694994112], [home/ec2-user/liquid-cache/benchmark/clickbench/data/hits.parquet:3694994112..4618742640], [home/ec2-user/liquid-cache/benchmark/clickbench/data/hits.parquet:4618742640..5542491168], [home/ec2-user/liquid-cache/benchmark/clickbench/data/hits.parquet:5542491168..6466239696], [home/ec2-user/liquid-cache/benchmark/clickbench/data/hits.parquet:6466239696..7389988224], [home/ec2-user/liquid-cache/benchmark/clickbench/data/hits.parquet:7389988224..8313736752], [home/ec2-user/liquid-cache/benchmark/clickbench/data/hits.parquet:8313736752..9237485280], [home/ec2-user/liquid-cache/benchmark/clickbench/data/hits.parquet:9237485280..10161233808], [home/ec2-user/liquid-cache/benchmark/clickbench/data/hits.parquet:10161233808..11084982336], [home/ec2-user/liquid-cache/benchmark/clickbench/data/hits.parquet:11084982336..12008730864], [home/ec2-user/liquid-cache/benchmark/clickbench/data/hits.parquet:12008730864..12932479392], [home/ec2-user/liquid-cache/benchmark/clickbench/data/hits.parquet:12932479392..13856227920], [home/ec2-user/liquid-cache/benchmark/clickbench/data/hits.parquet:13856227920..14779976446]]}, projection=[UserID, RegionID, CounterID], limit=50, file_type=liquid_parquet, metrics=[output_rows=35, elapsed_compute=16ns, output_bytes=704.0 B, output_batches=1, files_ranges_pruned_statistics=16 total → 16 matched, row_groups_pruned_statistics=226 total → 3 matched, row_groups_pruned_bloom_filter=0 total → 0 matched, page_index_pages_pruned=0 total → 0 matched, page_index_rows_pruned=0 total → 0 matched, limit_pruned_row_groups=0 total → 0 matched, batches_split=0, bytes_scanned=2.05 M, file_open_errors=0, file_scan_errors=0, num_predicate_creation_errors=0, predicate_evaluation_errors=0, pushdown_rows_matched=35, pushdown_rows_pruned=11, predicate_cache_inner_records=0, predicate_cache_records=0, bloom_filter_eval_time=137.53µs, metadata_load_time=3.52ms, page_index_eval_time=3.03µs, row_pushdown_eval_time=4.58µs, statistics_eval_time=612.31µs, time_elapsed_opening=7.65ms, time_elapsed_processing=8.65ms, time_elapsed_scanning_total=1.37ms, time_elapsed_scanning_until_data=1.35ms, scan_efficiency_ratio=N/A (0/0)]

Cache: entries=56206, mem=255MB, disk=0MB
  Hits: cache_hit=2, eval_predicate=5
  Misses: cache_miss=1
  IO: read=0, write=0
  Squeeze: squeezed_success=0, squeezed_needs_io=0
Time: 3ms

+----------------------+----------+-----------+
| UserID               | RegionID | CounterID |
+----------------------+----------+-----------+
| -9198080625391903804 | 2        | 62        |
| -9193011485273158162 | 2        | 62        |
| -9193011485273158162 | 2        | 62        |
| -9193011485273158162 | 2        | 62        |
| -9193011485273158162 | 2        | 62        |
| -9193011485273158162 | 2        | 62        |
| -9193011485273158162 | 2        | 62        |
| -9193011485273158162 | 2        | 62        |
| -9193011485273158162 | 2        | 62        |
| -9169641491093342987 | 229      | 62        |
| -9164706819442030649 | 229      | 62        |
| -9164706819442030649 | 229      | 62        |
| -9164706819442030649 | 229      | 62        |
| -9164706819442030649 | 229      | 62        |
| -9164706819442030649 | 229      | 62        |
| -9164706819442030649 | 229      | 62        |
| -9164706819442030649 | 229      | 62        |
| -9164706819442030649 | 229      | 62        |
| -9164706819442030649 | 229      | 62        |
| -9164706819442030649 | 229      | 62        |
| -9119482473471174352 | 238      | 62        |
| -9119482473471174352 | 238      | 62        |
| -9119482473471174352 | 238      | 62        |
| -9119482473471174352 | 238      | 62        |
| -9119482473471174352 | 238      | 62        |
| -9119482473471174352 | 238      | 62        |
| -9119482473471174352 | 238      | 62        |
| -9119482473471174352 | 238      | 62        |
| -9119482473471174352 | 238      | 62        |
| -9119482473471174352 | 238      | 62        |
| -9119482473471174352 | 238      | 62        |
| -9119482473471174352 | 238      | 62        |
| -9119482473471174352 | 238      | 62        |
| -9119482473471174352 | 238      | 62        |
| -9119482473471174352 | 238      | 62        |
+----------------------+----------+-----------+

=== EXPLAIN ANALYZE (Query 6, Iteration 0) ===
AggregateExec: mode=Final, gby=[], aggr=[avg(hits.ResolutionWidth), avg(hits.ResolutionHeight), avg(hits.ClientIP), avg(hits.WindowClientWidth), avg(hits.WindowClientHeight), avg(hits.CounterID), avg(hits.RegionID)], metrics=[output_rows=1, elapsed_compute=67.51µs, output_bytes=56.0 B, output_batches=1]
  CoalescePartitionsExec, metrics=[output_rows=16, elapsed_compute=15.91µs, output_bytes=1792.0 B, output_batches=16]
    AggregateExec: mode=Partial, gby=[], aggr=[avg(hits.ResolutionWidth), avg(hits.ResolutionHeight), avg(hits.ClientIP), avg(hits.WindowClientWidth), avg(hits.WindowClientHeight), avg(hits.CounterID), avg(hits.RegionID)], metrics=[output_rows=16, elapsed_compute=471.85ms, output_bytes=1792.0 B, output_batches=16]
      DataSourceExec: file_groups={16 groups: [[home/ec2-user/liquid-cache/benchmark/clickbench/data/hits.parquet:0..923748528], [home/ec2-user/liquid-cache/benchmark/clickbench/data/hits.parquet:923748528..1847497056], [home/ec2-user/liquid-cache/benchmark/clickbench/data/hits.parquet:1847497056..2771245584], [home/ec2-user/liquid-cache/benchmark/clickbench/data/hits.parquet:2771245584..3694994112], [home/ec2-user/liquid-cache/benchmark/clickbench/data/hits.parquet:3694994112..4618742640], [home/ec2-user/liquid-cache/benchmark/clickbench/data/hits.parquet:4618742640..5542491168], [home/ec2-user/liquid-cache/benchmark/clickbench/data/hits.parquet:5542491168..6466239696], [home/ec2-user/liquid-cache/benchmark/clickbench/data/hits.parquet:6466239696..7389988224], [home/ec2-user/liquid-cache/benchmark/clickbench/data/hits.parquet:7389988224..8313736752], [home/ec2-user/liquid-cache/benchmark/clickbench/data/hits.parquet:8313736752..9237485280], [home/ec2-user/liquid-cache/benchmark/clickbench/data/hits.parquet:9237485280..10161233808], [home/ec2-user/liquid-cache/benchmark/clickbench/data/hits.parquet:10161233808..11084982336], [home/ec2-user/liquid-cache/benchmark/clickbench/data/hits.parquet:11084982336..12008730864], [home/ec2-user/liquid-cache/benchmark/clickbench/data/hits.parquet:12008730864..12932479392], [home/ec2-user/liquid-cache/benchmark/clickbench/data/hits.parquet:12932479392..13856227920], [home/ec2-user/liquid-cache/benchmark/clickbench/data/hits.parquet:13856227920..14779976446]]}, projection=[CounterID, ClientIP, RegionID, ResolutionWidth, ResolutionHeight, WindowClientWidth, WindowClientHeight], file_type=liquid_parquet, metrics=[output_rows=92.74 M, elapsed_compute=16ns, output_bytes=1769.3 MB, output_batches=12.22 K, files_ranges_pruned_statistics=16 total → 16 matched, row_groups_pruned_statistics=226 total → 226 matched, row_groups_pruned_bloom_filter=0 total → 0 matched, page_index_pages_pruned=0 total → 0 matched, page_index_rows_pruned=0 total → 0 matched, limit_pruned_row_groups=0 total → 0 matched, batches_split=0, bytes_scanned=488.2 M, file_open_errors=0, file_scan_errors=0, num_predicate_creation_errors=0, predicate_evaluation_errors=0, pushdown_rows_matched=0, pushdown_rows_pruned=0, predicate_cache_inner_records=0, predicate_cache_records=0, bloom_filter_eval_time=4.00ms, metadata_load_time=2.04ms, page_index_eval_time=3.70µs, row_pushdown_eval_time=32ns, statistics_eval_time=344.75µs, time_elapsed_opening=8.29ms, time_elapsed_processing=3.35s, time_elapsed_scanning_total=4.12s, time_elapsed_scanning_until_data=174.90ms, scan_efficiency_ratio=N/A (0/0)]

Cache: entries=57562, mem=255MB, disk=0MB
  Hits: cache_hit=0, eval_predicate=25114
  Misses: cache_miss=678
  IO: read=0, write=0
  Squeeze: squeezed_success=0, squeezed_needs_io=0
Time: 327ms

+---------------------------+----------------------------+--------------------+-----------------------------+------------------------------+---------------------+--------------------+
| avg(hits.ResolutionWidth) | avg(hits.ResolutionHeight) | avg(hits.ClientIP) | avg(hits.WindowClientWidth) | avg(hits.WindowClientHeight) | avg(hits.CounterID) | avg(hits.RegionID) |
+---------------------------+----------------------------+--------------------+-----------------------------+------------------------------+---------------------+--------------------+
| 1511.1626520370016        | 978.6929029940453          | 563293425.7787501  | 1226.578310859947           | 706.7523128243456            | 132688.23576338214  | 3388.0068872130396 |
+---------------------------+----------------------------+--------------------+-----------------------------+------------------------------+---------------------+--------------------+

=== EXPLAIN ANALYZE (Query 1, Iteration 0) ===
ProjectionExec: expr=[count(Int64(1))@0 as count(*)], metrics=[output_rows=1, elapsed_compute=940ns, output_bytes=8.0 B, output_batches=1, expr_0_eval_time=360ns]
  AggregateExec: mode=Final, gby=[], aggr=[count(Int64(1))], metrics=[output_rows=1, elapsed_compute=8.82µs, output_bytes=8.0 B, output_batches=1]
    CoalescePartitionsExec, metrics=[output_rows=16, elapsed_compute=18.74µs, output_bytes=128.0 B, output_batches=16]
      AggregateExec: mode=Partial, gby=[], aggr=[count(Int64(1))], metrics=[output_rows=16, elapsed_compute=2.29ms, output_bytes=128.0 B, output_batches=16]
        DataSourceExec: file_groups={16 groups: [[home/ec2-user/liquid-cache/benchmark/clickbench/data/hits.parquet:0..923748528], [home/ec2-user/liquid-cache/benchmark/clickbench/data/hits.parquet:923748528..1847497056], [home/ec2-user/liquid-cache/benchmark/clickbench/data/hits.parquet:1847497056..2771245584], [home/ec2-user/liquid-cache/benchmark/clickbench/data/hits.parquet:2771245584..3694994112], [home/ec2-user/liquid-cache/benchmark/clickbench/data/hits.parquet:3694994112..4618742640], [home/ec2-user/liquid-cache/benchmark/clickbench/data/hits.parquet:4618742640..5542491168], [home/ec2-user/liquid-cache/benchmark/clickbench/data/hits.parquet:5542491168..6466239696], [home/ec2-user/liquid-cache/benchmark/clickbench/data/hits.parquet:6466239696..7389988224], [home/ec2-user/liquid-cache/benchmark/clickbench/data/hits.parquet:7389988224..8313736752], [home/ec2-user/liquid-cache/benchmark/clickbench/data/hits.parquet:8313736752..9237485280], [home/ec2-user/liquid-cache/benchmark/clickbench/data/hits.parquet:9237485280..10161233808], [home/ec2-user/liquid-cache/benchmark/clickbench/data/hits.parquet:10161233808..11084982336], [home/ec2-user/liquid-cache/benchmark/clickbench/data/hits.parquet:11084982336..12008730864], [home/ec2-user/liquid-cache/benchmark/clickbench/data/hits.parquet:12008730864..12932479392], [home/ec2-user/liquid-cache/benchmark/clickbench/data/hits.parquet:12932479392..13856227920], [home/ec2-user/liquid-cache/benchmark/clickbench/data/hits.parquet:13856227920..14779976446]]}, file_type=liquid_parquet, metrics=[output_rows=630.5 K, elapsed_compute=16ns, output_bytes=0.0 B, output_batches=5.87 K, files_ranges_pruned_statistics=16 total → 16 matched, row_groups_pruned_statistics=226 total → 212 matched, row_groups_pruned_bloom_filter=0 total → 0 matched, page_index_pages_pruned=0 total → 0 matched, page_index_rows_pruned=0 total → 0 matched, limit_pruned_row_groups=0 total → 0 matched, batches_split=0, bytes_scanned=0, file_open_errors=0, file_scan_errors=0, num_predicate_creation_errors=0, predicate_evaluation_errors=0, pushdown_rows_matched=0, pushdown_rows_pruned=0, predicate_cache_inner_records=0, predicate_cache_records=0, bloom_filter_eval_time=7.71ms, metadata_load_time=2.21ms, page_index_eval_time=2.73µs, row_pushdown_eval_time=32ns, statistics_eval_time=269.45µs, time_elapsed_opening=11.73ms, time_elapsed_processing=124.19ms, time_elapsed_scanning_total=115.91ms, time_elapsed_scanning_until_data=1.83ms, scan_efficiency_ratio=N/A (0/0)]

Cache: entries=57562, mem=255MB, disk=0MB
  Hits: cache_hit=0, eval_predicate=11540
  Misses: cache_miss=0
  IO: read=0, write=0
  Squeeze: squeezed_success=0, squeezed_needs_io=0
Time: 14ms

+----------+
| count(*) |
+----------+
| 630500   |
+----------+

=== EXPLAIN ANALYZE (Query 7, Iteration 0) ===
ProjectionExec: expr=[AdvEngineID@0 as AdvEngineID, count(*)@1 as count(*)], metrics=[output_rows=18, elapsed_compute=890ns, output_bytes=180.0 B, output_batches=1, expr_0_eval_time=240ns, expr_1_eval_time=50ns]
  SortPreservingMergeExec: [count(Int64(1))@2 DESC], metrics=[output_rows=18, elapsed_compute=8.86µs, output_bytes=324.0 B, output_batches=1]
    SortExec: expr=[count(*)@1 DESC], preserve_partitioning=[true], metrics=[output_rows=18, elapsed_compute=15.05µs, output_bytes=0.0 B, output_batches=0, spill_count=0, spilled_bytes=0.0 B, spilled_rows=0]
      ProjectionExec: expr=[AdvEngineID@0 as AdvEngineID, count(Int64(1))@1 as count(*), count(Int64(1))@1 as count(Int64(1))], metrics=[output_rows=18, elapsed_compute=8.25µs, output_bytes=2.8 KB, output_batches=10, expr_0_eval_time=1.29µs, expr_1_eval_time=896ns, expr_2_eval_time=616ns]
        AggregateExec: mode=FinalPartitioned, gby=[AdvEngineID@0 as AdvEngineID], aggr=[count(Int64(1))], metrics=[output_rows=18, elapsed_compute=118.64µs, output_bytes=2.8 KB, output_batches=10, spill_count=0, spilled_bytes=0.0 B, spilled_rows=0, peak_mem_used=80.06 K, aggregate_arguments_time=4.71µs, aggregation_time=4.86µs, emitting_time=6.54µs, time_calculating_group_ids=9.58µs]
          RepartitionExec: partitioning=Hash([AdvEngineID@0], 16), input_partitions=16, metrics=[output_rows=164, elapsed_compute=146.43µs, output_bytes=800.0 KB, output_batches=10, spill_count=0, spilled_bytes=0.0 B, spilled_rows=0, fetch_time=198.21ms, repartition_time=133.82µs, send_time=161.56µs]
            AggregateExec: mode=Partial, gby=[AdvEngineID@0 as AdvEngineID], aggr=[count(Int64(1))], metrics=[output_rows=164, elapsed_compute=16.17ms, output_bytes=5.8 KB, output_batches=16, spill_count=0, spilled_bytes=0.0 B, spilled_rows=0, skipped_aggregation_rows=0, peak_mem_used=342.8 K, aggregate_arguments_time=2.86ms, aggregation_time=1.79ms, emitting_time=28.06µs, time_calculating_group_ids=6.47ms, reduction_factor=0.026% (164/630.5 K)]
              DataSourceExec: file_groups={16 groups: [[home/ec2-user/liquid-cache/benchmark/clickbench/data/hits.parquet:0..923748528], [home/ec2-user/liquid-cache/benchmark/clickbench/data/hits.parquet:923748528..1847497056], [home/ec2-user/liquid-cache/benchmark/clickbench/data/hits.parquet:1847497056..2771245584], [home/ec2-user/liquid-cache/benchmark/clickbench/data/hits.parquet:2771245584..3694994112], [home/ec2-user/liquid-cache/benchmark/clickbench/data/hits.parquet:3694994112..4618742640], [home/ec2-user/liquid-cache/benchmark/clickbench/data/hits.parquet:4618742640..5542491168], [home/ec2-user/liquid-cache/benchmark/clickbench/data/hits.parquet:5542491168..6466239696], [home/ec2-user/liquid-cache/benchmark/clickbench/data/hits.parquet:6466239696..7389988224], [home/ec2-user/liquid-cache/benchmark/clickbench/data/hits.parquet:7389988224..8313736752], [home/ec2-user/liquid-cache/benchmark/clickbench/data/hits.parquet:8313736752..9237485280], [home/ec2-user/liquid-cache/benchmark/clickbench/data/hits.parquet:9237485280..10161233808], [home/ec2-user/liquid-cache/benchmark/clickbench/data/hits.parquet:10161233808..11084982336], [home/ec2-user/liquid-cache/benchmark/clickbench/data/hits.parquet:11084982336..12008730864], [home/ec2-user/liquid-cache/benchmark/clickbench/data/hits.parquet:12008730864..12932479392], [home/ec2-user/liquid-cache/benchmark/clickbench/data/hits.parquet:12932479392..13856227920], [home/ec2-user/liquid-cache/benchmark/clickbench/data/hits.parquet:13856227920..14779976446]]}, projection=[AdvEngineID], file_type=liquid_parquet, metrics=[output_rows=630.5 K, elapsed_compute=16ns, output_bytes=1469.4 KB, output_batches=5.87 K, files_ranges_pruned_statistics=16 total → 16 matched, row_groups_pruned_statistics=226 total → 212 matched, row_groups_pruned_bloom_filter=0 total → 0 matched, page_index_pages_pruned=0 total → 0 matched, page_index_rows_pruned=0 total → 0 matched, limit_pruned_row_groups=0 total → 0 matched, batches_split=0, bytes_scanned=0, file_open_errors=0, file_scan_errors=0, num_predicate_creation_errors=0, predicate_evaluation_errors=0, pushdown_rows_matched=0, pushdown_rows_pruned=0, predicate_cache_inner_records=0, predicate_cache_records=0, bloom_filter_eval_time=2.91ms, metadata_load_time=11.86ms, page_index_eval_time=3.62µs, row_pushdown_eval_time=32ns, statistics_eval_time=434.50µs, time_elapsed_opening=17.44ms, time_elapsed_processing=177.50ms, time_elapsed_scanning_total=180.20ms, time_elapsed_scanning_until_data=2.63ms, scan_efficiency_ratio=N/A (0/0)]

Cache: entries=57562, mem=255MB, disk=0MB
  Hits: cache_hit=5868, eval_predicate=11540
  Misses: cache_miss=0
  IO: read=0, write=0
  Squeeze: squeezed_success=0, squeezed_needs_io=0
Time: 18ms

+-------------+----------+
| AdvEngineID | count(*) |
+-------------+----------+
| 2           | 404602   |
| 27          | 113167   |
| 13          | 45631    |
| 45          | 38960    |
| 44          | 9730     |
| 3           | 6896     |
| 62          | 5266     |
| 52          | 3554     |
| 50          | 938      |
| 28          | 836      |
| 53          | 350      |
| 25          | 343      |
| 61          | 158      |
| 21          | 38       |
| 42          | 20       |
| 16          | 7        |
| 7           | 3        |
| 22          | 1        |
+-------------+----------+

=== EXPLAIN ANALYZE (Query 40, Iteration 0) ===
GlobalLimitExec: skip=100, fetch=10, metrics=[output_rows=10, elapsed_compute=9.75µs, output_bytes=2.1 KB, output_batches=1]
  SortPreservingMergeExec: [pageviews@2 DESC], fetch=110, metrics=[output_rows=110, elapsed_compute=11.49µs, output_bytes=2.1 KB, output_batches=1]
    SortExec: TopK(fetch=110), expr=[pageviews@2 DESC], preserve_partitioning=[true], filter=[pageviews@2 IS NULL OR pageviews@2 > 6], metrics=[output_rows=1.38 K, elapsed_compute=1.58ms, output_bytes=27.0 KB, output_batches=16, row_replacements=1.62 K]
      ProjectionExec: expr=[URLHash@0 as URLHash, hits.EventDate@1 as hits.EventDate, count(Int64(1))@2 as pageviews], metrics=[output_rows=41.19 K, elapsed_compute=58.06µs, output_bytes=1089.8 KB, output_batches=16, expr_0_eval_time=11.75µs, expr_1_eval_time=1.96µs, expr_2_eval_time=4.39µs]
        AggregateExec: mode=FinalPartitioned, gby=[URLHash@0 as URLHash, hits.EventDate@1 as hits.EventDate], aggr=[count(Int64(1))], metrics=[output_rows=41.19 K, elapsed_compute=15.04ms, output_bytes=1089.8 KB, output_batches=16, spill_count=0, spilled_bytes=0.0 B, spilled_rows=0, peak_mem_used=5.07 M, aggregate_arguments_time=27.41µs, aggregation_time=208.23µs, emitting_time=82.34µs, time_calculating_group_ids=14.52ms]
          RepartitionExec: partitioning=Hash([URLHash@0, hits.EventDate@1], 16), input_partitions=16, metrics=[output_rows=41.87 K, elapsed_compute=486.25µs, output_bytes=2.5 MB, output_batches=16, spill_count=0, spilled_bytes=0.0 B, spilled_rows=0, fetch_time=37.78ms, repartition_time=643.68µs, send_time=58.77µs]
            AggregateExec: mode=Partial, gby=[URLHash@1 as URLHash, CAST(CAST(EventDate@0 AS Int32) AS Date32) as hits.EventDate], aggr=[count(Int64(1))], metrics=[output_rows=41.87 K, elapsed_compute=3.75ms, output_bytes=5.8 MB, output_batches=6, spill_count=0, spilled_bytes=0.0 B, spilled_rows=0, skipped_aggregation_rows=0, peak_mem_used=2.57 M, aggregate_arguments_time=67.73µs, aggregation_time=307.80µs, emitting_time=6.78µs, time_calculating_group_ids=3.16ms, reduction_factor=47% (41.87 K/89.91 K)]
              DataSourceExec: file_groups={16 groups: [[home/ec2-user/liquid-cache/benchmark/clickbench/data/hits.parquet:0..923748528], [home/ec2-user/liquid-cache/benchmark/clickbench/data/hits.parquet:923748528..1847497056], [home/ec2-user/liquid-cache/benchmark/clickbench/data/hits.parquet:1847497056..2771245584], [home/ec2-user/liquid-cache/benchmark/clickbench/data/hits.parquet:2771245584..3694994112], [home/ec2-user/liquid-cache/benchmark/clickbench/data/hits.parquet:3694994112..4618742640], [home/ec2-user/liquid-cache/benchmark/clickbench/data/hits.parquet:4618742640..5542491168], [home/ec2-user/liquid-cache/benchmark/clickbench/data/hits.parquet:5542491168..6466239696], [home/ec2-user/liquid-cache/benchmark/clickbench/data/hits.parquet:6466239696..7389988224], [home/ec2-user/liquid-cache/benchmark/clickbench/data/hits.parquet:7389988224..8313736752], [home/ec2-user/liquid-cache/benchmark/clickbench/data/hits.parquet:8313736752..9237485280], [home/ec2-user/liquid-cache/benchmark/clickbench/data/hits.parquet:9237485280..10161233808], [home/ec2-user/liquid-cache/benchmark/clickbench/data/hits.parquet:10161233808..11084982336], [home/ec2-user/liquid-cache/benchmark/clickbench/data/hits.parquet:11084982336..12008730864], [home/ec2-user/liquid-cache/benchmark/clickbench/data/hits.parquet:12008730864..12932479392], [home/ec2-user/liquid-cache/benchmark/clickbench/data/hits.parquet:12932479392..13856227920], [home/ec2-user/liquid-cache/benchmark/clickbench/data/hits.parquet:13856227920..14779976446]]}, projection=[EventDate, URLHash], file_type=liquid_parquet, metrics=[output_rows=89.91 K, elapsed_compute=16ns, output_bytes=883.4 KB, output_batches=92, files_ranges_pruned_statistics=16 total → 16 matched, row_groups_pruned_statistics=226 total → 3 matched, row_groups_pruned_bloom_filter=0 total → 0 matched, page_index_pages_pruned=0 total → 0 matched, page_index_rows_pruned=0 total → 0 matched, limit_pruned_row_groups=0 total → 0 matched, batches_split=0, bytes_scanned=15.65 M, file_open_errors=0, file_scan_errors=0, num_predicate_creation_errors=0, predicate_evaluation_errors=0, pushdown_rows_matched=89.91 K, pushdown_rows_pruned=6.82 K, predicate_cache_inner_records=0, predicate_cache_records=0, bloom_filter_eval_time=230.36µs, metadata_load_time=4.51ms, page_index_eval_time=4.79µs, row_pushdown_eval_time=309.32µs, statistics_eval_time=770.35µs, time_elapsed_opening=9.37ms, time_elapsed_processing=29.73ms, time_elapsed_scanning_total=28.11ms, time_elapsed_scanning_until_data=7.84ms, scan_efficiency_ratio=N/A (0/0)]

Cache: entries=57745, mem=255MB, disk=0MB
  Hits: cache_hit=184, eval_predicate=632
  Misses: cache_miss=92
  IO: read=0, write=0
  Squeeze: squeezed_success=0, squeezed_needs_io=0
Time: 27ms

+----------------------+----------------+-----------+
| URLHash              | hits.EventDate | pageviews |
+----------------------+----------------+-----------+
| 7199155066341437901  | 2013-07-15     | 27        |
| 1191678692164887503  | 2013-07-15     | 27        |
| 2512899255762264913  | 2013-07-15     | 26        |
| -8505838588544217213 | 2013-07-15     | 26        |
| -3611962581960090019 | 2013-07-15     | 25        |
| -6025761452198030778 | 2013-07-15     | 25        |
| -6048157399675510565 | 2013-07-15     | 25        |
| 6976198041684576969  | 2013-07-15     | 24        |
| 2033248414344857063  | 2013-07-15     | 24        |
| 5381918128490835791  | 2013-07-15     | 24        |
+----------------------+----------------+-----------+

=== EXPLAIN ANALYZE (Query 41, Iteration 0) ===
GlobalLimitExec: skip=10000, fetch=10, metrics=[output_rows=10, elapsed_compute=8.56µs, output_bytes=21.3 KB, output_batches=1]
  SortPreservingMergeExec: [pageviews@2 DESC], fetch=10010, metrics=[output_rows=10.01 K, elapsed_compute=382.46µs, output_bytes=117.3 KB, output_batches=2]
    SortExec: TopK(fetch=10010), expr=[pageviews@2 DESC], preserve_partitioning=[true], metrics=[output_rows=10.95 K, elapsed_compute=2.71ms, output_bytes=128.3 KB, output_batches=16, row_replacements=10.95 K]
      ProjectionExec: expr=[WindowClientWidth@0 as WindowClientWidth, WindowClientHeight@1 as WindowClientHeight, count(Int64(1))@2 as pageviews], metrics=[output_rows=10.95 K, elapsed_compute=20.41µs, output_bytes=149.5 KB, output_batches=16, expr_0_eval_time=2.72µs, expr_1_eval_time=1.22µs, expr_2_eval_time=1.48µs]
        AggregateExec: mode=FinalPartitioned, gby=[WindowClientWidth@0 as WindowClientWidth, WindowClientHeight@1 as WindowClientHeight], aggr=[count(Int64(1))], metrics=[output_rows=10.95 K, elapsed_compute=868.13µs, output_bytes=149.5 KB, output_batches=16, spill_count=0, spilled_bytes=0.0 B, spilled_rows=0, peak_mem_used=1.06 M, aggregate_arguments_time=13.09µs, aggregation_time=33.83µs, emitting_time=25.90µs, time_calculating_group_ids=703.00µs]
          RepartitionExec: partitioning=Hash([WindowClientWidth@0, WindowClientHeight@1], 16), input_partitions=16, metrics=[output_rows=12.33 K, elapsed_compute=158.81µs, output_bytes=1536.0 KB, output_batches=16, spill_count=0, spilled_bytes=0.0 B, spilled_rows=0, fetch_time=32.91ms, repartition_time=168.57µs, send_time=29.91µs]
            AggregateExec: mode=Partial, gby=[WindowClientWidth@0 as WindowClientWidth, WindowClientHeight@1 as WindowClientHeight], aggr=[count(Int64(1))], metrics=[output_rows=12.33 K, elapsed_compute=2.23ms, output_bytes=386.2 KB, output_batches=3, spill_count=0, spilled_bytes=0.0 B, spilled_rows=0, skipped_aggregation_rows=0, peak_mem_used=583.4 K, aggregate_arguments_time=64.16µs, aggregation_time=254.60µs, emitting_time=4.52µs, time_calculating_group_ids=1.77ms, reduction_factor=12% (12.33 K/102.7 K)]
              DataSourceExec: file_groups={16 groups: [[home/ec2-user/liquid-cache/benchmark/clickbench/data/hits.parquet:0..923748528], [home/ec2-user/liquid-cache/benchmark/clickbench/data/hits.parquet:923748528..1847497056], [home/ec2-user/liquid-cache/benchmark/clickbench/data/hits.parquet:1847497056..2771245584], [home/ec2-user/liquid-cache/benchmark/clickbench/data/hits.parquet:2771245584..3694994112], [home/ec2-user/liquid-cache/benchmark/clickbench/data/hits.parquet:3694994112..4618742640], [home/ec2-user/liquid-cache/benchmark/clickbench/data/hits.parquet:4618742640..5542491168], [home/ec2-user/liquid-cache/benchmark/clickbench/data/hits.parquet:5542491168..6466239696], [home/ec2-user/liquid-cache/benchmark/clickbench/data/hits.parquet:6466239696..7389988224], [home/ec2-user/liquid-cache/benchmark/clickbench/data/hits.parquet:7389988224..8313736752], [home/ec2-user/liquid-cache/benchmark/clickbench/data/hits.parquet:8313736752..9237485280], [home/ec2-user/liquid-cache/benchmark/clickbench/data/hits.parquet:9237485280..10161233808], [home/ec2-user/liquid-cache/benchmark/clickbench/data/hits.parquet:10161233808..11084982336], [home/ec2-user/liquid-cache/benchmark/clickbench/data/hits.parquet:11084982336..12008730864], [home/ec2-user/liquid-cache/benchmark/clickbench/data/hits.parquet:12008730864..12932479392], [home/ec2-user/liquid-cache/benchmark/clickbench/data/hits.parquet:12932479392..13856227920], [home/ec2-user/liquid-cache/benchmark/clickbench/data/hits.parquet:13856227920..14779976446]]}, projection=[WindowClientWidth, WindowClientHeight], file_type=liquid_parquet, metrics=[output_rows=102.7 K, elapsed_compute=16ns, output_bytes=406.5 KB, output_batches=92, files_ranges_pruned_statistics=16 total → 16 matched, row_groups_pruned_statistics=226 total → 3 matched, row_groups_pruned_bloom_filter=0 total → 0 matched, page_index_pages_pruned=0 total → 0 matched, page_index_rows_pruned=0 total → 0 matched, limit_pruned_row_groups=0 total → 0 matched, batches_split=0, bytes_scanned=9.85 M, file_open_errors=0, file_scan_errors=0, num_predicate_creation_errors=0, predicate_evaluation_errors=0, pushdown_rows_matched=0, pushdown_rows_pruned=0, predicate_cache_inner_records=0, predicate_cache_records=0, bloom_filter_eval_time=187.54µs, metadata_load_time=4.07ms, page_index_eval_time=5.37µs, row_pushdown_eval_time=32ns, statistics_eval_time=825.35µs, time_elapsed_opening=9.46ms, time_elapsed_processing=28.19ms, time_elapsed_scanning_total=23.29ms, time_elapsed_scanning_until_data=5.16ms, scan_efficiency_ratio=N/A (0/0)]

Cache: entries=57896, mem=255MB, disk=0MB
  Hits: cache_hit=0, eval_predicate=724
  Misses: cache_miss=92
  IO: read=0, write=0
  Squeeze: squeezed_success=0, squeezed_needs_io=0
Time: 23ms

+-------------------+--------------------+-----------+
| WindowClientWidth | WindowClientHeight | pageviews |
+-------------------+--------------------+-----------+
| 1033              | 384                | 1         |
| 1408              | 844                | 1         |
| 1705              | 532                | 1         |
| 1232              | 893                | 1         |
| 1638              | 809                | 1         |
| 746               | 296                | 1         |
| 1668              | 611                | 1         |
| 1285              | 787                | 1         |
| 2004              | 617                | 1         |
| 1201              | 926                | 1         |
+-------------------+--------------------+-----------+

=== EXPLAIN ANALYZE (Query 42, Iteration 0) ===
GlobalLimitExec: skip=1000, fetch=10, metrics=[output_rows=10, elapsed_compute=8.07µs, output_bytes=15.8 KB, output_batches=1]
  SortPreservingMergeExec: [date_trunc(minute, m@0) ASC NULLS LAST], fetch=1010, metrics=[output_rows=1.01 K, elapsed_compute=67.50µs, output_bytes=15.8 KB, output_batches=1]
    SortExec: TopK(fetch=1010), expr=[date_trunc(minute, m@0) ASC NULLS LAST], preserve_partitioning=[true], metrics=[output_rows=1.44 K, elapsed_compute=437.89µs, output_bytes=22.5 KB, output_batches=16, row_replacements=1.44 K]
      ProjectionExec: expr=[date_trunc(Utf8("minute"),to_timestamp_seconds(hits.EventTime))@0 as m, count(Int64(1))@1 as pageviews], metrics=[output_rows=1.44 K, elapsed_compute=13.11µs, output_bytes=27.2 KB, output_batches=16, expr_0_eval_time=2.38µs, expr_1_eval_time=1.30µs]
        AggregateExec: mode=FinalPartitioned, gby=[date_trunc(Utf8("minute"),to_timestamp_seconds(hits.EventTime))@0 as date_trunc(Utf8("minute"),to_timestamp_seconds(hits.EventTime))], aggr=[count(Int64(1))], metrics=[output_rows=1.44 K, elapsed_compute=205.18µs, output_bytes=27.2 KB, output_batches=16, spill_count=0, spilled_bytes=0.0 B, spilled_rows=0, peak_mem_used=204.3 K, aggregate_arguments_time=7.46µs, aggregation_time=13.04µs, emitting_time=13.92µs, time_calculating_group_ids=77.59µs]
          RepartitionExec: partitioning=Hash([date_trunc(Utf8("minute"),to_timestamp_seconds(hits.EventTime))@0], 16), input_partitions=16, metrics=[output_rows=2.88 K, elapsed_compute=114.00µs, output_bytes=2.0 MB, output_batches=16, spill_count=0, spilled_bytes=0.0 B, spilled_rows=0, fetch_time=31.33ms, repartition_time=58.29µs, send_time=28.50µs]
            AggregateExec: mode=Partial, gby=[date_trunc(minute, to_timestamp_seconds(EventTime@0)) as date_trunc(Utf8("minute"),to_timestamp_seconds(hits.EventTime))], aggr=[count(Int64(1))], metrics=[output_rows=2.88 K, elapsed_compute=7.00ms, output_bytes=68.7 KB, output_batches=2, spill_count=0, spilled_bytes=0.0 B, spilled_rows=0, skipped_aggregation_rows=0, peak_mem_used=259.8 K, aggregate_arguments_time=190.19µs, aggregation_time=402.75µs, emitting_time=4.11µs, time_calculating_group_ids=4.61ms, reduction_factor=0.43% (2.88 K/671.5 K)]
              DataSourceExec: file_groups={16 groups: [[home/ec2-user/liquid-cache/benchmark/clickbench/data/hits.parquet:0..923748528], [home/ec2-user/liquid-cache/benchmark/clickbench/data/hits.parquet:923748528..1847497056], [home/ec2-user/liquid-cache/benchmark/clickbench/data/hits.parquet:1847497056..2771245584], [home/ec2-user/liquid-cache/benchmark/clickbench/data/hits.parquet:2771245584..3694994112], [home/ec2-user/liquid-cache/benchmark/clickbench/data/hits.parquet:3694994112..4618742640], [home/ec2-user/liquid-cache/benchmark/clickbench/data/hits.parquet:4618742640..5542491168], [home/ec2-user/liquid-cache/benchmark/clickbench/data/hits.parquet:5542491168..6466239696], [home/ec2-user/liquid-cache/benchmark/clickbench/data/hits.parquet:6466239696..7389988224], [home/ec2-user/liquid-cache/benchmark/clickbench/data/hits.parquet:7389988224..8313736752], [home/ec2-user/liquid-cache/benchmark/clickbench/data/hits.parquet:8313736752..9237485280], [home/ec2-user/liquid-cache/benchmark/clickbench/data/hits.parquet:9237485280..10161233808], [home/ec2-user/liquid-cache/benchmark/clickbench/data/hits.parquet:10161233808..11084982336], [home/ec2-user/liquid-cache/benchmark/clickbench/data/hits.parquet:11084982336..12008730864], [home/ec2-user/liquid-cache/benchmark/clickbench/data/hits.parquet:12008730864..12932479392], [home/ec2-user/liquid-cache/benchmark/clickbench/data/hits.parquet:12932479392..13856227920], [home/ec2-user/liquid-cache/benchmark/clickbench/data/hits.parquet:13856227920..14779976446]]}, projection=[EventTime], file_type=liquid_parquet, metrics=[output_rows=671.5 K, elapsed_compute=16ns, output_bytes=5.1 MB, output_batches=92, files_ranges_pruned_statistics=16 total → 16 matched, row_groups_pruned_statistics=226 total → 3 matched, row_groups_pruned_bloom_filter=0 total → 0 matched, page_index_pages_pruned=0 total → 0 matched, page_index_rows_pruned=0 total → 0 matched, limit_pruned_row_groups=0 total → 0 matched, batches_split=0, bytes_scanned=4.78 M, file_open_errors=0, file_scan_errors=0, num_predicate_creation_errors=0, predicate_evaluation_errors=0, pushdown_rows_matched=0, pushdown_rows_pruned=0, predicate_cache_inner_records=0, predicate_cache_records=0, bloom_filter_eval_time=161.78µs, metadata_load_time=3.61ms, page_index_eval_time=5.48µs, row_pushdown_eval_time=32ns, statistics_eval_time=612.03µs, time_elapsed_opening=8.17ms, time_elapsed_processing=23.13ms, time_elapsed_scanning_total=22.99ms, time_elapsed_scanning_until_data=3.64ms, scan_efficiency_ratio=N/A (0/0)]

Cache: entries=57896, mem=255MB, disk=0MB
  Hits: cache_hit=0, eval_predicate=540
  Misses: cache_miss=0
  IO: read=0, write=0
  Squeeze: squeezed_success=0, squeezed_needs_io=0
Time: 21ms

+---------------------+-----------+
| m                   | pageviews |
+---------------------+-----------+
| 2013-07-15T12:40:00 | 513       |
| 2013-07-15T12:41:00 | 457       |
| 2013-07-15T12:42:00 | 470       |
| 2013-07-15T12:43:00 | 468       |
| 2013-07-15T12:44:00 | 453       |
| 2013-07-15T12:45:00 | 462       |
| 2013-07-15T12:46:00 | 481       |
| 2013-07-15T12:47:00 | 458       |
| 2013-07-15T12:48:00 | 466       |
| 2013-07-15T12:49:00 | 467       |
+---------------------+-----------+
