
=== EXPLAIN ANALYZE (Query 40, Iteration 0) ===
GlobalLimitExec: skip=100, fetch=10, metrics=[output_rows=10, elapsed_compute=11.59µs, output_bytes=2.1 KB, output_batches=1]
  SortPreservingMergeExec: [pageviews@2 DESC], fetch=110, metrics=[output_rows=110, elapsed_compute=13.19µs, output_bytes=2.1 KB, output_batches=1]
    SortExec: TopK(fetch=110), expr=[pageviews@2 DESC], preserve_partitioning=[true], filter=[pageviews@2 IS NULL OR pageviews@2 > 6], metrics=[output_rows=1.53 K, elapsed_compute=1.27ms, output_bytes=29.8 KB, output_batches=16, row_replacements=2.95 K]
      ProjectionExec: expr=[URLHash@0 as URLHash, hits.EventDate@1 as hits.EventDate, count(Int64(1))@2 as pageviews], metrics=[output_rows=41.19 K, elapsed_compute=23.91µs, output_bytes=1089.8 KB, output_batches=16, expr_0_eval_time=4.17µs, expr_1_eval_time=1.35µs, expr_2_eval_time=1.59µs]
        AggregateExec: mode=FinalPartitioned, gby=[URLHash@0 as URLHash, hits.EventDate@1 as hits.EventDate], aggr=[count(Int64(1))], metrics=[output_rows=41.19 K, elapsed_compute=2.36ms, output_bytes=1089.8 KB, output_batches=16, spill_count=0, spilled_bytes=0.0 B, spilled_rows=0, peak_mem_used=5.07 M, aggregate_arguments_time=12.72µs, aggregation_time=66.81µs, emitting_time=27.77µs, time_calculating_group_ids=2.06ms]
          RepartitionExec: partitioning=Hash([URLHash@0, hits.EventDate@1], 16), input_partitions=16, metrics=[output_rows=41.87 K, elapsed_compute=247.30µs, output_bytes=2.5 MB, output_batches=16, spill_count=0, spilled_bytes=0.0 B, spilled_rows=0, fetch_time=558.41ms, repartition_time=489.72µs, send_time=63.71µs]
            AggregateExec: mode=Partial, gby=[URLHash@1 as URLHash, CAST(CAST(EventDate@0 AS Int32) AS Date32) as hits.EventDate], aggr=[count(Int64(1))], metrics=[output_rows=41.87 K, elapsed_compute=3.17ms, output_bytes=6.3 MB, output_batches=6, spill_count=0, spilled_bytes=0.0 B, spilled_rows=0, skipped_aggregation_rows=0, peak_mem_used=2.87 M, aggregate_arguments_time=19.79µs, aggregation_time=93.98µs, emitting_time=16.32µs, time_calculating_group_ids=2.89ms, reduction_factor=47% (41.87 K/89.91 K)]
              FilterExec: CounterID@1 = 62 AND CAST(CAST(EventDate@0 AS Int32) AS Date32) >= 2013-07-01 AND CAST(CAST(EventDate@0 AS Int32) AS Date32) <= 2013-07-31 AND IsRefresh@2 = 0 AND (TraficSourceID@3 = -1 OR TraficSourceID@3 = 6) AND RefererHash@4 = 3594120000172545465, projection=[EventDate@0, URLHash@5], metrics=[output_rows=89.91 K, elapsed_compute=3.95ms, output_bytes=960.0 KB, output_batches=12, selectivity=6.4% (89.91 K/1.41 M)]
                DataSourceExec: file_groups={16 groups: [[home/ec2-user/liquid-cache/benchmark/clickbench/data/hits.parquet:0..923748528], [home/ec2-user/liquid-cache/benchmark/clickbench/data/hits.parquet:923748528..1847497056], [home/ec2-user/liquid-cache/benchmark/clickbench/data/hits.parquet:1847497056..2771245584], [home/ec2-user/liquid-cache/benchmark/clickbench/data/hits.parquet:2771245584..3694994112], [home/ec2-user/liquid-cache/benchmark/clickbench/data/hits.parquet:3694994112..4618742640], [home/ec2-user/liquid-cache/benchmark/clickbench/data/hits.parquet:4618742640..5542491168], [home/ec2-user/liquid-cache/benchmark/clickbench/data/hits.parquet:5542491168..6466239696], [home/ec2-user/liquid-cache/benchmark/clickbench/data/hits.parquet:6466239696..7389988224], [home/ec2-user/liquid-cache/benchmark/clickbench/data/hits.parquet:7389988224..8313736752], [home/ec2-user/liquid-cache/benchmark/clickbench/data/hits.parquet:8313736752..9237485280], [home/ec2-user/liquid-cache/benchmark/clickbench/data/hits.parquet:9237485280..10161233808], [home/ec2-user/liquid-cache/benchmark/clickbench/data/hits.parquet:10161233808..11084982336], [home/ec2-user/liquid-cache/benchmark/clickbench/data/hits.parquet:11084982336..12008730864], [home/ec2-user/liquid-cache/benchmark/clickbench/data/hits.parquet:12008730864..12932479392], [home/ec2-user/liquid-cache/benchmark/clickbench/data/hits.parquet:12932479392..13856227920], [home/ec2-user/liquid-cache/benchmark/clickbench/data/hits.parquet:13856227920..14779976446]]}, projection=[EventDate, CounterID, IsRefresh, TraficSourceID, RefererHash, URLHash], file_type=parquet, predicate=CounterID@6 = 62 AND CAST(CAST(EventDate@5 AS Int32) AS Date32) >= 2013-07-01 AND CAST(CAST(EventDate@5 AS Int32) AS Date32) <= 2013-07-31 AND IsRefresh@15 = 0 AND (TraficSourceID@37 = -1 OR TraficSourceID@37 = 6) AND RefererHash@102 = 3594120000172545465, pruning_predicate=CounterID_null_count@2 != row_count@3 AND CounterID_min@0 <= 62 AND 62 <= CounterID_max@1 AND EventDate_null_count@5 != row_count@3 AND CAST(CAST(EventDate_max@4 AS Int32) AS Date32) >= 2013-07-01 AND EventDate_null_count@5 != row_count@3 AND CAST(CAST(EventDate_min@6 AS Int32) AS Date32) <= 2013-07-31 AND IsRefresh_null_count@9 != row_count@3 AND IsRefresh_min@7 <= 0 AND 0 <= IsRefresh_max@8 AND (TraficSourceID_null_count@12 != row_count@3 AND TraficSourceID_min@10 <= -1 AND -1 <= TraficSourceID_max@11 OR TraficSourceID_null_count@12 != row_count@3 AND TraficSourceID_min@10 <= 6 AND 6 <= TraficSourceID_max@11) AND RefererHash_null_count@15 != row_count@3 AND RefererHash_min@13 <= 3594120000172545465 AND 3594120000172545465 <= RefererHash_max@14, required_guarantees=[CounterID in (62), IsRefresh in (0), RefererHash in (3594120000172545465), TraficSourceID in (-1, 6)], metrics=[output_rows=1.41 M, elapsed_compute=16ns, output_bytes=34.9 MB, output_batches=172, files_ranges_pruned_statistics=16 total → 16 matched, row_groups_pruned_statistics=226 total → 3 matched, row_groups_pruned_bloom_filter=3 total → 3 matched, page_index_pages_pruned=0 total → 0 matched, page_index_rows_pruned=0 total → 0 matched, limit_pruned_row_groups=0 total → 0 matched, batches_split=0, bytes_scanned=15.65 M, file_open_errors=0, file_scan_errors=0, num_predicate_creation_errors=0, predicate_evaluation_errors=0, pushdown_rows_matched=0, pushdown_rows_pruned=0, predicate_cache_inner_records=0, predicate_cache_records=0, bloom_filter_eval_time=251.84µs, metadata_load_time=433.50ms, page_index_eval_time=7.63µs, row_pushdown_eval_time=32ns, statistics_eval_time=2.20ms, time_elapsed_opening=471.21ms, time_elapsed_processing=540.99ms, time_elapsed_scanning_total=86.48ms, time_elapsed_scanning_until_data=66.05ms, scan_efficiency_ratio=0.11% (15.65 M/14.78 B)]

Time: 59ms

+----------------------+----------------+-----------+
| URLHash              | hits.EventDate | pageviews |
+----------------------+----------------+-----------+
| 7199155066341437901  | 2013-07-15     | 27        |
| 1191678692164887503  | 2013-07-15     | 27        |
| 2512899255762264913  | 2013-07-15     | 26        |
| -8505838588544217213 | 2013-07-15     | 26        |
| -3611962581960090019 | 2013-07-15     | 25        |
| -6025761452198030778 | 2013-07-15     | 25        |
| -6048157399675510565 | 2013-07-15     | 25        |
| 5381918128490835791  | 2013-07-15     | 24        |
| 2033248414344857063  | 2013-07-15     | 24        |
| 6976198041684576969  | 2013-07-15     | 24        |
+----------------------+----------------+-----------+

=== EXPLAIN ANALYZE (Query 40, Iteration 1) ===
GlobalLimitExec: skip=100, fetch=10, metrics=[output_rows=10, elapsed_compute=10.86µs, output_bytes=2.1 KB, output_batches=1]
  SortPreservingMergeExec: [pageviews@2 DESC], fetch=110, metrics=[output_rows=110, elapsed_compute=14.66µs, output_bytes=2.1 KB, output_batches=1]
    SortExec: TopK(fetch=110), expr=[pageviews@2 DESC], preserve_partitioning=[true], filter=[pageviews@2 IS NULL OR pageviews@2 > 6], metrics=[output_rows=1.43 K, elapsed_compute=963.57µs, output_bytes=28.0 KB, output_batches=16, row_replacements=2.39 K]
      ProjectionExec: expr=[URLHash@0 as URLHash, hits.EventDate@1 as hits.EventDate, count(Int64(1))@2 as pageviews], metrics=[output_rows=41.19 K, elapsed_compute=23.96µs, output_bytes=1089.8 KB, output_batches=16, expr_0_eval_time=3.45µs, expr_1_eval_time=1.48µs, expr_2_eval_time=1.54µs]
        AggregateExec: mode=FinalPartitioned, gby=[URLHash@0 as URLHash, hits.EventDate@1 as hits.EventDate], aggr=[count(Int64(1))], metrics=[output_rows=41.19 K, elapsed_compute=2.31ms, output_bytes=1089.8 KB, output_batches=16, spill_count=0, spilled_bytes=0.0 B, spilled_rows=0, peak_mem_used=5.07 M, aggregate_arguments_time=12.87µs, aggregation_time=71.31µs, emitting_time=26.97µs, time_calculating_group_ids=2.09ms]
          RepartitionExec: partitioning=Hash([URLHash@0, hits.EventDate@1], 16), input_partitions=16, metrics=[output_rows=41.87 K, elapsed_compute=288.76µs, output_bytes=2.5 MB, output_batches=16, spill_count=0, spilled_bytes=0.0 B, spilled_rows=0, fetch_time=261.33ms, repartition_time=445.28µs, send_time=52.62µs]
            AggregateExec: mode=Partial, gby=[URLHash@1 as URLHash, CAST(CAST(EventDate@0 AS Int32) AS Date32) as hits.EventDate], aggr=[count(Int64(1))], metrics=[output_rows=41.87 K, elapsed_compute=2.85ms, output_bytes=6.3 MB, output_batches=6, spill_count=0, spilled_bytes=0.0 B, spilled_rows=0, skipped_aggregation_rows=0, peak_mem_used=2.87 M, aggregate_arguments_time=21.79µs, aggregation_time=94.56µs, emitting_time=5.89µs, time_calculating_group_ids=2.63ms, reduction_factor=47% (41.87 K/89.91 K)]
              FilterExec: CounterID@1 = 62 AND CAST(CAST(EventDate@0 AS Int32) AS Date32) >= 2013-07-01 AND CAST(CAST(EventDate@0 AS Int32) AS Date32) <= 2013-07-31 AND IsRefresh@2 = 0 AND (TraficSourceID@3 = -1 OR TraficSourceID@3 = 6) AND RefererHash@4 = 3594120000172545465, projection=[EventDate@0, URLHash@5], metrics=[output_rows=89.91 K, elapsed_compute=3.98ms, output_bytes=960.0 KB, output_batches=12, selectivity=6.4% (89.91 K/1.41 M)]
                DataSourceExec: file_groups={16 groups: [[home/ec2-user/liquid-cache/benchmark/clickbench/data/hits.parquet:0..923748528], [home/ec2-user/liquid-cache/benchmark/clickbench/data/hits.parquet:923748528..1847497056], [home/ec2-user/liquid-cache/benchmark/clickbench/data/hits.parquet:1847497056..2771245584], [home/ec2-user/liquid-cache/benchmark/clickbench/data/hits.parquet:2771245584..3694994112], [home/ec2-user/liquid-cache/benchmark/clickbench/data/hits.parquet:3694994112..4618742640], [home/ec2-user/liquid-cache/benchmark/clickbench/data/hits.parquet:4618742640..5542491168], [home/ec2-user/liquid-cache/benchmark/clickbench/data/hits.parquet:5542491168..6466239696], [home/ec2-user/liquid-cache/benchmark/clickbench/data/hits.parquet:6466239696..7389988224], [home/ec2-user/liquid-cache/benchmark/clickbench/data/hits.parquet:7389988224..8313736752], [home/ec2-user/liquid-cache/benchmark/clickbench/data/hits.parquet:8313736752..9237485280], [home/ec2-user/liquid-cache/benchmark/clickbench/data/hits.parquet:9237485280..10161233808], [home/ec2-user/liquid-cache/benchmark/clickbench/data/hits.parquet:10161233808..11084982336], [home/ec2-user/liquid-cache/benchmark/clickbench/data/hits.parquet:11084982336..12008730864], [home/ec2-user/liquid-cache/benchmark/clickbench/data/hits.parquet:12008730864..12932479392], [home/ec2-user/liquid-cache/benchmark/clickbench/data/hits.parquet:12932479392..13856227920], [home/ec2-user/liquid-cache/benchmark/clickbench/data/hits.parquet:13856227920..14779976446]]}, projection=[EventDate, CounterID, IsRefresh, TraficSourceID, RefererHash, URLHash], file_type=parquet, predicate=CounterID@6 = 62 AND CAST(CAST(EventDate@5 AS Int32) AS Date32) >= 2013-07-01 AND CAST(CAST(EventDate@5 AS Int32) AS Date32) <= 2013-07-31 AND IsRefresh@15 = 0 AND (TraficSourceID@37 = -1 OR TraficSourceID@37 = 6) AND RefererHash@102 = 3594120000172545465, pruning_predicate=CounterID_null_count@2 != row_count@3 AND CounterID_min@0 <= 62 AND 62 <= CounterID_max@1 AND EventDate_null_count@5 != row_count@3 AND CAST(CAST(EventDate_max@4 AS Int32) AS Date32) >= 2013-07-01 AND EventDate_null_count@5 != row_count@3 AND CAST(CAST(EventDate_min@6 AS Int32) AS Date32) <= 2013-07-31 AND IsRefresh_null_count@9 != row_count@3 AND IsRefresh_min@7 <= 0 AND 0 <= IsRefresh_max@8 AND (TraficSourceID_null_count@12 != row_count@3 AND TraficSourceID_min@10 <= -1 AND -1 <= TraficSourceID_max@11 OR TraficSourceID_null_count@12 != row_count@3 AND TraficSourceID_min@10 <= 6 AND 6 <= TraficSourceID_max@11) AND RefererHash_null_count@15 != row_count@3 AND RefererHash_min@13 <= 3594120000172545465 AND 3594120000172545465 <= RefererHash_max@14, required_guarantees=[CounterID in (62), IsRefresh in (0), RefererHash in (3594120000172545465), TraficSourceID in (-1, 6)], metrics=[output_rows=1.41 M, elapsed_compute=16ns, output_bytes=34.9 MB, output_batches=172, files_ranges_pruned_statistics=16 total → 16 matched, row_groups_pruned_statistics=226 total → 3 matched, row_groups_pruned_bloom_filter=3 total → 3 matched, page_index_pages_pruned=0 total → 0 matched, page_index_rows_pruned=0 total → 0 matched, limit_pruned_row_groups=0 total → 0 matched, batches_split=0, bytes_scanned=15.65 M, file_open_errors=0, file_scan_errors=0, num_predicate_creation_errors=0, predicate_evaluation_errors=0, pushdown_rows_matched=0, pushdown_rows_pruned=0, predicate_cache_inner_records=0, predicate_cache_records=0, bloom_filter_eval_time=374.50µs, metadata_load_time=160.87ms, page_index_eval_time=8.50µs, row_pushdown_eval_time=32ns, statistics_eval_time=2.51ms, time_elapsed_opening=168.22ms, time_elapsed_processing=244.11ms, time_elapsed_scanning_total=92.48ms, time_elapsed_scanning_until_data=72.08ms, scan_efficiency_ratio=0.11% (15.65 M/14.78 B)]

Time: 35ms

+----------------------+----------------+-----------+
| URLHash              | hits.EventDate | pageviews |
+----------------------+----------------+-----------+
| 1191678692164887503  | 2013-07-15     | 27        |
| 7199155066341437901  | 2013-07-15     | 27        |
| 2512899255762264913  | 2013-07-15     | 26        |
| -8505838588544217213 | 2013-07-15     | 26        |
| -3611962581960090019 | 2013-07-15     | 25        |
| -6025761452198030778 | 2013-07-15     | 25        |
| -6048157399675510565 | 2013-07-15     | 25        |
| 6976198041684576969  | 2013-07-15     | 24        |
| 2033248414344857063  | 2013-07-15     | 24        |
| 5381918128490835791  | 2013-07-15     | 24        |
+----------------------+----------------+-----------+

=== EXPLAIN ANALYZE (Query 40, Iteration 2) ===
GlobalLimitExec: skip=100, fetch=10, metrics=[output_rows=10, elapsed_compute=12.12µs, output_bytes=2.1 KB, output_batches=1]
  SortPreservingMergeExec: [pageviews@2 DESC], fetch=110, metrics=[output_rows=110, elapsed_compute=14.52µs, output_bytes=2.1 KB, output_batches=1]
    SortExec: TopK(fetch=110), expr=[pageviews@2 DESC], preserve_partitioning=[true], filter=[pageviews@2 IS NULL OR pageviews@2 > 6], metrics=[output_rows=1.46 K, elapsed_compute=998.65µs, output_bytes=28.6 KB, output_batches=16, row_replacements=2.63 K]
      ProjectionExec: expr=[URLHash@0 as URLHash, hits.EventDate@1 as hits.EventDate, count(Int64(1))@2 as pageviews], metrics=[output_rows=41.19 K, elapsed_compute=22.88µs, output_bytes=1089.8 KB, output_batches=16, expr_0_eval_time=3.02µs, expr_1_eval_time=1.40µs, expr_2_eval_time=1.59µs]
        AggregateExec: mode=FinalPartitioned, gby=[URLHash@0 as URLHash, hits.EventDate@1 as hits.EventDate], aggr=[count(Int64(1))], metrics=[output_rows=41.19 K, elapsed_compute=2.25ms, output_bytes=1089.8 KB, output_batches=16, spill_count=0, spilled_bytes=0.0 B, spilled_rows=0, peak_mem_used=5.07 M, aggregate_arguments_time=13.17µs, aggregation_time=70.96µs, emitting_time=29.81µs, time_calculating_group_ids=2.02ms]
          RepartitionExec: partitioning=Hash([URLHash@0, hits.EventDate@1], 16), input_partitions=16, metrics=[output_rows=41.87 K, elapsed_compute=246.46µs, output_bytes=2.5 MB, output_batches=16, spill_count=0, spilled_bytes=0.0 B, spilled_rows=0, fetch_time=222.80ms, repartition_time=468.21µs, send_time=55.24µs]
            AggregateExec: mode=Partial, gby=[URLHash@1 as URLHash, CAST(CAST(EventDate@0 AS Int32) AS Date32) as hits.EventDate], aggr=[count(Int64(1))], metrics=[output_rows=41.87 K, elapsed_compute=2.91ms, output_bytes=6.3 MB, output_batches=6, spill_count=0, spilled_bytes=0.0 B, spilled_rows=0, skipped_aggregation_rows=0, peak_mem_used=2.87 M, aggregate_arguments_time=22.52µs, aggregation_time=83.56µs, emitting_time=5.51µs, time_calculating_group_ids=2.70ms, reduction_factor=47% (41.87 K/89.91 K)]
              FilterExec: CounterID@1 = 62 AND CAST(CAST(EventDate@0 AS Int32) AS Date32) >= 2013-07-01 AND CAST(CAST(EventDate@0 AS Int32) AS Date32) <= 2013-07-31 AND IsRefresh@2 = 0 AND (TraficSourceID@3 = -1 OR TraficSourceID@3 = 6) AND RefererHash@4 = 3594120000172545465, projection=[EventDate@0, URLHash@5], metrics=[output_rows=89.91 K, elapsed_compute=3.94ms, output_bytes=960.0 KB, output_batches=12, selectivity=6.4% (89.91 K/1.41 M)]
                DataSourceExec: file_groups={16 groups: [[home/ec2-user/liquid-cache/benchmark/clickbench/data/hits.parquet:0..923748528], [home/ec2-user/liquid-cache/benchmark/clickbench/data/hits.parquet:923748528..1847497056], [home/ec2-user/liquid-cache/benchmark/clickbench/data/hits.parquet:1847497056..2771245584], [home/ec2-user/liquid-cache/benchmark/clickbench/data/hits.parquet:2771245584..3694994112], [home/ec2-user/liquid-cache/benchmark/clickbench/data/hits.parquet:3694994112..4618742640], [home/ec2-user/liquid-cache/benchmark/clickbench/data/hits.parquet:4618742640..5542491168], [home/ec2-user/liquid-cache/benchmark/clickbench/data/hits.parquet:5542491168..6466239696], [home/ec2-user/liquid-cache/benchmark/clickbench/data/hits.parquet:6466239696..7389988224], [home/ec2-user/liquid-cache/benchmark/clickbench/data/hits.parquet:7389988224..8313736752], [home/ec2-user/liquid-cache/benchmark/clickbench/data/hits.parquet:8313736752..9237485280], [home/ec2-user/liquid-cache/benchmark/clickbench/data/hits.parquet:9237485280..10161233808], [home/ec2-user/liquid-cache/benchmark/clickbench/data/hits.parquet:10161233808..11084982336], [home/ec2-user/liquid-cache/benchmark/clickbench/data/hits.parquet:11084982336..12008730864], [home/ec2-user/liquid-cache/benchmark/clickbench/data/hits.parquet:12008730864..12932479392], [home/ec2-user/liquid-cache/benchmark/clickbench/data/hits.parquet:12932479392..13856227920], [home/ec2-user/liquid-cache/benchmark/clickbench/data/hits.parquet:13856227920..14779976446]]}, projection=[EventDate, CounterID, IsRefresh, TraficSourceID, RefererHash, URLHash], file_type=parquet, predicate=CounterID@6 = 62 AND CAST(CAST(EventDate@5 AS Int32) AS Date32) >= 2013-07-01 AND CAST(CAST(EventDate@5 AS Int32) AS Date32) <= 2013-07-31 AND IsRefresh@15 = 0 AND (TraficSourceID@37 = -1 OR TraficSourceID@37 = 6) AND RefererHash@102 = 3594120000172545465, pruning_predicate=CounterID_null_count@2 != row_count@3 AND CounterID_min@0 <= 62 AND 62 <= CounterID_max@1 AND EventDate_null_count@5 != row_count@3 AND CAST(CAST(EventDate_max@4 AS Int32) AS Date32) >= 2013-07-01 AND EventDate_null_count@5 != row_count@3 AND CAST(CAST(EventDate_min@6 AS Int32) AS Date32) <= 2013-07-31 AND IsRefresh_null_count@9 != row_count@3 AND IsRefresh_min@7 <= 0 AND 0 <= IsRefresh_max@8 AND (TraficSourceID_null_count@12 != row_count@3 AND TraficSourceID_min@10 <= -1 AND -1 <= TraficSourceID_max@11 OR TraficSourceID_null_count@12 != row_count@3 AND TraficSourceID_min@10 <= 6 AND 6 <= TraficSourceID_max@11) AND RefererHash_null_count@15 != row_count@3 AND RefererHash_min@13 <= 3594120000172545465 AND 3594120000172545465 <= RefererHash_max@14, required_guarantees=[CounterID in (62), IsRefresh in (0), RefererHash in (3594120000172545465), TraficSourceID in (-1, 6)], metrics=[output_rows=1.41 M, elapsed_compute=16ns, output_bytes=34.9 MB, output_batches=172, files_ranges_pruned_statistics=16 total → 16 matched, row_groups_pruned_statistics=226 total → 3 matched, row_groups_pruned_bloom_filter=3 total → 3 matched, page_index_pages_pruned=0 total → 0 matched, page_index_rows_pruned=0 total → 0 matched, limit_pruned_row_groups=0 total → 0 matched, batches_split=0, bytes_scanned=15.65 M, file_open_errors=0, file_scan_errors=0, num_predicate_creation_errors=0, predicate_evaluation_errors=0, pushdown_rows_matched=0, pushdown_rows_pruned=0, predicate_cache_inner_records=0, predicate_cache_records=0, bloom_filter_eval_time=390.17µs, metadata_load_time=130.94ms, page_index_eval_time=6.38µs, row_pushdown_eval_time=32ns, statistics_eval_time=1.84ms, time_elapsed_opening=137.27ms, time_elapsed_processing=208.19ms, time_elapsed_scanning_total=84.93ms, time_elapsed_scanning_until_data=64.55ms, scan_efficiency_ratio=0.11% (15.65 M/14.78 B)]

Time: 33ms

+----------------------+----------------+-----------+
| URLHash              | hits.EventDate | pageviews |
+----------------------+----------------+-----------+
| 1191678692164887503  | 2013-07-15     | 27        |
| 7199155066341437901  | 2013-07-15     | 27        |
| 2512899255762264913  | 2013-07-15     | 26        |
| -8505838588544217213 | 2013-07-15     | 26        |
| -3611962581960090019 | 2013-07-15     | 25        |
| -6025761452198030778 | 2013-07-15     | 25        |
| -6048157399675510565 | 2013-07-15     | 25        |
| 5381918128490835791  | 2013-07-15     | 24        |
| 2033248414344857063  | 2013-07-15     | 24        |
| 6976198041684576969  | 2013-07-15     | 24        |
+----------------------+----------------+-----------+

=== EXPLAIN ANALYZE (Query 40, Iteration 3) ===
GlobalLimitExec: skip=100, fetch=10, metrics=[output_rows=10, elapsed_compute=10.68µs, output_bytes=2.1 KB, output_batches=1]
  SortPreservingMergeExec: [pageviews@2 DESC], fetch=110, metrics=[output_rows=110, elapsed_compute=14.68µs, output_bytes=2.1 KB, output_batches=1]
    SortExec: TopK(fetch=110), expr=[pageviews@2 DESC], preserve_partitioning=[true], filter=[pageviews@2 IS NULL OR pageviews@2 > 6], metrics=[output_rows=1.43 K, elapsed_compute=930.38µs, output_bytes=27.9 KB, output_batches=16, row_replacements=2.38 K]
      ProjectionExec: expr=[URLHash@0 as URLHash, hits.EventDate@1 as hits.EventDate, count(Int64(1))@2 as pageviews], metrics=[output_rows=41.19 K, elapsed_compute=25.73µs, output_bytes=1089.8 KB, output_batches=16, expr_0_eval_time=4.26µs, expr_1_eval_time=1.29µs, expr_2_eval_time=1.56µs]
        AggregateExec: mode=FinalPartitioned, gby=[URLHash@0 as URLHash, hits.EventDate@1 as hits.EventDate], aggr=[count(Int64(1))], metrics=[output_rows=41.19 K, elapsed_compute=2.18ms, output_bytes=1089.8 KB, output_batches=16, spill_count=0, spilled_bytes=0.0 B, spilled_rows=0, peak_mem_used=5.07 M, aggregate_arguments_time=12.74µs, aggregation_time=65.77µs, emitting_time=30.93µs, time_calculating_group_ids=1.96ms]
          RepartitionExec: partitioning=Hash([URLHash@0, hits.EventDate@1], 16), input_partitions=16, metrics=[output_rows=41.87 K, elapsed_compute=244.35µs, output_bytes=2.5 MB, output_batches=16, spill_count=0, spilled_bytes=0.0 B, spilled_rows=0, fetch_time=224.33ms, repartition_time=475.82µs, send_time=51.50µs]
            AggregateExec: mode=Partial, gby=[URLHash@1 as URLHash, CAST(CAST(EventDate@0 AS Int32) AS Date32) as hits.EventDate], aggr=[count(Int64(1))], metrics=[output_rows=41.87 K, elapsed_compute=3.07ms, output_bytes=6.3 MB, output_batches=6, spill_count=0, spilled_bytes=0.0 B, spilled_rows=0, skipped_aggregation_rows=0, peak_mem_used=2.87 M, aggregate_arguments_time=21.84µs, aggregation_time=111.20µs, emitting_time=6.05µs, time_calculating_group_ids=2.83ms, reduction_factor=47% (41.87 K/89.91 K)]
              FilterExec: CounterID@1 = 62 AND CAST(CAST(EventDate@0 AS Int32) AS Date32) >= 2013-07-01 AND CAST(CAST(EventDate@0 AS Int32) AS Date32) <= 2013-07-31 AND IsRefresh@2 = 0 AND (TraficSourceID@3 = -1 OR TraficSourceID@3 = 6) AND RefererHash@4 = 3594120000172545465, projection=[EventDate@0, URLHash@5], metrics=[output_rows=89.91 K, elapsed_compute=4.00ms, output_bytes=960.0 KB, output_batches=12, selectivity=6.4% (89.91 K/1.41 M)]
                DataSourceExec: file_groups={16 groups: [[home/ec2-user/liquid-cache/benchmark/clickbench/data/hits.parquet:0..923748528], [home/ec2-user/liquid-cache/benchmark/clickbench/data/hits.parquet:923748528..1847497056], [home/ec2-user/liquid-cache/benchmark/clickbench/data/hits.parquet:1847497056..2771245584], [home/ec2-user/liquid-cache/benchmark/clickbench/data/hits.parquet:2771245584..3694994112], [home/ec2-user/liquid-cache/benchmark/clickbench/data/hits.parquet:3694994112..4618742640], [home/ec2-user/liquid-cache/benchmark/clickbench/data/hits.parquet:4618742640..5542491168], [home/ec2-user/liquid-cache/benchmark/clickbench/data/hits.parquet:5542491168..6466239696], [home/ec2-user/liquid-cache/benchmark/clickbench/data/hits.parquet:6466239696..7389988224], [home/ec2-user/liquid-cache/benchmark/clickbench/data/hits.parquet:7389988224..8313736752], [home/ec2-user/liquid-cache/benchmark/clickbench/data/hits.parquet:8313736752..9237485280], [home/ec2-user/liquid-cache/benchmark/clickbench/data/hits.parquet:9237485280..10161233808], [home/ec2-user/liquid-cache/benchmark/clickbench/data/hits.parquet:10161233808..11084982336], [home/ec2-user/liquid-cache/benchmark/clickbench/data/hits.parquet:11084982336..12008730864], [home/ec2-user/liquid-cache/benchmark/clickbench/data/hits.parquet:12008730864..12932479392], [home/ec2-user/liquid-cache/benchmark/clickbench/data/hits.parquet:12932479392..13856227920], [home/ec2-user/liquid-cache/benchmark/clickbench/data/hits.parquet:13856227920..14779976446]]}, projection=[EventDate, CounterID, IsRefresh, TraficSourceID, RefererHash, URLHash], file_type=parquet, predicate=CounterID@6 = 62 AND CAST(CAST(EventDate@5 AS Int32) AS Date32) >= 2013-07-01 AND CAST(CAST(EventDate@5 AS Int32) AS Date32) <= 2013-07-31 AND IsRefresh@15 = 0 AND (TraficSourceID@37 = -1 OR TraficSourceID@37 = 6) AND RefererHash@102 = 3594120000172545465, pruning_predicate=CounterID_null_count@2 != row_count@3 AND CounterID_min@0 <= 62 AND 62 <= CounterID_max@1 AND EventDate_null_count@5 != row_count@3 AND CAST(CAST(EventDate_max@4 AS Int32) AS Date32) >= 2013-07-01 AND EventDate_null_count@5 != row_count@3 AND CAST(CAST(EventDate_min@6 AS Int32) AS Date32) <= 2013-07-31 AND IsRefresh_null_count@9 != row_count@3 AND IsRefresh_min@7 <= 0 AND 0 <= IsRefresh_max@8 AND (TraficSourceID_null_count@12 != row_count@3 AND TraficSourceID_min@10 <= -1 AND -1 <= TraficSourceID_max@11 OR TraficSourceID_null_count@12 != row_count@3 AND TraficSourceID_min@10 <= 6 AND 6 <= TraficSourceID_max@11) AND RefererHash_null_count@15 != row_count@3 AND RefererHash_min@13 <= 3594120000172545465 AND 3594120000172545465 <= RefererHash_max@14, required_guarantees=[CounterID in (62), IsRefresh in (0), RefererHash in (3594120000172545465), TraficSourceID in (-1, 6)], metrics=[output_rows=1.41 M, elapsed_compute=16ns, output_bytes=34.9 MB, output_batches=172, files_ranges_pruned_statistics=16 total → 16 matched, row_groups_pruned_statistics=226 total → 3 matched, row_groups_pruned_bloom_filter=3 total → 3 matched, page_index_pages_pruned=0 total → 0 matched, page_index_rows_pruned=0 total → 0 matched, limit_pruned_row_groups=0 total → 0 matched, batches_split=0, bytes_scanned=15.65 M, file_open_errors=0, file_scan_errors=0, num_predicate_creation_errors=0, predicate_evaluation_errors=0, pushdown_rows_matched=0, pushdown_rows_pruned=0, predicate_cache_inner_records=0, predicate_cache_records=0, bloom_filter_eval_time=287.27µs, metadata_load_time=129.63ms, page_index_eval_time=6.27µs, row_pushdown_eval_time=32ns, statistics_eval_time=1.64ms, time_elapsed_opening=138.77ms, time_elapsed_processing=207.89ms, time_elapsed_scanning_total=84.96ms, time_elapsed_scanning_until_data=64.56ms, scan_efficiency_ratio=0.11% (15.65 M/14.78 B)]

Time: 33ms

+----------------------+----------------+-----------+
| URLHash              | hits.EventDate | pageviews |
+----------------------+----------------+-----------+
| 7199155066341437901  | 2013-07-15     | 27        |
| 1191678692164887503  | 2013-07-15     | 27        |
| 2512899255762264913  | 2013-07-15     | 26        |
| -8505838588544217213 | 2013-07-15     | 26        |
| -3611962581960090019 | 2013-07-15     | 25        |
| -6025761452198030778 | 2013-07-15     | 25        |
| -6048157399675510565 | 2013-07-15     | 25        |
| 6976198041684576969  | 2013-07-15     | 24        |
| 2033248414344857063  | 2013-07-15     | 24        |
| 5381918128490835791  | 2013-07-15     | 24        |
+----------------------+----------------+-----------+

=== EXPLAIN ANALYZE (Query 40, Iteration 4) ===
GlobalLimitExec: skip=100, fetch=10, metrics=[output_rows=10, elapsed_compute=12.41µs, output_bytes=2.1 KB, output_batches=1]
  SortPreservingMergeExec: [pageviews@2 DESC], fetch=110, metrics=[output_rows=110, elapsed_compute=14.92µs, output_bytes=2.1 KB, output_batches=1]
    SortExec: TopK(fetch=110), expr=[pageviews@2 DESC], preserve_partitioning=[true], filter=[pageviews@2 IS NULL OR pageviews@2 > 6], metrics=[output_rows=1.49 K, elapsed_compute=1.12ms, output_bytes=29.0 KB, output_batches=16, row_replacements=2.67 K]
      ProjectionExec: expr=[URLHash@0 as URLHash, hits.EventDate@1 as hits.EventDate, count(Int64(1))@2 as pageviews], metrics=[output_rows=41.19 K, elapsed_compute=23.09µs, output_bytes=1089.8 KB, output_batches=16, expr_0_eval_time=3.26µs, expr_1_eval_time=1.43µs, expr_2_eval_time=1.60µs]
        AggregateExec: mode=FinalPartitioned, gby=[URLHash@0 as URLHash, hits.EventDate@1 as hits.EventDate], aggr=[count(Int64(1))], metrics=[output_rows=41.19 K, elapsed_compute=2.34ms, output_bytes=1089.8 KB, output_batches=16, spill_count=0, spilled_bytes=0.0 B, spilled_rows=0, peak_mem_used=5.07 M, aggregate_arguments_time=11.08µs, aggregation_time=70.67µs, emitting_time=28.31µs, time_calculating_group_ids=2.11ms]
          RepartitionExec: partitioning=Hash([URLHash@0, hits.EventDate@1], 16), input_partitions=16, metrics=[output_rows=41.87 K, elapsed_compute=261.87µs, output_bytes=2.5 MB, output_batches=16, spill_count=0, spilled_bytes=0.0 B, spilled_rows=0, fetch_time=209.88ms, repartition_time=509.19µs, send_time=60.07µs]
            AggregateExec: mode=Partial, gby=[URLHash@1 as URLHash, CAST(CAST(EventDate@0 AS Int32) AS Date32) as hits.EventDate], aggr=[count(Int64(1))], metrics=[output_rows=41.87 K, elapsed_compute=3.06ms, output_bytes=6.3 MB, output_batches=6, spill_count=0, spilled_bytes=0.0 B, spilled_rows=0, skipped_aggregation_rows=0, peak_mem_used=2.87 M, aggregate_arguments_time=21.62µs, aggregation_time=105.38µs, emitting_time=5.82µs, time_calculating_group_ids=2.83ms, reduction_factor=47% (41.87 K/89.91 K)]
              FilterExec: CounterID@1 = 62 AND CAST(CAST(EventDate@0 AS Int32) AS Date32) >= 2013-07-01 AND CAST(CAST(EventDate@0 AS Int32) AS Date32) <= 2013-07-31 AND IsRefresh@2 = 0 AND (TraficSourceID@3 = -1 OR TraficSourceID@3 = 6) AND RefererHash@4 = 3594120000172545465, projection=[EventDate@0, URLHash@5], metrics=[output_rows=89.91 K, elapsed_compute=4.10ms, output_bytes=960.0 KB, output_batches=12, selectivity=6.4% (89.91 K/1.41 M)]
                DataSourceExec: file_groups={16 groups: [[home/ec2-user/liquid-cache/benchmark/clickbench/data/hits.parquet:0..923748528], [home/ec2-user/liquid-cache/benchmark/clickbench/data/hits.parquet:923748528..1847497056], [home/ec2-user/liquid-cache/benchmark/clickbench/data/hits.parquet:1847497056..2771245584], [home/ec2-user/liquid-cache/benchmark/clickbench/data/hits.parquet:2771245584..3694994112], [home/ec2-user/liquid-cache/benchmark/clickbench/data/hits.parquet:3694994112..4618742640], [home/ec2-user/liquid-cache/benchmark/clickbench/data/hits.parquet:4618742640..5542491168], [home/ec2-user/liquid-cache/benchmark/clickbench/data/hits.parquet:5542491168..6466239696], [home/ec2-user/liquid-cache/benchmark/clickbench/data/hits.parquet:6466239696..7389988224], [home/ec2-user/liquid-cache/benchmark/clickbench/data/hits.parquet:7389988224..8313736752], [home/ec2-user/liquid-cache/benchmark/clickbench/data/hits.parquet:8313736752..9237485280], [home/ec2-user/liquid-cache/benchmark/clickbench/data/hits.parquet:9237485280..10161233808], [home/ec2-user/liquid-cache/benchmark/clickbench/data/hits.parquet:10161233808..11084982336], [home/ec2-user/liquid-cache/benchmark/clickbench/data/hits.parquet:11084982336..12008730864], [home/ec2-user/liquid-cache/benchmark/clickbench/data/hits.parquet:12008730864..12932479392], [home/ec2-user/liquid-cache/benchmark/clickbench/data/hits.parquet:12932479392..13856227920], [home/ec2-user/liquid-cache/benchmark/clickbench/data/hits.parquet:13856227920..14779976446]]}, projection=[EventDate, CounterID, IsRefresh, TraficSourceID, RefererHash, URLHash], file_type=parquet, predicate=CounterID@6 = 62 AND CAST(CAST(EventDate@5 AS Int32) AS Date32) >= 2013-07-01 AND CAST(CAST(EventDate@5 AS Int32) AS Date32) <= 2013-07-31 AND IsRefresh@15 = 0 AND (TraficSourceID@37 = -1 OR TraficSourceID@37 = 6) AND RefererHash@102 = 3594120000172545465, pruning_predicate=CounterID_null_count@2 != row_count@3 AND CounterID_min@0 <= 62 AND 62 <= CounterID_max@1 AND EventDate_null_count@5 != row_count@3 AND CAST(CAST(EventDate_max@4 AS Int32) AS Date32) >= 2013-07-01 AND EventDate_null_count@5 != row_count@3 AND CAST(CAST(EventDate_min@6 AS Int32) AS Date32) <= 2013-07-31 AND IsRefresh_null_count@9 != row_count@3 AND IsRefresh_min@7 <= 0 AND 0 <= IsRefresh_max@8 AND (TraficSourceID_null_count@12 != row_count@3 AND TraficSourceID_min@10 <= -1 AND -1 <= TraficSourceID_max@11 OR TraficSourceID_null_count@12 != row_count@3 AND TraficSourceID_min@10 <= 6 AND 6 <= TraficSourceID_max@11) AND RefererHash_null_count@15 != row_count@3 AND RefererHash_min@13 <= 3594120000172545465 AND 3594120000172545465 <= RefererHash_max@14, required_guarantees=[CounterID in (62), IsRefresh in (0), RefererHash in (3594120000172545465), TraficSourceID in (-1, 6)], metrics=[output_rows=1.41 M, elapsed_compute=16ns, output_bytes=34.9 MB, output_batches=172, files_ranges_pruned_statistics=16 total → 16 matched, row_groups_pruned_statistics=226 total → 3 matched, row_groups_pruned_bloom_filter=3 total → 3 matched, page_index_pages_pruned=0 total → 0 matched, page_index_rows_pruned=0 total → 0 matched, limit_pruned_row_groups=0 total → 0 matched, batches_split=0, bytes_scanned=15.65 M, file_open_errors=0, file_scan_errors=0, num_predicate_creation_errors=0, predicate_evaluation_errors=0, pushdown_rows_matched=0, pushdown_rows_pruned=0, predicate_cache_inner_records=0, predicate_cache_records=0, bloom_filter_eval_time=240.75µs, metadata_load_time=122.19ms, page_index_eval_time=6.92µs, row_pushdown_eval_time=32ns, statistics_eval_time=1.76ms, time_elapsed_opening=128.47ms, time_elapsed_processing=194.82ms, time_elapsed_scanning_total=80.85ms, time_elapsed_scanning_until_data=60.14ms, scan_efficiency_ratio=0.11% (15.65 M/14.78 B)]

Time: 33ms

+----------------------+----------------+-----------+
| URLHash              | hits.EventDate | pageviews |
+----------------------+----------------+-----------+
| 7199155066341437901  | 2013-07-15     | 27        |
| 1191678692164887503  | 2013-07-15     | 27        |
| 2512899255762264913  | 2013-07-15     | 26        |
| -8505838588544217213 | 2013-07-15     | 26        |
| -3611962581960090019 | 2013-07-15     | 25        |
| -6025761452198030778 | 2013-07-15     | 25        |
| -6048157399675510565 | 2013-07-15     | 25        |
| 6976198041684576969  | 2013-07-15     | 24        |
| 2033248414344857063  | 2013-07-15     | 24        |
| 5381918128490835791  | 2013-07-15     | 24        |
+----------------------+----------------+-----------+
