
=== EXPLAIN ANALYZE (Query 4, Iteration 0) ===
SortPreservingMergeExec: [hits.EventDate@0 ASC NULLS LAST], metrics=[output_rows=9, elapsed_compute=23.63µs, output_bytes=252.0 B, output_batches=1]
  SortExec: expr=[hits.EventDate@0 ASC NULLS LAST], preserve_partitioning=[true], metrics=[output_rows=9, elapsed_compute=13.02µs, output_bytes=0.0 B, output_batches=0, spill_count=0, spilled_bytes=0.0 B, spilled_rows=0]
    ProjectionExec: expr=[hits.EventDate@0 as hits.EventDate, count(Int64(1))@1 as count(*), sum(hits.IsRefresh)@2 as sum(hits.IsRefresh), avg(hits.ResolutionWidth)@3 as avg(hits.ResolutionWidth)], metrics=[output_rows=9, elapsed_compute=7.47µs, output_bytes=3.0 KB, output_batches=5, expr_0_eval_time=971ns, expr_1_eval_time=434ns, expr_2_eval_time=432ns, expr_3_eval_time=342ns]
      AggregateExec: mode=FinalPartitioned, gby=[hits.EventDate@0 as hits.EventDate], aggr=[count(Int64(1)), sum(hits.IsRefresh), avg(hits.ResolutionWidth)], metrics=[output_rows=9, elapsed_compute=123.58µs, output_bytes=3.0 KB, output_batches=5, spill_count=0, spilled_bytes=0.0 B, spilled_rows=0, peak_mem_used=44.22 K, aggregate_arguments_time=6.24µs, aggregation_time=29.78µs, emitting_time=11.99µs, time_calculating_group_ids=7.27µs]
        RepartitionExec: partitioning=Hash([hits.EventDate@0], 16), input_partitions=16, metrics=[output_rows=111, elapsed_compute=187.33µs, output_bytes=1440.0 KB, output_batches=5, spill_count=0, spilled_bytes=0.0 B, spilled_rows=0, fetch_time=2.32s, repartition_time=221.79µs, send_time=158.54µs]
          AggregateExec: mode=Partial, gby=[CAST(CAST(EventDate@0 AS Int32) AS Date32) as hits.EventDate], aggr=[count(Int64(1)), sum(hits.IsRefresh), avg(hits.ResolutionWidth)], metrics=[output_rows=111, elapsed_compute=875.00ms, output_bytes=13.4 KB, output_batches=16, spill_count=0, spilled_bytes=0.0 B, spilled_rows=0, skipped_aggregation_rows=0, peak_mem_used=1.12 M, aggregate_arguments_time=101.26ms, aggregation_time=391.59ms, emitting_time=80.19µs, time_calculating_group_ids=462.80ms, reduction_factor=0.00018% (111/60.21 M)]
            FilterExec: __common_expr_3@0 >= 2013-07-01 AND __common_expr_3@0 <= 2013-07-15 AND CounterID@2 > 0, projection=[EventDate@1, IsRefresh@3, ResolutionWidth@4], metrics=[output_rows=60.21 M, elapsed_compute=229.96ms, output_bytes=346.2 MB, output_batches=7.47 K, selectivity=68% (60.21 M/87.92 M)]
              DataSourceExec: file_groups={16 groups: [[home/ec2-user/liquid-cache/benchmark/clickbench/data/hits.parquet:0..923748528], [home/ec2-user/liquid-cache/benchmark/clickbench/data/hits.parquet:923748528..1847497056], [home/ec2-user/liquid-cache/benchmark/clickbench/data/hits.parquet:1847497056..2771245584], [home/ec2-user/liquid-cache/benchmark/clickbench/data/hits.parquet:2771245584..3694994112], [home/ec2-user/liquid-cache/benchmark/clickbench/data/hits.parquet:3694994112..4618742640], [home/ec2-user/liquid-cache/benchmark/clickbench/data/hits.parquet:4618742640..5542491168], [home/ec2-user/liquid-cache/benchmark/clickbench/data/hits.parquet:5542491168..6466239696], [home/ec2-user/liquid-cache/benchmark/clickbench/data/hits.parquet:6466239696..7389988224], [home/ec2-user/liquid-cache/benchmark/clickbench/data/hits.parquet:7389988224..8313736752], [home/ec2-user/liquid-cache/benchmark/clickbench/data/hits.parquet:8313736752..9237485280], [home/ec2-user/liquid-cache/benchmark/clickbench/data/hits.parquet:9237485280..10161233808], [home/ec2-user/liquid-cache/benchmark/clickbench/data/hits.parquet:10161233808..11084982336], [home/ec2-user/liquid-cache/benchmark/clickbench/data/hits.parquet:11084982336..12008730864], [home/ec2-user/liquid-cache/benchmark/clickbench/data/hits.parquet:12008730864..12932479392], [home/ec2-user/liquid-cache/benchmark/clickbench/data/hits.parquet:12932479392..13856227920], [home/ec2-user/liquid-cache/benchmark/clickbench/data/hits.parquet:13856227920..14779976446]]}, projection=[CAST(CAST(EventDate@5 AS Int32) AS Date32) as __common_expr_3, EventDate, CounterID, IsRefresh, ResolutionWidth], file_type=parquet, predicate=CAST(CAST(EventDate@5 AS Int32) AS Date32) >= 2013-07-01 AND CAST(CAST(EventDate@5 AS Int32) AS Date32) <= 2013-07-15 AND CounterID@6 > 0, pruning_predicate=EventDate_null_count@1 != row_count@2 AND CAST(CAST(EventDate_max@0 AS Int32) AS Date32) >= 2013-07-01 AND EventDate_null_count@1 != row_count@2 AND CAST(CAST(EventDate_min@3 AS Int32) AS Date32) <= 2013-07-15 AND CounterID_null_count@5 != row_count@2 AND CounterID_max@4 > 0, required_guarantees=[], metrics=[output_rows=87.92 M, elapsed_compute=16ns, output_bytes=1173.8 MB, output_batches=10.74 K, files_ranges_pruned_statistics=16 total → 16 matched, row_groups_pruned_statistics=226 total → 198 matched -> 42 fully matched, row_groups_pruned_bloom_filter=198 total → 198 matched, page_index_pages_pruned=0 total → 0 matched, page_index_rows_pruned=0 total → 0 matched, limit_pruned_row_groups=0 total → 0 matched, batches_split=0, bytes_scanned=40.34 M, file_open_errors=0, file_scan_errors=0, num_predicate_creation_errors=0, predicate_evaluation_errors=0, pushdown_rows_matched=0, pushdown_rows_pruned=0, predicate_cache_inner_records=0, predicate_cache_records=0, bloom_filter_eval_time=2.46ms, metadata_load_time=430.46ms, page_index_eval_time=3.72µs, row_pushdown_eval_time=32ns, statistics_eval_time=2.62ms, time_elapsed_opening=464.95ms, time_elapsed_processing=1.11s, time_elapsed_scanning_total=1.85s, time_elapsed_scanning_until_data=124.77ms, scan_efficiency_ratio=0.27% (40.34 M/14.78 B)]

Time: 186ms

+----------------+----------+---------------------+---------------------------+
| hits.EventDate | count(*) | sum(hits.IsRefresh) | avg(hits.ResolutionWidth) |
+----------------+----------+---------------------+---------------------------+
| 2013-07-02     | 3704833  | 101727              | 1539.6128780973393        |
| 2013-07-03     | 9829176  | 2124998             | 1525.046648874738         |
| 2013-07-05     | 4489531  | 473006              | 1548.6441810959764        |
| 2013-07-06     | 6813120  | 321599              | 1480.4534853341788        |
| 2013-07-07     | 1126867  | 28811               | 1449.443904205199         |
| 2013-07-08     | 2350577  | 60006               | 1469.3531392504904        |
| 2013-07-09     | 13465700 | 327895              | 1503.552273777078         |
| 2013-07-10     | 5808207  | 165786              | 1518.7116108292973        |
| 2013-07-15     | 12621831 | 459511              | 1546.7553391421577        |
+----------------+----------+---------------------+---------------------------+

=== EXPLAIN ANALYZE (Query 4, Iteration 1) ===
SortPreservingMergeExec: [hits.EventDate@0 ASC NULLS LAST], metrics=[output_rows=9, elapsed_compute=9.06µs, output_bytes=252.0 B, output_batches=1]
  SortExec: expr=[hits.EventDate@0 ASC NULLS LAST], preserve_partitioning=[true], metrics=[output_rows=9, elapsed_compute=12.12µs, output_bytes=0.0 B, output_batches=0, spill_count=0, spilled_bytes=0.0 B, spilled_rows=0]
    ProjectionExec: expr=[hits.EventDate@0 as hits.EventDate, count(Int64(1))@1 as count(*), sum(hits.IsRefresh)@2 as sum(hits.IsRefresh), avg(hits.ResolutionWidth)@3 as avg(hits.ResolutionWidth)], metrics=[output_rows=9, elapsed_compute=8.99µs, output_bytes=3.0 KB, output_batches=5, expr_0_eval_time=1.05µs, expr_1_eval_time=581ns, expr_2_eval_time=911ns, expr_3_eval_time=351ns]
      AggregateExec: mode=FinalPartitioned, gby=[hits.EventDate@0 as hits.EventDate], aggr=[count(Int64(1)), sum(hits.IsRefresh), avg(hits.ResolutionWidth)], metrics=[output_rows=9, elapsed_compute=119.49µs, output_bytes=3.0 KB, output_batches=5, spill_count=0, spilled_bytes=0.0 B, spilled_rows=0, peak_mem_used=44.22 K, aggregate_arguments_time=8.29µs, aggregation_time=19.39µs, emitting_time=10.92µs, time_calculating_group_ids=7.35µs]
        RepartitionExec: partitioning=Hash([hits.EventDate@0], 16), input_partitions=16, metrics=[output_rows=111, elapsed_compute=162.38µs, output_bytes=1440.0 KB, output_batches=5, spill_count=0, spilled_bytes=0.0 B, spilled_rows=0, fetch_time=1.87s, repartition_time=207.87µs, send_time=173.74µs]
          AggregateExec: mode=Partial, gby=[CAST(CAST(EventDate@0 AS Int32) AS Date32) as hits.EventDate], aggr=[count(Int64(1)), sum(hits.IsRefresh), avg(hits.ResolutionWidth)], metrics=[output_rows=111, elapsed_compute=831.45ms, output_bytes=13.4 KB, output_batches=16, spill_count=0, spilled_bytes=0.0 B, spilled_rows=0, skipped_aggregation_rows=0, peak_mem_used=1.12 M, aggregate_arguments_time=89.76ms, aggregation_time=384.99ms, emitting_time=60.56µs, time_calculating_group_ids=436.49ms, reduction_factor=0.00018% (111/60.21 M)]
            FilterExec: __common_expr_3@0 >= 2013-07-01 AND __common_expr_3@0 <= 2013-07-15 AND CounterID@2 > 0, projection=[EventDate@1, IsRefresh@3, ResolutionWidth@4], metrics=[output_rows=60.21 M, elapsed_compute=218.79ms, output_bytes=346.2 MB, output_batches=7.47 K, selectivity=68% (60.21 M/87.92 M)]
              DataSourceExec: file_groups={16 groups: [[home/ec2-user/liquid-cache/benchmark/clickbench/data/hits.parquet:0..923748528], [home/ec2-user/liquid-cache/benchmark/clickbench/data/hits.parquet:923748528..1847497056], [home/ec2-user/liquid-cache/benchmark/clickbench/data/hits.parquet:1847497056..2771245584], [home/ec2-user/liquid-cache/benchmark/clickbench/data/hits.parquet:2771245584..3694994112], [home/ec2-user/liquid-cache/benchmark/clickbench/data/hits.parquet:3694994112..4618742640], [home/ec2-user/liquid-cache/benchmark/clickbench/data/hits.parquet:4618742640..5542491168], [home/ec2-user/liquid-cache/benchmark/clickbench/data/hits.parquet:5542491168..6466239696], [home/ec2-user/liquid-cache/benchmark/clickbench/data/hits.parquet:6466239696..7389988224], [home/ec2-user/liquid-cache/benchmark/clickbench/data/hits.parquet:7389988224..8313736752], [home/ec2-user/liquid-cache/benchmark/clickbench/data/hits.parquet:8313736752..9237485280], [home/ec2-user/liquid-cache/benchmark/clickbench/data/hits.parquet:9237485280..10161233808], [home/ec2-user/liquid-cache/benchmark/clickbench/data/hits.parquet:10161233808..11084982336], [home/ec2-user/liquid-cache/benchmark/clickbench/data/hits.parquet:11084982336..12008730864], [home/ec2-user/liquid-cache/benchmark/clickbench/data/hits.parquet:12008730864..12932479392], [home/ec2-user/liquid-cache/benchmark/clickbench/data/hits.parquet:12932479392..13856227920], [home/ec2-user/liquid-cache/benchmark/clickbench/data/hits.parquet:13856227920..14779976446]]}, projection=[CAST(CAST(EventDate@5 AS Int32) AS Date32) as __common_expr_3, EventDate, CounterID, IsRefresh, ResolutionWidth], file_type=parquet, predicate=CAST(CAST(EventDate@5 AS Int32) AS Date32) >= 2013-07-01 AND CAST(CAST(EventDate@5 AS Int32) AS Date32) <= 2013-07-15 AND CounterID@6 > 0, pruning_predicate=EventDate_null_count@1 != row_count@2 AND CAST(CAST(EventDate_max@0 AS Int32) AS Date32) >= 2013-07-01 AND EventDate_null_count@1 != row_count@2 AND CAST(CAST(EventDate_min@3 AS Int32) AS Date32) <= 2013-07-15 AND CounterID_null_count@5 != row_count@2 AND CounterID_max@4 > 0, required_guarantees=[], metrics=[output_rows=87.92 M, elapsed_compute=16ns, output_bytes=1173.8 MB, output_batches=10.74 K, files_ranges_pruned_statistics=16 total → 16 matched, row_groups_pruned_statistics=226 total → 198 matched -> 42 fully matched, row_groups_pruned_bloom_filter=198 total → 198 matched, page_index_pages_pruned=0 total → 0 matched, page_index_rows_pruned=0 total → 0 matched, limit_pruned_row_groups=0 total → 0 matched, batches_split=0, bytes_scanned=40.34 M, file_open_errors=0, file_scan_errors=0, num_predicate_creation_errors=0, predicate_evaluation_errors=0, pushdown_rows_matched=0, pushdown_rows_pruned=0, predicate_cache_inner_records=0, predicate_cache_records=0, bloom_filter_eval_time=3.30ms, metadata_load_time=170.80ms, page_index_eval_time=3.48µs, row_pushdown_eval_time=32ns, statistics_eval_time=2.04ms, time_elapsed_opening=178.82ms, time_elapsed_processing=750.68ms, time_elapsed_scanning_total=1.69s, time_elapsed_scanning_until_data=13.89ms, scan_efficiency_ratio=0.27% (40.34 M/14.78 B)]

Time: 156ms

+----------------+----------+---------------------+---------------------------+
| hits.EventDate | count(*) | sum(hits.IsRefresh) | avg(hits.ResolutionWidth) |
+----------------+----------+---------------------+---------------------------+
| 2013-07-02     | 3704833  | 101727              | 1539.6128780973393        |
| 2013-07-03     | 9829176  | 2124998             | 1525.046648874738         |
| 2013-07-05     | 4489531  | 473006              | 1548.6441810959764        |
| 2013-07-06     | 6813120  | 321599              | 1480.4534853341788        |
| 2013-07-07     | 1126867  | 28811               | 1449.443904205199         |
| 2013-07-08     | 2350577  | 60006               | 1469.3531392504904        |
| 2013-07-09     | 13465700 | 327895              | 1503.552273777078         |
| 2013-07-10     | 5808207  | 165786              | 1518.7116108292973        |
| 2013-07-15     | 12621831 | 459511              | 1546.7553391421577        |
+----------------+----------+---------------------+---------------------------+

=== EXPLAIN ANALYZE (Query 4, Iteration 2) ===
SortPreservingMergeExec: [hits.EventDate@0 ASC NULLS LAST], metrics=[output_rows=9, elapsed_compute=10.02µs, output_bytes=252.0 B, output_batches=1]
  SortExec: expr=[hits.EventDate@0 ASC NULLS LAST], preserve_partitioning=[true], metrics=[output_rows=9, elapsed_compute=12.57µs, output_bytes=0.0 B, output_batches=0, spill_count=0, spilled_bytes=0.0 B, spilled_rows=0]
    ProjectionExec: expr=[hits.EventDate@0 as hits.EventDate, count(Int64(1))@1 as count(*), sum(hits.IsRefresh)@2 as sum(hits.IsRefresh), avg(hits.ResolutionWidth)@3 as avg(hits.ResolutionWidth)], metrics=[output_rows=9, elapsed_compute=7.76µs, output_bytes=3.0 KB, output_batches=5, expr_0_eval_time=911ns, expr_1_eval_time=591ns, expr_2_eval_time=481ns, expr_3_eval_time=379ns]
      AggregateExec: mode=FinalPartitioned, gby=[hits.EventDate@0 as hits.EventDate], aggr=[count(Int64(1)), sum(hits.IsRefresh), avg(hits.ResolutionWidth)], metrics=[output_rows=9, elapsed_compute=152.88µs, output_bytes=3.0 KB, output_batches=5, spill_count=0, spilled_bytes=0.0 B, spilled_rows=0, peak_mem_used=44.22 K, aggregate_arguments_time=6.56µs, aggregation_time=21.53µs, emitting_time=11.38µs, time_calculating_group_ids=6.87µs]
        RepartitionExec: partitioning=Hash([hits.EventDate@0], 16), input_partitions=16, metrics=[output_rows=111, elapsed_compute=155.57µs, output_bytes=1440.0 KB, output_batches=5, spill_count=0, spilled_bytes=0.0 B, spilled_rows=0, fetch_time=1.82s, repartition_time=196.73µs, send_time=131.84µs]
          AggregateExec: mode=Partial, gby=[CAST(CAST(EventDate@0 AS Int32) AS Date32) as hits.EventDate], aggr=[count(Int64(1)), sum(hits.IsRefresh), avg(hits.ResolutionWidth)], metrics=[output_rows=111, elapsed_compute=821.02ms, output_bytes=13.4 KB, output_batches=16, spill_count=0, spilled_bytes=0.0 B, spilled_rows=0, skipped_aggregation_rows=0, peak_mem_used=1.12 M, aggregate_arguments_time=89.08ms, aggregation_time=382.87ms, emitting_time=60.73µs, time_calculating_group_ids=428.51ms, reduction_factor=0.00018% (111/60.21 M)]
            FilterExec: __common_expr_3@0 >= 2013-07-01 AND __common_expr_3@0 <= 2013-07-15 AND CounterID@2 > 0, projection=[EventDate@1, IsRefresh@3, ResolutionWidth@4], metrics=[output_rows=60.21 M, elapsed_compute=210.83ms, output_bytes=346.2 MB, output_batches=7.47 K, selectivity=68% (60.21 M/87.92 M)]
              DataSourceExec: file_groups={16 groups: [[home/ec2-user/liquid-cache/benchmark/clickbench/data/hits.parquet:0..923748528], [home/ec2-user/liquid-cache/benchmark/clickbench/data/hits.parquet:923748528..1847497056], [home/ec2-user/liquid-cache/benchmark/clickbench/data/hits.parquet:1847497056..2771245584], [home/ec2-user/liquid-cache/benchmark/clickbench/data/hits.parquet:2771245584..3694994112], [home/ec2-user/liquid-cache/benchmark/clickbench/data/hits.parquet:3694994112..4618742640], [home/ec2-user/liquid-cache/benchmark/clickbench/data/hits.parquet:4618742640..5542491168], [home/ec2-user/liquid-cache/benchmark/clickbench/data/hits.parquet:5542491168..6466239696], [home/ec2-user/liquid-cache/benchmark/clickbench/data/hits.parquet:6466239696..7389988224], [home/ec2-user/liquid-cache/benchmark/clickbench/data/hits.parquet:7389988224..8313736752], [home/ec2-user/liquid-cache/benchmark/clickbench/data/hits.parquet:8313736752..9237485280], [home/ec2-user/liquid-cache/benchmark/clickbench/data/hits.parquet:9237485280..10161233808], [home/ec2-user/liquid-cache/benchmark/clickbench/data/hits.parquet:10161233808..11084982336], [home/ec2-user/liquid-cache/benchmark/clickbench/data/hits.parquet:11084982336..12008730864], [home/ec2-user/liquid-cache/benchmark/clickbench/data/hits.parquet:12008730864..12932479392], [home/ec2-user/liquid-cache/benchmark/clickbench/data/hits.parquet:12932479392..13856227920], [home/ec2-user/liquid-cache/benchmark/clickbench/data/hits.parquet:13856227920..14779976446]]}, projection=[CAST(CAST(EventDate@5 AS Int32) AS Date32) as __common_expr_3, EventDate, CounterID, IsRefresh, ResolutionWidth], file_type=parquet, predicate=CAST(CAST(EventDate@5 AS Int32) AS Date32) >= 2013-07-01 AND CAST(CAST(EventDate@5 AS Int32) AS Date32) <= 2013-07-15 AND CounterID@6 > 0, pruning_predicate=EventDate_null_count@1 != row_count@2 AND CAST(CAST(EventDate_max@0 AS Int32) AS Date32) >= 2013-07-01 AND EventDate_null_count@1 != row_count@2 AND CAST(CAST(EventDate_min@3 AS Int32) AS Date32) <= 2013-07-15 AND CounterID_null_count@5 != row_count@2 AND CounterID_max@4 > 0, required_guarantees=[], metrics=[output_rows=87.92 M, elapsed_compute=16ns, output_bytes=1173.8 MB, output_batches=10.74 K, files_ranges_pruned_statistics=16 total → 16 matched, row_groups_pruned_statistics=226 total → 198 matched -> 42 fully matched, row_groups_pruned_bloom_filter=198 total → 198 matched, page_index_pages_pruned=0 total → 0 matched, page_index_rows_pruned=0 total → 0 matched, limit_pruned_row_groups=0 total → 0 matched, batches_split=0, bytes_scanned=40.34 M, file_open_errors=0, file_scan_errors=0, num_predicate_creation_errors=0, predicate_evaluation_errors=0, pushdown_rows_matched=0, pushdown_rows_pruned=0, predicate_cache_inner_records=0, predicate_cache_records=0, bloom_filter_eval_time=3.19ms, metadata_load_time=131.25ms, page_index_eval_time=3.59µs, row_pushdown_eval_time=32ns, statistics_eval_time=2.29ms, time_elapsed_opening=139.08ms, time_elapsed_processing=687.54ms, time_elapsed_scanning_total=1.68s, time_elapsed_scanning_until_data=26.67ms, scan_efficiency_ratio=0.27% (40.34 M/14.78 B)]

Time: 151ms

+----------------+----------+---------------------+---------------------------+
| hits.EventDate | count(*) | sum(hits.IsRefresh) | avg(hits.ResolutionWidth) |
+----------------+----------+---------------------+---------------------------+
| 2013-07-02     | 3704833  | 101727              | 1539.6128780973393        |
| 2013-07-03     | 9829176  | 2124998             | 1525.046648874738         |
| 2013-07-05     | 4489531  | 473006              | 1548.6441810959764        |
| 2013-07-06     | 6813120  | 321599              | 1480.4534853341788        |
| 2013-07-07     | 1126867  | 28811               | 1449.443904205199         |
| 2013-07-08     | 2350577  | 60006               | 1469.3531392504904        |
| 2013-07-09     | 13465700 | 327895              | 1503.552273777078         |
| 2013-07-10     | 5808207  | 165786              | 1518.7116108292973        |
| 2013-07-15     | 12621831 | 459511              | 1546.7553391421577        |
+----------------+----------+---------------------+---------------------------+

=== EXPLAIN ANALYZE (Query 4, Iteration 3) ===
SortPreservingMergeExec: [hits.EventDate@0 ASC NULLS LAST], metrics=[output_rows=9, elapsed_compute=9.56µs, output_bytes=252.0 B, output_batches=1]
  SortExec: expr=[hits.EventDate@0 ASC NULLS LAST], preserve_partitioning=[true], metrics=[output_rows=9, elapsed_compute=12.55µs, output_bytes=0.0 B, output_batches=0, spill_count=0, spilled_bytes=0.0 B, spilled_rows=0]
    ProjectionExec: expr=[hits.EventDate@0 as hits.EventDate, count(Int64(1))@1 as count(*), sum(hits.IsRefresh)@2 as sum(hits.IsRefresh), avg(hits.ResolutionWidth)@3 as avg(hits.ResolutionWidth)], metrics=[output_rows=9, elapsed_compute=7.10µs, output_bytes=3.0 KB, output_batches=5, expr_0_eval_time=882ns, expr_1_eval_time=450ns, expr_2_eval_time=400ns, expr_3_eval_time=430ns]
      AggregateExec: mode=FinalPartitioned, gby=[hits.EventDate@0 as hits.EventDate], aggr=[count(Int64(1)), sum(hits.IsRefresh), avg(hits.ResolutionWidth)], metrics=[output_rows=9, elapsed_compute=119.50µs, output_bytes=3.0 KB, output_batches=5, spill_count=0, spilled_bytes=0.0 B, spilled_rows=0, peak_mem_used=44.22 K, aggregate_arguments_time=7.07µs, aggregation_time=21.00µs, emitting_time=11.13µs, time_calculating_group_ids=9.25µs]
        RepartitionExec: partitioning=Hash([hits.EventDate@0], 16), input_partitions=16, metrics=[output_rows=111, elapsed_compute=160.62µs, output_bytes=1440.0 KB, output_batches=5, spill_count=0, spilled_bytes=0.0 B, spilled_rows=0, fetch_time=1.80s, repartition_time=212.94µs, send_time=191.90µs]
          AggregateExec: mode=Partial, gby=[CAST(CAST(EventDate@0 AS Int32) AS Date32) as hits.EventDate], aggr=[count(Int64(1)), sum(hits.IsRefresh), avg(hits.ResolutionWidth)], metrics=[output_rows=111, elapsed_compute=832.18ms, output_bytes=13.4 KB, output_batches=16, spill_count=0, spilled_bytes=0.0 B, spilled_rows=0, skipped_aggregation_rows=0, peak_mem_used=1.12 M, aggregate_arguments_time=88.34ms, aggregation_time=385.34ms, emitting_time=60.83µs, time_calculating_group_ids=439.55ms, reduction_factor=0.00018% (111/60.21 M)]
            FilterExec: __common_expr_3@0 >= 2013-07-01 AND __common_expr_3@0 <= 2013-07-15 AND CounterID@2 > 0, projection=[EventDate@1, IsRefresh@3, ResolutionWidth@4], metrics=[output_rows=60.21 M, elapsed_compute=214.94ms, output_bytes=346.2 MB, output_batches=7.47 K, selectivity=68% (60.21 M/87.92 M)]
              DataSourceExec: file_groups={16 groups: [[home/ec2-user/liquid-cache/benchmark/clickbench/data/hits.parquet:0..923748528], [home/ec2-user/liquid-cache/benchmark/clickbench/data/hits.parquet:923748528..1847497056], [home/ec2-user/liquid-cache/benchmark/clickbench/data/hits.parquet:1847497056..2771245584], [home/ec2-user/liquid-cache/benchmark/clickbench/data/hits.parquet:2771245584..3694994112], [home/ec2-user/liquid-cache/benchmark/clickbench/data/hits.parquet:3694994112..4618742640], [home/ec2-user/liquid-cache/benchmark/clickbench/data/hits.parquet:4618742640..5542491168], [home/ec2-user/liquid-cache/benchmark/clickbench/data/hits.parquet:5542491168..6466239696], [home/ec2-user/liquid-cache/benchmark/clickbench/data/hits.parquet:6466239696..7389988224], [home/ec2-user/liquid-cache/benchmark/clickbench/data/hits.parquet:7389988224..8313736752], [home/ec2-user/liquid-cache/benchmark/clickbench/data/hits.parquet:8313736752..9237485280], [home/ec2-user/liquid-cache/benchmark/clickbench/data/hits.parquet:9237485280..10161233808], [home/ec2-user/liquid-cache/benchmark/clickbench/data/hits.parquet:10161233808..11084982336], [home/ec2-user/liquid-cache/benchmark/clickbench/data/hits.parquet:11084982336..12008730864], [home/ec2-user/liquid-cache/benchmark/clickbench/data/hits.parquet:12008730864..12932479392], [home/ec2-user/liquid-cache/benchmark/clickbench/data/hits.parquet:12932479392..13856227920], [home/ec2-user/liquid-cache/benchmark/clickbench/data/hits.parquet:13856227920..14779976446]]}, projection=[CAST(CAST(EventDate@5 AS Int32) AS Date32) as __common_expr_3, EventDate, CounterID, IsRefresh, ResolutionWidth], file_type=parquet, predicate=CAST(CAST(EventDate@5 AS Int32) AS Date32) >= 2013-07-01 AND CAST(CAST(EventDate@5 AS Int32) AS Date32) <= 2013-07-15 AND CounterID@6 > 0, pruning_predicate=EventDate_null_count@1 != row_count@2 AND CAST(CAST(EventDate_max@0 AS Int32) AS Date32) >= 2013-07-01 AND EventDate_null_count@1 != row_count@2 AND CAST(CAST(EventDate_min@3 AS Int32) AS Date32) <= 2013-07-15 AND CounterID_null_count@5 != row_count@2 AND CounterID_max@4 > 0, required_guarantees=[], metrics=[output_rows=87.92 M, elapsed_compute=16ns, output_bytes=1173.8 MB, output_batches=10.74 K, files_ranges_pruned_statistics=16 total → 16 matched, row_groups_pruned_statistics=226 total → 198 matched -> 42 fully matched, row_groups_pruned_bloom_filter=198 total → 198 matched, page_index_pages_pruned=0 total → 0 matched, page_index_rows_pruned=0 total → 0 matched, limit_pruned_row_groups=0 total → 0 matched, batches_split=0, bytes_scanned=40.34 M, file_open_errors=0, file_scan_errors=0, num_predicate_creation_errors=0, predicate_evaluation_errors=0, pushdown_rows_matched=0, pushdown_rows_pruned=0, predicate_cache_inner_records=0, predicate_cache_records=0, bloom_filter_eval_time=2.79ms, metadata_load_time=131.48ms, page_index_eval_time=2.61µs, row_pushdown_eval_time=32ns, statistics_eval_time=2.08ms, time_elapsed_opening=138.57ms, time_elapsed_processing=697.70ms, time_elapsed_scanning_total=1.66s, time_elapsed_scanning_until_data=15.28ms, scan_efficiency_ratio=0.27% (40.34 M/14.78 B)]

Time: 150ms

+----------------+----------+---------------------+---------------------------+
| hits.EventDate | count(*) | sum(hits.IsRefresh) | avg(hits.ResolutionWidth) |
+----------------+----------+---------------------+---------------------------+
| 2013-07-02     | 3704833  | 101727              | 1539.6128780973393        |
| 2013-07-03     | 9829176  | 2124998             | 1525.046648874738         |
| 2013-07-05     | 4489531  | 473006              | 1548.6441810959764        |
| 2013-07-06     | 6813120  | 321599              | 1480.4534853341788        |
| 2013-07-07     | 1126867  | 28811               | 1449.443904205199         |
| 2013-07-08     | 2350577  | 60006               | 1469.3531392504904        |
| 2013-07-09     | 13465700 | 327895              | 1503.552273777078         |
| 2013-07-10     | 5808207  | 165786              | 1518.7116108292973        |
| 2013-07-15     | 12621831 | 459511              | 1546.7553391421577        |
+----------------+----------+---------------------+---------------------------+

=== EXPLAIN ANALYZE (Query 4, Iteration 4) ===
SortPreservingMergeExec: [hits.EventDate@0 ASC NULLS LAST], metrics=[output_rows=9, elapsed_compute=10.47µs, output_bytes=252.0 B, output_batches=1]
  SortExec: expr=[hits.EventDate@0 ASC NULLS LAST], preserve_partitioning=[true], metrics=[output_rows=9, elapsed_compute=13.68µs, output_bytes=0.0 B, output_batches=0, spill_count=0, spilled_bytes=0.0 B, spilled_rows=0]
    ProjectionExec: expr=[hits.EventDate@0 as hits.EventDate, count(Int64(1))@1 as count(*), sum(hits.IsRefresh)@2 as sum(hits.IsRefresh), avg(hits.ResolutionWidth)@3 as avg(hits.ResolutionWidth)], metrics=[output_rows=9, elapsed_compute=7.75µs, output_bytes=3.0 KB, output_batches=5, expr_0_eval_time=921ns, expr_1_eval_time=521ns, expr_2_eval_time=400ns, expr_3_eval_time=552ns]
      AggregateExec: mode=FinalPartitioned, gby=[hits.EventDate@0 as hits.EventDate], aggr=[count(Int64(1)), sum(hits.IsRefresh), avg(hits.ResolutionWidth)], metrics=[output_rows=9, elapsed_compute=122.10µs, output_bytes=3.0 KB, output_batches=5, spill_count=0, spilled_bytes=0.0 B, spilled_rows=0, peak_mem_used=44.22 K, aggregate_arguments_time=7.72µs, aggregation_time=20.44µs, emitting_time=10.55µs, time_calculating_group_ids=7.55µs]
        RepartitionExec: partitioning=Hash([hits.EventDate@0], 16), input_partitions=16, metrics=[output_rows=111, elapsed_compute=168.20µs, output_bytes=1440.0 KB, output_batches=5, spill_count=0, spilled_bytes=0.0 B, spilled_rows=0, fetch_time=1.84s, repartition_time=201.49µs, send_time=154.68µs]
          AggregateExec: mode=Partial, gby=[CAST(CAST(EventDate@0 AS Int32) AS Date32) as hits.EventDate], aggr=[count(Int64(1)), sum(hits.IsRefresh), avg(hits.ResolutionWidth)], metrics=[output_rows=111, elapsed_compute=838.86ms, output_bytes=13.4 KB, output_batches=16, spill_count=0, spilled_bytes=0.0 B, spilled_rows=0, skipped_aggregation_rows=0, peak_mem_used=1.12 M, aggregate_arguments_time=88.59ms, aggregation_time=387.90ms, emitting_time=58.50µs, time_calculating_group_ids=444.59ms, reduction_factor=0.00018% (111/60.21 M)]
            FilterExec: __common_expr_3@0 >= 2013-07-01 AND __common_expr_3@0 <= 2013-07-15 AND CounterID@2 > 0, projection=[EventDate@1, IsRefresh@3, ResolutionWidth@4], metrics=[output_rows=60.21 M, elapsed_compute=217.90ms, output_bytes=346.2 MB, output_batches=7.47 K, selectivity=68% (60.21 M/87.92 M)]
              DataSourceExec: file_groups={16 groups: [[home/ec2-user/liquid-cache/benchmark/clickbench/data/hits.parquet:0..923748528], [home/ec2-user/liquid-cache/benchmark/clickbench/data/hits.parquet:923748528..1847497056], [home/ec2-user/liquid-cache/benchmark/clickbench/data/hits.parquet:1847497056..2771245584], [home/ec2-user/liquid-cache/benchmark/clickbench/data/hits.parquet:2771245584..3694994112], [home/ec2-user/liquid-cache/benchmark/clickbench/data/hits.parquet:3694994112..4618742640], [home/ec2-user/liquid-cache/benchmark/clickbench/data/hits.parquet:4618742640..5542491168], [home/ec2-user/liquid-cache/benchmark/clickbench/data/hits.parquet:5542491168..6466239696], [home/ec2-user/liquid-cache/benchmark/clickbench/data/hits.parquet:6466239696..7389988224], [home/ec2-user/liquid-cache/benchmark/clickbench/data/hits.parquet:7389988224..8313736752], [home/ec2-user/liquid-cache/benchmark/clickbench/data/hits.parquet:8313736752..9237485280], [home/ec2-user/liquid-cache/benchmark/clickbench/data/hits.parquet:9237485280..10161233808], [home/ec2-user/liquid-cache/benchmark/clickbench/data/hits.parquet:10161233808..11084982336], [home/ec2-user/liquid-cache/benchmark/clickbench/data/hits.parquet:11084982336..12008730864], [home/ec2-user/liquid-cache/benchmark/clickbench/data/hits.parquet:12008730864..12932479392], [home/ec2-user/liquid-cache/benchmark/clickbench/data/hits.parquet:12932479392..13856227920], [home/ec2-user/liquid-cache/benchmark/clickbench/data/hits.parquet:13856227920..14779976446]]}, projection=[CAST(CAST(EventDate@5 AS Int32) AS Date32) as __common_expr_3, EventDate, CounterID, IsRefresh, ResolutionWidth], file_type=parquet, predicate=CAST(CAST(EventDate@5 AS Int32) AS Date32) >= 2013-07-01 AND CAST(CAST(EventDate@5 AS Int32) AS Date32) <= 2013-07-15 AND CounterID@6 > 0, pruning_predicate=EventDate_null_count@1 != row_count@2 AND CAST(CAST(EventDate_max@0 AS Int32) AS Date32) >= 2013-07-01 AND EventDate_null_count@1 != row_count@2 AND CAST(CAST(EventDate_min@3 AS Int32) AS Date32) <= 2013-07-15 AND CounterID_null_count@5 != row_count@2 AND CounterID_max@4 > 0, required_guarantees=[], metrics=[output_rows=87.92 M, elapsed_compute=16ns, output_bytes=1173.8 MB, output_batches=10.74 K, files_ranges_pruned_statistics=16 total → 16 matched, row_groups_pruned_statistics=226 total → 198 matched -> 42 fully matched, row_groups_pruned_bloom_filter=198 total → 198 matched, page_index_pages_pruned=0 total → 0 matched, page_index_rows_pruned=0 total → 0 matched, limit_pruned_row_groups=0 total → 0 matched, batches_split=0, bytes_scanned=40.34 M, file_open_errors=0, file_scan_errors=0, num_predicate_creation_errors=0, predicate_evaluation_errors=0, pushdown_rows_matched=0, pushdown_rows_pruned=0, predicate_cache_inner_records=0, predicate_cache_records=0, bloom_filter_eval_time=2.96ms, metadata_load_time=133.58ms, page_index_eval_time=3.38µs, row_pushdown_eval_time=32ns, statistics_eval_time=2.16ms, time_elapsed_opening=141.10ms, time_elapsed_processing=703.49ms, time_elapsed_scanning_total=1.70s, time_elapsed_scanning_until_data=20.27ms, scan_efficiency_ratio=0.27% (40.34 M/14.78 B)]

Time: 155ms

+----------------+----------+---------------------+---------------------------+
| hits.EventDate | count(*) | sum(hits.IsRefresh) | avg(hits.ResolutionWidth) |
+----------------+----------+---------------------+---------------------------+
| 2013-07-02     | 3704833  | 101727              | 1539.6128780973393        |
| 2013-07-03     | 9829176  | 2124998             | 1525.046648874738         |
| 2013-07-05     | 4489531  | 473006              | 1548.6441810959764        |
| 2013-07-06     | 6813120  | 321599              | 1480.4534853341788        |
| 2013-07-07     | 1126867  | 28811               | 1449.443904205199         |
| 2013-07-08     | 2350577  | 60006               | 1469.3531392504904        |
| 2013-07-09     | 13465700 | 327895              | 1503.552273777078         |
| 2013-07-10     | 5808207  | 165786              | 1518.7116108292973        |
| 2013-07-15     | 12621831 | 459511              | 1546.7553391421577        |
+----------------+----------+---------------------+---------------------------+
